I0422 18:32:30.259555  6392 master_component.cc:1533] DisposeModel rwt
I0422 18:32:30.268050  6392 master_component.cc:1112] FitOffline: ItemsProcessed, num_items=1728, num_batches=2, token_weight=808522, token_weight_in_effect=808522
I0422 18:32:30.268050  6392 c_interface.cc:389] Pass FitOfflineMasterModelArgs, batch_filename_size=2, batch_weight_size=2, num_collection_passes=1, reset_nwt=yes to void (__cdecl artm::core::MasterComponent::*)(class artm::FitOfflineMasterModelArgs const & __ptr64) __ptr64
I0422 18:32:30.268050  6392 master_component.cc:1458] ProcessBatchesArgs: nwt_target_name=nwt, batch_filename_size=2, batch_size=0, batch_weight_size=2, pwt_source_name=pwt, num_document_passes=1, regularizer=(name:smooth, tau:100000), regularizer=(name:sparse, tau:-100000), reuse_theta=no, opt_for_avx=yes, predict_class_id=, reset_nwt=yes
I0422 18:32:30.287547  3128 processor.cc:81] Processing queue has data, processing started
I0422 18:32:30.287547  2920 processor.cc:81] Processing queue has data, processing started
I0422 18:32:30.306042  3128 processor.cc:158] Processor: start processing batch dda367f1-9985-41b4-93be-5008d4cc6975 into model nwt
I0422 18:32:30.323537  2920 processor.cc:158] Processor: start processing batch 82581921-2b6f-4a63-b7bd-39493150b8ed into model nwt
I0422 18:32:30.540479  3128 processor.cc:293] Processor: complete processing batch dda367f1-9985-41b4-93be-5008d4cc6975 into model nwt
I0422 18:32:30.543481  3128 cuckoo_watch.h:45] 255ms in ProcessBatch(batches\aaaaaa.batch) [including 18ms in LoadMessage; 0ms in InitializeTheta; 0ms in CreateRegularizerAgents; 15ms in InitializeSparseNdw; 94ms in InferThetaAndUpdateNwtSparse; 124ms in CalculateScore(^^^ItemsProcessedScore^^^); ]
I0422 18:32:30.575970  3128 processor.cc:74] No data in processing queue, waiting...
I0422 18:32:30.786417  2920 processor.cc:293] Processor: complete processing batch 82581921-2b6f-4a63-b7bd-39493150b8ed into model nwt
I0422 18:32:30.790416  2920 cuckoo_watch.h:45] 503ms in ProcessBatch(batches\aaaaab.batch) [including 36ms in LoadMessage; 0ms in InitializeTheta; 0ms in CreateRegularizerAgents; 36ms in InitializeSparseNdw; 197ms in InferThetaAndUpdateNwtSparse; 228ms in CalculateScore(^^^ItemsProcessedScore^^^); ]
I0422 18:32:30.792416  6392 master_component.cc:1496] RegularizeModelArgs: rwt_target_name=rwt, pwt_source_name=pwt, nwt_source_name=nwt
I0422 18:32:30.792416  6392 master_component.cc:1013] MasterComponent: start regularizing model pwt
I0422 18:32:30.825933  2920 processor.cc:74] No data in processing queue, waiting...
I0422 18:32:30.889389  6392 master_component.cc:1041] MasterComponent: complete regularizing model pwt
I0422 18:32:30.889889  6392 master_component.cc:1509] NormalizeModelArgs: pwt_target_name=pwt, nwt_source_name=nwt, rwt_source_name=rwt
I0422 18:32:30.889889  6392 master_component.cc:1045] MasterComponent: start normalizing model nwt
I0422 18:32:30.940376  6392 master_component.cc:1084] MasterComponent: complete normalizing model nwt
I0422 18:32:31.024353  6392 master_component.cc:1533] DisposeModel rwt
I0422 18:32:31.032850  6392 master_component.cc:1112] FitOffline: ItemsProcessed, num_items=1728, num_batches=2, token_weight=808522, token_weight_in_effect=808522
I0422 18:32:31.033349  6392 c_interface.cc:389] Pass FitOfflineMasterModelArgs, batch_filename_size=2, batch_weight_size=2, num_collection_passes=1, reset_nwt=yes to void (__cdecl artm::core::MasterComponent::*)(class artm::FitOfflineMasterModelArgs const & __ptr64) __ptr64
I0422 18:32:31.033349  6392 master_component.cc:1458] ProcessBatchesArgs: nwt_target_name=nwt, batch_filename_size=2, batch_size=0, batch_weight_size=2, pwt_source_name=pwt, num_document_passes=1, regularizer=(name:smooth, tau:100000), regularizer=(name:sparse, tau:-100000), reuse_theta=no, opt_for_avx=yes, predict_class_id=, reset_nwt=yes
I0422 18:32:31.055850  1968 processor.cc:81] Processing queue has data, processing started
I0422 18:32:31.055850  3128 processor.cc:81] Processing queue has data, processing started
I0422 18:32:31.074851  1968 processor.cc:158] Processor: start processing batch dda367f1-9985-41b4-93be-5008d4cc6975 into model nwt
I0422 18:32:31.090346  3128 processor.cc:158] Processor: start processing batch 82581921-2b6f-4a63-b7bd-39493150b8ed into model nwt
I0422 18:32:31.298789  1968 processor.cc:293] Processor: complete processing batch dda367f1-9985-41b4-93be-5008d4cc6975 into model nwt
I0422 18:32:31.301290  1968 cuckoo_watch.h:45] 245ms in ProcessBatch(batches\aaaaaa.batch) [including 19ms in LoadMessage; 0ms in InitializeTheta; 0ms in CreateRegularizerAgents; 15ms in InitializeSparseNdw; 92ms in InferThetaAndUpdateNwtSparse; 115ms in CalculateScore(^^^ItemsProcessedScore^^^); ]
I0422 18:32:31.340281  1968 processor.cc:74] No data in processing queue, waiting...
I0422 18:32:31.531229  3128 processor.cc:293] Processor: complete processing batch 82581921-2b6f-4a63-b7bd-39493150b8ed into model nwt
I0422 18:32:31.535729  3128 cuckoo_watch.h:45] 480ms in ProcessBatch(batches\aaaaab.batch) [including 34ms in LoadMessage; 0ms in InitializeTheta; 0ms in CreateRegularizerAgents; 34ms in InitializeSparseNdw; 185ms in InferThetaAndUpdateNwtSparse; 220ms in CalculateScore(^^^ItemsProcessedScore^^^); ]
I0422 18:32:31.536231  6392 master_component.cc:1496] RegularizeModelArgs: rwt_target_name=rwt, pwt_source_name=pwt, nwt_source_name=nwt
I0422 18:32:31.536231  6392 master_component.cc:1013] MasterComponent: start regularizing model pwt
I0422 18:32:31.571218  3128 processor.cc:74] No data in processing queue, waiting...
I0422 18:32:31.635201  6392 master_component.cc:1041] MasterComponent: complete regularizing model pwt
I0422 18:32:31.635201  6392 master_component.cc:1509] NormalizeModelArgs: pwt_target_name=pwt, nwt_source_name=nwt, rwt_source_name=rwt
I0422 18:32:31.635201  6392 master_component.cc:1045] MasterComponent: start normalizing model nwt
I0422 18:32:31.688189  6392 master_component.cc:1084] MasterComponent: complete normalizing model nwt
I0422 18:32:31.770166  6392 master_component.cc:1533] DisposeModel rwt
I0422 18:32:31.779165  6392 master_component.cc:1112] FitOffline: ItemsProcessed, num_items=1728, num_batches=2, token_weight=808522, token_weight_in_effect=808522
I0422 18:32:31.779165  6392 c_interface.cc:389] Pass FitOfflineMasterModelArgs, batch_filename_size=2, batch_weight_size=2, num_collection_passes=1, reset_nwt=yes to void (__cdecl artm::core::MasterComponent::*)(class artm::FitOfflineMasterModelArgs const & __ptr64) __ptr64
I0422 18:32:31.779165  6392 master_component.cc:1458] ProcessBatchesArgs: nwt_target_name=nwt, batch_filename_size=2, batch_size=0, batch_weight_size=2, pwt_source_name=pwt, num_document_passes=1, regularizer=(name:smooth, tau:100000), regularizer=(name:sparse, tau:-100000), reuse_theta=no, opt_for_avx=yes, predict_class_id=, reset_nwt=yes
I0422 18:32:31.802142  2456 processor.cc:81] Processing queue has data, processing started
I0422 18:32:31.802142  2920 processor.cc:81] Processing queue has data, processing started
I0422 18:32:31.821143  2456 processor.cc:158] Processor: start processing batch dda367f1-9985-41b4-93be-5008d4cc6975 into model nwt
I0422 18:32:31.837640  2920 processor.cc:158] Processor: start processing batch 82581921-2b6f-4a63-b7bd-39493150b8ed into model nwt
I0422 18:32:32.042083  2456 processor.cc:293] Processor: complete processing batch dda367f1-9985-41b4-93be-5008d4cc6975 into model nwt
I0422 18:32:32.044584  2456 cuckoo_watch.h:45] 242ms in ProcessBatch(batches\aaaaaa.batch) [including 18ms in LoadMessage; 0ms in InitializeTheta; 0ms in CreateRegularizerAgents; 15ms in InitializeSparseNdw; 93ms in InferThetaAndUpdateNwtSparse; 111ms in CalculateScore(^^^ItemsProcessedScore^^^); ]
I0422 18:32:32.077077  2456 processor.cc:74] No data in processing queue, waiting...
I0422 18:32:32.271025  2920 processor.cc:293] Processor: complete processing batch 82581921-2b6f-4a63-b7bd-39493150b8ed into model nwt
I0422 18:32:32.276024  2920 cuckoo_watch.h:45] 474ms in ProcessBatch(batches\aaaaab.batch) [including 35ms in LoadMessage; 0ms in InitializeTheta; 0ms in CreateRegularizerAgents; 36ms in InitializeSparseNdw; 185ms in InferThetaAndUpdateNwtSparse; 210ms in CalculateScore(^^^ItemsProcessedScore^^^); ]
I0422 18:32:32.277523  6392 master_component.cc:1496] RegularizeModelArgs: rwt_target_name=rwt, pwt_source_name=pwt, nwt_source_name=nwt
I0422 18:32:32.277523  6392 master_component.cc:1013] MasterComponent: start regularizing model pwt
I0422 18:32:32.310014  2920 processor.cc:74] No data in processing queue, waiting...
I0422 18:32:32.374498  6392 master_component.cc:1041] MasterComponent: complete regularizing model pwt
I0422 18:32:32.374498  6392 master_component.cc:1509] NormalizeModelArgs: pwt_target_name=pwt, nwt_source_name=nwt, rwt_source_name=rwt
I0422 18:32:32.374498  6392 master_component.cc:1045] MasterComponent: start normalizing model nwt
I0422 18:32:32.424984  6392 master_component.cc:1084] MasterComponent: complete normalizing model nwt
I0422 18:32:32.506963  6392 master_component.cc:1533] DisposeModel rwt
I0422 18:32:32.515960  6392 master_component.cc:1112] FitOffline: ItemsProcessed, num_items=1728, num_batches=2, token_weight=808522, token_weight_in_effect=808522
I0422 18:32:32.515960  6392 c_interface.cc:389] Pass FitOfflineMasterModelArgs, batch_filename_size=2, batch_weight_size=2, num_collection_passes=1, reset_nwt=yes to void (__cdecl artm::core::MasterComponent::*)(class artm::FitOfflineMasterModelArgs const & __ptr64) __ptr64
I0422 18:32:32.515960  6392 master_component.cc:1458] ProcessBatchesArgs: nwt_target_name=nwt, batch_filename_size=2, batch_size=0, batch_weight_size=2, pwt_source_name=pwt, num_document_passes=1, regularizer=(name:smooth, tau:100000), regularizer=(name:sparse, tau:-100000), reuse_theta=no, opt_for_avx=yes, predict_class_id=, reset_nwt=yes
I0422 18:32:32.538954  2456 processor.cc:81] Processing queue has data, processing started
I0422 18:32:32.538954  1968 processor.cc:81] Processing queue has data, processing started
I0422 18:32:32.557451  2456 processor.cc:158] Processor: start processing batch dda367f1-9985-41b4-93be-5008d4cc6975 into model nwt
I0422 18:32:32.574446  1968 processor.cc:158] Processor: start processing batch 82581921-2b6f-4a63-b7bd-39493150b8ed into model nwt
I0422 18:32:32.776892  2456 processor.cc:293] Processor: complete processing batch dda367f1-9985-41b4-93be-5008d4cc6975 into model nwt
I0422 18:32:32.779390  2456 cuckoo_watch.h:45] 240ms in ProcessBatch(batches\aaaaaa.batch) [including 18ms in LoadMessage; 0ms in InitializeTheta; 0ms in CreateRegularizerAgents; 15ms in InitializeSparseNdw; 90ms in InferThetaAndUpdateNwtSparse; 112ms in CalculateScore(^^^ItemsProcessedScore^^^); ]
I0422 18:32:32.817880  2456 processor.cc:74] No data in processing queue, waiting...
I0422 18:32:33.015327  1968 processor.cc:293] Processor: complete processing batch 82581921-2b6f-4a63-b7bd-39493150b8ed into model nwt
I0422 18:32:33.020329  1968 cuckoo_watch.h:45] 481ms in ProcessBatch(batches\aaaaab.batch) [including 35ms in LoadMessage; 0ms in InitializeTheta; 0ms in CreateRegularizerAgents; 35ms in InitializeSparseNdw; 184ms in InferThetaAndUpdateNwtSparse; 220ms in CalculateScore(^^^ItemsProcessedScore^^^); ]
I0422 18:32:33.021828  6392 master_component.cc:1496] RegularizeModelArgs: rwt_target_name=rwt, pwt_source_name=pwt, nwt_source_name=nwt
I0422 18:32:33.021828  6392 master_component.cc:1013] MasterComponent: start regularizing model pwt
I0422 18:32:33.053819  1968 processor.cc:74] No data in processing queue, waiting...
I0422 18:32:33.118304  6392 master_component.cc:1041] MasterComponent: complete regularizing model pwt
I0422 18:32:33.118304  6392 master_component.cc:1509] NormalizeModelArgs: pwt_target_name=pwt, nwt_source_name=nwt, rwt_source_name=rwt
I0422 18:32:33.118304  6392 master_component.cc:1045] MasterComponent: start normalizing model nwt
I0422 18:32:33.168789  6392 master_component.cc:1084] MasterComponent: complete normalizing model nwt
I0422 18:32:33.247269  6392 master_component.cc:1533] DisposeModel rwt
I0422 18:32:33.255766  6392 master_component.cc:1112] FitOffline: ItemsProcessed, num_items=1728, num_batches=2, token_weight=808522, token_weight_in_effect=808522
I0422 18:32:33.255766  6392 c_interface.cc:389] Pass FitOfflineMasterModelArgs, batch_filename_size=2, batch_weight_size=2, num_collection_passes=1, reset_nwt=yes to void (__cdecl artm::core::MasterComponent::*)(class artm::FitOfflineMasterModelArgs const & __ptr64) __ptr64
I0422 18:32:33.255766  6392 master_component.cc:1458] ProcessBatchesArgs: nwt_target_name=nwt, batch_filename_size=2, batch_size=0, batch_weight_size=2, pwt_source_name=pwt, num_document_passes=1, regularizer=(name:smooth, tau:100000), regularizer=(name:sparse, tau:-100000), reuse_theta=no, opt_for_avx=yes, predict_class_id=, reset_nwt=yes
I0422 18:32:33.277760  3128 processor.cc:81] Processing queue has data, processing started
I0422 18:32:33.277760  2456 processor.cc:81] Processing queue has data, processing started
I0422 18:32:33.296756  3128 processor.cc:158] Processor: start processing batch dda367f1-9985-41b4-93be-5008d4cc6975 into model nwt
I0422 18:32:33.312752  2456 processor.cc:158] Processor: start processing batch 82581921-2b6f-4a63-b7bd-39493150b8ed into model nwt
I0422 18:32:33.515200  3128 processor.cc:293] Processor: complete processing batch dda367f1-9985-41b4-93be-5008d4cc6975 into model nwt
I0422 18:32:33.517699  3128 cuckoo_watch.h:45] 240ms in ProcessBatch(batches\aaaaaa.batch) [including 19ms in LoadMessage; 0ms in InitializeTheta; 0ms in CreateRegularizerAgents; 15ms in InitializeSparseNdw; 91ms in InferThetaAndUpdateNwtSparse; 111ms in CalculateScore(^^^ItemsProcessedScore^^^); ]
I0422 18:32:33.551689  3128 processor.cc:74] No data in processing queue, waiting...
I0422 18:32:33.742640  2456 processor.cc:293] Processor: complete processing batch 82581921-2b6f-4a63-b7bd-39493150b8ed into model nwt
I0422 18:32:33.747138  2456 cuckoo_watch.h:45] 469ms in ProcessBatch(batches\aaaaab.batch) [including 34ms in LoadMessage; 0ms in InitializeTheta; 0ms in CreateRegularizerAgents; 35ms in InitializeSparseNdw; 183ms in InferThetaAndUpdateNwtSparse; 210ms in CalculateScore(^^^ItemsProcessedScore^^^); ]
I0422 18:32:33.747637  6392 master_component.cc:1496] RegularizeModelArgs: rwt_target_name=rwt, pwt_source_name=pwt, nwt_source_name=nwt
I0422 18:32:33.747637  6392 master_component.cc:1013] MasterComponent: start regularizing model pwt
I0422 18:32:33.783628  2456 processor.cc:74] No data in processing queue, waiting...
I0422 18:32:33.842612  6392 master_component.cc:1041] MasterComponent: complete regularizing model pwt
I0422 18:32:33.842612  6392 master_component.cc:1509] NormalizeModelArgs: pwt_target_name=pwt, nwt_source_name=nwt, rwt_source_name=rwt
I0422 18:32:33.842612  6392 master_component.cc:1045] MasterComponent: start normalizing model nwt
I0422 18:32:33.894100  6392 master_component.cc:1084] MasterComponent: complete normalizing model nwt
I0422 18:32:33.977577  6392 master_component.cc:1533] DisposeModel rwt
I0422 18:32:33.986075  6392 master_component.cc:1112] FitOffline: ItemsProcessed, num_items=1728, num_batches=2, token_weight=808522, token_weight_in_effect=808522
I0422 18:32:33.986075  6392 c_interface.cc:389] Pass FitOfflineMasterModelArgs, batch_filename_size=2, batch_weight_size=2, num_collection_passes=1, reset_nwt=yes to void (__cdecl artm::core::MasterComponent::*)(class artm::FitOfflineMasterModelArgs const & __ptr64) __ptr64
I0422 18:32:33.986075  6392 master_component.cc:1458] ProcessBatchesArgs: nwt_target_name=nwt, batch_filename_size=2, batch_size=0, batch_weight_size=2, pwt_source_name=pwt, num_document_passes=1, regularizer=(name:smooth, tau:100000), regularizer=(name:sparse, tau:-100000), reuse_theta=no, opt_for_avx=yes, predict_class_id=, reset_nwt=yes
I0422 18:32:34.008569  1968 processor.cc:81] Processing queue has data, processing started
I0422 18:32:34.008569  2456 processor.cc:81] Processing queue has data, processing started
I0422 18:32:34.028563  1968 processor.cc:158] Processor: start processing batch dda367f1-9985-41b4-93be-5008d4cc6975 into model nwt
I0422 18:32:34.043061  2456 processor.cc:158] Processor: start processing batch 82581921-2b6f-4a63-b7bd-39493150b8ed into model nwt
I0422 18:32:34.246007  1968 processor.cc:293] Processor: complete processing batch dda367f1-9985-41b4-93be-5008d4cc6975 into model nwt
I0422 18:32:34.248507  1968 cuckoo_watch.h:45] 240ms in ProcessBatch(batches\aaaaaa.batch) [including 19ms in LoadMessage; 0ms in InitializeTheta; 0ms in CreateRegularizerAgents; 14ms in InitializeSparseNdw; 91ms in InferThetaAndUpdateNwtSparse; 111ms in CalculateScore(^^^ItemsProcessedScore^^^); ]
I0422 18:32:34.281498  1968 processor.cc:74] No data in processing queue, waiting...
I0422 18:32:34.476446  2456 processor.cc:293] Processor: complete processing batch 82581921-2b6f-4a63-b7bd-39493150b8ed into model nwt
I0422 18:32:34.482445  2456 cuckoo_watch.h:45] 474ms in ProcessBatch(batches\aaaaab.batch) [including 34ms in LoadMessage; 0ms in InitializeTheta; 0ms in CreateRegularizerAgents; 34ms in InitializeSparseNdw; 183ms in InferThetaAndUpdateNwtSparse; 215ms in CalculateScore(^^^ItemsProcessedScore^^^); ]
I0422 18:32:34.483444  6392 master_component.cc:1496] RegularizeModelArgs: rwt_target_name=rwt, pwt_source_name=pwt, nwt_source_name=nwt
I0422 18:32:34.483444  6392 master_component.cc:1013] MasterComponent: start regularizing model pwt
I0422 18:32:34.521435  2456 processor.cc:74] No data in processing queue, waiting...
I0422 18:32:34.578919  6392 master_component.cc:1041] MasterComponent: complete regularizing model pwt
I0422 18:32:34.578919  6392 master_component.cc:1509] NormalizeModelArgs: pwt_target_name=pwt, nwt_source_name=nwt, rwt_source_name=rwt
I0422 18:32:34.578919  6392 master_component.cc:1045] MasterComponent: start normalizing model nwt
I0422 18:32:34.630406  6392 master_component.cc:1084] MasterComponent: complete normalizing model nwt
I0422 18:32:34.711886  6392 master_component.cc:1533] DisposeModel rwt
I0422 18:32:34.720381  6392 master_component.cc:1112] FitOffline: ItemsProcessed, num_items=1728, num_batches=2, token_weight=808522, token_weight_in_effect=808522
I0422 18:32:34.720381  6392 c_interface.cc:389] Pass FitOfflineMasterModelArgs, batch_filename_size=2, batch_weight_size=2, num_collection_passes=1, reset_nwt=yes to void (__cdecl artm::core::MasterComponent::*)(class artm::FitOfflineMasterModelArgs const & __ptr64) __ptr64
I0422 18:32:34.720381  6392 master_component.cc:1458] ProcessBatchesArgs: nwt_target_name=nwt, batch_filename_size=2, batch_size=0, batch_weight_size=2, pwt_source_name=pwt, num_document_passes=1, regularizer=(name:smooth, tau:100000), regularizer=(name:sparse, tau:-100000), reuse_theta=no, opt_for_avx=yes, predict_class_id=, reset_nwt=yes
I0422 18:32:34.743376  3128 processor.cc:81] Processing queue has data, processing started
I0422 18:32:34.743376  2920 processor.cc:81] Processing queue has data, processing started
I0422 18:32:34.762372  3128 processor.cc:158] Processor: start processing batch dda367f1-9985-41b4-93be-5008d4cc6975 into model nwt
I0422 18:32:34.778367  2920 processor.cc:158] Processor: start processing batch 82581921-2b6f-4a63-b7bd-39493150b8ed into model nwt
I0422 18:32:34.982312  3128 processor.cc:293] Processor: complete processing batch dda367f1-9985-41b4-93be-5008d4cc6975 into model nwt
I0422 18:32:34.984812  3128 cuckoo_watch.h:45] 241ms in ProcessBatch(batches\aaaaaa.batch) [including 18ms in LoadMessage; 0ms in InitializeTheta; 0ms in CreateRegularizerAgents; 14ms in InitializeSparseNdw; 91ms in InferThetaAndUpdateNwtSparse; 113ms in CalculateScore(^^^ItemsProcessedScore^^^); ]
I0422 18:32:35.019302  3128 processor.cc:74] No data in processing queue, waiting...
I0422 18:32:35.211254  2920 processor.cc:293] Processor: complete processing batch 82581921-2b6f-4a63-b7bd-39493150b8ed into model nwt
I0422 18:32:35.215754  2920 cuckoo_watch.h:45] 472ms in ProcessBatch(batches\aaaaab.batch) [including 35ms in LoadMessage; 0ms in InitializeTheta; 0ms in CreateRegularizerAgents; 35ms in InitializeSparseNdw; 183ms in InferThetaAndUpdateNwtSparse; 212ms in CalculateScore(^^^ItemsProcessedScore^^^); ]
I0422 18:32:35.217252  6392 master_component.cc:1496] RegularizeModelArgs: rwt_target_name=rwt, pwt_source_name=pwt, nwt_source_name=nwt
I0422 18:32:35.217252  6392 master_component.cc:1013] MasterComponent: start regularizing model pwt
I0422 18:32:35.251243  2920 processor.cc:74] No data in processing queue, waiting...
I0422 18:32:35.312726  6392 master_component.cc:1041] MasterComponent: complete regularizing model pwt
I0422 18:32:35.312726  6392 master_component.cc:1509] NormalizeModelArgs: pwt_target_name=pwt, nwt_source_name=nwt, rwt_source_name=rwt
I0422 18:32:35.312726  6392 master_component.cc:1045] MasterComponent: start normalizing model nwt
I0422 18:32:35.363214  6392 master_component.cc:1084] MasterComponent: complete normalizing model nwt
I0422 18:32:35.445694  6392 master_component.cc:1533] DisposeModel rwt
I0422 18:32:35.454188  6392 master_component.cc:1112] FitOffline: ItemsProcessed, num_items=1728, num_batches=2, token_weight=808522, token_weight_in_effect=808522
I0422 18:32:35.454188  6392 c_interface.cc:389] Pass FitOfflineMasterModelArgs, batch_filename_size=2, batch_weight_size=2, num_collection_passes=1, reset_nwt=yes to void (__cdecl artm::core::MasterComponent::*)(class artm::FitOfflineMasterModelArgs const & __ptr64) __ptr64
I0422 18:32:35.454188  6392 master_component.cc:1458] ProcessBatchesArgs: nwt_target_name=nwt, batch_filename_size=2, batch_size=0, batch_weight_size=2, pwt_source_name=pwt, num_document_passes=1, regularizer=(name:smooth, tau:100000), regularizer=(name:sparse, tau:-100000), reuse_theta=no, opt_for_avx=yes, predict_class_id=, reset_nwt=yes
I0422 18:32:35.477186  2456 processor.cc:81] Processing queue has data, processing started
I0422 18:32:35.477186  1968 processor.cc:81] Processing queue has data, processing started
I0422 18:32:35.496179  2456 processor.cc:158] Processor: start processing batch dda367f1-9985-41b4-93be-5008d4cc6975 into model nwt
I0422 18:32:35.512675  1968 processor.cc:158] Processor: start processing batch 82581921-2b6f-4a63-b7bd-39493150b8ed into model nwt
I0422 18:32:35.751611  2456 processor.cc:293] Processor: complete processing batch dda367f1-9985-41b4-93be-5008d4cc6975 into model nwt
I0422 18:32:35.754110  2456 cuckoo_watch.h:45] 276ms in ProcessBatch(batches\aaaaaa.batch) [including 19ms in LoadMessage; 0ms in InitializeTheta; 0ms in CreateRegularizerAgents; 15ms in InitializeSparseNdw; 108ms in InferThetaAndUpdateNwtSparse; 130ms in CalculateScore(^^^ItemsProcessedScore^^^); ]
I0422 18:32:35.785102  2456 processor.cc:74] No data in processing queue, waiting...
I0422 18:32:35.991047  1968 processor.cc:293] Processor: complete processing batch 82581921-2b6f-4a63-b7bd-39493150b8ed into model nwt
I0422 18:32:35.995549  1968 cuckoo_watch.h:45] 518ms in ProcessBatch(batches\aaaaab.batch) [including 35ms in LoadMessage; 0ms in InitializeTheta; 0ms in CreateRegularizerAgents; 42ms in InitializeSparseNdw; 202ms in InferThetaAndUpdateNwtSparse; 232ms in CalculateScore(^^^ItemsProcessedScore^^^); ]
I0422 18:32:35.997047  6392 master_component.cc:1496] RegularizeModelArgs: rwt_target_name=rwt, pwt_source_name=pwt, nwt_source_name=nwt
I0422 18:32:35.997047  6392 master_component.cc:1013] MasterComponent: start regularizing model pwt
I0422 18:32:36.033037  1968 processor.cc:74] No data in processing queue, waiting...
I0422 18:32:36.093523  6392 master_component.cc:1041] MasterComponent: complete regularizing model pwt
I0422 18:32:36.093523  6392 master_component.cc:1509] NormalizeModelArgs: pwt_target_name=pwt, nwt_source_name=nwt, rwt_source_name=rwt
I0422 18:32:36.093523  6392 master_component.cc:1045] MasterComponent: start normalizing model nwt
I0422 18:32:36.145509  6392 master_component.cc:1084] MasterComponent: complete normalizing model nwt
I0422 18:32:36.226487  6392 master_component.cc:1533] DisposeModel rwt
I0422 18:32:36.234983  6392 master_component.cc:1112] FitOffline: ItemsProcessed, num_items=1728, num_batches=2, token_weight=808522, token_weight_in_effect=808522
I0422 18:32:36.234983  6392 c_interface.cc:389] Pass FitOfflineMasterModelArgs, batch_filename_size=2, batch_weight_size=2, num_collection_passes=1, reset_nwt=yes to void (__cdecl artm::core::MasterComponent::*)(class artm::FitOfflineMasterModelArgs const & __ptr64) __ptr64
I0422 18:32:36.234983  6392 master_component.cc:1458] ProcessBatchesArgs: nwt_target_name=nwt, batch_filename_size=2, batch_size=0, batch_weight_size=2, pwt_source_name=pwt, num_document_passes=1, regularizer=(name:smooth, tau:100000), regularizer=(name:sparse, tau:-100000), reuse_theta=no, opt_for_avx=yes, predict_class_id=, reset_nwt=yes
I0422 18:32:36.256979  3128 processor.cc:81] Processing queue has data, processing started
I0422 18:32:36.258977  2456 processor.cc:81] Processing queue has data, processing started
I0422 18:32:36.275472  3128 processor.cc:158] Processor: start processing batch dda367f1-9985-41b4-93be-5008d4cc6975 into model nwt
I0422 18:32:36.292970  2456 processor.cc:158] Processor: start processing batch 82581921-2b6f-4a63-b7bd-39493150b8ed into model nwt
I0422 18:32:36.495419  3128 processor.cc:293] Processor: complete processing batch dda367f1-9985-41b4-93be-5008d4cc6975 into model nwt
I0422 18:32:36.497916  3128 cuckoo_watch.h:45] 241ms in ProcessBatch(batches\aaaaaa.batch) [including 18ms in LoadMessage; 0ms in InitializeTheta; 0ms in CreateRegularizerAgents; 14ms in InitializeSparseNdw; 89ms in InferThetaAndUpdateNwtSparse; 116ms in CalculateScore(^^^ItemsProcessedScore^^^); ]
I0422 18:32:36.534407  3128 processor.cc:74] No data in processing queue, waiting...
I0422 18:32:36.735354  2456 processor.cc:293] Processor: complete processing batch 82581921-2b6f-4a63-b7bd-39493150b8ed into model nwt
I0422 18:32:36.739852  2456 cuckoo_watch.h:45] 481ms in ProcessBatch(batches\aaaaab.batch) [including 34ms in LoadMessage; 0ms in InitializeTheta; 0ms in CreateRegularizerAgents; 35ms in InitializeSparseNdw; 183ms in InferThetaAndUpdateNwtSparse; 223ms in CalculateScore(^^^ItemsProcessedScore^^^); ]
I0422 18:32:36.740852  6392 master_component.cc:1496] RegularizeModelArgs: rwt_target_name=rwt, pwt_source_name=pwt, nwt_source_name=nwt
I0422 18:32:36.740852  6392 master_component.cc:1013] MasterComponent: start regularizing model pwt
I0422 18:32:36.774844  2456 processor.cc:74] No data in processing queue, waiting...
I0422 18:32:36.839826  6392 master_component.cc:1041] MasterComponent: complete regularizing model pwt
I0422 18:32:36.839826  6392 master_component.cc:1509] NormalizeModelArgs: pwt_target_name=pwt, nwt_source_name=nwt, rwt_source_name=rwt
I0422 18:32:36.839826  6392 master_component.cc:1045] MasterComponent: start normalizing model nwt
I0422 18:32:36.891312  6392 master_component.cc:1084] MasterComponent: complete normalizing model nwt
I0422 18:32:36.973791  6392 master_component.cc:1533] DisposeModel rwt
I0422 18:32:36.982288  6392 master_component.cc:1112] FitOffline: ItemsProcessed, num_items=1728, num_batches=2, token_weight=808522, token_weight_in_effect=808522
I0422 18:32:36.982288  6392 c_interface.cc:389] Pass FitOfflineMasterModelArgs, batch_filename_size=2, batch_weight_size=2, num_collection_passes=1, reset_nwt=yes to void (__cdecl artm::core::MasterComponent::*)(class artm::FitOfflineMasterModelArgs const & __ptr64) __ptr64
I0422 18:32:36.982288  6392 master_component.cc:1458] ProcessBatchesArgs: nwt_target_name=nwt, batch_filename_size=2, batch_size=0, batch_weight_size=2, pwt_source_name=pwt, num_document_passes=1, regularizer=(name:smooth, tau:100000), regularizer=(name:sparse, tau:-100000), reuse_theta=no, opt_for_avx=yes, predict_class_id=, reset_nwt=yes
I0422 18:32:37.006778  2456 processor.cc:81] Processing queue has data, processing started
I0422 18:32:37.006778  1968 processor.cc:81] Processing queue has data, processing started
I0422 18:32:37.025779  2456 processor.cc:158] Processor: start processing batch dda367f1-9985-41b4-93be-5008d4cc6975 into model nwt
I0422 18:32:37.041774  1968 processor.cc:158] Processor: start processing batch 82581921-2b6f-4a63-b7bd-39493150b8ed into model nwt
I0422 18:32:37.250723  2456 processor.cc:293] Processor: complete processing batch dda367f1-9985-41b4-93be-5008d4cc6975 into model nwt
I0422 18:32:37.253221  2456 cuckoo_watch.h:45] 246ms in ProcessBatch(batches\aaaaaa.batch) [including 19ms in LoadMessage; 0ms in InitializeTheta; 0ms in CreateRegularizerAgents; 14ms in InitializeSparseNdw; 92ms in InferThetaAndUpdateNwtSparse; 118ms in CalculateScore(^^^ItemsProcessedScore^^^); ]
I0422 18:32:37.286710  2456 processor.cc:74] No data in processing queue, waiting...
I0422 18:32:37.482661  1968 processor.cc:293] Processor: complete processing batch 82581921-2b6f-4a63-b7bd-39493150b8ed into model nwt
I0422 18:32:37.487159  1968 cuckoo_watch.h:45] 480ms in ProcessBatch(batches\aaaaab.batch) [including 34ms in LoadMessage; 0ms in InitializeTheta; 0ms in CreateRegularizerAgents; 35ms in InitializeSparseNdw; 186ms in InferThetaAndUpdateNwtSparse; 218ms in CalculateScore(^^^ItemsProcessedScore^^^); ]
I0422 18:32:37.488651  6392 master_component.cc:1496] RegularizeModelArgs: rwt_target_name=rwt, pwt_source_name=pwt, nwt_source_name=nwt
I0422 18:32:37.488651  6392 master_component.cc:1013] MasterComponent: start regularizing model pwt
I0422 18:32:37.522647  1968 processor.cc:74] No data in processing queue, waiting...
I0422 18:32:37.584630  6392 master_component.cc:1041] MasterComponent: complete regularizing model pwt
I0422 18:32:37.584630  6392 master_component.cc:1509] NormalizeModelArgs: pwt_target_name=pwt, nwt_source_name=nwt, rwt_source_name=rwt
I0422 18:32:37.584630  6392 master_component.cc:1045] MasterComponent: start normalizing model nwt
I0422 18:32:37.635617  6392 master_component.cc:1084] MasterComponent: complete normalizing model nwt
I0422 18:32:37.714596  6392 master_component.cc:1533] DisposeModel rwt
I0422 18:32:37.723095  6392 master_component.cc:1112] FitOffline: ItemsProcessed, num_items=1728, num_batches=2, token_weight=808522, token_weight_in_effect=808522
I0422 18:32:37.723095  6392 c_interface.cc:389] Pass FitOfflineMasterModelArgs, batch_filename_size=2, batch_weight_size=2, num_collection_passes=1, reset_nwt=yes to void (__cdecl artm::core::MasterComponent::*)(class artm::FitOfflineMasterModelArgs const & __ptr64) __ptr64
I0422 18:32:37.723095  6392 master_component.cc:1458] ProcessBatchesArgs: nwt_target_name=nwt, batch_filename_size=2, batch_size=0, batch_weight_size=2, pwt_source_name=pwt, num_document_passes=1, regularizer=(name:smooth, tau:100000), regularizer=(name:sparse, tau:-100000), reuse_theta=no, opt_for_avx=yes, predict_class_id=, reset_nwt=yes
I0422 18:32:37.746588  2920 processor.cc:81] Processing queue has data, processing started
I0422 18:32:37.746588  3128 processor.cc:81] Processing queue has data, processing started
I0422 18:32:37.766083  2920 processor.cc:158] Processor: start processing batch dda367f1-9985-41b4-93be-5008d4cc6975 into model nwt
I0422 18:32:37.780580  3128 processor.cc:158] Processor: start processing batch 82581921-2b6f-4a63-b7bd-39493150b8ed into model nwt
I0422 18:32:37.983027  2920 processor.cc:293] Processor: complete processing batch dda367f1-9985-41b4-93be-5008d4cc6975 into model nwt
I0422 18:32:37.985527  2920 cuckoo_watch.h:45] 239ms in ProcessBatch(batches\aaaaaa.batch) [including 19ms in LoadMessage; 0ms in InitializeTheta; 0ms in CreateRegularizerAgents; 14ms in InitializeSparseNdw; 89ms in InferThetaAndUpdateNwtSparse; 112ms in CalculateScore(^^^ItemsProcessedScore^^^); ]
I0422 18:32:38.022516  2920 processor.cc:74] No data in processing queue, waiting...
I0422 18:32:38.210467  3128 processor.cc:293] Processor: complete processing batch 82581921-2b6f-4a63-b7bd-39493150b8ed into model nwt
I0422 18:32:38.214465  3128 cuckoo_watch.h:45] 468ms in ProcessBatch(batches\aaaaab.batch) [including 34ms in LoadMessage; 0ms in InitializeTheta; 0ms in CreateRegularizerAgents; 35ms in InitializeSparseNdw; 181ms in InferThetaAndUpdateNwtSparse; 212ms in CalculateScore(^^^ItemsProcessedScore^^^); ]
I0422 18:32:38.216465  6392 master_component.cc:1496] RegularizeModelArgs: rwt_target_name=rwt, pwt_source_name=pwt, nwt_source_name=nwt
I0422 18:32:38.216465  6392 master_component.cc:1013] MasterComponent: start regularizing model pwt
I0422 18:32:38.249456  3128 processor.cc:74] No data in processing queue, waiting...
I0422 18:32:38.311440  6392 master_component.cc:1041] MasterComponent: complete regularizing model pwt
I0422 18:32:38.311440  6392 master_component.cc:1509] NormalizeModelArgs: pwt_target_name=pwt, nwt_source_name=nwt, rwt_source_name=rwt
I0422 18:32:38.311440  6392 master_component.cc:1045] MasterComponent: start normalizing model nwt
I0422 18:32:38.360929  6392 master_component.cc:1084] MasterComponent: complete normalizing model nwt
I0422 18:32:38.439906  6392 master_component.cc:1533] DisposeModel rwt
I0422 18:32:38.448405  6392 master_component.cc:1112] FitOffline: ItemsProcessed, num_items=1728, num_batches=2, token_weight=808522, token_weight_in_effect=808522
I0422 18:32:38.448904  6392 c_interface.cc:389] Pass FitOfflineMasterModelArgs, batch_filename_size=2, batch_weight_size=2, num_collection_passes=1, reset_nwt=yes to void (__cdecl artm::core::MasterComponent::*)(class artm::FitOfflineMasterModelArgs const & __ptr64) __ptr64
I0422 18:32:38.448904  6392 master_component.cc:1458] ProcessBatchesArgs: nwt_target_name=nwt, batch_filename_size=2, batch_size=0, batch_weight_size=2, pwt_source_name=pwt, num_document_passes=1, regularizer=(name:smooth, tau:100000), regularizer=(name:sparse, tau:-100000), reuse_theta=no, opt_for_avx=yes, predict_class_id=, reset_nwt=yes
I0422 18:32:38.472676  2456 processor.cc:81] Processing queue has data, processing started
I0422 18:32:38.472676  3128 processor.cc:81] Processing queue has data, processing started
I0422 18:32:38.490671  2456 processor.cc:158] Processor: start processing batch dda367f1-9985-41b4-93be-5008d4cc6975 into model nwt
I0422 18:32:38.507166  3128 processor.cc:158] Processor: start processing batch 82581921-2b6f-4a63-b7bd-39493150b8ed into model nwt
I0422 18:32:38.708614  2456 processor.cc:293] Processor: complete processing batch dda367f1-9985-41b4-93be-5008d4cc6975 into model nwt
I0422 18:32:38.711613  2456 cuckoo_watch.h:45] 239ms in ProcessBatch(batches\aaaaaa.batch) [including 18ms in LoadMessage; 0ms in InitializeTheta; 0ms in CreateRegularizerAgents; 14ms in InitializeSparseNdw; 91ms in InferThetaAndUpdateNwtSparse; 111ms in CalculateScore(^^^ItemsProcessedScore^^^); ]
I0422 18:32:38.744603  2456 processor.cc:74] No data in processing queue, waiting...
I0422 18:32:38.929554  3128 processor.cc:293] Processor: complete processing batch 82581921-2b6f-4a63-b7bd-39493150b8ed into model nwt
I0422 18:32:38.934054  3128 cuckoo_watch.h:45] 461ms in ProcessBatch(batches\aaaaab.batch) [including 34ms in LoadMessage; 0ms in InitializeTheta; 0ms in CreateRegularizerAgents; 35ms in InitializeSparseNdw; 179ms in InferThetaAndUpdateNwtSparse; 207ms in CalculateScore(^^^ItemsProcessedScore^^^); ]
I0422 18:32:38.934554  6392 master_component.cc:1496] RegularizeModelArgs: rwt_target_name=rwt, pwt_source_name=pwt, nwt_source_name=nwt
I0422 18:32:38.934554  6392 master_component.cc:1013] MasterComponent: start regularizing model pwt
I0422 18:32:38.968545  3128 processor.cc:74] No data in processing queue, waiting...
I0422 18:32:39.029529  6392 master_component.cc:1041] MasterComponent: complete regularizing model pwt
I0422 18:32:39.030030  6392 master_component.cc:1509] NormalizeModelArgs: pwt_target_name=pwt, nwt_source_name=nwt, rwt_source_name=rwt
I0422 18:32:39.030030  6392 master_component.cc:1045] MasterComponent: start normalizing model nwt
I0422 18:32:39.079516  6392 master_component.cc:1084] MasterComponent: complete normalizing model nwt
I0422 18:32:39.157995  6392 master_component.cc:1533] DisposeModel rwt
I0422 18:32:39.166491  6392 master_component.cc:1112] FitOffline: ItemsProcessed, num_items=1728, num_batches=2, token_weight=808522, token_weight_in_effect=808522
I0422 18:32:39.166994  6392 c_interface.cc:389] Pass FitOfflineMasterModelArgs, batch_filename_size=2, batch_weight_size=2, num_collection_passes=1, reset_nwt=yes to void (__cdecl artm::core::MasterComponent::*)(class artm::FitOfflineMasterModelArgs const & __ptr64) __ptr64
I0422 18:32:39.166994  6392 master_component.cc:1458] ProcessBatchesArgs: nwt_target_name=nwt, batch_filename_size=2, batch_size=0, batch_weight_size=2, pwt_source_name=pwt, num_document_passes=1, regularizer=(name:smooth, tau:100000), regularizer=(name:sparse, tau:-100000), reuse_theta=no, opt_for_avx=yes, predict_class_id=, reset_nwt=yes
I0422 18:32:39.190204  1968 processor.cc:81] Processing queue has data, processing started
I0422 18:32:39.190204  2920 processor.cc:81] Processing queue has data, processing started
I0422 18:32:39.208709  1968 processor.cc:158] Processor: start processing batch dda367f1-9985-41b4-93be-5008d4cc6975 into model nwt
I0422 18:32:39.225203  2920 processor.cc:158] Processor: start processing batch 82581921-2b6f-4a63-b7bd-39493150b8ed into model nwt
I0422 18:32:39.421648  1968 processor.cc:293] Processor: complete processing batch dda367f1-9985-41b4-93be-5008d4cc6975 into model nwt
I0422 18:32:39.424147  1968 cuckoo_watch.h:45] 233ms in ProcessBatch(batches\aaaaaa.batch) [including 18ms in LoadMessage; 0ms in InitializeTheta; 0ms in CreateRegularizerAgents; 13ms in InitializeSparseNdw; 89ms in InferThetaAndUpdateNwtSparse; 109ms in CalculateScore(^^^ItemsProcessedScore^^^); ]
I0422 18:32:39.462141  1968 processor.cc:74] No data in processing queue, waiting...
I0422 18:32:39.653589  2920 processor.cc:293] Processor: complete processing batch 82581921-2b6f-4a63-b7bd-39493150b8ed into model nwt
I0422 18:32:39.656589  2920 cuckoo_watch.h:45] 466ms in ProcessBatch(batches\aaaaab.batch) [including 35ms in LoadMessage; 0ms in InitializeTheta; 0ms in CreateRegularizerAgents; 35ms in InitializeSparseNdw; 178ms in InferThetaAndUpdateNwtSparse; 213ms in CalculateScore(^^^ItemsProcessedScore^^^); ]
I0422 18:32:39.657089  6392 master_component.cc:1496] RegularizeModelArgs: rwt_target_name=rwt, pwt_source_name=pwt, nwt_source_name=nwt
I0422 18:32:39.657089  6392 master_component.cc:1013] MasterComponent: start regularizing model pwt
I0422 18:32:39.690080  2920 processor.cc:74] No data in processing queue, waiting...
I0422 18:32:39.751065  6392 master_component.cc:1041] MasterComponent: complete regularizing model pwt
I0422 18:32:39.751065  6392 master_component.cc:1509] NormalizeModelArgs: pwt_target_name=pwt, nwt_source_name=nwt, rwt_source_name=rwt
I0422 18:32:39.751065  6392 master_component.cc:1045] MasterComponent: start normalizing model nwt
I0422 18:32:39.801051  6392 master_component.cc:1084] MasterComponent: complete normalizing model nwt
I0422 18:32:39.880530  6392 master_component.cc:1533] DisposeModel rwt
I0422 18:32:39.888530  6392 master_component.cc:1112] FitOffline: ItemsProcessed, num_items=1728, num_batches=2, token_weight=808522, token_weight_in_effect=808522
I0422 18:32:39.889029  6392 c_interface.cc:389] Pass FitOfflineMasterModelArgs, batch_filename_size=2, batch_weight_size=2, num_collection_passes=1, reset_nwt=yes to void (__cdecl artm::core::MasterComponent::*)(class artm::FitOfflineMasterModelArgs const & __ptr64) __ptr64
I0422 18:32:39.889029  6392 master_component.cc:1458] ProcessBatchesArgs: nwt_target_name=nwt, batch_filename_size=2, batch_size=0, batch_weight_size=2, pwt_source_name=pwt, num_document_passes=1, regularizer=(name:smooth, tau:100000), regularizer=(name:sparse, tau:-100000), reuse_theta=no, opt_for_avx=yes, predict_class_id=, reset_nwt=yes
I0422 18:32:39.911023  2920 processor.cc:81] Processing queue has data, processing started
I0422 18:32:39.911023  3128 processor.cc:81] Processing queue has data, processing started
I0422 18:32:39.929018  2920 processor.cc:158] Processor: start processing batch dda367f1-9985-41b4-93be-5008d4cc6975 into model nwt
I0422 18:32:39.945015  3128 processor.cc:158] Processor: start processing batch 82581921-2b6f-4a63-b7bd-39493150b8ed into model nwt
I0422 18:32:40.143460  2920 processor.cc:293] Processor: complete processing batch dda367f1-9985-41b4-93be-5008d4cc6975 into model nwt
I0422 18:32:40.145462  2920 cuckoo_watch.h:45] 234ms in ProcessBatch(batches\aaaaaa.batch) [including 18ms in LoadMessage; 0ms in InitializeTheta; 0ms in CreateRegularizerAgents; 14ms in InitializeSparseNdw; 89ms in InferThetaAndUpdateNwtSparse; 109ms in CalculateScore(^^^ItemsProcessedScore^^^); ]
I0422 18:32:40.178952  2920 processor.cc:74] No data in processing queue, waiting...
I0422 18:32:40.367404  3128 processor.cc:293] Processor: complete processing batch 82581921-2b6f-4a63-b7bd-39493150b8ed into model nwt
I0422 18:32:40.370404  3128 cuckoo_watch.h:45] 459ms in ProcessBatch(batches\aaaaab.batch) [including 34ms in LoadMessage; 0ms in InitializeTheta; 0ms in CreateRegularizerAgents; 35ms in InitializeSparseNdw; 179ms in InferThetaAndUpdateNwtSparse; 206ms in CalculateScore(^^^ItemsProcessedScore^^^); ]
I0422 18:32:40.371901  6392 master_component.cc:1496] RegularizeModelArgs: rwt_target_name=rwt, pwt_source_name=pwt, nwt_source_name=nwt
I0422 18:32:40.371901  6392 master_component.cc:1013] MasterComponent: start regularizing model pwt
I0422 18:32:40.403893  3128 processor.cc:74] No data in processing queue, waiting...
I0422 18:32:40.465878  6392 master_component.cc:1041] MasterComponent: complete regularizing model pwt
I0422 18:32:40.465878  6392 master_component.cc:1509] NormalizeModelArgs: pwt_target_name=pwt, nwt_source_name=nwt, rwt_source_name=rwt
I0422 18:32:40.465878  6392 master_component.cc:1045] MasterComponent: start normalizing model nwt
I0422 18:32:40.516363  6392 master_component.cc:1084] MasterComponent: complete normalizing model nwt
I0422 18:32:40.594843  6392 master_component.cc:1533] DisposeModel rwt
I0422 18:32:40.603339  6392 master_component.cc:1112] FitOffline: ItemsProcessed, num_items=1728, num_batches=2, token_weight=808522, token_weight_in_effect=808522
I0422 18:33:07.678651  6392 c_interface.cc:231] ArtmCopyRequestedMessage is copying 3943888 bytes...
I0422 18:33:07.878101  6392 c_interface.cc:231] ArtmCopyRequestedMessage is copying 5976740 bytes...
I0422 18:35:23.401453  1968 processor.cc:66] Processor thread stopped
I0422 18:35:23.401453  1968 processor.cc:67] Total number of processed batches: 26
I0422 18:35:23.402452  2456 processor.cc:66] Processor thread stopped
I0422 18:35:23.402452  2456 processor.cc:67] Total number of processed batches: 22
I0422 18:35:23.403452  3128 processor.cc:66] Processor thread stopped
I0422 18:35:23.403452  3128 processor.cc:67] Total number of processed batches: 22
I0422 18:35:23.405452  2920 processor.cc:66] Processor thread stopped
I0422 18:35:23.405452  2920 processor.cc:67] Total number of processed batches: 20
I0422 18:35:23.436944  6392 c_interface.cc:339] Disposing MasterComponent (id=3)...
I0422 18:35:23.437444  6392 c_interface.cc:375] Pass 2b8ac30f-b85a-4d9e-8ee8-bcccea35fc35 to void (__cdecl artm::core::MasterComponent::*)(class std::basic_string<char,struct std::char_traits<char>,class std::allocator<char> > const & __ptr64) __ptr64
I0422 18:35:23.442443  6392 c_interface.cc:339] Disposing MasterComponent (id=1)...
I0422 18:35:23.442443  6392 c_interface.cc:375] Pass mydict to void (__cdecl artm::core::MasterComponent::*)(class std::basic_string<char,struct std::char_traits<char>,class std::allocator<char> > const & __ptr64) __ptr64
I0422 18:35:23.448442  6392 c_interface.cc:339] Disposing MasterComponent (id=2)...
