I0422 18:31:06.921408  1968 cuckoo_watch.h:45] 273ms in ProcessBatch(batches\aaaaaa.batch) [including 19ms in LoadMessage; 0ms in InitializeTheta; 0ms in CreateRegularizerAgents; 15ms in InitializeSparseNdw; 113ms in InferThetaAndUpdateNwtSparse; 121ms in CalculateScore(^^^ItemsProcessedScore^^^); ]
I0422 18:31:06.956401  1968 processor.cc:74] No data in processing queue, waiting...
I0422 18:31:07.176843  3128 processor.cc:293] Processor: complete processing batch 82581921-2b6f-4a63-b7bd-39493150b8ed into model nwt
I0422 18:31:07.181341  3128 cuckoo_watch.h:45] 533ms in ProcessBatch(batches\aaaaab.batch) [including 38ms in LoadMessage; 0ms in InitializeTheta; 0ms in CreateRegularizerAgents; 35ms in InitializeSparseNdw; 230ms in InferThetaAndUpdateNwtSparse; 224ms in CalculateScore(^^^ItemsProcessedScore^^^); ]
I0422 18:31:07.182340  6392 master_component.cc:1496] RegularizeModelArgs: rwt_target_name=rwt, pwt_source_name=pwt, nwt_source_name=nwt
I0422 18:31:07.182340  6392 master_component.cc:1013] MasterComponent: start regularizing model pwt
I0422 18:31:07.220830  3128 processor.cc:74] No data in processing queue, waiting...
I0422 18:31:07.251822  6392 master_component.cc:1041] MasterComponent: complete regularizing model pwt
I0422 18:31:07.251822  6392 master_component.cc:1509] NormalizeModelArgs: pwt_target_name=pwt, nwt_source_name=nwt, rwt_source_name=rwt
I0422 18:31:07.251822  6392 master_component.cc:1045] MasterComponent: start normalizing model nwt
I0422 18:31:07.281813  6392 master_component.cc:1084] MasterComponent: complete normalizing model nwt
I0422 18:31:07.396785  6392 master_component.cc:1533] DisposeModel rwt
I0422 18:31:07.404281  6392 master_component.cc:1112] FitOffline: ItemsProcessed, num_items=1728, num_batches=2, token_weight=808522, token_weight_in_effect=808522
I0422 18:31:07.404781  6392 c_interface.cc:389] Pass FitOfflineMasterModelArgs, batch_filename_size=2, batch_weight_size=2, num_collection_passes=1, reset_nwt=yes to void (__cdecl artm::core::MasterComponent::*)(class artm::FitOfflineMasterModelArgs const & __ptr64) __ptr64
I0422 18:31:07.404781  6392 master_component.cc:1458] ProcessBatchesArgs: nwt_target_name=nwt, batch_filename_size=2, batch_size=0, batch_weight_size=2, pwt_source_name=pwt, num_document_passes=1, regularizer=(name:smooth, tau:100000), reuse_theta=no, opt_for_avx=yes, predict_class_id=, reset_nwt=yes
I0422 18:31:07.422777  1968 processor.cc:81] Processing queue has data, processing started
I0422 18:31:07.422777  2456 processor.cc:81] Processing queue has data, processing started
I0422 18:31:07.441771  1968 processor.cc:158] Processor: start processing batch dda367f1-9985-41b4-93be-5008d4cc6975 into model nwt
I0422 18:31:07.460268  2456 processor.cc:158] Processor: start processing batch 82581921-2b6f-4a63-b7bd-39493150b8ed into model nwt
I0422 18:31:07.675709  1968 processor.cc:293] Processor: complete processing batch dda367f1-9985-41b4-93be-5008d4cc6975 into model nwt
I0422 18:31:07.678210  1968 cuckoo_watch.h:45] 255ms in ProcessBatch(batches\aaaaaa.batch) [including 18ms in LoadMessage; 0ms in InitializeTheta; 0ms in CreateRegularizerAgents; 15ms in InitializeSparseNdw; 105ms in InferThetaAndUpdateNwtSparse; 113ms in CalculateScore(^^^ItemsProcessedScore^^^); ]
I0422 18:31:07.716701  1968 processor.cc:74] No data in processing queue, waiting...
I0422 18:31:07.929144  2456 processor.cc:293] Processor: complete processing batch 82581921-2b6f-4a63-b7bd-39493150b8ed into model nwt
I0422 18:31:07.934144  2456 cuckoo_watch.h:45] 511ms in ProcessBatch(batches\aaaaab.batch) [including 37ms in LoadMessage; 0ms in InitializeTheta; 0ms in CreateRegularizerAgents; 34ms in InitializeSparseNdw; 219ms in InferThetaAndUpdateNwtSparse; 214ms in CalculateScore(^^^ItemsProcessedScore^^^); ]
I0422 18:31:07.934643  6392 master_component.cc:1496] RegularizeModelArgs: rwt_target_name=rwt, pwt_source_name=pwt, nwt_source_name=nwt
I0422 18:31:07.934643  6392 master_component.cc:1013] MasterComponent: start regularizing model pwt
I0422 18:31:07.968634  2456 processor.cc:74] No data in processing queue, waiting...
I0422 18:31:08.004125  6392 master_component.cc:1041] MasterComponent: complete regularizing model pwt
I0422 18:31:08.004125  6392 master_component.cc:1509] NormalizeModelArgs: pwt_target_name=pwt, nwt_source_name=nwt, rwt_source_name=rwt
I0422 18:31:08.004125  6392 master_component.cc:1045] MasterComponent: start normalizing model nwt
I0422 18:31:08.033617  6392 master_component.cc:1084] MasterComponent: complete normalizing model nwt
I0422 18:31:08.149089  6392 master_component.cc:1533] DisposeModel rwt
I0422 18:31:08.157585  6392 master_component.cc:1112] FitOffline: ItemsProcessed, num_items=1728, num_batches=2, token_weight=808522, token_weight_in_effect=808522
I0422 18:31:08.157585  6392 c_interface.cc:389] Pass FitOfflineMasterModelArgs, batch_filename_size=2, batch_weight_size=2, num_collection_passes=1, reset_nwt=yes to void (__cdecl artm::core::MasterComponent::*)(class artm::FitOfflineMasterModelArgs const & __ptr64) __ptr64
I0422 18:31:08.157585  6392 master_component.cc:1458] ProcessBatchesArgs: nwt_target_name=nwt, batch_filename_size=2, batch_size=0, batch_weight_size=2, pwt_source_name=pwt, num_document_passes=1, regularizer=(name:smooth, tau:100000), reuse_theta=no, opt_for_avx=yes, predict_class_id=, reset_nwt=yes
I0422 18:31:08.175580  2920 processor.cc:81] Processing queue has data, processing started
I0422 18:31:08.175580  3128 processor.cc:81] Processing queue has data, processing started
I0422 18:31:08.195075  3128 processor.cc:158] Processor: start processing batch dda367f1-9985-41b4-93be-5008d4cc6975 into model nwt
I0422 18:31:08.214071  2920 processor.cc:158] Processor: start processing batch 82581921-2b6f-4a63-b7bd-39493150b8ed into model nwt
I0422 18:31:08.432014  3128 processor.cc:293] Processor: complete processing batch dda367f1-9985-41b4-93be-5008d4cc6975 into model nwt
I0422 18:31:08.434511  3128 cuckoo_watch.h:45] 259ms in ProcessBatch(batches\aaaaaa.batch) [including 19ms in LoadMessage; 0ms in InitializeTheta; 0ms in CreateRegularizerAgents; 15ms in InitializeSparseNdw; 106ms in InferThetaAndUpdateNwtSparse; 115ms in CalculateScore(^^^ItemsProcessedScore^^^); ]
I0422 18:31:08.468502  3128 processor.cc:74] No data in processing queue, waiting...
I0422 18:31:08.681948  2920 processor.cc:293] Processor: complete processing batch 82581921-2b6f-4a63-b7bd-39493150b8ed into model nwt
I0422 18:31:08.686447  2920 cuckoo_watch.h:45] 511ms in ProcessBatch(batches\aaaaab.batch) [including 38ms in LoadMessage; 0ms in InitializeTheta; 0ms in CreateRegularizerAgents; 34ms in InitializeSparseNdw; 218ms in InferThetaAndUpdateNwtSparse; 214ms in CalculateScore(^^^ItemsProcessedScore^^^); ]
I0422 18:31:08.688447  6392 master_component.cc:1496] RegularizeModelArgs: rwt_target_name=rwt, pwt_source_name=pwt, nwt_source_name=nwt
I0422 18:31:08.688447  6392 master_component.cc:1013] MasterComponent: start regularizing model pwt
I0422 18:31:08.724437  2920 processor.cc:74] No data in processing queue, waiting...
I0422 18:31:08.757427  6392 master_component.cc:1041] MasterComponent: complete regularizing model pwt
I0422 18:31:08.757427  6392 master_component.cc:1509] NormalizeModelArgs: pwt_target_name=pwt, nwt_source_name=nwt, rwt_source_name=rwt
I0422 18:31:08.757427  6392 master_component.cc:1045] MasterComponent: start normalizing model nwt
I0422 18:31:08.785920  6392 master_component.cc:1084] MasterComponent: complete normalizing model nwt
I0422 18:31:08.900889  6392 master_component.cc:1533] DisposeModel rwt
I0422 18:31:08.908887  6392 master_component.cc:1112] FitOffline: ItemsProcessed, num_items=1728, num_batches=2, token_weight=808522, token_weight_in_effect=808522
I0422 18:31:08.908887  6392 c_interface.cc:389] Pass FitOfflineMasterModelArgs, batch_filename_size=2, batch_weight_size=2, num_collection_passes=1, reset_nwt=yes to void (__cdecl artm::core::MasterComponent::*)(class artm::FitOfflineMasterModelArgs const & __ptr64) __ptr64
I0422 18:31:08.908887  6392 master_component.cc:1458] ProcessBatchesArgs: nwt_target_name=nwt, batch_filename_size=2, batch_size=0, batch_weight_size=2, pwt_source_name=pwt, num_document_passes=1, regularizer=(name:smooth, tau:100000), reuse_theta=no, opt_for_avx=yes, predict_class_id=, reset_nwt=yes
I0422 18:31:08.928381  2456 processor.cc:81] Processing queue has data, processing started
I0422 18:31:08.928381  3128 processor.cc:81] Processing queue has data, processing started
I0422 18:31:08.948376  3128 processor.cc:158] Processor: start processing batch dda367f1-9985-41b4-93be-5008d4cc6975 into model nwt
I0422 18:31:08.964372  2456 processor.cc:158] Processor: start processing batch 82581921-2b6f-4a63-b7bd-39493150b8ed into model nwt
I0422 18:31:09.185817  3128 processor.cc:293] Processor: complete processing batch dda367f1-9985-41b4-93be-5008d4cc6975 into model nwt
I0422 18:31:09.188815  3128 cuckoo_watch.h:45] 260ms in ProcessBatch(batches\aaaaaa.batch) [including 20ms in LoadMessage; 0ms in InitializeTheta; 0ms in CreateRegularizerAgents; 16ms in InitializeSparseNdw; 107ms in InferThetaAndUpdateNwtSparse; 113ms in CalculateScore(^^^ItemsProcessedScore^^^); ]
I0422 18:31:09.224304  3128 processor.cc:74] No data in processing queue, waiting...
I0422 18:31:09.417755  2456 processor.cc:293] Processor: complete processing batch 82581921-2b6f-4a63-b7bd-39493150b8ed into model nwt
I0422 18:31:09.422253  2456 cuckoo_watch.h:45] 494ms in ProcessBatch(batches\aaaaab.batch) [including 36ms in LoadMessage; 0ms in InitializeTheta; 0ms in CreateRegularizerAgents; 33ms in InitializeSparseNdw; 213ms in InferThetaAndUpdateNwtSparse; 205ms in CalculateScore(^^^ItemsProcessedScore^^^); ]
I0422 18:31:09.423753  6392 master_component.cc:1496] RegularizeModelArgs: rwt_target_name=rwt, pwt_source_name=pwt, nwt_source_name=nwt
I0422 18:31:09.423753  6392 master_component.cc:1013] MasterComponent: start regularizing model pwt
I0422 18:31:09.457743  2456 processor.cc:74] No data in processing queue, waiting...
I0422 18:31:09.491735  6392 master_component.cc:1041] MasterComponent: complete regularizing model pwt
I0422 18:31:09.491735  6392 master_component.cc:1509] NormalizeModelArgs: pwt_target_name=pwt, nwt_source_name=nwt, rwt_source_name=rwt
I0422 18:31:09.491735  6392 master_component.cc:1045] MasterComponent: start normalizing model nwt
I0422 18:31:09.520728  6392 master_component.cc:1084] MasterComponent: complete normalizing model nwt
I0422 18:31:09.633697  6392 master_component.cc:1533] DisposeModel rwt
I0422 18:31:09.641696  6392 master_component.cc:1112] FitOffline: ItemsProcessed, num_items=1728, num_batches=2, token_weight=808522, token_weight_in_effect=808522
I0422 18:31:09.641696  6392 c_interface.cc:389] Pass FitOfflineMasterModelArgs, batch_filename_size=2, batch_weight_size=2, num_collection_passes=1, reset_nwt=yes to void (__cdecl artm::core::MasterComponent::*)(class artm::FitOfflineMasterModelArgs const & __ptr64) __ptr64
I0422 18:31:09.641696  6392 master_component.cc:1458] ProcessBatchesArgs: nwt_target_name=nwt, batch_filename_size=2, batch_size=0, batch_weight_size=2, pwt_source_name=pwt, num_document_passes=1, regularizer=(name:smooth, tau:100000), reuse_theta=no, opt_for_avx=yes, predict_class_id=, reset_nwt=yes
I0422 18:31:09.659693  1968 processor.cc:81] Processing queue has data, processing started
I0422 18:31:09.659693  2456 processor.cc:81] Processing queue has data, processing started
I0422 18:31:09.678684  1968 processor.cc:158] Processor: start processing batch dda367f1-9985-41b4-93be-5008d4cc6975 into model nwt
I0422 18:31:09.697679  2456 processor.cc:158] Processor: start processing batch 82581921-2b6f-4a63-b7bd-39493150b8ed into model nwt
I0422 18:31:09.913625  1968 processor.cc:293] Processor: complete processing batch dda367f1-9985-41b4-93be-5008d4cc6975 into model nwt
I0422 18:31:09.916122  1968 cuckoo_watch.h:45] 256ms in ProcessBatch(batches\aaaaaa.batch) [including 18ms in LoadMessage; 0ms in InitializeTheta; 0ms in CreateRegularizerAgents; 15ms in InitializeSparseNdw; 105ms in InferThetaAndUpdateNwtSparse; 114ms in CalculateScore(^^^ItemsProcessedScore^^^); ]
I0422 18:31:09.946115  1968 processor.cc:74] No data in processing queue, waiting...
I0422 18:31:10.155570  2456 processor.cc:293] Processor: complete processing batch 82581921-2b6f-4a63-b7bd-39493150b8ed into model nwt
I0422 18:31:10.160562  2456 cuckoo_watch.h:45] 501ms in ProcessBatch(batches\aaaaab.batch) [including 38ms in LoadMessage; 0ms in InitializeTheta; 0ms in CreateRegularizerAgents; 33ms in InitializeSparseNdw; 215ms in InferThetaAndUpdateNwtSparse; 208ms in CalculateScore(^^^ItemsProcessedScore^^^); ]
I0422 18:31:10.161559  6392 master_component.cc:1496] RegularizeModelArgs: rwt_target_name=rwt, pwt_source_name=pwt, nwt_source_name=nwt
I0422 18:31:10.161559  6392 master_component.cc:1013] MasterComponent: start regularizing model pwt
I0422 18:31:10.198050  2456 processor.cc:74] No data in processing queue, waiting...
I0422 18:31:10.228541  6392 master_component.cc:1041] MasterComponent: complete regularizing model pwt
I0422 18:31:10.228541  6392 master_component.cc:1509] NormalizeModelArgs: pwt_target_name=pwt, nwt_source_name=nwt, rwt_source_name=rwt
I0422 18:31:10.228541  6392 master_component.cc:1045] MasterComponent: start normalizing model nwt
I0422 18:31:10.258034  6392 master_component.cc:1084] MasterComponent: complete normalizing model nwt
I0422 18:31:10.370505  6392 master_component.cc:1533] DisposeModel rwt
I0422 18:31:10.378002  6392 master_component.cc:1112] FitOffline: ItemsProcessed, num_items=1728, num_batches=2, token_weight=808522, token_weight_in_effect=808522
I0422 18:31:10.378504  6392 c_interface.cc:389] Pass FitOfflineMasterModelArgs, batch_filename_size=2, batch_weight_size=2, num_collection_passes=1, reset_nwt=yes to void (__cdecl artm::core::MasterComponent::*)(class artm::FitOfflineMasterModelArgs const & __ptr64) __ptr64
I0422 18:31:10.378504  6392 master_component.cc:1458] ProcessBatchesArgs: nwt_target_name=nwt, batch_filename_size=2, batch_size=0, batch_weight_size=2, pwt_source_name=pwt, num_document_passes=1, regularizer=(name:smooth, tau:100000), reuse_theta=no, opt_for_avx=yes, predict_class_id=, reset_nwt=yes
I0422 18:31:10.395998  2920 processor.cc:81] Processing queue has data, processing started
I0422 18:31:10.397996  3128 processor.cc:81] Processing queue has data, processing started
I0422 18:31:10.415491  2920 processor.cc:158] Processor: start processing batch dda367f1-9985-41b4-93be-5008d4cc6975 into model nwt
I0422 18:31:10.433490  3128 processor.cc:158] Processor: start processing batch 82581921-2b6f-4a63-b7bd-39493150b8ed into model nwt
I0422 18:31:10.649930  2920 processor.cc:293] Processor: complete processing batch dda367f1-9985-41b4-93be-5008d4cc6975 into model nwt
I0422 18:31:10.652429  2920 cuckoo_watch.h:45] 256ms in ProcessBatch(batches\aaaaaa.batch) [including 19ms in LoadMessage; 0ms in InitializeTheta; 0ms in CreateRegularizerAgents; 15ms in InitializeSparseNdw; 104ms in InferThetaAndUpdateNwtSparse; 113ms in CalculateScore(^^^ItemsProcessedScore^^^); ]
I0422 18:31:10.689919  2920 processor.cc:74] No data in processing queue, waiting...
I0422 18:31:10.890866  3128 processor.cc:293] Processor: complete processing batch 82581921-2b6f-4a63-b7bd-39493150b8ed into model nwt
I0422 18:31:10.895366  3128 cuckoo_watch.h:45] 497ms in ProcessBatch(batches\aaaaab.batch) [including 35ms in LoadMessage; 0ms in InitializeTheta; 0ms in CreateRegularizerAgents; 35ms in InitializeSparseNdw; 214ms in InferThetaAndUpdateNwtSparse; 206ms in CalculateScore(^^^ItemsProcessedScore^^^); ]
I0422 18:31:10.897866  6392 master_component.cc:1496] RegularizeModelArgs: rwt_target_name=rwt, pwt_source_name=pwt, nwt_source_name=nwt
I0422 18:31:10.897866  6392 master_component.cc:1013] MasterComponent: start regularizing model pwt
I0422 18:31:10.929857  3128 processor.cc:74] No data in processing queue, waiting...
I0422 18:31:10.965849  6392 master_component.cc:1041] MasterComponent: complete regularizing model pwt
I0422 18:31:10.965849  6392 master_component.cc:1509] NormalizeModelArgs: pwt_target_name=pwt, nwt_source_name=nwt, rwt_source_name=rwt
I0422 18:31:10.965849  6392 master_component.cc:1045] MasterComponent: start normalizing model nwt
I0422 18:31:10.994840  6392 master_component.cc:1084] MasterComponent: complete normalizing model nwt
I0422 18:31:11.106812  6392 master_component.cc:1533] DisposeModel rwt
I0422 18:31:11.114307  6392 master_component.cc:1112] FitOffline: ItemsProcessed, num_items=1728, num_batches=2, token_weight=808522, token_weight_in_effect=808522
I0422 18:31:11.114807  6392 c_interface.cc:389] Pass FitOfflineMasterModelArgs, batch_filename_size=2, batch_weight_size=2, num_collection_passes=1, reset_nwt=yes to void (__cdecl artm::core::MasterComponent::*)(class artm::FitOfflineMasterModelArgs const & __ptr64) __ptr64
I0422 18:31:11.114807  6392 master_component.cc:1458] ProcessBatchesArgs: nwt_target_name=nwt, batch_filename_size=2, batch_size=0, batch_weight_size=2, pwt_source_name=pwt, num_document_passes=1, regularizer=(name:smooth, tau:100000), reuse_theta=no, opt_for_avx=yes, predict_class_id=, reset_nwt=yes
I0422 18:31:11.131304  1968 processor.cc:81] Processing queue has data, processing started
I0422 18:31:11.133803  3128 processor.cc:81] Processing queue has data, processing started
I0422 18:31:11.149299  1968 processor.cc:158] Processor: start processing batch dda367f1-9985-41b4-93be-5008d4cc6975 into model nwt
I0422 18:31:11.168795  3128 processor.cc:158] Processor: start processing batch 82581921-2b6f-4a63-b7bd-39493150b8ed into model nwt
I0422 18:31:11.384239  1968 processor.cc:293] Processor: complete processing batch dda367f1-9985-41b4-93be-5008d4cc6975 into model nwt
I0422 18:31:11.386737  1968 cuckoo_watch.h:45] 255ms in ProcessBatch(batches\aaaaaa.batch) [including 18ms in LoadMessage; 0ms in InitializeTheta; 0ms in CreateRegularizerAgents; 15ms in InitializeSparseNdw; 106ms in InferThetaAndUpdateNwtSparse; 113ms in CalculateScore(^^^ItemsProcessedScore^^^); ]
I0422 18:31:11.421228  1968 processor.cc:74] No data in processing queue, waiting...
I0422 18:31:11.629674  3128 processor.cc:293] Processor: complete processing batch 82581921-2b6f-4a63-b7bd-39493150b8ed into model nwt
I0422 18:31:11.634672  3128 cuckoo_watch.h:45] 500ms in ProcessBatch(batches\aaaaab.batch) [including 35ms in LoadMessage; 0ms in InitializeTheta; 0ms in CreateRegularizerAgents; 34ms in InitializeSparseNdw; 215ms in InferThetaAndUpdateNwtSparse; 209ms in CalculateScore(^^^ItemsProcessedScore^^^); ]
I0422 18:31:11.635673  6392 master_component.cc:1496] RegularizeModelArgs: rwt_target_name=rwt, pwt_source_name=pwt, nwt_source_name=nwt
I0422 18:31:11.635673  6392 master_component.cc:1013] MasterComponent: start regularizing model pwt
I0422 18:31:11.665164  3128 processor.cc:74] No data in processing queue, waiting...
I0422 18:31:11.704155  6392 master_component.cc:1041] MasterComponent: complete regularizing model pwt
I0422 18:31:11.704155  6392 master_component.cc:1509] NormalizeModelArgs: pwt_target_name=pwt, nwt_source_name=nwt, rwt_source_name=rwt
I0422 18:31:11.704155  6392 master_component.cc:1045] MasterComponent: start normalizing model nwt
I0422 18:31:11.734647  6392 master_component.cc:1084] MasterComponent: complete normalizing model nwt
I0422 18:31:11.851616  6392 master_component.cc:1533] DisposeModel rwt
I0422 18:31:11.859611  6392 master_component.cc:1112] FitOffline: ItemsProcessed, num_items=1728, num_batches=2, token_weight=808522, token_weight_in_effect=808522
I0422 18:31:11.859611  6392 c_interface.cc:389] Pass FitOfflineMasterModelArgs, batch_filename_size=2, batch_weight_size=2, num_collection_passes=1, reset_nwt=yes to void (__cdecl artm::core::MasterComponent::*)(class artm::FitOfflineMasterModelArgs const & __ptr64) __ptr64
I0422 18:31:11.860114  6392 master_component.cc:1458] ProcessBatchesArgs: nwt_target_name=nwt, batch_filename_size=2, batch_size=0, batch_weight_size=2, pwt_source_name=pwt, num_document_passes=1, regularizer=(name:smooth, tau:100000), reuse_theta=no, opt_for_avx=yes, predict_class_id=, reset_nwt=yes
I0422 18:31:11.877609  1968 processor.cc:81] Processing queue has data, processing started
I0422 18:31:11.879108  3128 processor.cc:81] Processing queue has data, processing started
I0422 18:31:11.896605  1968 processor.cc:158] Processor: start processing batch dda367f1-9985-41b4-93be-5008d4cc6975 into model nwt
I0422 18:31:11.915598  3128 processor.cc:158] Processor: start processing batch 82581921-2b6f-4a63-b7bd-39493150b8ed into model nwt
I0422 18:31:12.133041  1968 processor.cc:293] Processor: complete processing batch dda367f1-9985-41b4-93be-5008d4cc6975 into model nwt
I0422 18:31:12.136039  1968 cuckoo_watch.h:45] 258ms in ProcessBatch(batches\aaaaaa.batch) [including 19ms in LoadMessage; 0ms in InitializeTheta; 0ms in CreateRegularizerAgents; 15ms in InitializeSparseNdw; 107ms in InferThetaAndUpdateNwtSparse; 113ms in CalculateScore(^^^ItemsProcessedScore^^^); ]
I0422 18:31:12.168532  1968 processor.cc:74] No data in processing queue, waiting...
I0422 18:31:12.381978  3128 processor.cc:293] Processor: complete processing batch 82581921-2b6f-4a63-b7bd-39493150b8ed into model nwt
I0422 18:31:12.386976  3128 cuckoo_watch.h:45] 507ms in ProcessBatch(batches\aaaaab.batch) [including 36ms in LoadMessage; 0ms in InitializeTheta; 0ms in CreateRegularizerAgents; 35ms in InitializeSparseNdw; 219ms in InferThetaAndUpdateNwtSparse; 211ms in CalculateScore(^^^ItemsProcessedScore^^^); ]
I0422 18:31:12.389474  6392 master_component.cc:1496] RegularizeModelArgs: rwt_target_name=rwt, pwt_source_name=pwt, nwt_source_name=nwt
I0422 18:31:12.389474  6392 master_component.cc:1013] MasterComponent: start regularizing model pwt
I0422 18:31:12.425464  3128 processor.cc:74] No data in processing queue, waiting...
I0422 18:31:12.458457  6392 master_component.cc:1041] MasterComponent: complete regularizing model pwt
I0422 18:31:12.458457  6392 master_component.cc:1509] NormalizeModelArgs: pwt_target_name=pwt, nwt_source_name=nwt, rwt_source_name=rwt
I0422 18:31:12.458457  6392 master_component.cc:1045] MasterComponent: start normalizing model nwt
I0422 18:31:12.488447  6392 master_component.cc:1084] MasterComponent: complete normalizing model nwt
I0422 18:31:12.608418  6392 master_component.cc:1533] DisposeModel rwt
I0422 18:31:12.615916  6392 master_component.cc:1112] FitOffline: ItemsProcessed, num_items=1728, num_batches=2, token_weight=808522, token_weight_in_effect=808522
I0422 18:31:12.616415  6392 c_interface.cc:389] Pass FitOfflineMasterModelArgs, batch_filename_size=2, batch_weight_size=2, num_collection_passes=1, reset_nwt=yes to void (__cdecl artm::core::MasterComponent::*)(class artm::FitOfflineMasterModelArgs const & __ptr64) __ptr64
I0422 18:31:12.616415  6392 master_component.cc:1458] ProcessBatchesArgs: nwt_target_name=nwt, batch_filename_size=2, batch_size=0, batch_weight_size=2, pwt_source_name=pwt, num_document_passes=1, regularizer=(name:smooth, tau:100000), reuse_theta=no, opt_for_avx=yes, predict_class_id=, reset_nwt=yes
I0422 18:31:12.634912  2920 processor.cc:81] Processing queue has data, processing started
I0422 18:31:12.634912  2456 processor.cc:81] Processing queue has data, processing started
I0422 18:31:12.654904  2456 processor.cc:158] Processor: start processing batch dda367f1-9985-41b4-93be-5008d4cc6975 into model nwt
I0422 18:31:12.673399  2920 processor.cc:158] Processor: start processing batch 82581921-2b6f-4a63-b7bd-39493150b8ed into model nwt
I0422 18:31:12.909838  2456 processor.cc:293] Processor: complete processing batch dda367f1-9985-41b4-93be-5008d4cc6975 into model nwt
I0422 18:31:12.912837  2456 cuckoo_watch.h:45] 278ms in ProcessBatch(batches\aaaaaa.batch) [including 19ms in LoadMessage; 0ms in InitializeTheta; 0ms in CreateRegularizerAgents; 16ms in InitializeSparseNdw; 117ms in InferThetaAndUpdateNwtSparse; 120ms in CalculateScore(^^^ItemsProcessedScore^^^); ]
I0422 18:31:12.946329  2456 processor.cc:74] No data in processing queue, waiting...
I0422 18:31:13.175269  2920 processor.cc:293] Processor: complete processing batch 82581921-2b6f-4a63-b7bd-39493150b8ed into model nwt
I0422 18:31:13.180265  2920 cuckoo_watch.h:45] 545ms in ProcessBatch(batches\aaaaab.batch) [including 38ms in LoadMessage; 0ms in InitializeTheta; 0ms in CreateRegularizerAgents; 36ms in InitializeSparseNdw; 236ms in InferThetaAndUpdateNwtSparse; 227ms in CalculateScore(^^^ItemsProcessedScore^^^); ]
I0422 18:31:13.181267  6392 master_component.cc:1496] RegularizeModelArgs: rwt_target_name=rwt, pwt_source_name=pwt, nwt_source_name=nwt
I0422 18:31:13.181267  6392 master_component.cc:1013] MasterComponent: start regularizing model pwt
I0422 18:31:13.216758  2920 processor.cc:74] No data in processing queue, waiting...
I0422 18:31:13.259245  6392 master_component.cc:1041] MasterComponent: complete regularizing model pwt
I0422 18:31:13.259245  6392 master_component.cc:1509] NormalizeModelArgs: pwt_target_name=pwt, nwt_source_name=nwt, rwt_source_name=rwt
I0422 18:31:13.259245  6392 master_component.cc:1045] MasterComponent: start normalizing model nwt
I0422 18:31:13.291237  6392 master_component.cc:1084] MasterComponent: complete normalizing model nwt
I0422 18:31:13.412706  6392 master_component.cc:1533] DisposeModel rwt
I0422 18:31:13.421202  6392 master_component.cc:1112] FitOffline: ItemsProcessed, num_items=1728, num_batches=2, token_weight=808522, token_weight_in_effect=808522
I0422 18:31:13.421202  6392 c_interface.cc:389] Pass FitOfflineMasterModelArgs, batch_filename_size=2, batch_weight_size=2, num_collection_passes=1, reset_nwt=yes to void (__cdecl artm::core::MasterComponent::*)(class artm::FitOfflineMasterModelArgs const & __ptr64) __ptr64
I0422 18:31:13.421202  6392 master_component.cc:1458] ProcessBatchesArgs: nwt_target_name=nwt, batch_filename_size=2, batch_size=0, batch_weight_size=2, pwt_source_name=pwt, num_document_passes=1, regularizer=(name:smooth, tau:100000), reuse_theta=no, opt_for_avx=yes, predict_class_id=, reset_nwt=yes
I0422 18:31:13.438200  3128 processor.cc:81] Processing queue has data, processing started
I0422 18:31:13.441197  2456 processor.cc:81] Processing queue has data, processing started
I0422 18:31:13.457693  3128 processor.cc:158] Processor: start processing batch dda367f1-9985-41b4-93be-5008d4cc6975 into model nwt
I0422 18:31:13.478188  2456 processor.cc:158] Processor: start processing batch 82581921-2b6f-4a63-b7bd-39493150b8ed into model nwt
I0422 18:31:13.702131  3128 processor.cc:293] Processor: complete processing batch dda367f1-9985-41b4-93be-5008d4cc6975 into model nwt
I0422 18:31:13.704629  3128 cuckoo_watch.h:45] 266ms in ProcessBatch(batches\aaaaaa.batch) [including 19ms in LoadMessage; 0ms in InitializeTheta; 0ms in CreateRegularizerAgents; 15ms in InitializeSparseNdw; 111ms in InferThetaAndUpdateNwtSparse; 117ms in CalculateScore(^^^ItemsProcessedScore^^^); ]
I0422 18:31:13.742117  3128 processor.cc:74] No data in processing queue, waiting...
I0422 18:31:13.954566  2456 processor.cc:293] Processor: complete processing batch 82581921-2b6f-4a63-b7bd-39493150b8ed into model nwt
I0422 18:31:13.959061  2456 cuckoo_watch.h:45] 518ms in ProcessBatch(batches\aaaaab.batch) [including 37ms in LoadMessage; 0ms in InitializeTheta; 0ms in CreateRegularizerAgents; 36ms in InitializeSparseNdw; 225ms in InferThetaAndUpdateNwtSparse; 213ms in CalculateScore(^^^ItemsProcessedScore^^^); ]
I0422 18:31:13.961062  6392 master_component.cc:1496] RegularizeModelArgs: rwt_target_name=rwt, pwt_source_name=pwt, nwt_source_name=nwt
I0422 18:31:13.961062  6392 master_component.cc:1013] MasterComponent: start regularizing model pwt
I0422 18:31:13.996552  2456 processor.cc:74] No data in processing queue, waiting...
I0422 18:31:14.029044  6392 master_component.cc:1041] MasterComponent: complete regularizing model pwt
I0422 18:31:14.029044  6392 master_component.cc:1509] NormalizeModelArgs: pwt_target_name=pwt, nwt_source_name=nwt, rwt_source_name=rwt
I0422 18:31:14.029044  6392 master_component.cc:1045] MasterComponent: start normalizing model nwt
I0422 18:31:14.061035  6392 master_component.cc:1084] MasterComponent: complete normalizing model nwt
I0422 18:31:14.179504  6392 master_component.cc:1533] DisposeModel rwt
I0422 18:31:14.187502  6392 master_component.cc:1112] FitOffline: ItemsProcessed, num_items=1728, num_batches=2, token_weight=808522, token_weight_in_effect=808522
I0422 18:31:14.188501  6392 c_interface.cc:389] Pass FitOfflineMasterModelArgs, batch_filename_size=2, batch_weight_size=2, num_collection_passes=1, reset_nwt=yes to void (__cdecl artm::core::MasterComponent::*)(class artm::FitOfflineMasterModelArgs const & __ptr64) __ptr64
I0422 18:31:14.188501  6392 master_component.cc:1458] ProcessBatchesArgs: nwt_target_name=nwt, batch_filename_size=2, batch_size=0, batch_weight_size=2, pwt_source_name=pwt, num_document_passes=1, regularizer=(name:smooth, tau:100000), reuse_theta=no, opt_for_avx=yes, predict_class_id=, reset_nwt=yes
I0422 18:31:14.206503  1968 processor.cc:81] Processing queue has data, processing started
I0422 18:31:14.206503  2920 processor.cc:81] Processing queue has data, processing started
I0422 18:31:14.224505  2920 processor.cc:158] Processor: start processing batch dda367f1-9985-41b4-93be-5008d4cc6975 into model nwt
I0422 18:31:14.242000  1968 processor.cc:158] Processor: start processing batch 82581921-2b6f-4a63-b7bd-39493150b8ed into model nwt
I0422 18:31:14.460443  2920 processor.cc:293] Processor: complete processing batch dda367f1-9985-41b4-93be-5008d4cc6975 into model nwt
I0422 18:31:14.462944  2920 cuckoo_watch.h:45] 256ms in ProcessBatch(batches\aaaaaa.batch) [including 18ms in LoadMessage; 0ms in InitializeTheta; 0ms in CreateRegularizerAgents; 15ms in InitializeSparseNdw; 105ms in InferThetaAndUpdateNwtSparse; 114ms in CalculateScore(^^^ItemsProcessedScore^^^); ]
I0422 18:31:14.494434  2920 processor.cc:74] No data in processing queue, waiting...
I0422 18:31:14.701880  1968 processor.cc:293] Processor: complete processing batch 82581921-2b6f-4a63-b7bd-39493150b8ed into model nwt
I0422 18:31:14.706378  1968 cuckoo_watch.h:45] 499ms in ProcessBatch(batches\aaaaab.batch) [including 35ms in LoadMessage; 0ms in InitializeTheta; 0ms in CreateRegularizerAgents; 35ms in InitializeSparseNdw; 216ms in InferThetaAndUpdateNwtSparse; 207ms in CalculateScore(^^^ItemsProcessedScore^^^); ]
I0422 18:31:14.707878  6392 master_component.cc:1496] RegularizeModelArgs: rwt_target_name=rwt, pwt_source_name=pwt, nwt_source_name=nwt
I0422 18:31:14.707878  6392 master_component.cc:1013] MasterComponent: start regularizing model pwt
I0422 18:31:14.741869  1968 processor.cc:74] No data in processing queue, waiting...
I0422 18:31:14.775861  6392 master_component.cc:1041] MasterComponent: complete regularizing model pwt
I0422 18:31:14.775861  6392 master_component.cc:1509] NormalizeModelArgs: pwt_target_name=pwt, nwt_source_name=nwt, rwt_source_name=rwt
I0422 18:31:14.775861  6392 master_component.cc:1045] MasterComponent: start normalizing model nwt
I0422 18:31:14.807353  6392 master_component.cc:1084] MasterComponent: complete normalizing model nwt
I0422 18:31:14.922323  6392 master_component.cc:1533] DisposeModel rwt
I0422 18:31:14.930320  6392 master_component.cc:1112] FitOffline: ItemsProcessed, num_items=1728, num_batches=2, token_weight=808522, token_weight_in_effect=808522
I0422 18:31:14.930320  6392 c_interface.cc:389] Pass FitOfflineMasterModelArgs, batch_filename_size=2, batch_weight_size=2, num_collection_passes=1, reset_nwt=yes to void (__cdecl artm::core::MasterComponent::*)(class artm::FitOfflineMasterModelArgs const & __ptr64) __ptr64
I0422 18:31:14.930320  6392 master_component.cc:1458] ProcessBatchesArgs: nwt_target_name=nwt, batch_filename_size=2, batch_size=0, batch_weight_size=2, pwt_source_name=pwt, num_document_passes=1, regularizer=(name:smooth, tau:100000), reuse_theta=no, opt_for_avx=yes, predict_class_id=, reset_nwt=yes
I0422 18:31:14.950314  2920 processor.cc:81] Processing queue has data, processing started
I0422 18:31:14.950314  1968 processor.cc:81] Processing queue has data, processing started
I0422 18:31:14.968809  1968 processor.cc:158] Processor: start processing batch dda367f1-9985-41b4-93be-5008d4cc6975 into model nwt
I0422 18:31:14.986304  2920 processor.cc:158] Processor: start processing batch 82581921-2b6f-4a63-b7bd-39493150b8ed into model nwt
I0422 18:31:15.204747  1968 processor.cc:293] Processor: complete processing batch dda367f1-9985-41b4-93be-5008d4cc6975 into model nwt
I0422 18:31:15.207247  1968 cuckoo_watch.h:45] 257ms in ProcessBatch(batches\aaaaaa.batch) [including 18ms in LoadMessage; 0ms in InitializeTheta; 0ms in CreateRegularizerAgents; 15ms in InitializeSparseNdw; 107ms in InferThetaAndUpdateNwtSparse; 112ms in CalculateScore(^^^ItemsProcessedScore^^^); ]
I0422 18:31:15.239738  1968 processor.cc:74] No data in processing queue, waiting...
I0422 18:31:15.444684  2920 processor.cc:293] Processor: complete processing batch 82581921-2b6f-4a63-b7bd-39493150b8ed into model nwt
I0422 18:31:15.448683  2920 cuckoo_watch.h:45] 498ms in ProcessBatch(batches\aaaaab.batch) [including 36ms in LoadMessage; 0ms in InitializeTheta; 0ms in CreateRegularizerAgents; 34ms in InitializeSparseNdw; 217ms in InferThetaAndUpdateNwtSparse; 205ms in CalculateScore(^^^ItemsProcessedScore^^^); ]
I0422 18:31:15.450181  6392 master_component.cc:1496] RegularizeModelArgs: rwt_target_name=rwt, pwt_source_name=pwt, nwt_source_name=nwt
I0422 18:31:15.450181  6392 master_component.cc:1013] MasterComponent: start regularizing model pwt
I0422 18:31:15.482175  2920 processor.cc:74] No data in processing queue, waiting...
I0422 18:31:15.518667  6392 master_component.cc:1041] MasterComponent: complete regularizing model pwt
I0422 18:31:15.518667  6392 master_component.cc:1509] NormalizeModelArgs: pwt_target_name=pwt, nwt_source_name=nwt, rwt_source_name=rwt
I0422 18:31:15.518667  6392 master_component.cc:1045] MasterComponent: start normalizing model nwt
I0422 18:31:15.551157  6392 master_component.cc:1084] MasterComponent: complete normalizing model nwt
I0422 18:31:15.667627  6392 master_component.cc:1533] DisposeModel rwt
I0422 18:31:15.675125  6392 master_component.cc:1112] FitOffline: ItemsProcessed, num_items=1728, num_batches=2, token_weight=808522, token_weight_in_effect=808522
I0422 18:31:15.675624  6392 c_interface.cc:389] Pass FitOfflineMasterModelArgs, batch_filename_size=2, batch_weight_size=2, num_collection_passes=1, reset_nwt=yes to void (__cdecl artm::core::MasterComponent::*)(class artm::FitOfflineMasterModelArgs const & __ptr64) __ptr64
I0422 18:31:15.675624  6392 master_component.cc:1458] ProcessBatchesArgs: nwt_target_name=nwt, batch_filename_size=2, batch_size=0, batch_weight_size=2, pwt_source_name=pwt, num_document_passes=1, regularizer=(name:smooth, tau:100000), reuse_theta=no, opt_for_avx=yes, predict_class_id=, reset_nwt=yes
I0422 18:31:15.693120  1968 processor.cc:81] Processing queue has data, processing started
I0422 18:31:15.694119  2920 processor.cc:81] Processing queue has data, processing started
I0422 18:31:15.711616  1968 processor.cc:158] Processor: start processing batch dda367f1-9985-41b4-93be-5008d4cc6975 into model nwt
I0422 18:31:15.730110  2920 processor.cc:158] Processor: start processing batch 82581921-2b6f-4a63-b7bd-39493150b8ed into model nwt
I0422 18:31:15.951053  1968 processor.cc:293] Processor: complete processing batch dda367f1-9985-41b4-93be-5008d4cc6975 into model nwt
I0422 18:31:15.953552  1968 cuckoo_watch.h:45] 260ms in ProcessBatch(batches\aaaaaa.batch) [including 18ms in LoadMessage; 0ms in InitializeTheta; 0ms in CreateRegularizerAgents; 15ms in InitializeSparseNdw; 107ms in InferThetaAndUpdateNwtSparse; 115ms in CalculateScore(^^^ItemsProcessedScore^^^); ]
I0422 18:31:15.986042  1968 processor.cc:74] No data in processing queue, waiting...
I0422 18:31:16.199486  2920 processor.cc:293] Processor: complete processing batch 82581921-2b6f-4a63-b7bd-39493150b8ed into model nwt
I0422 18:31:16.203984  2920 cuckoo_watch.h:45] 510ms in ProcessBatch(batches\aaaaab.batch) [including 36ms in LoadMessage; 0ms in InitializeTheta; 0ms in CreateRegularizerAgents; 34ms in InitializeSparseNdw; 220ms in InferThetaAndUpdateNwtSparse; 214ms in CalculateScore(^^^ItemsProcessedScore^^^); ]
I0422 18:31:16.205986  6392 master_component.cc:1496] RegularizeModelArgs: rwt_target_name=rwt, pwt_source_name=pwt, nwt_source_name=nwt
I0422 18:31:16.205986  6392 master_component.cc:1013] MasterComponent: start regularizing model pwt
I0422 18:31:16.237977  2920 processor.cc:74] No data in processing queue, waiting...
I0422 18:31:16.273967  6392 master_component.cc:1041] MasterComponent: complete regularizing model pwt
I0422 18:31:16.273967  6392 master_component.cc:1509] NormalizeModelArgs: pwt_target_name=pwt, nwt_source_name=nwt, rwt_source_name=rwt
I0422 18:31:16.273967  6392 master_component.cc:1045] MasterComponent: start normalizing model nwt
I0422 18:31:16.307458  6392 master_component.cc:1084] MasterComponent: complete normalizing model nwt
I0422 18:31:16.423928  6392 master_component.cc:1533] DisposeModel rwt
I0422 18:31:16.431424  6392 master_component.cc:1112] FitOffline: ItemsProcessed, num_items=1728, num_batches=2, token_weight=808522, token_weight_in_effect=808522
I0422 18:31:16.431924  6392 c_interface.cc:389] Pass FitOfflineMasterModelArgs, batch_filename_size=2, batch_weight_size=2, num_collection_passes=1, reset_nwt=yes to void (__cdecl artm::core::MasterComponent::*)(class artm::FitOfflineMasterModelArgs const & __ptr64) __ptr64
I0422 18:31:16.431924  6392 master_component.cc:1458] ProcessBatchesArgs: nwt_target_name=nwt, batch_filename_size=2, batch_size=0, batch_weight_size=2, pwt_source_name=pwt, num_document_passes=1, regularizer=(name:smooth, tau:100000), reuse_theta=no, opt_for_avx=yes, predict_class_id=, reset_nwt=yes
I0422 18:31:16.449921  3128 processor.cc:81] Processing queue has data, processing started
I0422 18:31:16.449921  1968 processor.cc:81] Processing queue has data, processing started
I0422 18:31:16.468916  1968 processor.cc:158] Processor: start processing batch dda367f1-9985-41b4-93be-5008d4cc6975 into model nwt
I0422 18:31:16.484912  3128 processor.cc:158] Processor: start processing batch 82581921-2b6f-4a63-b7bd-39493150b8ed into model nwt
I0422 18:31:16.706354  1968 processor.cc:293] Processor: complete processing batch dda367f1-9985-41b4-93be-5008d4cc6975 into model nwt
I0422 18:31:16.708853  1968 cuckoo_watch.h:45] 259ms in ProcessBatch(batches\aaaaaa.batch) [including 19ms in LoadMessage; 0ms in InitializeTheta; 0ms in CreateRegularizerAgents; 15ms in InitializeSparseNdw; 107ms in InferThetaAndUpdateNwtSparse; 114ms in CalculateScore(^^^ItemsProcessedScore^^^); ]
I0422 18:31:16.743844  1968 processor.cc:74] No data in processing queue, waiting...
I0422 18:31:16.956293  3128 processor.cc:293] Processor: complete processing batch 82581921-2b6f-4a63-b7bd-39493150b8ed into model nwt
I0422 18:31:16.961287  3128 cuckoo_watch.h:45] 511ms in ProcessBatch(batches\aaaaab.batch) [including 35ms in LoadMessage; 0ms in InitializeTheta; 0ms in CreateRegularizerAgents; 34ms in InitializeSparseNdw; 219ms in InferThetaAndUpdateNwtSparse; 217ms in CalculateScore(^^^ItemsProcessedScore^^^); ]
I0422 18:31:16.961787  6392 master_component.cc:1496] RegularizeModelArgs: rwt_target_name=rwt, pwt_source_name=pwt, nwt_source_name=nwt
I0422 18:31:16.961787  6392 master_component.cc:1013] MasterComponent: start regularizing model pwt
I0422 18:31:16.997778  3128 processor.cc:74] No data in processing queue, waiting...
I0422 18:31:17.031270  6392 master_component.cc:1041] MasterComponent: complete regularizing model pwt
I0422 18:31:17.031270  6392 master_component.cc:1509] NormalizeModelArgs: pwt_target_name=pwt, nwt_source_name=nwt, rwt_source_name=rwt
I0422 18:31:17.031270  6392 master_component.cc:1045] MasterComponent: start normalizing model nwt
I0422 18:31:17.066759  6392 master_component.cc:1084] MasterComponent: complete normalizing model nwt
I0422 18:31:17.185729  6392 master_component.cc:1533] DisposeModel rwt
I0422 18:31:17.193727  6392 master_component.cc:1112] FitOffline: ItemsProcessed, num_items=1728, num_batches=2, token_weight=808522, token_weight_in_effect=808522
I0422 18:31:17.193727  6392 c_interface.cc:389] Pass FitOfflineMasterModelArgs, batch_filename_size=2, batch_weight_size=2, num_collection_passes=1, reset_nwt=yes to void (__cdecl artm::core::MasterComponent::*)(class artm::FitOfflineMasterModelArgs const & __ptr64) __ptr64
I0422 18:31:17.193727  6392 master_component.cc:1458] ProcessBatchesArgs: nwt_target_name=nwt, batch_filename_size=2, batch_size=0, batch_weight_size=2, pwt_source_name=pwt, num_document_passes=1, regularizer=(name:smooth, tau:100000), reuse_theta=no, opt_for_avx=yes, predict_class_id=, reset_nwt=yes
I0422 18:31:17.211721  2456 processor.cc:81] Processing queue has data, processing started
I0422 18:31:17.213719  2920 processor.cc:81] Processing queue has data, processing started
I0422 18:31:17.230716  2456 processor.cc:158] Processor: start processing batch dda367f1-9985-41b4-93be-5008d4cc6975 into model nwt
I0422 18:31:17.248711  2920 processor.cc:158] Processor: start processing batch 82581921-2b6f-4a63-b7bd-39493150b8ed into model nwt
I0422 18:31:17.470154  2456 processor.cc:293] Processor: complete processing batch dda367f1-9985-41b4-93be-5008d4cc6975 into model nwt
I0422 18:31:17.472651  2456 cuckoo_watch.h:45] 261ms in ProcessBatch(batches\aaaaaa.batch) [including 19ms in LoadMessage; 0ms in InitializeTheta; 0ms in CreateRegularizerAgents; 15ms in InitializeSparseNdw; 107ms in InferThetaAndUpdateNwtSparse; 115ms in CalculateScore(^^^ItemsProcessedScore^^^); ]
I0422 18:31:17.507643  2456 processor.cc:74] No data in processing queue, waiting...
I0422 18:31:17.717591  2920 processor.cc:293] Processor: complete processing batch 82581921-2b6f-4a63-b7bd-39493150b8ed into model nwt
I0422 18:31:17.721590  2920 cuckoo_watch.h:45] 508ms in ProcessBatch(batches\aaaaab.batch) [including 35ms in LoadMessage; 0ms in InitializeTheta; 0ms in CreateRegularizerAgents; 35ms in InitializeSparseNdw; 220ms in InferThetaAndUpdateNwtSparse; 212ms in CalculateScore(^^^ItemsProcessedScore^^^); ]
I0422 18:31:17.723587  6392 master_component.cc:1496] RegularizeModelArgs: rwt_target_name=rwt, pwt_source_name=pwt, nwt_source_name=nwt
I0422 18:31:17.723587  6392 master_component.cc:1013] MasterComponent: start regularizing model pwt
I0422 18:31:17.755579  2920 processor.cc:74] No data in processing queue, waiting...
I0422 18:31:17.792069  6392 master_component.cc:1041] MasterComponent: complete regularizing model pwt
I0422 18:31:17.792567  6392 master_component.cc:1509] NormalizeModelArgs: pwt_target_name=pwt, nwt_source_name=nwt, rwt_source_name=rwt
I0422 18:31:17.792567  6392 master_component.cc:1045] MasterComponent: start normalizing model nwt
I0422 18:31:17.829059  6392 master_component.cc:1084] MasterComponent: complete normalizing model nwt
I0422 18:31:17.946528  6392 master_component.cc:1533] DisposeModel rwt
I0422 18:31:17.954529  6392 master_component.cc:1112] FitOffline: ItemsProcessed, num_items=1728, num_batches=2, token_weight=808522, token_weight_in_effect=808522
I0422 18:31:17.954529  6392 c_interface.cc:389] Pass FitOfflineMasterModelArgs, batch_filename_size=2, batch_weight_size=2, num_collection_passes=1, reset_nwt=yes to void (__cdecl artm::core::MasterComponent::*)(class artm::FitOfflineMasterModelArgs const & __ptr64) __ptr64
I0422 18:31:17.954529  6392 master_component.cc:1458] ProcessBatchesArgs: nwt_target_name=nwt, batch_filename_size=2, batch_size=0, batch_weight_size=2, pwt_source_name=pwt, num_document_passes=1, regularizer=(name:smooth, tau:100000), reuse_theta=no, opt_for_avx=yes, predict_class_id=, reset_nwt=yes
I0422 18:31:17.973520  2920 processor.cc:81] Processing queue has data, processing started
I0422 18:31:17.973520  1968 processor.cc:81] Processing queue has data, processing started
I0422 18:31:17.992517  2920 processor.cc:158] Processor: start processing batch dda367f1-9985-41b4-93be-5008d4cc6975 into model nwt
I0422 18:31:18.009011  1968 processor.cc:158] Processor: start processing batch 82581921-2b6f-4a63-b7bd-39493150b8ed into model nwt
I0422 18:31:18.230454  2920 processor.cc:293] Processor: complete processing batch dda367f1-9985-41b4-93be-5008d4cc6975 into model nwt
I0422 18:31:18.232954  2920 cuckoo_watch.h:45] 259ms in ProcessBatch(batches\aaaaaa.batch) [including 19ms in LoadMessage; 0ms in InitializeTheta; 0ms in CreateRegularizerAgents; 15ms in InitializeSparseNdw; 107ms in InferThetaAndUpdateNwtSparse; 114ms in CalculateScore(^^^ItemsProcessedScore^^^); ]
I0422 18:31:18.267446  2920 processor.cc:74] No data in processing queue, waiting...
I0422 18:31:18.476891  1968 processor.cc:293] Processor: complete processing batch 82581921-2b6f-4a63-b7bd-39493150b8ed into model nwt
I0422 18:31:18.481389  1968 cuckoo_watch.h:45] 507ms in ProcessBatch(batches\aaaaab.batch) [including 35ms in LoadMessage; 0ms in InitializeTheta; 0ms in CreateRegularizerAgents; 34ms in InitializeSparseNdw; 219ms in InferThetaAndUpdateNwtSparse; 213ms in CalculateScore(^^^ItemsProcessedScore^^^); ]
I0422 18:31:18.482888  6392 master_component.cc:1496] RegularizeModelArgs: rwt_target_name=rwt, pwt_source_name=pwt, nwt_source_name=nwt
I0422 18:31:18.482888  6392 master_component.cc:1013] MasterComponent: start regularizing model pwt
I0422 18:31:18.519378  1968 processor.cc:74] No data in processing queue, waiting...
I0422 18:31:18.554369  6392 master_component.cc:1041] MasterComponent: complete regularizing model pwt
I0422 18:31:18.554369  6392 master_component.cc:1509] NormalizeModelArgs: pwt_target_name=pwt, nwt_source_name=nwt, rwt_source_name=rwt
I0422 18:31:18.554369  6392 master_component.cc:1045] MasterComponent: start normalizing model nwt
I0422 18:31:18.592358  6392 master_component.cc:1084] MasterComponent: complete normalizing model nwt
I0422 18:31:18.713330  6392 master_component.cc:1533] DisposeModel rwt
I0422 18:31:18.721325  6392 master_component.cc:1112] FitOffline: ItemsProcessed, num_items=1728, num_batches=2, token_weight=808522, token_weight_in_effect=808522
I0422 18:32:24.724086  6392 c_interface.cc:389] Pass MasterModelConfig: topic_name_size=30, score_config_size=3, num_processors=0, pwt_name=pwt, nwt_name=nwt, num_document_passes=1, regularizer=(smooth:100000), regularizer=(sparse:-100000), reuse_theta=no, cache_theta=no, opt_for_avx=yes, disk_cache_path= to void (__cdecl artm::core::MasterComponent::*)(class artm::MasterModelConfig const & __ptr64) __ptr64
I0422 18:32:24.724086  6392 instance.cc:401] MasterModelConfig.processors_count is automatically set to 4
I0422 18:32:24.724586  6392 instance.cc:232] Regularizer 'smooth' was cold-reconfigured
I0422 18:32:24.724586  6392 instance.cc:232] Regularizer 'sparse' was cold-reconfigured
I0422 18:32:29.505753  6392 c_interface.cc:389] Pass FitOfflineMasterModelArgs, batch_filename_size=2, batch_weight_size=2, num_collection_passes=1, reset_nwt=yes to void (__cdecl artm::core::MasterComponent::*)(class artm::FitOfflineMasterModelArgs const & __ptr64) __ptr64
I0422 18:32:29.505753  6392 master_component.cc:1458] ProcessBatchesArgs: nwt_target_name=nwt, batch_filename_size=2, batch_size=0, batch_weight_size=2, pwt_source_name=pwt, num_document_passes=1, regularizer=(name:smooth, tau:100000), regularizer=(name:sparse, tau:-100000), reuse_theta=no, opt_for_avx=yes, predict_class_id=, reset_nwt=yes
I0422 18:32:29.524746  3128 processor.cc:81] Processing queue has data, processing started
I0422 18:32:29.524746  1968 processor.cc:81] Processing queue has data, processing started
I0422 18:32:29.544742  3128 processor.cc:158] Processor: start processing batch dda367f1-9985-41b4-93be-5008d4cc6975 into model nwt
I0422 18:32:29.562237  1968 processor.cc:158] Processor: start processing batch 82581921-2b6f-4a63-b7bd-39493150b8ed into model nwt
I0422 18:32:29.785179  3128 processor.cc:293] Processor: complete processing batch dda367f1-9985-41b4-93be-5008d4cc6975 into model nwt
I0422 18:32:29.787678  3128 cuckoo_watch.h:45] 263ms in ProcessBatch(batches\aaaaaa.batch) [including 19ms in LoadMessage; 0ms in InitializeTheta; 0ms in CreateRegularizerAgents; 17ms in InitializeSparseNdw; 108ms in InferThetaAndUpdateNwtSparse; 115ms in CalculateScore(^^^ItemsProcessedScore^^^); ]
I0422 18:32:29.817171  3128 processor.cc:74] No data in processing queue, waiting...
I0422 18:32:30.030613  1968 processor.cc:293] Processor: complete processing batch 82581921-2b6f-4a63-b7bd-39493150b8ed into model nwt
I0422 18:32:30.035112  1968 cuckoo_watch.h:45] 510ms in ProcessBatch(batches\aaaaab.batch) [including 37ms in LoadMessage; 0ms in InitializeTheta; 0ms in CreateRegularizerAgents; 35ms in InitializeSparseNdw; 218ms in InferThetaAndUpdateNwtSparse; 213ms in CalculateScore(^^^ItemsProcessedScore^^^); ]
I0422 18:32:30.036613  6392 master_component.cc:1496] RegularizeModelArgs: rwt_target_name=rwt, pwt_source_name=pwt, nwt_source_name=nwt
I0422 18:32:30.036613  6392 master_component.cc:1013] MasterComponent: start regularizing model pwt
I0422 18:32:30.070605  1968 processor.cc:74] No data in processing queue, waiting...
I0422 18:32:30.130592  6392 master_component.cc:1041] MasterComponent: complete regularizing model pwt
I0422 18:32:30.130592  6392 master_component.cc:1509] NormalizeModelArgs: pwt_target_name=pwt, nwt_source_name=nwt, rwt_source_name=rwt
I0422 18:32:30.130592  6392 master_component.cc:1045] MasterComponent: start normalizing model nwt
I0422 18:32:30.179076  6392 master_component.cc:1084] MasterComponent: complete normalizing model nwt
