Log file created at: 2020/04/22 18:30:33
Running on machine: MAIN-PC
Log line format: [IWEF]mmdd hh:mm:ss.uuuuuu threadid file:line] msg
I0422 18:30:33.699945  6392 c_interface.cc:127] Logging enabled to .
I0422 18:30:33.700443  6392 c_interface.cc:128] BigARTM version: v0.10.1
I0422 18:30:33.700443  6392 c_interface.cc:271] Pass MasterModelConfig: topic_name_size=0, score_config_size=1, num_processors=0, pwt_name=pwt, nwt_name=nwt, num_document_passes=0, reuse_theta=no, cache_theta=no, opt_for_avx=yes, disk_cache_path= to ArtmCreateMasterModel
I0422 18:30:33.700443  6392 c_interface.cc:274] Creating MasterModel (id=1)...
I0422 18:30:33.701445  6392 collection_parser.cc:771] CollectionParserConfig.num_threads is automatically set to 4
W0422 18:30:34.173322  1956 helpers.cc:231] File already exists: batches\aaaaaa.batch
W0422 18:30:34.754168  5960 helpers.cc:231] File already exists: batches\aaaaab.batch
I0422 18:30:34.835646  6392 c_interface.cc:375] Pass 2b8ac30f-b85a-4d9e-8ee8-bcccea35fc35 to void (__cdecl artm::core::MasterComponent::*)(class std::basic_string<char,struct std::char_traits<char>,class std::allocator<char> > const & __ptr64) __ptr64
I0422 18:30:34.835646  6392 c_interface.cc:389] Pass GatherDictionaryArgs: dictionary_target_name=2b8ac30f-b85a-4d9e-8ee8-bcccea35fc35, data_path=batches, symmetric_cooc_values=0 to void (__cdecl artm::core::MasterComponent::*)(class artm::GatherDictionaryArgs const & __ptr64) __ptr64
I0422 18:30:34.836146  6392 dictionary_operations.cc:265] Found 2 batches in 'batches' folder
I0422 18:30:34.996104  6392 dictionary_operations.cc:331] Find 26866 unique tokens in 1728 items
I0422 18:30:35.052093  6392 dictionary_operations.cc:611] Dictionary name='2b8ac30f-b85a-4d9e-8ee8-bcccea35fc35' contains entries: author:539; text:26327; 
I0422 18:30:43.248550  6392 c_interface.cc:271] Pass MasterModelConfig: topic_name_size=0, score_config_size=1, num_processors=0, pwt_name=pwt, nwt_name=nwt, num_document_passes=0, reuse_theta=no, cache_theta=no, opt_for_avx=yes, disk_cache_path= to ArtmCreateMasterModel
I0422 18:30:43.248550  6392 c_interface.cc:274] Creating MasterModel (id=2)...
I0422 18:30:43.248550  6392 c_interface.cc:375] Pass mydict to void (__cdecl artm::core::MasterComponent::*)(class std::basic_string<char,struct std::char_traits<char>,class std::allocator<char> > const & __ptr64) __ptr64
I0422 18:30:43.248550  6392 c_interface.cc:389] Pass GatherDictionaryArgs: dictionary_target_name=mydict, data_path=batches, symmetric_cooc_values=0 to void (__cdecl artm::core::MasterComponent::*)(class artm::GatherDictionaryArgs const & __ptr64) __ptr64
I0422 18:30:43.249049  6392 dictionary_operations.cc:265] Found 2 batches in 'batches' folder
I0422 18:30:43.393013  6392 dictionary_operations.cc:331] Find 26866 unique tokens in 1728 items
I0422 18:30:43.444998  6392 dictionary_operations.cc:611] Dictionary name='mydict' contains entries: author:539; text:26327; 
I0422 18:30:43.445998  6392 c_interface.cc:271] Pass MasterModelConfig: topic_name_size=30, score_config_size=1, num_processors=0, pwt_name=pwt, nwt_name=nwt, num_document_passes=1, reuse_theta=no, cache_theta=no, opt_for_avx=yes, disk_cache_path= to ArtmCreateMasterModel
I0422 18:30:43.445998  6392 instance.cc:401] MasterModelConfig.processors_count is automatically set to 4
I0422 18:30:43.445998  6392 c_interface.cc:274] Creating MasterModel (id=3)...
I0422 18:30:43.445998  6392 c_interface.cc:375] Pass pwt to void (__cdecl artm::core::MasterComponent::*)(class std::basic_string<char,struct std::char_traits<char>,class std::allocator<char> > const & __ptr64) __ptr64
I0422 18:30:43.445998  6392 c_interface.cc:375] Pass nwt to void (__cdecl artm::core::MasterComponent::*)(class std::basic_string<char,struct std::char_traits<char>,class std::allocator<char> > const & __ptr64) __ptr64
I0422 18:30:43.445998  1968 processor.cc:58] Processor thread started
I0422 18:30:43.445998  2456 processor.cc:58] Processor thread started
I0422 18:30:43.445998  6392 c_interface.cc:389] Pass InitializeModelArgs: model_name=pwt, dictionary_name=mydict, topic_name_size=30, seed=1 to void (__cdecl artm::core::MasterComponent::*)(class artm::InitializeModelArgs const & __ptr64) __ptr64
I0422 18:30:43.446499  3128 processor.cc:58] Processor thread started
I0422 18:30:43.446499  2920 processor.cc:58] Processor thread started
I0422 18:30:43.478489  3128 processor.cc:74] No data in processing queue, waiting...
I0422 18:30:43.478489  2456 processor.cc:74] No data in processing queue, waiting...
I0422 18:30:43.478489  2920 processor.cc:74] No data in processing queue, waiting...
I0422 18:30:43.478489  1968 processor.cc:74] No data in processing queue, waiting...
I0422 18:30:43.607954  6392 master_component.cc:699] InitializeModel() created matrix pwt with 30 topics and 26866 tokens; 
I0422 18:30:43.607954  6392 c_interface.cc:389] Pass InitializeModelArgs: model_name=nwt, dictionary_name=mydict, topic_name_size=30, seed=1 to void (__cdecl artm::core::MasterComponent::*)(class artm::InitializeModelArgs const & __ptr64) __ptr64
I0422 18:30:43.769412  6392 master_component.cc:699] InitializeModel() created matrix nwt with 30 topics and 26866 tokens; 
I0422 18:30:43.769913  6392 c_interface.cc:231] ArtmCopyRequestedMessage is copying 309 bytes...
I0422 18:30:49.869395  6392 c_interface.cc:389] Pass MasterModelConfig: topic_name_size=30, score_config_size=2, num_processors=0, pwt_name=pwt, nwt_name=nwt, num_document_passes=1, reuse_theta=no, cache_theta=no, opt_for_avx=yes, disk_cache_path= to void (__cdecl artm::core::MasterComponent::*)(class artm::MasterModelConfig const & __ptr64) __ptr64
I0422 18:30:49.869395  6392 instance.cc:401] MasterModelConfig.processors_count is automatically set to 4
I0422 18:30:49.869894  6392 c_interface.cc:389] Pass MasterModelConfig: topic_name_size=30, score_config_size=3, num_processors=0, pwt_name=pwt, nwt_name=nwt, num_document_passes=1, reuse_theta=no, cache_theta=no, opt_for_avx=yes, disk_cache_path= to void (__cdecl artm::core::MasterComponent::*)(class artm::MasterModelConfig const & __ptr64) __ptr64
I0422 18:30:49.869894  6392 instance.cc:401] MasterModelConfig.processors_count is automatically set to 4
I0422 18:30:53.531940  6392 c_interface.cc:389] Pass MasterModelConfig: topic_name_size=30, score_config_size=3, num_processors=0, pwt_name=pwt, nwt_name=nwt, num_document_passes=1, regularizer=(smooth:100000), reuse_theta=no, cache_theta=no, opt_for_avx=yes, disk_cache_path= to void (__cdecl artm::core::MasterComponent::*)(class artm::MasterModelConfig const & __ptr64) __ptr64
I0422 18:30:53.531940  6392 instance.cc:401] MasterModelConfig.processors_count is automatically set to 4
I0422 18:30:53.532441  6392 instance.cc:232] Regularizer 'smooth' was cold-reconfigured
I0422 18:30:56.068284  6392 c_interface.cc:389] Pass FitOfflineMasterModelArgs, batch_filename_size=2, batch_weight_size=2, num_collection_passes=1, reset_nwt=yes to void (__cdecl artm::core::MasterComponent::*)(class artm::FitOfflineMasterModelArgs const & __ptr64) __ptr64
I0422 18:30:56.068284  6392 master_component.cc:1458] ProcessBatchesArgs: nwt_target_name=nwt, batch_filename_size=2, batch_size=0, batch_weight_size=2, pwt_source_name=pwt, num_document_passes=1, regularizer=(name:smooth, tau:100000), reuse_theta=no, opt_for_avx=yes, predict_class_id=, reset_nwt=yes
I0422 18:30:56.083281  6392 master_component.cc:863] Batches count (=2) is smaller than num processors (=4), which may cause suboptimal performance.
I0422 18:30:56.085281  2920 processor.cc:81] Processing queue has data, processing started
I0422 18:30:56.085281  2456 processor.cc:81] Processing queue has data, processing started
I0422 18:30:56.105774  2920 processor.cc:158] Processor: start processing batch dda367f1-9985-41b4-93be-5008d4cc6975 into model nwt
I0422 18:30:56.125270  2456 processor.cc:158] Processor: start processing batch 82581921-2b6f-4a63-b7bd-39493150b8ed into model nwt
I0422 18:30:56.341711  2920 processor.cc:293] Processor: complete processing batch dda367f1-9985-41b4-93be-5008d4cc6975 into model nwt
I0422 18:30:56.345211  2920 cuckoo_watch.h:45] 259ms in ProcessBatch(batches\aaaaaa.batch) [including 20ms in LoadMessage; 0ms in InitializeTheta; 0ms in CreateRegularizerAgents; 15ms in InitializeSparseNdw; 106ms in InferThetaAndUpdateNwtSparse; 112ms in CalculateScore(^^^ItemsProcessedScore^^^); ]
I0422 18:30:56.379202  2920 processor.cc:74] No data in processing queue, waiting...
I0422 18:30:56.591148  2456 processor.cc:293] Processor: complete processing batch 82581921-2b6f-4a63-b7bd-39493150b8ed into model nwt
I0422 18:30:56.596645  2456 cuckoo_watch.h:45] 511ms in ProcessBatch(batches\aaaaab.batch) [including 40ms in LoadMessage; 0ms in InitializeTheta; 0ms in CreateRegularizerAgents; 35ms in InitializeSparseNdw; 217ms in InferThetaAndUpdateNwtSparse; 211ms in CalculateScore(^^^ItemsProcessedScore^^^); ]
I0422 18:30:56.597146  6392 master_component.cc:1496] RegularizeModelArgs: rwt_target_name=rwt, pwt_source_name=pwt, nwt_source_name=nwt
I0422 18:30:56.597146  6392 master_component.cc:1013] MasterComponent: start regularizing model pwt
I0422 18:30:56.633136  2456 processor.cc:74] No data in processing queue, waiting...
I0422 18:30:56.665128  6392 master_component.cc:1041] MasterComponent: complete regularizing model pwt
I0422 18:30:56.665128  6392 master_component.cc:1509] NormalizeModelArgs: pwt_target_name=pwt, nwt_source_name=nwt, rwt_source_name=rwt
I0422 18:30:56.665128  6392 master_component.cc:1045] MasterComponent: start normalizing model nwt
I0422 18:30:56.694118  6392 master_component.cc:1084] MasterComponent: complete normalizing model nwt
I0422 18:30:56.810089  6392 master_component.cc:1533] DisposeModel rwt
I0422 18:30:56.818588  6392 master_component.cc:1112] FitOffline: ItemsProcessed, num_items=1728, num_batches=2, token_weight=808522, token_weight_in_effect=808522
I0422 18:30:56.818588  6392 c_interface.cc:389] Pass FitOfflineMasterModelArgs, batch_filename_size=2, batch_weight_size=2, num_collection_passes=1, reset_nwt=yes to void (__cdecl artm::core::MasterComponent::*)(class artm::FitOfflineMasterModelArgs const & __ptr64) __ptr64
I0422 18:30:56.819087  6392 master_component.cc:1458] ProcessBatchesArgs: nwt_target_name=nwt, batch_filename_size=2, batch_size=0, batch_weight_size=2, pwt_source_name=pwt, num_document_passes=1, regularizer=(name:smooth, tau:100000), reuse_theta=no, opt_for_avx=yes, predict_class_id=, reset_nwt=yes
I0422 18:30:56.837083  1968 processor.cc:81] Processing queue has data, processing started
I0422 18:30:56.837083  2456 processor.cc:81] Processing queue has data, processing started
I0422 18:30:56.857578  2456 processor.cc:158] Processor: start processing batch dda367f1-9985-41b4-93be-5008d4cc6975 into model nwt
I0422 18:30:56.875072  1968 processor.cc:158] Processor: start processing batch 82581921-2b6f-4a63-b7bd-39493150b8ed into model nwt
I0422 18:30:57.095515  2456 processor.cc:293] Processor: complete processing batch dda367f1-9985-41b4-93be-5008d4cc6975 into model nwt
I0422 18:30:57.103014  2456 cuckoo_watch.h:45] 265ms in ProcessBatch(batches\aaaaaa.batch) [including 20ms in LoadMessage; 0ms in InitializeTheta; 0ms in CreateRegularizerAgents; 15ms in InitializeSparseNdw; 105ms in InferThetaAndUpdateNwtSparse; 115ms in CalculateScore(^^^ItemsProcessedScore^^^); ]
I0422 18:30:57.135004  2456 processor.cc:74] No data in processing queue, waiting...
I0422 18:30:57.342950  1968 processor.cc:293] Processor: complete processing batch 82581921-2b6f-4a63-b7bd-39493150b8ed into model nwt
I0422 18:30:57.348948  1968 cuckoo_watch.h:45] 511ms in ProcessBatch(batches\aaaaab.batch) [including 38ms in LoadMessage; 0ms in InitializeTheta; 0ms in CreateRegularizerAgents; 35ms in InitializeSparseNdw; 220ms in InferThetaAndUpdateNwtSparse; 212ms in CalculateScore(^^^ItemsProcessedScore^^^); ]
I0422 18:30:57.349948  6392 master_component.cc:1496] RegularizeModelArgs: rwt_target_name=rwt, pwt_source_name=pwt, nwt_source_name=nwt
I0422 18:30:57.349948  6392 master_component.cc:1013] MasterComponent: start regularizing model pwt
I0422 18:30:57.384938  1968 processor.cc:74] No data in processing queue, waiting...
I0422 18:30:57.422428  6392 master_component.cc:1041] MasterComponent: complete regularizing model pwt
I0422 18:30:57.422428  6392 master_component.cc:1509] NormalizeModelArgs: pwt_target_name=pwt, nwt_source_name=nwt, rwt_source_name=rwt
I0422 18:30:57.422428  6392 master_component.cc:1045] MasterComponent: start normalizing model nwt
I0422 18:30:57.451922  6392 master_component.cc:1084] MasterComponent: complete normalizing model nwt
I0422 18:30:57.569392  6392 master_component.cc:1533] DisposeModel rwt
I0422 18:30:57.578887  6392 master_component.cc:1112] FitOffline: ItemsProcessed, num_items=1728, num_batches=2, token_weight=808522, token_weight_in_effect=808522
I0422 18:30:57.578887  6392 c_interface.cc:389] Pass FitOfflineMasterModelArgs, batch_filename_size=2, batch_weight_size=2, num_collection_passes=1, reset_nwt=yes to void (__cdecl artm::core::MasterComponent::*)(class artm::FitOfflineMasterModelArgs const & __ptr64) __ptr64
I0422 18:30:57.578887  6392 master_component.cc:1458] ProcessBatchesArgs: nwt_target_name=nwt, batch_filename_size=2, batch_size=0, batch_weight_size=2, pwt_source_name=pwt, num_document_passes=1, regularizer=(name:smooth, tau:100000), reuse_theta=no, opt_for_avx=yes, predict_class_id=, reset_nwt=yes
I0422 18:30:57.596884  1968 processor.cc:81] Processing queue has data, processing started
I0422 18:30:57.596884  3128 processor.cc:81] Processing queue has data, processing started
I0422 18:30:57.617877  1968 processor.cc:158] Processor: start processing batch dda367f1-9985-41b4-93be-5008d4cc6975 into model nwt
I0422 18:30:57.634373  3128 processor.cc:158] Processor: start processing batch 82581921-2b6f-4a63-b7bd-39493150b8ed into model nwt
I0422 18:30:57.864312  1968 processor.cc:293] Processor: complete processing batch dda367f1-9985-41b4-93be-5008d4cc6975 into model nwt
I0422 18:30:57.868312  1968 cuckoo_watch.h:45] 271ms in ProcessBatch(batches\aaaaaa.batch) [including 20ms in LoadMessage; 0ms in InitializeTheta; 0ms in CreateRegularizerAgents; 15ms in InitializeSparseNdw; 108ms in InferThetaAndUpdateNwtSparse; 121ms in CalculateScore(^^^ItemsProcessedScore^^^); ]
I0422 18:30:57.904801  1968 processor.cc:74] No data in processing queue, waiting...
I0422 18:30:58.112748  3128 processor.cc:293] Processor: complete processing batch 82581921-2b6f-4a63-b7bd-39493150b8ed into model nwt
I0422 18:30:58.118245  3128 cuckoo_watch.h:45] 521ms in ProcessBatch(batches\aaaaab.batch) [including 37ms in LoadMessage; 0ms in InitializeTheta; 0ms in CreateRegularizerAgents; 35ms in InitializeSparseNdw; 226ms in InferThetaAndUpdateNwtSparse; 215ms in CalculateScore(^^^ItemsProcessedScore^^^); ]
I0422 18:30:58.118748  6392 master_component.cc:1496] RegularizeModelArgs: rwt_target_name=rwt, pwt_source_name=pwt, nwt_source_name=nwt
I0422 18:30:58.118748  6392 master_component.cc:1013] MasterComponent: start regularizing model pwt
I0422 18:30:58.156736  3128 processor.cc:74] No data in processing queue, waiting...
I0422 18:30:58.188726  6392 master_component.cc:1041] MasterComponent: complete regularizing model pwt
I0422 18:30:58.188726  6392 master_component.cc:1509] NormalizeModelArgs: pwt_target_name=pwt, nwt_source_name=nwt, rwt_source_name=rwt
I0422 18:30:58.189227  6392 master_component.cc:1045] MasterComponent: start normalizing model nwt
I0422 18:30:58.218220  6392 master_component.cc:1084] MasterComponent: complete normalizing model nwt
I0422 18:30:58.333190  6392 master_component.cc:1533] DisposeModel rwt
I0422 18:30:58.342188  6392 master_component.cc:1112] FitOffline: ItemsProcessed, num_items=1728, num_batches=2, token_weight=808522, token_weight_in_effect=808522
I0422 18:30:58.342687  6392 c_interface.cc:389] Pass FitOfflineMasterModelArgs, batch_filename_size=2, batch_weight_size=2, num_collection_passes=1, reset_nwt=yes to void (__cdecl artm::core::MasterComponent::*)(class artm::FitOfflineMasterModelArgs const & __ptr64) __ptr64
I0422 18:30:58.342687  6392 master_component.cc:1458] ProcessBatchesArgs: nwt_target_name=nwt, batch_filename_size=2, batch_size=0, batch_weight_size=2, pwt_source_name=pwt, num_document_passes=1, regularizer=(name:smooth, tau:100000), reuse_theta=no, opt_for_avx=yes, predict_class_id=, reset_nwt=yes
I0422 18:30:58.360682  3128 processor.cc:81] Processing queue has data, processing started
I0422 18:30:58.360682  2456 processor.cc:81] Processing queue has data, processing started
I0422 18:30:58.381177  2456 processor.cc:158] Processor: start processing batch dda367f1-9985-41b4-93be-5008d4cc6975 into model nwt
I0422 18:30:58.397673  3128 processor.cc:158] Processor: start processing batch 82581921-2b6f-4a63-b7bd-39493150b8ed into model nwt
I0422 18:30:58.617115  2456 processor.cc:293] Processor: complete processing batch dda367f1-9985-41b4-93be-5008d4cc6975 into model nwt
I0422 18:30:58.619616  2456 cuckoo_watch.h:45] 258ms in ProcessBatch(batches\aaaaaa.batch) [including 20ms in LoadMessage; 0ms in InitializeTheta; 0ms in CreateRegularizerAgents; 15ms in InitializeSparseNdw; 106ms in InferThetaAndUpdateNwtSparse; 113ms in CalculateScore(^^^ItemsProcessedScore^^^); ]
I0422 18:30:58.658604  2456 processor.cc:74] No data in processing queue, waiting...
I0422 18:30:58.858053  3128 processor.cc:293] Processor: complete processing batch 82581921-2b6f-4a63-b7bd-39493150b8ed into model nwt
I0422 18:30:58.863051  3128 cuckoo_watch.h:45] 502ms in ProcessBatch(batches\aaaaab.batch) [including 37ms in LoadMessage; 0ms in InitializeTheta; 0ms in CreateRegularizerAgents; 34ms in InitializeSparseNdw; 215ms in InferThetaAndUpdateNwtSparse; 209ms in CalculateScore(^^^ItemsProcessedScore^^^); ]
I0422 18:30:58.864550  6392 master_component.cc:1496] RegularizeModelArgs: rwt_target_name=rwt, pwt_source_name=pwt, nwt_source_name=nwt
I0422 18:30:58.864550  6392 master_component.cc:1013] MasterComponent: start regularizing model pwt
I0422 18:30:58.895543  3128 processor.cc:74] No data in processing queue, waiting...
I0422 18:30:58.933532  6392 master_component.cc:1041] MasterComponent: complete regularizing model pwt
I0422 18:30:58.933532  6392 master_component.cc:1509] NormalizeModelArgs: pwt_target_name=pwt, nwt_source_name=nwt, rwt_source_name=rwt
I0422 18:30:58.933532  6392 master_component.cc:1045] MasterComponent: start normalizing model nwt
I0422 18:30:58.963026  6392 master_component.cc:1084] MasterComponent: complete normalizing model nwt
I0422 18:30:59.078493  6392 master_component.cc:1533] DisposeModel rwt
I0422 18:30:59.086490  6392 master_component.cc:1112] FitOffline: ItemsProcessed, num_items=1728, num_batches=2, token_weight=808522, token_weight_in_effect=808522
I0422 18:30:59.086490  6392 c_interface.cc:389] Pass FitOfflineMasterModelArgs, batch_filename_size=2, batch_weight_size=2, num_collection_passes=1, reset_nwt=yes to void (__cdecl artm::core::MasterComponent::*)(class artm::FitOfflineMasterModelArgs const & __ptr64) __ptr64
I0422 18:30:59.086490  6392 master_component.cc:1458] ProcessBatchesArgs: nwt_target_name=nwt, batch_filename_size=2, batch_size=0, batch_weight_size=2, pwt_source_name=pwt, num_document_passes=1, regularizer=(name:smooth, tau:100000), reuse_theta=no, opt_for_avx=yes, predict_class_id=, reset_nwt=yes
I0422 18:30:59.106472  2920 processor.cc:81] Processing queue has data, processing started
I0422 18:30:59.106472  1968 processor.cc:81] Processing queue has data, processing started
I0422 18:30:59.125973  1968 processor.cc:158] Processor: start processing batch dda367f1-9985-41b4-93be-5008d4cc6975 into model nwt
I0422 18:30:59.143469  2920 processor.cc:158] Processor: start processing batch 82581921-2b6f-4a63-b7bd-39493150b8ed into model nwt
I0422 18:30:59.363909  1968 processor.cc:293] Processor: complete processing batch dda367f1-9985-41b4-93be-5008d4cc6975 into model nwt
I0422 18:30:59.366410  1968 cuckoo_watch.h:45] 259ms in ProcessBatch(batches\aaaaaa.batch) [including 19ms in LoadMessage; 0ms in InitializeTheta; 0ms in CreateRegularizerAgents; 15ms in InitializeSparseNdw; 106ms in InferThetaAndUpdateNwtSparse; 115ms in CalculateScore(^^^ItemsProcessedScore^^^); ]
I0422 18:30:59.402401  1968 processor.cc:74] No data in processing queue, waiting...
I0422 18:30:59.612845  2920 processor.cc:293] Processor: complete processing batch 82581921-2b6f-4a63-b7bd-39493150b8ed into model nwt
I0422 18:30:59.617844  2920 cuckoo_watch.h:45] 511ms in ProcessBatch(batches\aaaaab.batch) [including 37ms in LoadMessage; 0ms in InitializeTheta; 0ms in CreateRegularizerAgents; 35ms in InitializeSparseNdw; 219ms in InferThetaAndUpdateNwtSparse; 214ms in CalculateScore(^^^ItemsProcessedScore^^^); ]
I0422 18:30:59.618345  6392 master_component.cc:1496] RegularizeModelArgs: rwt_target_name=rwt, pwt_source_name=pwt, nwt_source_name=nwt
I0422 18:30:59.618345  6392 master_component.cc:1013] MasterComponent: start regularizing model pwt
I0422 18:30:59.654333  2920 processor.cc:74] No data in processing queue, waiting...
I0422 18:30:59.687325  6392 master_component.cc:1041] MasterComponent: complete regularizing model pwt
I0422 18:30:59.687325  6392 master_component.cc:1509] NormalizeModelArgs: pwt_target_name=pwt, nwt_source_name=nwt, rwt_source_name=rwt
I0422 18:30:59.687325  6392 master_component.cc:1045] MasterComponent: start normalizing model nwt
I0422 18:30:59.716318  6392 master_component.cc:1084] MasterComponent: complete normalizing model nwt
I0422 18:30:59.830790  6392 master_component.cc:1533] DisposeModel rwt
I0422 18:30:59.839284  6392 master_component.cc:1112] FitOffline: ItemsProcessed, num_items=1728, num_batches=2, token_weight=808522, token_weight_in_effect=808522
I0422 18:30:59.839284  6392 c_interface.cc:389] Pass FitOfflineMasterModelArgs, batch_filename_size=2, batch_weight_size=2, num_collection_passes=1, reset_nwt=yes to void (__cdecl artm::core::MasterComponent::*)(class artm::FitOfflineMasterModelArgs const & __ptr64) __ptr64
I0422 18:30:59.839284  6392 master_component.cc:1458] ProcessBatchesArgs: nwt_target_name=nwt, batch_filename_size=2, batch_size=0, batch_weight_size=2, pwt_source_name=pwt, num_document_passes=1, regularizer=(name:smooth, tau:100000), reuse_theta=no, opt_for_avx=yes, predict_class_id=, reset_nwt=yes
I0422 18:30:59.857781  3128 processor.cc:81] Processing queue has data, processing started
I0422 18:30:59.857781  1968 processor.cc:81] Processing queue has data, processing started
I0422 18:30:59.876777  3128 processor.cc:158] Processor: start processing batch dda367f1-9985-41b4-93be-5008d4cc6975 into model nwt
I0422 18:30:59.894273  1968 processor.cc:158] Processor: start processing batch 82581921-2b6f-4a63-b7bd-39493150b8ed into model nwt
I0422 18:31:00.119212  3128 processor.cc:293] Processor: complete processing batch dda367f1-9985-41b4-93be-5008d4cc6975 into model nwt
I0422 18:31:00.121712  3128 cuckoo_watch.h:45] 264ms in ProcessBatch(batches\aaaaaa.batch) [including 19ms in LoadMessage; 0ms in InitializeTheta; 0ms in CreateRegularizerAgents; 15ms in InitializeSparseNdw; 108ms in InferThetaAndUpdateNwtSparse; 117ms in CalculateScore(^^^ItemsProcessedScore^^^); ]
I0422 18:31:00.159703  3128 processor.cc:74] No data in processing queue, waiting...
I0422 18:31:00.387142  1968 processor.cc:293] Processor: complete processing batch 82581921-2b6f-4a63-b7bd-39493150b8ed into model nwt
I0422 18:31:00.392642  1968 cuckoo_watch.h:45] 534ms in ProcessBatch(batches\aaaaab.batch) [including 36ms in LoadMessage; 0ms in InitializeTheta; 0ms in CreateRegularizerAgents; 35ms in InitializeSparseNdw; 222ms in InferThetaAndUpdateNwtSparse; 234ms in CalculateScore(^^^ItemsProcessedScore^^^); ]
I0422 18:31:00.393640  6392 master_component.cc:1496] RegularizeModelArgs: rwt_target_name=rwt, pwt_source_name=pwt, nwt_source_name=nwt
I0422 18:31:00.393640  6392 master_component.cc:1013] MasterComponent: start regularizing model pwt
I0422 18:31:00.428131  1968 processor.cc:74] No data in processing queue, waiting...
I0422 18:31:00.463122  6392 master_component.cc:1041] MasterComponent: complete regularizing model pwt
I0422 18:31:00.463623  6392 master_component.cc:1509] NormalizeModelArgs: pwt_target_name=pwt, nwt_source_name=nwt, rwt_source_name=rwt
I0422 18:31:00.463623  6392 master_component.cc:1045] MasterComponent: start normalizing model nwt
I0422 18:31:00.493614  6392 master_component.cc:1084] MasterComponent: complete normalizing model nwt
I0422 18:31:00.608587  6392 master_component.cc:1533] DisposeModel rwt
I0422 18:31:00.616582  6392 master_component.cc:1112] FitOffline: ItemsProcessed, num_items=1728, num_batches=2, token_weight=808522, token_weight_in_effect=808522
I0422 18:31:00.617108  6392 c_interface.cc:389] Pass FitOfflineMasterModelArgs, batch_filename_size=2, batch_weight_size=2, num_collection_passes=1, reset_nwt=yes to void (__cdecl artm::core::MasterComponent::*)(class artm::FitOfflineMasterModelArgs const & __ptr64) __ptr64
I0422 18:31:00.617108  6392 master_component.cc:1458] ProcessBatchesArgs: nwt_target_name=nwt, batch_filename_size=2, batch_size=0, batch_weight_size=2, pwt_source_name=pwt, num_document_passes=1, regularizer=(name:smooth, tau:100000), reuse_theta=no, opt_for_avx=yes, predict_class_id=, reset_nwt=yes
I0422 18:31:00.635579  2456 processor.cc:81] Processing queue has data, processing started
I0422 18:31:00.635579  2920 processor.cc:81] Processing queue has data, processing started
I0422 18:31:00.655072  2920 processor.cc:158] Processor: start processing batch dda367f1-9985-41b4-93be-5008d4cc6975 into model nwt
I0422 18:31:00.675567  2456 processor.cc:158] Processor: start processing batch 82581921-2b6f-4a63-b7bd-39493150b8ed into model nwt
I0422 18:31:00.898506  2920 processor.cc:293] Processor: complete processing batch dda367f1-9985-41b4-93be-5008d4cc6975 into model nwt
I0422 18:31:00.901007  2920 cuckoo_watch.h:45] 265ms in ProcessBatch(batches\aaaaaa.batch) [including 19ms in LoadMessage; 0ms in InitializeTheta; 0ms in CreateRegularizerAgents; 17ms in InitializeSparseNdw; 108ms in InferThetaAndUpdateNwtSparse; 117ms in CalculateScore(^^^ItemsProcessedScore^^^); ]
I0422 18:31:00.932999  2920 processor.cc:74] No data in processing queue, waiting...
I0422 18:31:01.157438  2456 processor.cc:293] Processor: complete processing batch 82581921-2b6f-4a63-b7bd-39493150b8ed into model nwt
I0422 18:31:01.163439  2456 cuckoo_watch.h:45] 528ms in ProcessBatch(batches\aaaaab.batch) [including 40ms in LoadMessage; 0ms in InitializeTheta; 0ms in CreateRegularizerAgents; 35ms in InitializeSparseNdw; 224ms in InferThetaAndUpdateNwtSparse; 221ms in CalculateScore(^^^ItemsProcessedScore^^^); ]
I0422 18:31:01.163941  6392 master_component.cc:1496] RegularizeModelArgs: rwt_target_name=rwt, pwt_source_name=pwt, nwt_source_name=nwt
I0422 18:31:01.163941  6392 master_component.cc:1013] MasterComponent: start regularizing model pwt
I0422 18:31:01.197929  2456 processor.cc:74] No data in processing queue, waiting...
I0422 18:31:01.235918  6392 master_component.cc:1041] MasterComponent: complete regularizing model pwt
I0422 18:31:01.236419  6392 master_component.cc:1509] NormalizeModelArgs: pwt_target_name=pwt, nwt_source_name=nwt, rwt_source_name=rwt
I0422 18:31:01.236419  6392 master_component.cc:1045] MasterComponent: start normalizing model nwt
I0422 18:31:01.265413  6392 master_component.cc:1084] MasterComponent: complete normalizing model nwt
I0422 18:31:01.383381  6392 master_component.cc:1533] DisposeModel rwt
I0422 18:31:01.391376  6392 master_component.cc:1112] FitOffline: ItemsProcessed, num_items=1728, num_batches=2, token_weight=808522, token_weight_in_effect=808522
I0422 18:31:01.391876  6392 c_interface.cc:389] Pass FitOfflineMasterModelArgs, batch_filename_size=2, batch_weight_size=2, num_collection_passes=1, reset_nwt=yes to void (__cdecl artm::core::MasterComponent::*)(class artm::FitOfflineMasterModelArgs const & __ptr64) __ptr64
I0422 18:31:01.391876  6392 master_component.cc:1458] ProcessBatchesArgs: nwt_target_name=nwt, batch_filename_size=2, batch_size=0, batch_weight_size=2, pwt_source_name=pwt, num_document_passes=1, regularizer=(name:smooth, tau:100000), reuse_theta=no, opt_for_avx=yes, predict_class_id=, reset_nwt=yes
I0422 18:31:01.409873  3128 processor.cc:81] Processing queue has data, processing started
I0422 18:31:01.411872  2456 processor.cc:81] Processing queue has data, processing started
I0422 18:31:01.429868  3128 processor.cc:158] Processor: start processing batch dda367f1-9985-41b4-93be-5008d4cc6975 into model nwt
I0422 18:31:01.448364  2456 processor.cc:158] Processor: start processing batch 82581921-2b6f-4a63-b7bd-39493150b8ed into model nwt
I0422 18:31:01.669806  3128 processor.cc:293] Processor: complete processing batch dda367f1-9985-41b4-93be-5008d4cc6975 into model nwt
I0422 18:31:01.672305  3128 cuckoo_watch.h:45] 262ms in ProcessBatch(batches\aaaaaa.batch) [including 20ms in LoadMessage; 0ms in InitializeTheta; 0ms in CreateRegularizerAgents; 15ms in InitializeSparseNdw; 108ms in InferThetaAndUpdateNwtSparse; 115ms in CalculateScore(^^^ItemsProcessedScore^^^); ]
I0422 18:31:01.707796  3128 processor.cc:74] No data in processing queue, waiting...
I0422 18:31:01.918242  2456 processor.cc:293] Processor: complete processing batch 82581921-2b6f-4a63-b7bd-39493150b8ed into model nwt
I0422 18:31:01.925237  2456 cuckoo_watch.h:45] 513ms in ProcessBatch(batches\aaaaab.batch) [including 36ms in LoadMessage; 0ms in InitializeTheta; 0ms in CreateRegularizerAgents; 35ms in InitializeSparseNdw; 219ms in InferThetaAndUpdateNwtSparse; 214ms in CalculateScore(^^^ItemsProcessedScore^^^); ]
I0422 18:31:01.925740  6392 master_component.cc:1496] RegularizeModelArgs: rwt_target_name=rwt, pwt_source_name=pwt, nwt_source_name=nwt
I0422 18:31:01.925740  6392 master_component.cc:1013] MasterComponent: start regularizing model pwt
I0422 18:31:01.963729  2456 processor.cc:74] No data in processing queue, waiting...
I0422 18:31:01.995720  6392 master_component.cc:1041] MasterComponent: complete regularizing model pwt
I0422 18:31:01.995720  6392 master_component.cc:1509] NormalizeModelArgs: pwt_target_name=pwt, nwt_source_name=nwt, rwt_source_name=rwt
I0422 18:31:01.995720  6392 master_component.cc:1045] MasterComponent: start normalizing model nwt
I0422 18:31:02.025213  6392 master_component.cc:1084] MasterComponent: complete normalizing model nwt
I0422 18:31:02.141181  6392 master_component.cc:1533] DisposeModel rwt
I0422 18:31:02.149679  6392 master_component.cc:1112] FitOffline: ItemsProcessed, num_items=1728, num_batches=2, token_weight=808522, token_weight_in_effect=808522
I0422 18:31:02.149679  6392 c_interface.cc:389] Pass FitOfflineMasterModelArgs, batch_filename_size=2, batch_weight_size=2, num_collection_passes=1, reset_nwt=yes to void (__cdecl artm::core::MasterComponent::*)(class artm::FitOfflineMasterModelArgs const & __ptr64) __ptr64
I0422 18:31:02.149679  6392 master_component.cc:1458] ProcessBatchesArgs: nwt_target_name=nwt, batch_filename_size=2, batch_size=0, batch_weight_size=2, pwt_source_name=pwt, num_document_passes=1, regularizer=(name:smooth, tau:100000), reuse_theta=no, opt_for_avx=yes, predict_class_id=, reset_nwt=yes
I0422 18:31:02.167676  3128 processor.cc:81] Processing queue has data, processing started
I0422 18:31:02.169673  2920 processor.cc:81] Processing queue has data, processing started
I0422 18:31:02.187170  3128 processor.cc:158] Processor: start processing batch dda367f1-9985-41b4-93be-5008d4cc6975 into model nwt
I0422 18:31:02.205667  2920 processor.cc:158] Processor: start processing batch 82581921-2b6f-4a63-b7bd-39493150b8ed into model nwt
I0422 18:31:02.426609  3128 processor.cc:293] Processor: complete processing batch dda367f1-9985-41b4-93be-5008d4cc6975 into model nwt
I0422 18:31:02.429108  3128 cuckoo_watch.h:45] 261ms in ProcessBatch(batches\aaaaaa.batch) [including 19ms in LoadMessage; 0ms in InitializeTheta; 0ms in CreateRegularizerAgents; 15ms in InitializeSparseNdw; 106ms in InferThetaAndUpdateNwtSparse; 116ms in CalculateScore(^^^ItemsProcessedScore^^^); ]
I0422 18:31:02.467615  3128 processor.cc:74] No data in processing queue, waiting...
I0422 18:31:02.673542  2920 processor.cc:293] Processor: complete processing batch 82581921-2b6f-4a63-b7bd-39493150b8ed into model nwt
I0422 18:31:02.679041  2920 cuckoo_watch.h:45] 509ms in ProcessBatch(batches\aaaaab.batch) [including 36ms in LoadMessage; 0ms in InitializeTheta; 0ms in CreateRegularizerAgents; 35ms in InitializeSparseNdw; 218ms in InferThetaAndUpdateNwtSparse; 212ms in CalculateScore(^^^ItemsProcessedScore^^^); ]
I0422 18:31:02.679540  6392 master_component.cc:1496] RegularizeModelArgs: rwt_target_name=rwt, pwt_source_name=pwt, nwt_source_name=nwt
I0422 18:31:02.679540  6392 master_component.cc:1013] MasterComponent: start regularizing model pwt
I0422 18:31:02.713531  2920 processor.cc:74] No data in processing queue, waiting...
I0422 18:31:02.748024  6392 master_component.cc:1041] MasterComponent: complete regularizing model pwt
I0422 18:31:02.748024  6392 master_component.cc:1509] NormalizeModelArgs: pwt_target_name=pwt, nwt_source_name=nwt, rwt_source_name=rwt
I0422 18:31:02.748024  6392 master_component.cc:1045] MasterComponent: start normalizing model nwt
I0422 18:31:02.777015  6392 master_component.cc:1084] MasterComponent: complete normalizing model nwt
I0422 18:31:02.892985  6392 master_component.cc:1533] DisposeModel rwt
I0422 18:31:02.900982  6392 master_component.cc:1112] FitOffline: ItemsProcessed, num_items=1728, num_batches=2, token_weight=808522, token_weight_in_effect=808522
I0422 18:31:02.900982  6392 c_interface.cc:389] Pass FitOfflineMasterModelArgs, batch_filename_size=2, batch_weight_size=2, num_collection_passes=1, reset_nwt=yes to void (__cdecl artm::core::MasterComponent::*)(class artm::FitOfflineMasterModelArgs const & __ptr64) __ptr64
I0422 18:31:02.900982  6392 master_component.cc:1458] ProcessBatchesArgs: nwt_target_name=nwt, batch_filename_size=2, batch_size=0, batch_weight_size=2, pwt_source_name=pwt, num_document_passes=1, regularizer=(name:smooth, tau:100000), reuse_theta=no, opt_for_avx=yes, predict_class_id=, reset_nwt=yes
I0422 18:31:02.919477  2920 processor.cc:81] Processing queue has data, processing started
I0422 18:31:02.919477  1968 processor.cc:81] Processing queue has data, processing started
I0422 18:31:02.938472  1968 processor.cc:158] Processor: start processing batch dda367f1-9985-41b4-93be-5008d4cc6975 into model nwt
I0422 18:31:02.957970  2920 processor.cc:158] Processor: start processing batch 82581921-2b6f-4a63-b7bd-39493150b8ed into model nwt
I0422 18:31:03.175910  1968 processor.cc:293] Processor: complete processing batch dda367f1-9985-41b4-93be-5008d4cc6975 into model nwt
I0422 18:31:03.178408  1968 cuckoo_watch.h:45] 259ms in ProcessBatch(batches\aaaaaa.batch) [including 19ms in LoadMessage; 0ms in InitializeTheta; 0ms in CreateRegularizerAgents; 15ms in InitializeSparseNdw; 105ms in InferThetaAndUpdateNwtSparse; 115ms in CalculateScore(^^^ItemsProcessedScore^^^); ]
I0422 18:31:03.213400  1968 processor.cc:74] No data in processing queue, waiting...
I0422 18:31:03.420847  2920 processor.cc:293] Processor: complete processing batch 82581921-2b6f-4a63-b7bd-39493150b8ed into model nwt
I0422 18:31:03.426343  2920 cuckoo_watch.h:45] 507ms in ProcessBatch(batches\aaaaab.batch) [including 38ms in LoadMessage; 0ms in InitializeTheta; 0ms in CreateRegularizerAgents; 35ms in InitializeSparseNdw; 217ms in InferThetaAndUpdateNwtSparse; 210ms in CalculateScore(^^^ItemsProcessedScore^^^); ]
I0422 18:31:03.427345  6392 master_component.cc:1496] RegularizeModelArgs: rwt_target_name=rwt, pwt_source_name=pwt, nwt_source_name=nwt
I0422 18:31:03.427345  6392 master_component.cc:1013] MasterComponent: start regularizing model pwt
I0422 18:31:03.461335  2920 processor.cc:74] No data in processing queue, waiting...
I0422 18:31:03.495826  6392 master_component.cc:1041] MasterComponent: complete regularizing model pwt
I0422 18:31:03.495826  6392 master_component.cc:1509] NormalizeModelArgs: pwt_target_name=pwt, nwt_source_name=nwt, rwt_source_name=rwt
I0422 18:31:03.495826  6392 master_component.cc:1045] MasterComponent: start normalizing model nwt
I0422 18:31:03.524319  6392 master_component.cc:1084] MasterComponent: complete normalizing model nwt
I0422 18:31:03.637290  6392 master_component.cc:1533] DisposeModel rwt
I0422 18:31:03.644788  6392 master_component.cc:1112] FitOffline: ItemsProcessed, num_items=1728, num_batches=2, token_weight=808522, token_weight_in_effect=808522
I0422 18:31:03.645287  6392 c_interface.cc:389] Pass FitOfflineMasterModelArgs, batch_filename_size=2, batch_weight_size=2, num_collection_passes=1, reset_nwt=yes to void (__cdecl artm::core::MasterComponent::*)(class artm::FitOfflineMasterModelArgs const & __ptr64) __ptr64
I0422 18:31:03.645287  6392 master_component.cc:1458] ProcessBatchesArgs: nwt_target_name=nwt, batch_filename_size=2, batch_size=0, batch_weight_size=2, pwt_source_name=pwt, num_document_passes=1, regularizer=(name:smooth, tau:100000), reuse_theta=no, opt_for_avx=yes, predict_class_id=, reset_nwt=yes
I0422 18:31:03.663283  1968 processor.cc:81] Processing queue has data, processing started
I0422 18:31:03.663283  2920 processor.cc:81] Processing queue has data, processing started
I0422 18:31:03.683277  1968 processor.cc:158] Processor: start processing batch dda367f1-9985-41b4-93be-5008d4cc6975 into model nwt
I0422 18:31:03.699774  2920 processor.cc:158] Processor: start processing batch 82581921-2b6f-4a63-b7bd-39493150b8ed into model nwt
I0422 18:31:03.917716  1968 processor.cc:293] Processor: complete processing batch dda367f1-9985-41b4-93be-5008d4cc6975 into model nwt
I0422 18:31:03.920717  1968 cuckoo_watch.h:45] 257ms in ProcessBatch(batches\aaaaaa.batch) [including 20ms in LoadMessage; 0ms in InitializeTheta; 0ms in CreateRegularizerAgents; 15ms in InitializeSparseNdw; 105ms in InferThetaAndUpdateNwtSparse; 113ms in CalculateScore(^^^ItemsProcessedScore^^^); ]
I0422 18:31:03.956706  1968 processor.cc:74] No data in processing queue, waiting...
I0422 18:31:04.162150  2920 processor.cc:293] Processor: complete processing batch 82581921-2b6f-4a63-b7bd-39493150b8ed into model nwt
I0422 18:31:04.167651  2920 cuckoo_watch.h:45] 504ms in ProcessBatch(batches\aaaaab.batch) [including 36ms in LoadMessage; 0ms in InitializeTheta; 0ms in CreateRegularizerAgents; 34ms in InitializeSparseNdw; 216ms in InferThetaAndUpdateNwtSparse; 210ms in CalculateScore(^^^ItemsProcessedScore^^^); ]
I0422 18:31:04.169149  6392 master_component.cc:1496] RegularizeModelArgs: rwt_target_name=rwt, pwt_source_name=pwt, nwt_source_name=nwt
I0422 18:31:04.169149  6392 master_component.cc:1013] MasterComponent: start regularizing model pwt
I0422 18:31:04.202641  2920 processor.cc:74] No data in processing queue, waiting...
I0422 18:31:04.237632  6392 master_component.cc:1041] MasterComponent: complete regularizing model pwt
I0422 18:31:04.237632  6392 master_component.cc:1509] NormalizeModelArgs: pwt_target_name=pwt, nwt_source_name=nwt, rwt_source_name=rwt
I0422 18:31:04.237632  6392 master_component.cc:1045] MasterComponent: start normalizing model nwt
I0422 18:31:04.266625  6392 master_component.cc:1084] MasterComponent: complete normalizing model nwt
I0422 18:31:04.380596  6392 master_component.cc:1533] DisposeModel rwt
I0422 18:31:04.388592  6392 master_component.cc:1112] FitOffline: ItemsProcessed, num_items=1728, num_batches=2, token_weight=808522, token_weight_in_effect=808522
I0422 18:31:04.388592  6392 c_interface.cc:389] Pass FitOfflineMasterModelArgs, batch_filename_size=2, batch_weight_size=2, num_collection_passes=1, reset_nwt=yes to void (__cdecl artm::core::MasterComponent::*)(class artm::FitOfflineMasterModelArgs const & __ptr64) __ptr64
I0422 18:31:04.388592  6392 master_component.cc:1458] ProcessBatchesArgs: nwt_target_name=nwt, batch_filename_size=2, batch_size=0, batch_weight_size=2, pwt_source_name=pwt, num_document_passes=1, regularizer=(name:smooth, tau:100000), reuse_theta=no, opt_for_avx=yes, predict_class_id=, reset_nwt=yes
I0422 18:31:04.407086  2456 processor.cc:81] Processing queue has data, processing started
I0422 18:31:04.409087  1968 processor.cc:81] Processing queue has data, processing started
I0422 18:31:04.426081  2456 processor.cc:158] Processor: start processing batch dda367f1-9985-41b4-93be-5008d4cc6975 into model nwt
I0422 18:31:04.445577  1968 processor.cc:158] Processor: start processing batch 82581921-2b6f-4a63-b7bd-39493150b8ed into model nwt
I0422 18:31:04.661021  2456 processor.cc:293] Processor: complete processing batch dda367f1-9985-41b4-93be-5008d4cc6975 into model nwt
I0422 18:31:04.663520  2456 cuckoo_watch.h:45] 256ms in ProcessBatch(batches\aaaaaa.batch) [including 19ms in LoadMessage; 0ms in InitializeTheta; 0ms in CreateRegularizerAgents; 15ms in InitializeSparseNdw; 104ms in InferThetaAndUpdateNwtSparse; 114ms in CalculateScore(^^^ItemsProcessedScore^^^); ]
I0422 18:31:04.697011  2456 processor.cc:74] No data in processing queue, waiting...
I0422 18:31:04.912456  1968 processor.cc:293] Processor: complete processing batch 82581921-2b6f-4a63-b7bd-39493150b8ed into model nwt
I0422 18:31:04.918457  1968 cuckoo_watch.h:45] 509ms in ProcessBatch(batches\aaaaab.batch) [including 36ms in LoadMessage; 0ms in InitializeTheta; 0ms in CreateRegularizerAgents; 34ms in InitializeSparseNdw; 217ms in InferThetaAndUpdateNwtSparse; 214ms in CalculateScore(^^^ItemsProcessedScore^^^); ]
I0422 18:31:04.918953  6392 master_component.cc:1496] RegularizeModelArgs: rwt_target_name=rwt, pwt_source_name=pwt, nwt_source_name=nwt
I0422 18:31:04.918953  6392 master_component.cc:1013] MasterComponent: start regularizing model pwt
I0422 18:31:04.949945  1968 processor.cc:74] No data in processing queue, waiting...
I0422 18:31:04.987936  6392 master_component.cc:1041] MasterComponent: complete regularizing model pwt
I0422 18:31:04.987936  6392 master_component.cc:1509] NormalizeModelArgs: pwt_target_name=pwt, nwt_source_name=nwt, rwt_source_name=rwt
I0422 18:31:04.987936  6392 master_component.cc:1045] MasterComponent: start normalizing model nwt
I0422 18:31:05.016427  6392 master_component.cc:1084] MasterComponent: complete normalizing model nwt
I0422 18:31:05.130897  6392 master_component.cc:1533] DisposeModel rwt
I0422 18:31:05.138895  6392 master_component.cc:1112] FitOffline: ItemsProcessed, num_items=1728, num_batches=2, token_weight=808522, token_weight_in_effect=808522
I0422 18:31:05.138895  6392 c_interface.cc:389] Pass FitOfflineMasterModelArgs, batch_filename_size=2, batch_weight_size=2, num_collection_passes=1, reset_nwt=yes to void (__cdecl artm::core::MasterComponent::*)(class artm::FitOfflineMasterModelArgs const & __ptr64) __ptr64
I0422 18:31:05.138895  6392 master_component.cc:1458] ProcessBatchesArgs: nwt_target_name=nwt, batch_filename_size=2, batch_size=0, batch_weight_size=2, pwt_source_name=pwt, num_document_passes=1, regularizer=(name:smooth, tau:100000), reuse_theta=no, opt_for_avx=yes, predict_class_id=, reset_nwt=yes
I0422 18:31:05.156893  1968 processor.cc:81] Processing queue has data, processing started
I0422 18:31:05.156893  2456 processor.cc:81] Processing queue has data, processing started
I0422 18:31:05.177384  1968 processor.cc:158] Processor: start processing batch dda367f1-9985-41b4-93be-5008d4cc6975 into model nwt
I0422 18:31:05.193380  2456 processor.cc:158] Processor: start processing batch 82581921-2b6f-4a63-b7bd-39493150b8ed into model nwt
I0422 18:31:05.410324  1968 processor.cc:293] Processor: complete processing batch dda367f1-9985-41b4-93be-5008d4cc6975 into model nwt
I0422 18:31:05.412824  1968 cuckoo_watch.h:45] 256ms in ProcessBatch(batches\aaaaaa.batch) [including 20ms in LoadMessage; 0ms in InitializeTheta; 0ms in CreateRegularizerAgents; 16ms in InitializeSparseNdw; 104ms in InferThetaAndUpdateNwtSparse; 111ms in CalculateScore(^^^ItemsProcessedScore^^^); ]
I0422 18:31:05.446815  1968 processor.cc:74] No data in processing queue, waiting...
I0422 18:31:05.652261  2456 processor.cc:293] Processor: complete processing batch 82581921-2b6f-4a63-b7bd-39493150b8ed into model nwt
I0422 18:31:05.656759  2456 cuckoo_watch.h:45] 500ms in ProcessBatch(batches\aaaaab.batch) [including 36ms in LoadMessage; 0ms in InitializeTheta; 0ms in CreateRegularizerAgents; 34ms in InitializeSparseNdw; 214ms in InferThetaAndUpdateNwtSparse; 208ms in CalculateScore(^^^ItemsProcessedScore^^^); ]
I0422 18:31:05.658758  6392 master_component.cc:1496] RegularizeModelArgs: rwt_target_name=rwt, pwt_source_name=pwt, nwt_source_name=nwt
I0422 18:31:05.658758  6392 master_component.cc:1013] MasterComponent: start regularizing model pwt
I0422 18:31:05.692750  2456 processor.cc:74] No data in processing queue, waiting...
I0422 18:31:05.725241  6392 master_component.cc:1041] MasterComponent: complete regularizing model pwt
I0422 18:31:05.725241  6392 master_component.cc:1509] NormalizeModelArgs: pwt_target_name=pwt, nwt_source_name=nwt, rwt_source_name=rwt
I0422 18:31:05.725241  6392 master_component.cc:1045] MasterComponent: start normalizing model nwt
I0422 18:31:05.754232  6392 master_component.cc:1084] MasterComponent: complete normalizing model nwt
I0422 18:31:05.869704  6392 master_component.cc:1533] DisposeModel rwt
I0422 18:31:05.877701  6392 master_component.cc:1112] FitOffline: ItemsProcessed, num_items=1728, num_batches=2, token_weight=808522, token_weight_in_effect=808522
I0422 18:31:05.878201  6392 c_interface.cc:389] Pass FitOfflineMasterModelArgs, batch_filename_size=2, batch_weight_size=2, num_collection_passes=1, reset_nwt=yes to void (__cdecl artm::core::MasterComponent::*)(class artm::FitOfflineMasterModelArgs const & __ptr64) __ptr64
I0422 18:31:05.878201  6392 master_component.cc:1458] ProcessBatchesArgs: nwt_target_name=nwt, batch_filename_size=2, batch_size=0, batch_weight_size=2, pwt_source_name=pwt, num_document_passes=1, regularizer=(name:smooth, tau:100000), reuse_theta=no, opt_for_avx=yes, predict_class_id=, reset_nwt=yes
I0422 18:31:05.896682  1968 processor.cc:81] Processing queue has data, processing started
I0422 18:31:05.896682  2456 processor.cc:81] Processing queue has data, processing started
I0422 18:31:05.916682  2456 processor.cc:158] Processor: start processing batch dda367f1-9985-41b4-93be-5008d4cc6975 into model nwt
I0422 18:31:05.933677  1968 processor.cc:158] Processor: start processing batch 82581921-2b6f-4a63-b7bd-39493150b8ed into model nwt
I0422 18:31:06.151119  2456 processor.cc:293] Processor: complete processing batch dda367f1-9985-41b4-93be-5008d4cc6975 into model nwt
I0422 18:31:06.153618  2456 cuckoo_watch.h:45] 257ms in ProcessBatch(batches\aaaaaa.batch) [including 20ms in LoadMessage; 0ms in InitializeTheta; 0ms in CreateRegularizerAgents; 15ms in InitializeSparseNdw; 106ms in InferThetaAndUpdateNwtSparse; 111ms in CalculateScore(^^^ItemsProcessedScore^^^); ]
I0422 18:31:06.189611  2456 processor.cc:74] No data in processing queue, waiting...
I0422 18:31:06.398556  1968 processor.cc:293] Processor: complete processing batch 82581921-2b6f-4a63-b7bd-39493150b8ed into model nwt
I0422 18:31:06.403054  1968 cuckoo_watch.h:45] 506ms in ProcessBatch(batches\aaaaab.batch) [including 37ms in LoadMessage; 0ms in InitializeTheta; 0ms in CreateRegularizerAgents; 35ms in InitializeSparseNdw; 218ms in InferThetaAndUpdateNwtSparse; 210ms in CalculateScore(^^^ItemsProcessedScore^^^); ]
I0422 18:31:06.404554  6392 master_component.cc:1496] RegularizeModelArgs: rwt_target_name=rwt, pwt_source_name=pwt, nwt_source_name=nwt
I0422 18:31:06.404554  6392 master_component.cc:1013] MasterComponent: start regularizing model pwt
I0422 18:31:06.438545  1968 processor.cc:74] No data in processing queue, waiting...
I0422 18:31:06.473037  6392 master_component.cc:1041] MasterComponent: complete regularizing model pwt
I0422 18:31:06.473037  6392 master_component.cc:1509] NormalizeModelArgs: pwt_target_name=pwt, nwt_source_name=nwt, rwt_source_name=rwt
I0422 18:31:06.473037  6392 master_component.cc:1045] MasterComponent: start normalizing model nwt
I0422 18:31:06.502528  6392 master_component.cc:1084] MasterComponent: complete normalizing model nwt
I0422 18:31:06.619998  6392 master_component.cc:1533] DisposeModel rwt
I0422 18:31:06.628494  6392 master_component.cc:1112] FitOffline: ItemsProcessed, num_items=1728, num_batches=2, token_weight=808522, token_weight_in_effect=808522
I0422 18:31:06.628494  6392 c_interface.cc:389] Pass FitOfflineMasterModelArgs, batch_filename_size=2, batch_weight_size=2, num_collection_passes=1, reset_nwt=yes to void (__cdecl artm::core::MasterComponent::*)(class artm::FitOfflineMasterModelArgs const & __ptr64) __ptr64
I0422 18:31:06.628995  6392 master_component.cc:1458] ProcessBatchesArgs: nwt_target_name=nwt, batch_filename_size=2, batch_size=0, batch_weight_size=2, pwt_source_name=pwt, num_document_passes=1, regularizer=(name:smooth, tau:100000), reuse_theta=no, opt_for_avx=yes, predict_class_id=, reset_nwt=yes
I0422 18:31:06.647981  1968 processor.cc:81] Processing queue has data, processing started
I0422 18:31:06.647981  3128 processor.cc:81] Processing queue has data, processing started
I0422 18:31:06.666975  1968 processor.cc:158] Processor: start processing batch dda367f1-9985-41b4-93be-5008d4cc6975 into model nwt
I0422 18:31:06.685971  3128 processor.cc:158] Processor: start processing batch 82581921-2b6f-4a63-b7bd-39493150b8ed into model nwt
I0422 18:31:06.918411  1968 processor.cc:293] Processor: complete processing batch dda367f1-9985-41b4-93be-5008d4cc6975 into model nwt
