I0422 18:42:58.660614  1108 processor.cc:158] Processor: start processing batch 5579a9d0-d4b7-451f-8cd0-c119624c2230 into model nwt
I0422 18:42:58.675110  2872 processor.cc:158] Processor: start processing batch b5482388-46c6-4ae6-afa0-16d0172da7a5 into model nwt
I0422 18:42:58.878075  1108 processor.cc:293] Processor: complete processing batch 5579a9d0-d4b7-451f-8cd0-c119624c2230 into model nwt
I0422 18:42:58.880573  1108 cuckoo_watch.h:45] 239ms in ProcessBatch(batches\aaaaaa.batch) [including 19ms in LoadMessage; 0ms in InitializeTheta; 0ms in CreateRegularizerAgents; 15ms in InitializeSparseNdw; 89ms in InferThetaAndUpdateNwtSparse; 112ms in CalculateScore(^^^ItemsProcessedScore^^^); ]
I0422 18:42:58.915565  1108 processor.cc:74] No data in processing queue, waiting...
I0422 18:42:59.103032  2872 processor.cc:293] Processor: complete processing batch b5482388-46c6-4ae6-afa0-16d0172da7a5 into model nwt
I0422 18:42:59.106531  2872 cuckoo_watch.h:45] 464ms in ProcessBatch(batches\aaaaab.batch) [including 33ms in LoadMessage; 0ms in InitializeTheta; 0ms in CreateRegularizerAgents; 34ms in InitializeSparseNdw; 181ms in InferThetaAndUpdateNwtSparse; 211ms in CalculateScore(^^^ItemsProcessedScore^^^); ]
I0422 18:42:59.107530  7616 master_component.cc:1496] RegularizeModelArgs: rwt_target_name=rwt, pwt_source_name=pwt, nwt_source_name=nwt
I0422 18:42:59.107530  7616 master_component.cc:1013] MasterComponent: start regularizing model pwt
I0422 18:42:59.143522  2872 processor.cc:74] No data in processing queue, waiting...
I0422 18:42:59.200512  7616 master_component.cc:1041] MasterComponent: complete regularizing model pwt
I0422 18:42:59.200512  7616 master_component.cc:1509] NormalizeModelArgs: pwt_target_name=pwt, nwt_source_name=nwt, rwt_source_name=rwt
I0422 18:42:59.200512  7616 master_component.cc:1045] MasterComponent: start normalizing model nwt
I0422 18:42:59.250502  7616 master_component.cc:1084] MasterComponent: complete normalizing model nwt
I0422 18:42:59.329489  7616 master_component.cc:1533] DisposeModel rwt
I0422 18:42:59.337988  7616 master_component.cc:1112] FitOffline: ItemsProcessed, num_items=1728, num_batches=2, token_weight=808522, token_weight_in_effect=808522
I0422 18:42:59.337988  7616 c_interface.cc:389] Pass FitOfflineMasterModelArgs, batch_filename_size=2, batch_weight_size=2, num_collection_passes=1, reset_nwt=yes to void (__cdecl artm::core::MasterComponent::*)(class artm::FitOfflineMasterModelArgs const & __ptr64) __ptr64
I0422 18:42:59.337988  7616 master_component.cc:1458] ProcessBatchesArgs: nwt_target_name=nwt, batch_filename_size=2, batch_size=0, batch_weight_size=2, pwt_source_name=pwt, num_document_passes=1, regularizer=(name:smooth, tau:100000), regularizer=(name:sparse, tau:-100000), reuse_theta=no, opt_for_avx=yes, predict_class_id=, reset_nwt=yes
I0422 18:42:59.358484  4408 processor.cc:81] Processing queue has data, processing started
I0422 18:42:59.358484  4176 processor.cc:81] Processing queue has data, processing started
I0422 18:42:59.376480  4408 processor.cc:158] Processor: start processing batch 5579a9d0-d4b7-451f-8cd0-c119624c2230 into model nwt
I0422 18:42:59.391477  4176 processor.cc:158] Processor: start processing batch b5482388-46c6-4ae6-afa0-16d0172da7a5 into model nwt
I0422 18:42:59.591938  4408 processor.cc:293] Processor: complete processing batch 5579a9d0-d4b7-451f-8cd0-c119624c2230 into model nwt
I0422 18:42:59.594439  4408 cuckoo_watch.h:45] 236ms in ProcessBatch(batches\aaaaaa.batch) [including 18ms in LoadMessage; 0ms in InitializeTheta; 0ms in CreateRegularizerAgents; 13ms in InitializeSparseNdw; 89ms in InferThetaAndUpdateNwtSparse; 112ms in CalculateScore(^^^ItemsProcessedScore^^^); ]
I0422 18:42:59.633433  4408 processor.cc:74] No data in processing queue, waiting...
I0422 18:42:59.820396  4176 processor.cc:293] Processor: complete processing batch b5482388-46c6-4ae6-afa0-16d0172da7a5 into model nwt
I0422 18:42:59.823895  4176 cuckoo_watch.h:45] 465ms in ProcessBatch(batches\aaaaab.batch) [including 33ms in LoadMessage; 0ms in InitializeTheta; 0ms in CreateRegularizerAgents; 34ms in InitializeSparseNdw; 179ms in InferThetaAndUpdateNwtSparse; 214ms in CalculateScore(^^^ItemsProcessedScore^^^); ]
I0422 18:42:59.825395  7616 master_component.cc:1496] RegularizeModelArgs: rwt_target_name=rwt, pwt_source_name=pwt, nwt_source_name=nwt
I0422 18:42:59.825395  7616 master_component.cc:1013] MasterComponent: start regularizing model pwt
I0422 18:42:59.859390  4176 processor.cc:74] No data in processing queue, waiting...
I0422 18:42:59.917878  7616 master_component.cc:1041] MasterComponent: complete regularizing model pwt
I0422 18:42:59.917878  7616 master_component.cc:1509] NormalizeModelArgs: pwt_target_name=pwt, nwt_source_name=nwt, rwt_source_name=rwt
I0422 18:42:59.917878  7616 master_component.cc:1045] MasterComponent: start normalizing model nwt
I0422 18:42:59.967368  7616 master_component.cc:1084] MasterComponent: complete normalizing model nwt
I0422 18:43:00.048354  7616 master_component.cc:1533] DisposeModel rwt
I0422 18:43:00.057353  7616 master_component.cc:1112] FitOffline: ItemsProcessed, num_items=1728, num_batches=2, token_weight=808522, token_weight_in_effect=808522
I0422 18:43:00.057353  7616 c_interface.cc:389] Pass FitOfflineMasterModelArgs, batch_filename_size=2, batch_weight_size=2, num_collection_passes=1, reset_nwt=yes to void (__cdecl artm::core::MasterComponent::*)(class artm::FitOfflineMasterModelArgs const & __ptr64) __ptr64
I0422 18:43:00.057353  7616 master_component.cc:1458] ProcessBatchesArgs: nwt_target_name=nwt, batch_filename_size=2, batch_size=0, batch_weight_size=2, pwt_source_name=pwt, num_document_passes=1, regularizer=(name:smooth, tau:100000), regularizer=(name:sparse, tau:-100000), reuse_theta=no, opt_for_avx=yes, predict_class_id=, reset_nwt=yes
I0422 18:43:00.078848  4176 processor.cc:81] Processing queue has data, processing started
I0422 18:43:00.078848  1108 processor.cc:81] Processing queue has data, processing started
I0422 18:43:00.096843  1108 processor.cc:158] Processor: start processing batch 5579a9d0-d4b7-451f-8cd0-c119624c2230 into model nwt
I0422 18:43:00.112342  4176 processor.cc:158] Processor: start processing batch b5482388-46c6-4ae6-afa0-16d0172da7a5 into model nwt
I0422 18:43:00.340798  1108 processor.cc:293] Processor: complete processing batch 5579a9d0-d4b7-451f-8cd0-c119624c2230 into model nwt
I0422 18:43:00.343297  1108 cuckoo_watch.h:45] 264ms in ProcessBatch(batches\aaaaaa.batch) [including 18ms in LoadMessage; 0ms in InitializeTheta; 0ms in CreateRegularizerAgents; 14ms in InitializeSparseNdw; 92ms in InferThetaAndUpdateNwtSparse; 136ms in CalculateScore(^^^ItemsProcessedScore^^^); ]
I0422 18:43:00.379791  1108 processor.cc:74] No data in processing queue, waiting...
I0422 18:43:00.576756  4176 processor.cc:293] Processor: complete processing batch b5482388-46c6-4ae6-afa0-16d0172da7a5 into model nwt
I0422 18:43:00.580255  4176 cuckoo_watch.h:45] 501ms in ProcessBatch(batches\aaaaab.batch) [including 33ms in LoadMessage; 0ms in InitializeTheta; 0ms in CreateRegularizerAgents; 36ms in InitializeSparseNdw; 199ms in InferThetaAndUpdateNwtSparse; 227ms in CalculateScore(^^^ItemsProcessedScore^^^); ]
I0422 18:43:00.580754  7616 master_component.cc:1496] RegularizeModelArgs: rwt_target_name=rwt, pwt_source_name=pwt, nwt_source_name=nwt
I0422 18:43:00.580754  7616 master_component.cc:1013] MasterComponent: start regularizing model pwt
I0422 18:43:00.613246  4176 processor.cc:74] No data in processing queue, waiting...
I0422 18:43:00.674237  7616 master_component.cc:1041] MasterComponent: complete regularizing model pwt
I0422 18:43:00.674237  7616 master_component.cc:1509] NormalizeModelArgs: pwt_target_name=pwt, nwt_source_name=nwt, rwt_source_name=rwt
I0422 18:43:00.674237  7616 master_component.cc:1045] MasterComponent: start normalizing model nwt
I0422 18:43:00.724226  7616 master_component.cc:1084] MasterComponent: complete normalizing model nwt
I0422 18:43:00.804213  7616 master_component.cc:1533] DisposeModel rwt
I0422 18:43:00.813208  7616 master_component.cc:1112] FitOffline: ItemsProcessed, num_items=1728, num_batches=2, token_weight=808522, token_weight_in_effect=808522
I0422 18:43:00.813208  7616 c_interface.cc:389] Pass FitOfflineMasterModelArgs, batch_filename_size=2, batch_weight_size=2, num_collection_passes=1, reset_nwt=yes to void (__cdecl artm::core::MasterComponent::*)(class artm::FitOfflineMasterModelArgs const & __ptr64) __ptr64
I0422 18:43:00.813208  7616 master_component.cc:1458] ProcessBatchesArgs: nwt_target_name=nwt, batch_filename_size=2, batch_size=0, batch_weight_size=2, pwt_source_name=pwt, num_document_passes=1, regularizer=(name:smooth, tau:100000), regularizer=(name:sparse, tau:-100000), reuse_theta=no, opt_for_avx=yes, predict_class_id=, reset_nwt=yes
I0422 18:43:00.834705  2872 processor.cc:81] Processing queue has data, processing started
I0422 18:43:00.834705  4408 processor.cc:81] Processing queue has data, processing started
I0422 18:43:00.852702  2872 processor.cc:158] Processor: start processing batch 5579a9d0-d4b7-451f-8cd0-c119624c2230 into model nwt
I0422 18:43:00.868199  4408 processor.cc:158] Processor: start processing batch b5482388-46c6-4ae6-afa0-16d0172da7a5 into model nwt
I0422 18:43:01.070160  2872 processor.cc:293] Processor: complete processing batch 5579a9d0-d4b7-451f-8cd0-c119624c2230 into model nwt
I0422 18:43:01.072661  2872 cuckoo_watch.h:45] 238ms in ProcessBatch(batches\aaaaaa.batch) [including 18ms in LoadMessage; 0ms in InitializeTheta; 0ms in CreateRegularizerAgents; 14ms in InitializeSparseNdw; 91ms in InferThetaAndUpdateNwtSparse; 111ms in CalculateScore(^^^ItemsProcessedScore^^^); ]
I0422 18:43:01.109154  2872 processor.cc:74] No data in processing queue, waiting...
I0422 18:43:01.304118  4408 processor.cc:293] Processor: complete processing batch b5482388-46c6-4ae6-afa0-16d0172da7a5 into model nwt
I0422 18:43:01.307618  4408 cuckoo_watch.h:45] 473ms in ProcessBatch(batches\aaaaab.batch) [including 33ms in LoadMessage; 0ms in InitializeTheta; 0ms in CreateRegularizerAgents; 34ms in InitializeSparseNdw; 182ms in InferThetaAndUpdateNwtSparse; 218ms in CalculateScore(^^^ItemsProcessedScore^^^); ]
I0422 18:43:01.309116  7616 master_component.cc:1496] RegularizeModelArgs: rwt_target_name=rwt, pwt_source_name=pwt, nwt_source_name=nwt
I0422 18:43:01.309116  7616 master_component.cc:1013] MasterComponent: start regularizing model pwt
I0422 18:43:01.343111  4408 processor.cc:74] No data in processing queue, waiting...
I0422 18:43:01.401099  7616 master_component.cc:1041] MasterComponent: complete regularizing model pwt
I0422 18:43:01.401099  7616 master_component.cc:1509] NormalizeModelArgs: pwt_target_name=pwt, nwt_source_name=nwt, rwt_source_name=rwt
I0422 18:43:01.401099  7616 master_component.cc:1045] MasterComponent: start normalizing model nwt
I0422 18:43:01.449591  7616 master_component.cc:1084] MasterComponent: complete normalizing model nwt
I0422 18:43:01.541074  7616 master_component.cc:1533] DisposeModel rwt
I0422 18:43:01.549572  7616 master_component.cc:1112] FitOffline: ItemsProcessed, num_items=1728, num_batches=2, token_weight=808522, token_weight_in_effect=808522
I0422 18:43:01.549572  7616 c_interface.cc:389] Pass FitOfflineMasterModelArgs, batch_filename_size=2, batch_weight_size=2, num_collection_passes=1, reset_nwt=yes to void (__cdecl artm::core::MasterComponent::*)(class artm::FitOfflineMasterModelArgs const & __ptr64) __ptr64
I0422 18:43:01.549572  7616 master_component.cc:1458] ProcessBatchesArgs: nwt_target_name=nwt, batch_filename_size=2, batch_size=0, batch_weight_size=2, pwt_source_name=pwt, num_document_passes=1, regularizer=(name:smooth, tau:100000), regularizer=(name:sparse, tau:-100000), reuse_theta=no, opt_for_avx=yes, predict_class_id=, reset_nwt=yes
I0422 18:43:01.571066  4408 processor.cc:81] Processing queue has data, processing started
I0422 18:43:01.571066  2872 processor.cc:81] Processing queue has data, processing started
I0422 18:43:01.589066  4408 processor.cc:158] Processor: start processing batch 5579a9d0-d4b7-451f-8cd0-c119624c2230 into model nwt
I0422 18:43:01.604562  2872 processor.cc:158] Processor: start processing batch b5482388-46c6-4ae6-afa0-16d0172da7a5 into model nwt
I0422 18:43:01.806023  4408 processor.cc:293] Processor: complete processing batch 5579a9d0-d4b7-451f-8cd0-c119624c2230 into model nwt
I0422 18:43:01.809022  4408 cuckoo_watch.h:45] 237ms in ProcessBatch(batches\aaaaaa.batch) [including 18ms in LoadMessage; 0ms in InitializeTheta; 0ms in CreateRegularizerAgents; 14ms in InitializeSparseNdw; 88ms in InferThetaAndUpdateNwtSparse; 113ms in CalculateScore(^^^ItemsProcessedScore^^^); ]
I0422 18:43:01.845016  4408 processor.cc:74] No data in processing queue, waiting...
I0422 18:43:02.030982  2872 processor.cc:293] Processor: complete processing batch b5482388-46c6-4ae6-afa0-16d0172da7a5 into model nwt
I0422 18:43:02.034479  2872 cuckoo_watch.h:45] 463ms in ProcessBatch(batches\aaaaab.batch) [including 33ms in LoadMessage; 0ms in InitializeTheta; 0ms in CreateRegularizerAgents; 34ms in InitializeSparseNdw; 179ms in InferThetaAndUpdateNwtSparse; 211ms in CalculateScore(^^^ItemsProcessedScore^^^); ]
I0422 18:43:02.034981  7616 master_component.cc:1496] RegularizeModelArgs: rwt_target_name=rwt, pwt_source_name=pwt, nwt_source_name=nwt
I0422 18:43:02.034981  7616 master_component.cc:1013] MasterComponent: start regularizing model pwt
I0422 18:43:02.070974  2872 processor.cc:74] No data in processing queue, waiting...
I0422 18:43:02.125963  7616 master_component.cc:1041] MasterComponent: complete regularizing model pwt
I0422 18:43:02.125963  7616 master_component.cc:1509] NormalizeModelArgs: pwt_target_name=pwt, nwt_source_name=nwt, rwt_source_name=rwt
I0422 18:43:02.125963  7616 master_component.cc:1045] MasterComponent: start normalizing model nwt
I0422 18:43:02.173954  7616 master_component.cc:1084] MasterComponent: complete normalizing model nwt
I0422 18:43:02.251441  7616 master_component.cc:1533] DisposeModel rwt
I0422 18:43:02.259936  7616 master_component.cc:1112] FitOffline: ItemsProcessed, num_items=1728, num_batches=2, token_weight=808522, token_weight_in_effect=808522
I0422 18:43:02.260437  7616 c_interface.cc:389] Pass FitOfflineMasterModelArgs, batch_filename_size=2, batch_weight_size=2, num_collection_passes=1, reset_nwt=yes to void (__cdecl artm::core::MasterComponent::*)(class artm::FitOfflineMasterModelArgs const & __ptr64) __ptr64
I0422 18:43:02.260437  7616 master_component.cc:1458] ProcessBatchesArgs: nwt_target_name=nwt, batch_filename_size=2, batch_size=0, batch_weight_size=2, pwt_source_name=pwt, num_document_passes=1, regularizer=(name:smooth, tau:100000), regularizer=(name:sparse, tau:-100000), reuse_theta=no, opt_for_avx=yes, predict_class_id=, reset_nwt=yes
I0422 18:43:02.280934  4176 processor.cc:81] Processing queue has data, processing started
I0422 18:43:02.280934  4408 processor.cc:81] Processing queue has data, processing started
I0422 18:43:02.299430  4408 processor.cc:158] Processor: start processing batch 5579a9d0-d4b7-451f-8cd0-c119624c2230 into model nwt
I0422 18:43:02.313926  4176 processor.cc:158] Processor: start processing batch b5482388-46c6-4ae6-afa0-16d0172da7a5 into model nwt
I0422 18:43:02.512892  4408 processor.cc:293] Processor: complete processing batch 5579a9d0-d4b7-451f-8cd0-c119624c2230 into model nwt
I0422 18:43:02.515390  4408 cuckoo_watch.h:45] 234ms in ProcessBatch(batches\aaaaaa.batch) [including 18ms in LoadMessage; 0ms in InitializeTheta; 0ms in CreateRegularizerAgents; 14ms in InitializeSparseNdw; 88ms in InferThetaAndUpdateNwtSparse; 109ms in CalculateScore(^^^ItemsProcessedScore^^^); ]
I0422 18:43:02.550884  4408 processor.cc:74] No data in processing queue, waiting...
I0422 18:43:02.739351  4176 processor.cc:293] Processor: complete processing batch b5482388-46c6-4ae6-afa0-16d0172da7a5 into model nwt
I0422 18:43:02.742848  4176 cuckoo_watch.h:45] 461ms in ProcessBatch(batches\aaaaab.batch) [including 33ms in LoadMessage; 0ms in InitializeTheta; 0ms in CreateRegularizerAgents; 35ms in InitializeSparseNdw; 181ms in InferThetaAndUpdateNwtSparse; 207ms in CalculateScore(^^^ItemsProcessedScore^^^); ]
I0422 18:43:02.744848  7616 master_component.cc:1496] RegularizeModelArgs: rwt_target_name=rwt, pwt_source_name=pwt, nwt_source_name=nwt
I0422 18:43:02.744848  7616 master_component.cc:1013] MasterComponent: start regularizing model pwt
I0422 18:43:02.778841  4176 processor.cc:74] No data in processing queue, waiting...
I0422 18:43:02.836832  7616 master_component.cc:1041] MasterComponent: complete regularizing model pwt
I0422 18:43:02.836832  7616 master_component.cc:1509] NormalizeModelArgs: pwt_target_name=pwt, nwt_source_name=nwt, rwt_source_name=rwt
I0422 18:43:02.836832  7616 master_component.cc:1045] MasterComponent: start normalizing model nwt
I0422 18:43:02.885320  7616 master_component.cc:1084] MasterComponent: complete normalizing model nwt
I0422 18:43:02.962808  7616 master_component.cc:1533] DisposeModel rwt
I0422 18:43:02.971303  7616 master_component.cc:1112] FitOffline: ItemsProcessed, num_items=1728, num_batches=2, token_weight=808522, token_weight_in_effect=808522
I0422 18:43:02.971303  7616 c_interface.cc:389] Pass FitOfflineMasterModelArgs, batch_filename_size=2, batch_weight_size=2, num_collection_passes=1, reset_nwt=yes to void (__cdecl artm::core::MasterComponent::*)(class artm::FitOfflineMasterModelArgs const & __ptr64) __ptr64
I0422 18:43:02.971303  7616 master_component.cc:1458] ProcessBatchesArgs: nwt_target_name=nwt, batch_filename_size=2, batch_size=0, batch_weight_size=2, pwt_source_name=pwt, num_document_passes=1, regularizer=(name:smooth, tau:100000), regularizer=(name:sparse, tau:-100000), reuse_theta=no, opt_for_avx=yes, predict_class_id=, reset_nwt=yes
I0422 18:43:02.992792  2872 processor.cc:81] Processing queue has data, processing started
I0422 18:43:02.992792  1108 processor.cc:81] Processing queue has data, processing started
I0422 18:43:03.011297  2872 processor.cc:158] Processor: start processing batch 5579a9d0-d4b7-451f-8cd0-c119624c2230 into model nwt
I0422 18:43:03.026293  1108 processor.cc:158] Processor: start processing batch b5482388-46c6-4ae6-afa0-16d0172da7a5 into model nwt
I0422 18:43:03.222259  2872 processor.cc:293] Processor: complete processing batch 5579a9d0-d4b7-451f-8cd0-c119624c2230 into model nwt
I0422 18:43:03.224756  2872 cuckoo_watch.h:45] 232ms in ProcessBatch(batches\aaaaaa.batch) [including 18ms in LoadMessage; 0ms in InitializeTheta; 0ms in CreateRegularizerAgents; 13ms in InitializeSparseNdw; 88ms in InferThetaAndUpdateNwtSparse; 108ms in CalculateScore(^^^ItemsProcessedScore^^^); ]
I0422 18:43:03.262748  2872 processor.cc:74] No data in processing queue, waiting...
I0422 18:43:03.447715  1108 processor.cc:293] Processor: complete processing batch b5482388-46c6-4ae6-afa0-16d0172da7a5 into model nwt
I0422 18:43:03.452713  1108 cuckoo_watch.h:45] 459ms in ProcessBatch(batches\aaaaab.batch) [including 33ms in LoadMessage; 0ms in InitializeTheta; 0ms in CreateRegularizerAgents; 34ms in InitializeSparseNdw; 177ms in InferThetaAndUpdateNwtSparse; 209ms in CalculateScore(^^^ItemsProcessedScore^^^); ]
I0422 18:43:03.454712  7616 master_component.cc:1496] RegularizeModelArgs: rwt_target_name=rwt, pwt_source_name=pwt, nwt_source_name=nwt
I0422 18:43:03.454712  7616 master_component.cc:1013] MasterComponent: start regularizing model pwt
I0422 18:43:03.484707  1108 processor.cc:74] No data in processing queue, waiting...
I0422 18:43:03.547195  7616 master_component.cc:1041] MasterComponent: complete regularizing model pwt
I0422 18:43:03.547195  7616 master_component.cc:1509] NormalizeModelArgs: pwt_target_name=pwt, nwt_source_name=nwt, rwt_source_name=rwt
I0422 18:43:03.547195  7616 master_component.cc:1045] MasterComponent: start normalizing model nwt
I0422 18:43:03.595686  7616 master_component.cc:1084] MasterComponent: complete normalizing model nwt
I0422 18:43:03.673173  7616 master_component.cc:1533] DisposeModel rwt
I0422 18:43:03.681668  7616 master_component.cc:1112] FitOffline: ItemsProcessed, num_items=1728, num_batches=2, token_weight=808522, token_weight_in_effect=808522
I0422 18:43:03.681668  7616 c_interface.cc:389] Pass FitOfflineMasterModelArgs, batch_filename_size=2, batch_weight_size=2, num_collection_passes=1, reset_nwt=yes to void (__cdecl artm::core::MasterComponent::*)(class artm::FitOfflineMasterModelArgs const & __ptr64) __ptr64
I0422 18:43:03.681668  7616 master_component.cc:1458] ProcessBatchesArgs: nwt_target_name=nwt, batch_filename_size=2, batch_size=0, batch_weight_size=2, pwt_source_name=pwt, num_document_passes=1, regularizer=(name:smooth, tau:100000), regularizer=(name:sparse, tau:-100000), reuse_theta=no, opt_for_avx=yes, predict_class_id=, reset_nwt=yes
I0422 18:43:03.702666  4176 processor.cc:81] Processing queue has data, processing started
I0422 18:43:03.702666  2872 processor.cc:81] Processing queue has data, processing started
I0422 18:43:03.720661  4176 processor.cc:158] Processor: start processing batch 5579a9d0-d4b7-451f-8cd0-c119624c2230 into model nwt
I0422 18:43:03.738158  2872 processor.cc:158] Processor: start processing batch b5482388-46c6-4ae6-afa0-16d0172da7a5 into model nwt
I0422 18:43:03.939121  4176 processor.cc:293] Processor: complete processing batch 5579a9d0-d4b7-451f-8cd0-c119624c2230 into model nwt
I0422 18:43:03.941620  4176 cuckoo_watch.h:45] 239ms in ProcessBatch(batches\aaaaaa.batch) [including 18ms in LoadMessage; 0ms in InitializeTheta; 0ms in CreateRegularizerAgents; 14ms in InitializeSparseNdw; 91ms in InferThetaAndUpdateNwtSparse; 111ms in CalculateScore(^^^ItemsProcessedScore^^^); ]
I0422 18:43:03.972615  4176 processor.cc:74] No data in processing queue, waiting...
I0422 18:43:04.169076  2872 processor.cc:293] Processor: complete processing batch b5482388-46c6-4ae6-afa0-16d0172da7a5 into model nwt
I0422 18:43:04.172080  2872 cuckoo_watch.h:45] 469ms in ProcessBatch(batches\aaaaab.batch) [including 35ms in LoadMessage; 0ms in InitializeTheta; 0ms in CreateRegularizerAgents; 35ms in InitializeSparseNdw; 181ms in InferThetaAndUpdateNwtSparse; 213ms in CalculateScore(^^^ItemsProcessedScore^^^); ]
I0422 18:43:04.172580  7616 master_component.cc:1496] RegularizeModelArgs: rwt_target_name=rwt, pwt_source_name=pwt, nwt_source_name=nwt
I0422 18:43:04.172580  7616 master_component.cc:1013] MasterComponent: start regularizing model pwt
I0422 18:43:04.204571  2872 processor.cc:74] No data in processing queue, waiting...
I0422 18:43:04.264060  7616 master_component.cc:1041] MasterComponent: complete regularizing model pwt
I0422 18:43:04.264060  7616 master_component.cc:1509] NormalizeModelArgs: pwt_target_name=pwt, nwt_source_name=nwt, rwt_source_name=rwt
I0422 18:43:04.264060  7616 master_component.cc:1045] MasterComponent: start normalizing model nwt
I0422 18:43:04.312551  7616 master_component.cc:1084] MasterComponent: complete normalizing model nwt
I0422 18:43:04.389537  7616 master_component.cc:1533] DisposeModel rwt
I0422 18:43:04.398036  7616 master_component.cc:1112] FitOffline: ItemsProcessed, num_items=1728, num_batches=2, token_weight=808522, token_weight_in_effect=808522
I0422 18:43:04.398535  7616 c_interface.cc:389] Pass FitOfflineMasterModelArgs, batch_filename_size=2, batch_weight_size=2, num_collection_passes=1, reset_nwt=yes to void (__cdecl artm::core::MasterComponent::*)(class artm::FitOfflineMasterModelArgs const & __ptr64) __ptr64
I0422 18:43:04.398535  7616 master_component.cc:1458] ProcessBatchesArgs: nwt_target_name=nwt, batch_filename_size=2, batch_size=0, batch_weight_size=2, pwt_source_name=pwt, num_document_passes=1, regularizer=(name:smooth, tau:100000), regularizer=(name:sparse, tau:-100000), reuse_theta=no, opt_for_avx=yes, predict_class_id=, reset_nwt=yes
I0422 18:43:04.418532  4176 processor.cc:81] Processing queue has data, processing started
I0422 18:43:04.420531  1108 processor.cc:81] Processing queue has data, processing started
I0422 18:43:04.436528  4176 processor.cc:158] Processor: start processing batch 5579a9d0-d4b7-451f-8cd0-c119624c2230 into model nwt
I0422 18:43:04.454025  1108 processor.cc:158] Processor: start processing batch b5482388-46c6-4ae6-afa0-16d0172da7a5 into model nwt
I0422 18:43:04.649488  4176 processor.cc:293] Processor: complete processing batch 5579a9d0-d4b7-451f-8cd0-c119624c2230 into model nwt
I0422 18:43:04.651988  4176 cuckoo_watch.h:45] 233ms in ProcessBatch(batches\aaaaaa.batch) [including 18ms in LoadMessage; 0ms in InitializeTheta; 0ms in CreateRegularizerAgents; 14ms in InitializeSparseNdw; 88ms in InferThetaAndUpdateNwtSparse; 109ms in CalculateScore(^^^ItemsProcessedScore^^^); ]
I0422 18:43:04.686481  4176 processor.cc:74] No data in processing queue, waiting...
I0422 18:43:04.877444  1108 processor.cc:293] Processor: complete processing batch b5482388-46c6-4ae6-afa0-16d0172da7a5 into model nwt
I0422 18:43:04.881445  1108 cuckoo_watch.h:45] 461ms in ProcessBatch(batches\aaaaab.batch) [including 33ms in LoadMessage; 0ms in InitializeTheta; 0ms in CreateRegularizerAgents; 34ms in InitializeSparseNdw; 177ms in InferThetaAndUpdateNwtSparse; 211ms in CalculateScore(^^^ItemsProcessedScore^^^); ]
I0422 18:43:04.882944  7616 master_component.cc:1496] RegularizeModelArgs: rwt_target_name=rwt, pwt_source_name=pwt, nwt_source_name=nwt
I0422 18:43:04.882944  7616 master_component.cc:1013] MasterComponent: start regularizing model pwt
I0422 18:43:04.916438  1108 processor.cc:74] No data in processing queue, waiting...
I0422 18:43:04.975426  7616 master_component.cc:1041] MasterComponent: complete regularizing model pwt
I0422 18:43:04.975426  7616 master_component.cc:1509] NormalizeModelArgs: pwt_target_name=pwt, nwt_source_name=nwt, rwt_source_name=rwt
I0422 18:43:04.975426  7616 master_component.cc:1045] MasterComponent: start normalizing model nwt
I0422 18:43:05.024416  7616 master_component.cc:1084] MasterComponent: complete normalizing model nwt
I0422 18:43:05.101903  7616 master_component.cc:1533] DisposeModel rwt
I0422 18:43:05.110402  7616 master_component.cc:1112] FitOffline: ItemsProcessed, num_items=1728, num_batches=2, token_weight=808522, token_weight_in_effect=808522
I0422 18:43:05.110402  7616 c_interface.cc:389] Pass FitOfflineMasterModelArgs, batch_filename_size=2, batch_weight_size=2, num_collection_passes=1, reset_nwt=yes to void (__cdecl artm::core::MasterComponent::*)(class artm::FitOfflineMasterModelArgs const & __ptr64) __ptr64
I0422 18:43:05.110402  7616 master_component.cc:1458] ProcessBatchesArgs: nwt_target_name=nwt, batch_filename_size=2, batch_size=0, batch_weight_size=2, pwt_source_name=pwt, num_document_passes=1, regularizer=(name:smooth, tau:100000), regularizer=(name:sparse, tau:-100000), reuse_theta=no, opt_for_avx=yes, predict_class_id=, reset_nwt=yes
I0422 18:43:05.130398  4176 processor.cc:81] Processing queue has data, processing started
I0422 18:43:05.132396  2872 processor.cc:81] Processing queue has data, processing started
I0422 18:43:05.148896  4176 processor.cc:158] Processor: start processing batch 5579a9d0-d4b7-451f-8cd0-c119624c2230 into model nwt
I0422 18:43:05.165891  2872 processor.cc:158] Processor: start processing batch b5482388-46c6-4ae6-afa0-16d0172da7a5 into model nwt
I0422 18:43:05.361356  4176 processor.cc:293] Processor: complete processing batch 5579a9d0-d4b7-451f-8cd0-c119624c2230 into model nwt
I0422 18:43:05.363855  4176 cuckoo_watch.h:45] 233ms in ProcessBatch(batches\aaaaaa.batch) [including 18ms in LoadMessage; 0ms in InitializeTheta; 0ms in CreateRegularizerAgents; 14ms in InitializeSparseNdw; 88ms in InferThetaAndUpdateNwtSparse; 109ms in CalculateScore(^^^ItemsProcessedScore^^^); ]
I0422 18:43:05.396347  4176 processor.cc:74] No data in processing queue, waiting...
I0422 18:43:05.587312  2872 processor.cc:293] Processor: complete processing batch b5482388-46c6-4ae6-afa0-16d0172da7a5 into model nwt
I0422 18:43:05.590812  2872 cuckoo_watch.h:45] 458ms in ProcessBatch(batches\aaaaab.batch) [including 33ms in LoadMessage; 0ms in InitializeTheta; 0ms in CreateRegularizerAgents; 34ms in InitializeSparseNdw; 178ms in InferThetaAndUpdateNwtSparse; 208ms in CalculateScore(^^^ItemsProcessedScore^^^); ]
I0422 18:43:05.592311  7616 master_component.cc:1496] RegularizeModelArgs: rwt_target_name=rwt, pwt_source_name=pwt, nwt_source_name=nwt
I0422 18:43:05.592311  7616 master_component.cc:1013] MasterComponent: start regularizing model pwt
I0422 18:43:05.625305  2872 processor.cc:74] No data in processing queue, waiting...
I0422 18:43:05.683295  7616 master_component.cc:1041] MasterComponent: complete regularizing model pwt
I0422 18:43:05.683295  7616 master_component.cc:1509] NormalizeModelArgs: pwt_target_name=pwt, nwt_source_name=nwt, rwt_source_name=rwt
I0422 18:43:05.683295  7616 master_component.cc:1045] MasterComponent: start normalizing model nwt
I0422 18:43:05.731784  7616 master_component.cc:1084] MasterComponent: complete normalizing model nwt
I0422 18:43:05.810274  7616 master_component.cc:1533] DisposeModel rwt
I0422 18:43:05.819267  7616 master_component.cc:1112] FitOffline: ItemsProcessed, num_items=1728, num_batches=2, token_weight=808522, token_weight_in_effect=808522
I0422 18:43:05.819267  7616 c_interface.cc:389] Pass FitOfflineMasterModelArgs, batch_filename_size=2, batch_weight_size=2, num_collection_passes=1, reset_nwt=yes to void (__cdecl artm::core::MasterComponent::*)(class artm::FitOfflineMasterModelArgs const & __ptr64) __ptr64
I0422 18:43:05.819267  7616 master_component.cc:1458] ProcessBatchesArgs: nwt_target_name=nwt, batch_filename_size=2, batch_size=0, batch_weight_size=2, pwt_source_name=pwt, num_document_passes=1, regularizer=(name:smooth, tau:100000), regularizer=(name:sparse, tau:-100000), reuse_theta=no, opt_for_avx=yes, predict_class_id=, reset_nwt=yes
I0422 18:43:05.840260  2872 processor.cc:81] Processing queue has data, processing started
I0422 18:43:05.840260  4408 processor.cc:81] Processing queue has data, processing started
I0422 18:43:05.858762  2872 processor.cc:158] Processor: start processing batch 5579a9d0-d4b7-451f-8cd0-c119624c2230 into model nwt
I0422 18:43:05.873760  4408 processor.cc:158] Processor: start processing batch b5482388-46c6-4ae6-afa0-16d0172da7a5 into model nwt
I0422 18:43:06.076221  2872 processor.cc:293] Processor: complete processing batch 5579a9d0-d4b7-451f-8cd0-c119624c2230 into model nwt
I0422 18:43:06.078722  2872 cuckoo_watch.h:45] 238ms in ProcessBatch(batches\aaaaaa.batch) [including 18ms in LoadMessage; 0ms in InitializeTheta; 0ms in CreateRegularizerAgents; 14ms in InitializeSparseNdw; 89ms in InferThetaAndUpdateNwtSparse; 113ms in CalculateScore(^^^ItemsProcessedScore^^^); ]
I0422 18:43:06.114215  2872 processor.cc:74] No data in processing queue, waiting...
I0422 18:43:06.299681  4408 processor.cc:293] Processor: complete processing batch b5482388-46c6-4ae6-afa0-16d0172da7a5 into model nwt
I0422 18:43:06.303180  4408 cuckoo_watch.h:45] 462ms in ProcessBatch(batches\aaaaab.batch) [including 33ms in LoadMessage; 0ms in InitializeTheta; 0ms in CreateRegularizerAgents; 34ms in InitializeSparseNdw; 179ms in InferThetaAndUpdateNwtSparse; 211ms in CalculateScore(^^^ItemsProcessedScore^^^); ]
I0422 18:43:06.304179  7616 master_component.cc:1496] RegularizeModelArgs: rwt_target_name=rwt, pwt_source_name=pwt, nwt_source_name=nwt
I0422 18:43:06.304179  7616 master_component.cc:1013] MasterComponent: start regularizing model pwt
I0422 18:43:06.338171  4408 processor.cc:74] No data in processing queue, waiting...
I0422 18:43:06.396162  7616 master_component.cc:1041] MasterComponent: complete regularizing model pwt
I0422 18:43:06.396162  7616 master_component.cc:1509] NormalizeModelArgs: pwt_target_name=pwt, nwt_source_name=nwt, rwt_source_name=rwt
I0422 18:43:06.396162  7616 master_component.cc:1045] MasterComponent: start normalizing model nwt
I0422 18:43:06.446151  7616 master_component.cc:1084] MasterComponent: complete normalizing model nwt
I0422 18:43:06.525636  7616 master_component.cc:1533] DisposeModel rwt
I0422 18:43:06.534636  7616 master_component.cc:1112] FitOffline: ItemsProcessed, num_items=1728, num_batches=2, token_weight=808522, token_weight_in_effect=808522
I0422 18:43:13.388281  7616 c_interface.cc:231] ArtmCopyRequestedMessage is copying 6824378 bytes...
I0422 18:43:13.722218  7616 c_interface.cc:231] ArtmCopyRequestedMessage is copying 8698839 bytes...
I0422 18:43:36.590991  7616 c_interface.cc:389] Pass FitOfflineMasterModelArgs, batch_filename_size=2, batch_weight_size=2, num_collection_passes=1, reset_nwt=yes to void (__cdecl artm::core::MasterComponent::*)(class artm::FitOfflineMasterModelArgs const & __ptr64) __ptr64
I0422 18:43:36.590991  7616 master_component.cc:1458] ProcessBatchesArgs: nwt_target_name=nwt, batch_filename_size=2, batch_size=0, batch_weight_size=2, pwt_source_name=pwt, num_document_passes=1, regularizer=(name:smooth, tau:100000), regularizer=(name:sparse, tau:-100000), reuse_theta=no, opt_for_avx=yes, predict_class_id=, reset_nwt=yes
I0422 18:43:36.612489  2872 processor.cc:81] Processing queue has data, processing started
I0422 18:43:36.612489  1108 processor.cc:81] Processing queue has data, processing started
I0422 18:43:36.631482  2872 processor.cc:158] Processor: start processing batch 5579a9d0-d4b7-451f-8cd0-c119624c2230 into model nwt
I0422 18:43:36.649981  1108 processor.cc:158] Processor: start processing batch b5482388-46c6-4ae6-afa0-16d0172da7a5 into model nwt
I0422 18:43:36.852942  2872 processor.cc:293] Processor: complete processing batch 5579a9d0-d4b7-451f-8cd0-c119624c2230 into model nwt
I0422 18:43:36.855440  2872 cuckoo_watch.h:45] 242ms in ProcessBatch(batches\aaaaaa.batch) [including 19ms in LoadMessage; 0ms in InitializeTheta; 0ms in CreateRegularizerAgents; 14ms in InitializeSparseNdw; 89ms in InferThetaAndUpdateNwtSparse; 116ms in CalculateScore(^^^ItemsProcessedScore^^^); ]
I0422 18:43:36.888934  2872 processor.cc:74] No data in processing queue, waiting...
I0422 18:43:37.079401  1108 processor.cc:293] Processor: complete processing batch b5482388-46c6-4ae6-afa0-16d0172da7a5 into model nwt
I0422 18:43:37.082900  1108 cuckoo_watch.h:45] 470ms in ProcessBatch(batches\aaaaab.batch) [including 37ms in LoadMessage; 0ms in InitializeTheta; 0ms in CreateRegularizerAgents; 34ms in InitializeSparseNdw; 182ms in InferThetaAndUpdateNwtSparse; 211ms in CalculateScore(^^^ItemsProcessedScore^^^); ]
I0422 18:43:37.084398  7616 master_component.cc:1496] RegularizeModelArgs: rwt_target_name=rwt, pwt_source_name=pwt, nwt_source_name=nwt
I0422 18:43:37.084398  7616 master_component.cc:1013] MasterComponent: start regularizing model pwt
I0422 18:43:37.116392  1108 processor.cc:74] No data in processing queue, waiting...
I0422 18:43:37.175381  7616 master_component.cc:1041] MasterComponent: complete regularizing model pwt
I0422 18:43:37.175381  7616 master_component.cc:1509] NormalizeModelArgs: pwt_target_name=pwt, nwt_source_name=nwt, rwt_source_name=rwt
I0422 18:43:37.175381  7616 master_component.cc:1045] MasterComponent: start normalizing model nwt
I0422 18:43:37.223871  7616 master_component.cc:1084] MasterComponent: complete normalizing model nwt
I0422 18:43:37.301358  7616 master_component.cc:1533] DisposeModel rwt
I0422 18:43:37.309854  7616 master_component.cc:1112] FitOffline: ItemsProcessed, num_items=1728, num_batches=2, token_weight=808522, token_weight_in_effect=808522
I0422 18:43:37.309854  7616 c_interface.cc:389] Pass FitOfflineMasterModelArgs, batch_filename_size=2, batch_weight_size=2, num_collection_passes=1, reset_nwt=yes to void (__cdecl artm::core::MasterComponent::*)(class artm::FitOfflineMasterModelArgs const & __ptr64) __ptr64
I0422 18:43:37.309854  7616 master_component.cc:1458] ProcessBatchesArgs: nwt_target_name=nwt, batch_filename_size=2, batch_size=0, batch_weight_size=2, pwt_source_name=pwt, num_document_passes=1, regularizer=(name:smooth, tau:100000), regularizer=(name:sparse, tau:-100000), reuse_theta=no, opt_for_avx=yes, predict_class_id=, reset_nwt=yes
I0422 18:43:37.329852  4176 processor.cc:81] Processing queue has data, processing started
I0422 18:43:37.329852  4408 processor.cc:81] Processing queue has data, processing started
I0422 18:43:37.347849  4408 processor.cc:158] Processor: start processing batch 5579a9d0-d4b7-451f-8cd0-c119624c2230 into model nwt
I0422 18:43:37.362848  4176 processor.cc:158] Processor: start processing batch b5482388-46c6-4ae6-afa0-16d0172da7a5 into model nwt
I0422 18:43:37.561308  4408 processor.cc:293] Processor: complete processing batch 5579a9d0-d4b7-451f-8cd0-c119624c2230 into model nwt
I0422 18:43:37.563807  4408 cuckoo_watch.h:45] 234ms in ProcessBatch(batches\aaaaaa.batch) [including 18ms in LoadMessage; 0ms in InitializeTheta; 0ms in CreateRegularizerAgents; 13ms in InitializeSparseNdw; 88ms in InferThetaAndUpdateNwtSparse; 110ms in CalculateScore(^^^ItemsProcessedScore^^^); ]
I0422 18:43:37.600301  4408 processor.cc:74] No data in processing queue, waiting...
I0422 18:43:37.802764  4176 processor.cc:293] Processor: complete processing batch b5482388-46c6-4ae6-afa0-16d0172da7a5 into model nwt
I0422 18:43:37.806761  4176 cuckoo_watch.h:45] 477ms in ProcessBatch(batches\aaaaab.batch) [including 33ms in LoadMessage; 0ms in InitializeTheta; 0ms in CreateRegularizerAgents; 34ms in InitializeSparseNdw; 178ms in InferThetaAndUpdateNwtSparse; 226ms in CalculateScore(^^^ItemsProcessedScore^^^); ]
I0422 18:43:37.808264  7616 master_component.cc:1496] RegularizeModelArgs: rwt_target_name=rwt, pwt_source_name=pwt, nwt_source_name=nwt
I0422 18:43:37.808264  7616 master_component.cc:1013] MasterComponent: start regularizing model pwt
I0422 18:43:37.841755  4176 processor.cc:74] No data in processing queue, waiting...
I0422 18:43:37.905745  7616 master_component.cc:1041] MasterComponent: complete regularizing model pwt
I0422 18:43:37.906244  7616 master_component.cc:1509] NormalizeModelArgs: pwt_target_name=pwt, nwt_source_name=nwt, rwt_source_name=rwt
I0422 18:43:37.906244  7616 master_component.cc:1045] MasterComponent: start normalizing model nwt
I0422 18:43:37.954736  7616 master_component.cc:1084] MasterComponent: complete normalizing model nwt
I0422 18:43:38.036720  7616 master_component.cc:1533] DisposeModel rwt
I0422 18:43:38.046217  7616 master_component.cc:1112] FitOffline: ItemsProcessed, num_items=1728, num_batches=2, token_weight=808522, token_weight_in_effect=808522
I0422 18:43:38.046217  7616 c_interface.cc:389] Pass FitOfflineMasterModelArgs, batch_filename_size=2, batch_weight_size=2, num_collection_passes=1, reset_nwt=yes to void (__cdecl artm::core::MasterComponent::*)(class artm::FitOfflineMasterModelArgs const & __ptr64) __ptr64
I0422 18:43:38.046217  7616 master_component.cc:1458] ProcessBatchesArgs: nwt_target_name=nwt, batch_filename_size=2, batch_size=0, batch_weight_size=2, pwt_source_name=pwt, num_document_passes=1, regularizer=(name:smooth, tau:100000), regularizer=(name:sparse, tau:-100000), reuse_theta=no, opt_for_avx=yes, predict_class_id=, reset_nwt=yes
I0422 18:43:38.067729  2872 processor.cc:81] Processing queue has data, processing started
I0422 18:43:38.067729  1108 processor.cc:81] Processing queue has data, processing started
I0422 18:43:38.086732  2872 processor.cc:158] Processor: start processing batch 5579a9d0-d4b7-451f-8cd0-c119624c2230 into model nwt
I0422 18:43:38.102727  1108 processor.cc:158] Processor: start processing batch b5482388-46c6-4ae6-afa0-16d0172da7a5 into model nwt
I0422 18:43:38.309188  2872 processor.cc:293] Processor: complete processing batch 5579a9d0-d4b7-451f-8cd0-c119624c2230 into model nwt
I0422 18:43:38.311689  2872 cuckoo_watch.h:45] 243ms in ProcessBatch(batches\aaaaaa.batch) [including 19ms in LoadMessage; 0ms in InitializeTheta; 0ms in CreateRegularizerAgents; 14ms in InitializeSparseNdw; 91ms in InferThetaAndUpdateNwtSparse; 115ms in CalculateScore(^^^ItemsProcessedScore^^^); ]
I0422 18:43:38.345182  2872 processor.cc:74] No data in processing queue, waiting...
I0422 18:43:38.549644  1108 processor.cc:293] Processor: complete processing batch b5482388-46c6-4ae6-afa0-16d0172da7a5 into model nwt
I0422 18:43:38.553143  1108 cuckoo_watch.h:45] 485ms in ProcessBatch(batches\aaaaab.batch) [including 35ms in LoadMessage; 0ms in InitializeTheta; 0ms in CreateRegularizerAgents; 35ms in InitializeSparseNdw; 186ms in InferThetaAndUpdateNwtSparse; 223ms in CalculateScore(^^^ItemsProcessedScore^^^); ]
I0422 18:43:38.553643  7616 master_component.cc:1496] RegularizeModelArgs: rwt_target_name=rwt, pwt_source_name=pwt, nwt_source_name=nwt
I0422 18:43:38.553643  7616 master_component.cc:1013] MasterComponent: start regularizing model pwt
I0422 18:43:38.586138  1108 processor.cc:74] No data in processing queue, waiting...
I0422 18:43:38.647626  7616 master_component.cc:1041] MasterComponent: complete regularizing model pwt
I0422 18:43:38.647626  7616 master_component.cc:1509] NormalizeModelArgs: pwt_target_name=pwt, nwt_source_name=nwt, rwt_source_name=rwt
I0422 18:43:38.647626  7616 master_component.cc:1045] MasterComponent: start normalizing model nwt
I0422 18:43:38.698114  7616 master_component.cc:1084] MasterComponent: complete normalizing model nwt
I0422 18:43:38.778602  7616 master_component.cc:1533] DisposeModel rwt
I0422 18:43:38.787601  7616 master_component.cc:1112] FitOffline: ItemsProcessed, num_items=1728, num_batches=2, token_weight=808522, token_weight_in_effect=808522
I0422 18:43:38.787601  7616 c_interface.cc:389] Pass FitOfflineMasterModelArgs, batch_filename_size=2, batch_weight_size=2, num_collection_passes=1, reset_nwt=yes to void (__cdecl artm::core::MasterComponent::*)(class artm::FitOfflineMasterModelArgs const & __ptr64) __ptr64
I0422 18:43:38.787601  7616 master_component.cc:1458] ProcessBatchesArgs: nwt_target_name=nwt, batch_filename_size=2, batch_size=0, batch_weight_size=2, pwt_source_name=pwt, num_document_passes=1, regularizer=(name:smooth, tau:100000), regularizer=(name:sparse, tau:-100000), reuse_theta=no, opt_for_avx=yes, predict_class_id=, reset_nwt=yes
I0422 18:43:38.810068  4176 processor.cc:81] Processing queue has data, processing started
I0422 18:43:38.810068  1108 processor.cc:81] Processing queue has data, processing started
I0422 18:43:38.828070  4176 processor.cc:158] Processor: start processing batch 5579a9d0-d4b7-451f-8cd0-c119624c2230 into model nwt
I0422 18:43:38.843569  1108 processor.cc:158] Processor: start processing batch b5482388-46c6-4ae6-afa0-16d0172da7a5 into model nwt
I0422 18:43:39.050529  4176 processor.cc:293] Processor: complete processing batch 5579a9d0-d4b7-451f-8cd0-c119624c2230 into model nwt
I0422 18:43:39.053526  4176 cuckoo_watch.h:45] 243ms in ProcessBatch(batches\aaaaaa.batch) [including 18ms in LoadMessage; 0ms in InitializeTheta; 0ms in CreateRegularizerAgents; 13ms in InitializeSparseNdw; 89ms in InferThetaAndUpdateNwtSparse; 118ms in CalculateScore(^^^ItemsProcessedScore^^^); ]
I0422 18:43:39.090020  4176 processor.cc:74] No data in processing queue, waiting...
I0422 18:43:39.286985  1108 processor.cc:293] Processor: complete processing batch b5482388-46c6-4ae6-afa0-16d0172da7a5 into model nwt
I0422 18:43:39.290483  1108 cuckoo_watch.h:45] 480ms in ProcessBatch(batches\aaaaab.batch) [including 33ms in LoadMessage; 0ms in InitializeTheta; 0ms in CreateRegularizerAgents; 34ms in InitializeSparseNdw; 188ms in InferThetaAndUpdateNwtSparse; 220ms in CalculateScore(^^^ItemsProcessedScore^^^); ]
I0422 18:43:39.291496  7616 master_component.cc:1496] RegularizeModelArgs: rwt_target_name=rwt, pwt_source_name=pwt, nwt_source_name=nwt
I0422 18:43:39.291496  7616 master_component.cc:1013] MasterComponent: start regularizing model pwt
I0422 18:43:39.325995  1108 processor.cc:74] No data in processing queue, waiting...
I0422 18:43:39.385983  7616 master_component.cc:1041] MasterComponent: complete regularizing model pwt
I0422 18:43:39.385983  7616 master_component.cc:1509] NormalizeModelArgs: pwt_target_name=pwt, nwt_source_name=nwt, rwt_source_name=rwt
I0422 18:43:39.385983  7616 master_component.cc:1045] MasterComponent: start normalizing model nwt
I0422 18:43:39.435474  7616 master_component.cc:1084] MasterComponent: complete normalizing model nwt
I0422 18:43:39.514459  7616 master_component.cc:1533] DisposeModel rwt
I0422 18:43:39.523458  7616 master_component.cc:1112] FitOffline: ItemsProcessed, num_items=1728, num_batches=2, token_weight=808522, token_weight_in_effect=808522
I0422 18:43:39.523458  7616 c_interface.cc:389] Pass FitOfflineMasterModelArgs, batch_filename_size=2, batch_weight_size=2, num_collection_passes=1, reset_nwt=yes to void (__cdecl artm::core::MasterComponent::*)(class artm::FitOfflineMasterModelArgs const & __ptr64) __ptr64
I0422 18:43:39.523957  7616 master_component.cc:1458] ProcessBatchesArgs: nwt_target_name=nwt, batch_filename_size=2, batch_size=0, batch_weight_size=2, pwt_source_name=pwt, num_document_passes=1, regularizer=(name:smooth, tau:100000), regularizer=(name:sparse, tau:-100000), reuse_theta=no, opt_for_avx=yes, predict_class_id=, reset_nwt=yes
I0422 18:43:39.545454  2872 processor.cc:81] Processing queue has data, processing started
I0422 18:43:39.545454  4176 processor.cc:81] Processing queue has data, processing started
I0422 18:43:39.564450  2872 processor.cc:158] Processor: start processing batch 5579a9d0-d4b7-451f-8cd0-c119624c2230 into model nwt
I0422 18:43:39.579447  4176 processor.cc:158] Processor: start processing batch b5482388-46c6-4ae6-afa0-16d0172da7a5 into model nwt
I0422 18:43:39.787406  2872 processor.cc:293] Processor: complete processing batch 5579a9d0-d4b7-451f-8cd0-c119624c2230 into model nwt
I0422 18:43:39.789906  2872 cuckoo_watch.h:45] 244ms in ProcessBatch(batches\aaaaaa.batch) [including 19ms in LoadMessage; 0ms in InitializeTheta; 0ms in CreateRegularizerAgents; 14ms in InitializeSparseNdw; 92ms in InferThetaAndUpdateNwtSparse; 115ms in CalculateScore(^^^ItemsProcessedScore^^^); ]
I0422 18:43:39.823902  2872 processor.cc:74] No data in processing queue, waiting...
I0422 18:43:40.022362  4176 processor.cc:293] Processor: complete processing batch b5482388-46c6-4ae6-afa0-16d0172da7a5 into model nwt
I0422 18:43:40.025861  4176 cuckoo_watch.h:45] 480ms in ProcessBatch(batches\aaaaab.batch) [including 34ms in LoadMessage; 0ms in InitializeTheta; 0ms in CreateRegularizerAgents; 35ms in InitializeSparseNdw; 185ms in InferThetaAndUpdateNwtSparse; 220ms in CalculateScore(^^^ItemsProcessedScore^^^); ]
I0422 18:43:40.028182  7616 master_component.cc:1496] RegularizeModelArgs: rwt_target_name=rwt, pwt_source_name=pwt, nwt_source_name=nwt
I0422 18:43:40.028182  7616 master_component.cc:1013] MasterComponent: start regularizing model pwt
I0422 18:43:40.062175  4176 processor.cc:74] No data in processing queue, waiting...
I0422 18:43:40.122663  7616 master_component.cc:1041] MasterComponent: complete regularizing model pwt
I0422 18:43:40.122663  7616 master_component.cc:1509] NormalizeModelArgs: pwt_target_name=pwt, nwt_source_name=nwt, rwt_source_name=rwt
I0422 18:43:40.122663  7616 master_component.cc:1045] MasterComponent: start normalizing model nwt
I0422 18:43:40.172653  7616 master_component.cc:1084] MasterComponent: complete normalizing model nwt
I0422 18:43:40.252140  7616 master_component.cc:1533] DisposeModel rwt
I0422 18:43:40.260637  7616 master_component.cc:1112] FitOffline: ItemsProcessed, num_items=1728, num_batches=2, token_weight=808522, token_weight_in_effect=808522
I0422 18:43:40.261137  7616 c_interface.cc:389] Pass FitOfflineMasterModelArgs, batch_filename_size=2, batch_weight_size=2, num_collection_passes=1, reset_nwt=yes to void (__cdecl artm::core::MasterComponent::*)(class artm::FitOfflineMasterModelArgs const & __ptr64) __ptr64
I0422 18:43:40.261137  7616 master_component.cc:1458] ProcessBatchesArgs: nwt_target_name=nwt, batch_filename_size=2, batch_size=0, batch_weight_size=2, pwt_source_name=pwt, num_document_passes=1, regularizer=(name:smooth, tau:100000), regularizer=(name:sparse, tau:-100000), reuse_theta=no, opt_for_avx=yes, predict_class_id=, reset_nwt=yes
I0422 18:43:40.281785  4176 processor.cc:81] Processing queue has data, processing started
I0422 18:43:40.281785  2872 processor.cc:81] Processing queue has data, processing started
I0422 18:43:40.300287  4176 processor.cc:158] Processor: start processing batch 5579a9d0-d4b7-451f-8cd0-c119624c2230 into model nwt
I0422 18:43:40.317783  2872 processor.cc:158] Processor: start processing batch b5482388-46c6-4ae6-afa0-16d0172da7a5 into model nwt
I0422 18:43:40.515245  4176 processor.cc:293] Processor: complete processing batch 5579a9d0-d4b7-451f-8cd0-c119624c2230 into model nwt
I0422 18:43:40.517747  4176 cuckoo_watch.h:45] 236ms in ProcessBatch(batches\aaaaaa.batch) [including 18ms in LoadMessage; 0ms in InitializeTheta; 0ms in CreateRegularizerAgents; 14ms in InitializeSparseNdw; 88ms in InferThetaAndUpdateNwtSparse; 111ms in CalculateScore(^^^ItemsProcessedScore^^^); ]
I0422 18:43:40.553740  4176 processor.cc:74] No data in processing queue, waiting...
I0422 18:43:40.764701  2872 processor.cc:293] Processor: complete processing batch b5482388-46c6-4ae6-afa0-16d0172da7a5 into model nwt
I0422 18:43:40.768702  2872 cuckoo_watch.h:45] 487ms in ProcessBatch(batches\aaaaab.batch) [including 36ms in LoadMessage; 0ms in InitializeTheta; 0ms in CreateRegularizerAgents; 33ms in InitializeSparseNdw; 181ms in InferThetaAndUpdateNwtSparse; 231ms in CalculateScore(^^^ItemsProcessedScore^^^); ]
I0422 18:43:40.770699  7616 master_component.cc:1496] RegularizeModelArgs: rwt_target_name=rwt, pwt_source_name=pwt, nwt_source_name=nwt
I0422 18:43:40.770699  7616 master_component.cc:1013] MasterComponent: start regularizing model pwt
I0422 18:43:40.803692  2872 processor.cc:74] No data in processing queue, waiting...
