I0422 18:43:40.866181  7616 master_component.cc:1041] MasterComponent: complete regularizing model pwt
I0422 18:43:40.866181  7616 master_component.cc:1509] NormalizeModelArgs: pwt_target_name=pwt, nwt_source_name=nwt, rwt_source_name=rwt
I0422 18:43:40.866181  7616 master_component.cc:1045] MasterComponent: start normalizing model nwt
I0422 18:43:40.916671  7616 master_component.cc:1084] MasterComponent: complete normalizing model nwt
I0422 18:43:40.997659  7616 master_component.cc:1533] DisposeModel rwt
I0422 18:43:41.007153  7616 master_component.cc:1112] FitOffline: ItemsProcessed, num_items=1728, num_batches=2, token_weight=808522, token_weight_in_effect=808522
I0422 18:43:41.007153  7616 c_interface.cc:389] Pass FitOfflineMasterModelArgs, batch_filename_size=2, batch_weight_size=2, num_collection_passes=1, reset_nwt=yes to void (__cdecl artm::core::MasterComponent::*)(class artm::FitOfflineMasterModelArgs const & __ptr64) __ptr64
I0422 18:43:41.007153  7616 master_component.cc:1458] ProcessBatchesArgs: nwt_target_name=nwt, batch_filename_size=2, batch_size=0, batch_weight_size=2, pwt_source_name=pwt, num_document_passes=1, regularizer=(name:smooth, tau:100000), regularizer=(name:sparse, tau:-100000), reuse_theta=no, opt_for_avx=yes, predict_class_id=, reset_nwt=yes
I0422 18:43:41.029644  4176 processor.cc:81] Processing queue has data, processing started
I0422 18:43:41.029644  1108 processor.cc:81] Processing queue has data, processing started
I0422 18:43:41.048648  1108 processor.cc:158] Processor: start processing batch 5579a9d0-d4b7-451f-8cd0-c119624c2230 into model nwt
I0422 18:43:41.064146  4176 processor.cc:158] Processor: start processing batch b5482388-46c6-4ae6-afa0-16d0172da7a5 into model nwt
I0422 18:43:41.266607  1108 processor.cc:293] Processor: complete processing batch 5579a9d0-d4b7-451f-8cd0-c119624c2230 into model nwt
I0422 18:43:41.269106  1108 cuckoo_watch.h:45] 239ms in ProcessBatch(batches\aaaaaa.batch) [including 19ms in LoadMessage; 0ms in InitializeTheta; 0ms in CreateRegularizerAgents; 14ms in InitializeSparseNdw; 91ms in InferThetaAndUpdateNwtSparse; 111ms in CalculateScore(^^^ItemsProcessedScore^^^); ]
I0422 18:43:41.305100  1108 processor.cc:74] No data in processing queue, waiting...
I0422 18:43:41.493065  4176 processor.cc:293] Processor: complete processing batch b5482388-46c6-4ae6-afa0-16d0172da7a5 into model nwt
I0422 18:43:41.496564  4176 cuckoo_watch.h:45] 467ms in ProcessBatch(batches\aaaaab.batch) [including 34ms in LoadMessage; 0ms in InitializeTheta; 0ms in CreateRegularizerAgents; 34ms in InitializeSparseNdw; 181ms in InferThetaAndUpdateNwtSparse; 212ms in CalculateScore(^^^ItemsProcessedScore^^^); ]
I0422 18:43:41.499557  7616 master_component.cc:1496] RegularizeModelArgs: rwt_target_name=rwt, pwt_source_name=pwt, nwt_source_name=nwt
I0422 18:43:41.499557  7616 master_component.cc:1013] MasterComponent: start regularizing model pwt
I0422 18:43:41.535558  4176 processor.cc:74] No data in processing queue, waiting...
I0422 18:43:41.592046  7616 master_component.cc:1041] MasterComponent: complete regularizing model pwt
I0422 18:43:41.592046  7616 master_component.cc:1509] NormalizeModelArgs: pwt_target_name=pwt, nwt_source_name=nwt, rwt_source_name=rwt
I0422 18:43:41.592046  7616 master_component.cc:1045] MasterComponent: start normalizing model nwt
I0422 18:43:41.642038  7616 master_component.cc:1084] MasterComponent: complete normalizing model nwt
I0422 18:43:41.723023  7616 master_component.cc:1533] DisposeModel rwt
I0422 18:43:41.732023  7616 master_component.cc:1112] FitOffline: ItemsProcessed, num_items=1728, num_batches=2, token_weight=808522, token_weight_in_effect=808522
I0422 18:43:41.732023  7616 c_interface.cc:389] Pass FitOfflineMasterModelArgs, batch_filename_size=2, batch_weight_size=2, num_collection_passes=1, reset_nwt=yes to void (__cdecl artm::core::MasterComponent::*)(class artm::FitOfflineMasterModelArgs const & __ptr64) __ptr64
I0422 18:43:41.732023  7616 master_component.cc:1458] ProcessBatchesArgs: nwt_target_name=nwt, batch_filename_size=2, batch_size=0, batch_weight_size=2, pwt_source_name=pwt, num_document_passes=1, regularizer=(name:smooth, tau:100000), regularizer=(name:sparse, tau:-100000), reuse_theta=no, opt_for_avx=yes, predict_class_id=, reset_nwt=yes
I0422 18:43:41.753018  4408 processor.cc:81] Processing queue has data, processing started
I0422 18:43:41.753018  4176 processor.cc:81] Processing queue has data, processing started
I0422 18:43:41.772513  4408 processor.cc:158] Processor: start processing batch 5579a9d0-d4b7-451f-8cd0-c119624c2230 into model nwt
I0422 18:43:41.787513  4176 processor.cc:158] Processor: start processing batch b5482388-46c6-4ae6-afa0-16d0172da7a5 into model nwt
I0422 18:43:41.992974  4408 processor.cc:293] Processor: complete processing batch 5579a9d0-d4b7-451f-8cd0-c119624c2230 into model nwt
I0422 18:43:41.995973  4408 cuckoo_watch.h:45] 243ms in ProcessBatch(batches\aaaaaa.batch) [including 19ms in LoadMessage; 0ms in InitializeTheta; 0ms in CreateRegularizerAgents; 15ms in InitializeSparseNdw; 91ms in InferThetaAndUpdateNwtSparse; 114ms in CalculateScore(^^^ItemsProcessedScore^^^); ]
I0422 18:43:42.033464  4408 processor.cc:74] No data in processing queue, waiting...
I0422 18:43:42.219431  4176 processor.cc:293] Processor: complete processing batch b5482388-46c6-4ae6-afa0-16d0172da7a5 into model nwt
I0422 18:43:42.222929  4176 cuckoo_watch.h:45] 470ms in ProcessBatch(batches\aaaaab.batch) [including 34ms in LoadMessage; 0ms in InitializeTheta; 0ms in CreateRegularizerAgents; 35ms in InitializeSparseNdw; 181ms in InferThetaAndUpdateNwtSparse; 215ms in CalculateScore(^^^ItemsProcessedScore^^^); ]
I0422 18:43:42.223429  7616 master_component.cc:1496] RegularizeModelArgs: rwt_target_name=rwt, pwt_source_name=pwt, nwt_source_name=nwt
I0422 18:43:42.223429  7616 master_component.cc:1013] MasterComponent: start regularizing model pwt
I0422 18:43:42.258921  4176 processor.cc:74] No data in processing queue, waiting...
I0422 18:43:42.318411  7616 master_component.cc:1041] MasterComponent: complete regularizing model pwt
I0422 18:43:42.318411  7616 master_component.cc:1509] NormalizeModelArgs: pwt_target_name=pwt, nwt_source_name=nwt, rwt_source_name=rwt
I0422 18:43:42.318411  7616 master_component.cc:1045] MasterComponent: start normalizing model nwt
I0422 18:43:42.367403  7616 master_component.cc:1084] MasterComponent: complete normalizing model nwt
I0422 18:43:42.447886  7616 master_component.cc:1533] DisposeModel rwt
I0422 18:43:42.456884  7616 master_component.cc:1112] FitOffline: ItemsProcessed, num_items=1728, num_batches=2, token_weight=808522, token_weight_in_effect=808522
I0422 18:43:42.456884  7616 c_interface.cc:389] Pass FitOfflineMasterModelArgs, batch_filename_size=2, batch_weight_size=2, num_collection_passes=1, reset_nwt=yes to void (__cdecl artm::core::MasterComponent::*)(class artm::FitOfflineMasterModelArgs const & __ptr64) __ptr64
I0422 18:43:42.457386  7616 master_component.cc:1458] ProcessBatchesArgs: nwt_target_name=nwt, batch_filename_size=2, batch_size=0, batch_weight_size=2, pwt_source_name=pwt, num_document_passes=1, regularizer=(name:smooth, tau:100000), regularizer=(name:sparse, tau:-100000), reuse_theta=no, opt_for_avx=yes, predict_class_id=, reset_nwt=yes
I0422 18:43:42.479382  4408 processor.cc:81] Processing queue has data, processing started
I0422 18:43:42.479382  1108 processor.cc:81] Processing queue has data, processing started
I0422 18:43:42.497877  4408 processor.cc:158] Processor: start processing batch 5579a9d0-d4b7-451f-8cd0-c119624c2230 into model nwt
I0422 18:43:42.512874  1108 processor.cc:158] Processor: start processing batch b5482388-46c6-4ae6-afa0-16d0172da7a5 into model nwt
I0422 18:43:42.714336  4408 processor.cc:293] Processor: complete processing batch 5579a9d0-d4b7-451f-8cd0-c119624c2230 into model nwt
I0422 18:43:42.716835  4408 cuckoo_watch.h:45] 237ms in ProcessBatch(batches\aaaaaa.batch) [including 18ms in LoadMessage; 0ms in InitializeTheta; 0ms in CreateRegularizerAgents; 14ms in InitializeSparseNdw; 90ms in InferThetaAndUpdateNwtSparse; 111ms in CalculateScore(^^^ItemsProcessedScore^^^); ]
I0422 18:43:42.753329  4408 processor.cc:74] No data in processing queue, waiting...
I0422 18:43:42.936794  1108 processor.cc:293] Processor: complete processing batch b5482388-46c6-4ae6-afa0-16d0172da7a5 into model nwt
I0422 18:43:42.942294  1108 cuckoo_watch.h:45] 463ms in ProcessBatch(batches\aaaaab.batch) [including 33ms in LoadMessage; 0ms in InitializeTheta; 0ms in CreateRegularizerAgents; 33ms in InitializeSparseNdw; 177ms in InferThetaAndUpdateNwtSparse; 211ms in CalculateScore(^^^ItemsProcessedScore^^^); ]
I0422 18:43:42.942795  7616 master_component.cc:1496] RegularizeModelArgs: rwt_target_name=rwt, pwt_source_name=pwt, nwt_source_name=nwt
I0422 18:43:42.942795  7616 master_component.cc:1013] MasterComponent: start regularizing model pwt
I0422 18:43:42.975288  1108 processor.cc:74] No data in processing queue, waiting...
I0422 18:43:43.035778  7616 master_component.cc:1041] MasterComponent: complete regularizing model pwt
I0422 18:43:43.035778  7616 master_component.cc:1509] NormalizeModelArgs: pwt_target_name=pwt, nwt_source_name=nwt, rwt_source_name=rwt
I0422 18:43:43.035778  7616 master_component.cc:1045] MasterComponent: start normalizing model nwt
I0422 18:43:43.084267  7616 master_component.cc:1084] MasterComponent: complete normalizing model nwt
I0422 18:43:43.161253  7616 master_component.cc:1533] DisposeModel rwt
I0422 18:43:43.169750  7616 master_component.cc:1112] FitOffline: ItemsProcessed, num_items=1728, num_batches=2, token_weight=808522, token_weight_in_effect=808522
I0422 18:43:43.169750  7616 c_interface.cc:389] Pass FitOfflineMasterModelArgs, batch_filename_size=2, batch_weight_size=2, num_collection_passes=1, reset_nwt=yes to void (__cdecl artm::core::MasterComponent::*)(class artm::FitOfflineMasterModelArgs const & __ptr64) __ptr64
I0422 18:43:43.169750  7616 master_component.cc:1458] ProcessBatchesArgs: nwt_target_name=nwt, batch_filename_size=2, batch_size=0, batch_weight_size=2, pwt_source_name=pwt, num_document_passes=1, regularizer=(name:smooth, tau:100000), regularizer=(name:sparse, tau:-100000), reuse_theta=no, opt_for_avx=yes, predict_class_id=, reset_nwt=yes
I0422 18:43:43.190747  1108 processor.cc:81] Processing queue has data, processing started
I0422 18:43:43.190747  2872 processor.cc:81] Processing queue has data, processing started
I0422 18:43:43.208745  1108 processor.cc:158] Processor: start processing batch 5579a9d0-d4b7-451f-8cd0-c119624c2230 into model nwt
I0422 18:43:43.225741  2872 processor.cc:158] Processor: start processing batch b5482388-46c6-4ae6-afa0-16d0172da7a5 into model nwt
I0422 18:43:43.419706  1108 processor.cc:293] Processor: complete processing batch 5579a9d0-d4b7-451f-8cd0-c119624c2230 into model nwt
I0422 18:43:43.422704  1108 cuckoo_watch.h:45] 231ms in ProcessBatch(batches\aaaaaa.batch) [including 18ms in LoadMessage; 0ms in InitializeTheta; 0ms in CreateRegularizerAgents; 14ms in InitializeSparseNdw; 87ms in InferThetaAndUpdateNwtSparse; 108ms in CalculateScore(^^^ItemsProcessedScore^^^); ]
I0422 18:43:43.461196  1108 processor.cc:74] No data in processing queue, waiting...
I0422 18:43:43.647162  2872 processor.cc:293] Processor: complete processing batch b5482388-46c6-4ae6-afa0-16d0172da7a5 into model nwt
I0422 18:43:43.650661  2872 cuckoo_watch.h:45] 459ms in ProcessBatch(batches\aaaaab.batch) [including 34ms in LoadMessage; 0ms in InitializeTheta; 0ms in CreateRegularizerAgents; 34ms in InitializeSparseNdw; 177ms in InferThetaAndUpdateNwtSparse; 208ms in CalculateScore(^^^ItemsProcessedScore^^^); ]
I0422 18:43:43.651160  7616 master_component.cc:1496] RegularizeModelArgs: rwt_target_name=rwt, pwt_source_name=pwt, nwt_source_name=nwt
I0422 18:43:43.651160  7616 master_component.cc:1013] MasterComponent: start regularizing model pwt
I0422 18:43:43.687153  2872 processor.cc:74] No data in processing queue, waiting...
I0422 18:43:43.744642  7616 master_component.cc:1041] MasterComponent: complete regularizing model pwt
I0422 18:43:43.745144  7616 master_component.cc:1509] NormalizeModelArgs: pwt_target_name=pwt, nwt_source_name=nwt, rwt_source_name=rwt
I0422 18:43:43.745144  7616 master_component.cc:1045] MasterComponent: start normalizing model nwt
I0422 18:43:43.795634  7616 master_component.cc:1084] MasterComponent: complete normalizing model nwt
I0422 18:43:43.876616  7616 master_component.cc:1533] DisposeModel rwt
I0422 18:43:43.885116  7616 master_component.cc:1112] FitOffline: ItemsProcessed, num_items=1728, num_batches=2, token_weight=808522, token_weight_in_effect=808522
I0422 18:43:43.885617  7616 c_interface.cc:389] Pass FitOfflineMasterModelArgs, batch_filename_size=2, batch_weight_size=2, num_collection_passes=1, reset_nwt=yes to void (__cdecl artm::core::MasterComponent::*)(class artm::FitOfflineMasterModelArgs const & __ptr64) __ptr64
I0422 18:43:43.885617  7616 master_component.cc:1458] ProcessBatchesArgs: nwt_target_name=nwt, batch_filename_size=2, batch_size=0, batch_weight_size=2, pwt_source_name=pwt, num_document_passes=1, regularizer=(name:smooth, tau:100000), regularizer=(name:sparse, tau:-100000), reuse_theta=no, opt_for_avx=yes, predict_class_id=, reset_nwt=yes
I0422 18:43:43.907104  4176 processor.cc:81] Processing queue has data, processing started
I0422 18:43:43.907104  4408 processor.cc:81] Processing queue has data, processing started
I0422 18:43:43.926105  4176 processor.cc:158] Processor: start processing batch 5579a9d0-d4b7-451f-8cd0-c119624c2230 into model nwt
I0422 18:43:43.940603  4408 processor.cc:158] Processor: start processing batch b5482388-46c6-4ae6-afa0-16d0172da7a5 into model nwt
I0422 18:43:44.140065  4176 processor.cc:293] Processor: complete processing batch 5579a9d0-d4b7-451f-8cd0-c119624c2230 into model nwt
I0422 18:43:44.142565  4176 cuckoo_watch.h:45] 235ms in ProcessBatch(batches\aaaaaa.batch) [including 19ms in LoadMessage; 0ms in InitializeTheta; 0ms in CreateRegularizerAgents; 14ms in InitializeSparseNdw; 88ms in InferThetaAndUpdateNwtSparse; 111ms in CalculateScore(^^^ItemsProcessedScore^^^); ]
I0422 18:43:44.178058  4176 processor.cc:74] No data in processing queue, waiting...
I0422 18:43:44.365026  4408 processor.cc:293] Processor: complete processing batch b5482388-46c6-4ae6-afa0-16d0172da7a5 into model nwt
I0422 18:43:44.368522  4408 cuckoo_watch.h:45] 461ms in ProcessBatch(batches\aaaaab.batch) [including 33ms in LoadMessage; 0ms in InitializeTheta; 0ms in CreateRegularizerAgents; 33ms in InitializeSparseNdw; 180ms in InferThetaAndUpdateNwtSparse; 209ms in CalculateScore(^^^ItemsProcessedScore^^^); ]
I0422 18:43:44.371022  7616 master_component.cc:1496] RegularizeModelArgs: rwt_target_name=rwt, pwt_source_name=pwt, nwt_source_name=nwt
I0422 18:43:44.371022  7616 master_component.cc:1013] MasterComponent: start regularizing model pwt
I0422 18:43:44.403017  4408 processor.cc:74] No data in processing queue, waiting...
I0422 18:43:44.462507  7616 master_component.cc:1041] MasterComponent: complete regularizing model pwt
I0422 18:43:44.462507  7616 master_component.cc:1509] NormalizeModelArgs: pwt_target_name=pwt, nwt_source_name=nwt, rwt_source_name=rwt
I0422 18:43:44.462507  7616 master_component.cc:1045] MasterComponent: start normalizing model nwt
I0422 18:43:44.511497  7616 master_component.cc:1084] MasterComponent: complete normalizing model nwt
I0422 18:43:44.589483  7616 master_component.cc:1533] DisposeModel rwt
I0422 18:43:44.597978  7616 master_component.cc:1112] FitOffline: ItemsProcessed, num_items=1728, num_batches=2, token_weight=808522, token_weight_in_effect=808522
I0422 18:43:44.597978  7616 c_interface.cc:389] Pass FitOfflineMasterModelArgs, batch_filename_size=2, batch_weight_size=2, num_collection_passes=1, reset_nwt=yes to void (__cdecl artm::core::MasterComponent::*)(class artm::FitOfflineMasterModelArgs const & __ptr64) __ptr64
I0422 18:43:44.597978  7616 master_component.cc:1458] ProcessBatchesArgs: nwt_target_name=nwt, batch_filename_size=2, batch_size=0, batch_weight_size=2, pwt_source_name=pwt, num_document_passes=1, regularizer=(name:smooth, tau:100000), regularizer=(name:sparse, tau:-100000), reuse_theta=no, opt_for_avx=yes, predict_class_id=, reset_nwt=yes
I0422 18:43:44.618476  4408 processor.cc:81] Processing queue has data, processing started
I0422 18:43:44.618476  1108 processor.cc:81] Processing queue has data, processing started
I0422 18:43:44.636472  4408 processor.cc:158] Processor: start processing batch 5579a9d0-d4b7-451f-8cd0-c119624c2230 into model nwt
I0422 18:43:44.651970  1108 processor.cc:158] Processor: start processing batch b5482388-46c6-4ae6-afa0-16d0172da7a5 into model nwt
I0422 18:43:44.851433  4408 processor.cc:293] Processor: complete processing batch 5579a9d0-d4b7-451f-8cd0-c119624c2230 into model nwt
I0422 18:43:44.853931  4408 cuckoo_watch.h:45] 235ms in ProcessBatch(batches\aaaaaa.batch) [including 18ms in LoadMessage; 0ms in InitializeTheta; 0ms in CreateRegularizerAgents; 13ms in InitializeSparseNdw; 89ms in InferThetaAndUpdateNwtSparse; 111ms in CalculateScore(^^^ItemsProcessedScore^^^); ]
I0422 18:43:44.886925  4408 processor.cc:74] No data in processing queue, waiting...
I0422 18:43:45.079890  1108 processor.cc:293] Processor: complete processing batch b5482388-46c6-4ae6-afa0-16d0172da7a5 into model nwt
I0422 18:43:45.083390  1108 cuckoo_watch.h:45] 465ms in ProcessBatch(batches\aaaaab.batch) [including 33ms in LoadMessage; 0ms in InitializeTheta; 0ms in CreateRegularizerAgents; 34ms in InitializeSparseNdw; 180ms in InferThetaAndUpdateNwtSparse; 212ms in CalculateScore(^^^ItemsProcessedScore^^^); ]
I0422 18:43:45.084888  7616 master_component.cc:1496] RegularizeModelArgs: rwt_target_name=rwt, pwt_source_name=pwt, nwt_source_name=nwt
I0422 18:43:45.084888  7616 master_component.cc:1013] MasterComponent: start regularizing model pwt
I0422 18:43:45.118382  1108 processor.cc:74] No data in processing queue, waiting...
I0422 18:43:45.176371  7616 master_component.cc:1041] MasterComponent: complete regularizing model pwt
I0422 18:43:45.176371  7616 master_component.cc:1509] NormalizeModelArgs: pwt_target_name=pwt, nwt_source_name=nwt, rwt_source_name=rwt
I0422 18:43:45.176371  7616 master_component.cc:1045] MasterComponent: start normalizing model nwt
I0422 18:43:45.224362  7616 master_component.cc:1084] MasterComponent: complete normalizing model nwt
I0422 18:43:45.301345  7616 master_component.cc:1533] DisposeModel rwt
I0422 18:43:45.309846  7616 master_component.cc:1112] FitOffline: ItemsProcessed, num_items=1728, num_batches=2, token_weight=808522, token_weight_in_effect=808522
I0422 18:43:45.310346  7616 c_interface.cc:389] Pass FitOfflineMasterModelArgs, batch_filename_size=2, batch_weight_size=2, num_collection_passes=1, reset_nwt=yes to void (__cdecl artm::core::MasterComponent::*)(class artm::FitOfflineMasterModelArgs const & __ptr64) __ptr64
I0422 18:43:45.310346  7616 master_component.cc:1458] ProcessBatchesArgs: nwt_target_name=nwt, batch_filename_size=2, batch_size=0, batch_weight_size=2, pwt_source_name=pwt, num_document_passes=1, regularizer=(name:smooth, tau:100000), regularizer=(name:sparse, tau:-100000), reuse_theta=no, opt_for_avx=yes, predict_class_id=, reset_nwt=yes
I0422 18:43:45.330844  2872 processor.cc:81] Processing queue has data, processing started
I0422 18:43:45.330844  1108 processor.cc:81] Processing queue has data, processing started
I0422 18:43:45.348839  2872 processor.cc:158] Processor: start processing batch 5579a9d0-d4b7-451f-8cd0-c119624c2230 into model nwt
I0422 18:43:45.364338  1108 processor.cc:158] Processor: start processing batch b5482388-46c6-4ae6-afa0-16d0172da7a5 into model nwt
I0422 18:43:45.566298  2872 processor.cc:293] Processor: complete processing batch 5579a9d0-d4b7-451f-8cd0-c119624c2230 into model nwt
I0422 18:43:45.568797  2872 cuckoo_watch.h:45] 238ms in ProcessBatch(batches\aaaaaa.batch) [including 18ms in LoadMessage; 0ms in InitializeTheta; 0ms in CreateRegularizerAgents; 14ms in InitializeSparseNdw; 89ms in InferThetaAndUpdateNwtSparse; 113ms in CalculateScore(^^^ItemsProcessedScore^^^); ]
I0422 18:43:45.606791  2872 processor.cc:74] No data in processing queue, waiting...
I0422 18:43:45.783758  1108 processor.cc:293] Processor: complete processing batch b5482388-46c6-4ae6-afa0-16d0172da7a5 into model nwt
I0422 18:43:45.787258  1108 cuckoo_watch.h:45] 456ms in ProcessBatch(batches\aaaaab.batch) [including 33ms in LoadMessage; 0ms in InitializeTheta; 0ms in CreateRegularizerAgents; 34ms in InitializeSparseNdw; 177ms in InferThetaAndUpdateNwtSparse; 206ms in CalculateScore(^^^ItemsProcessedScore^^^); ]
I0422 18:43:45.788530  7616 master_component.cc:1496] RegularizeModelArgs: rwt_target_name=rwt, pwt_source_name=pwt, nwt_source_name=nwt
I0422 18:43:45.788530  7616 master_component.cc:1013] MasterComponent: start regularizing model pwt
I0422 18:43:45.825029  1108 processor.cc:74] No data in processing queue, waiting...
I0422 18:43:45.882019  7616 master_component.cc:1041] MasterComponent: complete regularizing model pwt
I0422 18:43:45.882019  7616 master_component.cc:1509] NormalizeModelArgs: pwt_target_name=pwt, nwt_source_name=nwt, rwt_source_name=rwt
I0422 18:43:45.882019  7616 master_component.cc:1045] MasterComponent: start normalizing model nwt
I0422 18:43:45.931510  7616 master_component.cc:1084] MasterComponent: complete normalizing model nwt
I0422 18:43:46.009496  7616 master_component.cc:1533] DisposeModel rwt
I0422 18:43:46.017993  7616 master_component.cc:1112] FitOffline: ItemsProcessed, num_items=1728, num_batches=2, token_weight=808522, token_weight_in_effect=808522
I0422 18:43:46.017993  7616 c_interface.cc:389] Pass FitOfflineMasterModelArgs, batch_filename_size=2, batch_weight_size=2, num_collection_passes=1, reset_nwt=yes to void (__cdecl artm::core::MasterComponent::*)(class artm::FitOfflineMasterModelArgs const & __ptr64) __ptr64
I0422 18:43:46.018493  7616 master_component.cc:1458] ProcessBatchesArgs: nwt_target_name=nwt, batch_filename_size=2, batch_size=0, batch_weight_size=2, pwt_source_name=pwt, num_document_passes=1, regularizer=(name:smooth, tau:100000), regularizer=(name:sparse, tau:-100000), reuse_theta=no, opt_for_avx=yes, predict_class_id=, reset_nwt=yes
I0422 18:43:46.038491  2872 processor.cc:81] Processing queue has data, processing started
I0422 18:43:46.038491  1108 processor.cc:81] Processing queue has data, processing started
I0422 18:43:46.056485  1108 processor.cc:158] Processor: start processing batch 5579a9d0-d4b7-451f-8cd0-c119624c2230 into model nwt
I0422 18:43:46.071982  2872 processor.cc:158] Processor: start processing batch b5482388-46c6-4ae6-afa0-16d0172da7a5 into model nwt
I0422 18:43:46.269444  1108 processor.cc:293] Processor: complete processing batch 5579a9d0-d4b7-451f-8cd0-c119624c2230 into model nwt
I0422 18:43:46.271945  1108 cuckoo_watch.h:45] 233ms in ProcessBatch(batches\aaaaaa.batch) [including 18ms in LoadMessage; 0ms in InitializeTheta; 0ms in CreateRegularizerAgents; 14ms in InitializeSparseNdw; 89ms in InferThetaAndUpdateNwtSparse; 108ms in CalculateScore(^^^ItemsProcessedScore^^^); ]
I0422 18:43:46.303938  1108 processor.cc:74] No data in processing queue, waiting...
I0422 18:43:46.496904  2872 processor.cc:293] Processor: complete processing batch b5482388-46c6-4ae6-afa0-16d0172da7a5 into model nwt
I0422 18:43:46.500401  2872 cuckoo_watch.h:45] 461ms in ProcessBatch(batches\aaaaab.batch) [including 33ms in LoadMessage; 0ms in InitializeTheta; 0ms in CreateRegularizerAgents; 34ms in InitializeSparseNdw; 178ms in InferThetaAndUpdateNwtSparse; 211ms in CalculateScore(^^^ItemsProcessedScore^^^); ]
I0422 18:43:46.500905  7616 master_component.cc:1496] RegularizeModelArgs: rwt_target_name=rwt, pwt_source_name=pwt, nwt_source_name=nwt
I0422 18:43:46.500905  7616 master_component.cc:1013] MasterComponent: start regularizing model pwt
I0422 18:43:46.537895  2872 processor.cc:74] No data in processing queue, waiting...
I0422 18:43:46.593884  7616 master_component.cc:1041] MasterComponent: complete regularizing model pwt
I0422 18:43:46.593884  7616 master_component.cc:1509] NormalizeModelArgs: pwt_target_name=pwt, nwt_source_name=nwt, rwt_source_name=rwt
I0422 18:43:46.593884  7616 master_component.cc:1045] MasterComponent: start normalizing model nwt
I0422 18:43:46.642876  7616 master_component.cc:1084] MasterComponent: complete normalizing model nwt
I0422 18:43:46.720362  7616 master_component.cc:1533] DisposeModel rwt
I0422 18:43:46.728860  7616 master_component.cc:1112] FitOffline: ItemsProcessed, num_items=1728, num_batches=2, token_weight=808522, token_weight_in_effect=808522
I0422 18:43:46.728860  7616 c_interface.cc:389] Pass FitOfflineMasterModelArgs, batch_filename_size=2, batch_weight_size=2, num_collection_passes=1, reset_nwt=yes to void (__cdecl artm::core::MasterComponent::*)(class artm::FitOfflineMasterModelArgs const & __ptr64) __ptr64
I0422 18:43:46.728860  7616 master_component.cc:1458] ProcessBatchesArgs: nwt_target_name=nwt, batch_filename_size=2, batch_size=0, batch_weight_size=2, pwt_source_name=pwt, num_document_passes=1, regularizer=(name:smooth, tau:100000), regularizer=(name:sparse, tau:-100000), reuse_theta=no, opt_for_avx=yes, predict_class_id=, reset_nwt=yes
I0422 18:43:46.748855  4176 processor.cc:81] Processing queue has data, processing started
I0422 18:43:46.750855  4408 processor.cc:81] Processing queue has data, processing started
I0422 18:43:46.766852  4176 processor.cc:158] Processor: start processing batch 5579a9d0-d4b7-451f-8cd0-c119624c2230 into model nwt
I0422 18:43:46.784849  4408 processor.cc:158] Processor: start processing batch b5482388-46c6-4ae6-afa0-16d0172da7a5 into model nwt
I0422 18:43:46.983311  4176 processor.cc:293] Processor: complete processing batch 5579a9d0-d4b7-451f-8cd0-c119624c2230 into model nwt
I0422 18:43:46.985810  4176 cuckoo_watch.h:45] 237ms in ProcessBatch(batches\aaaaaa.batch) [including 18ms in LoadMessage; 0ms in InitializeTheta; 0ms in CreateRegularizerAgents; 14ms in InitializeSparseNdw; 89ms in InferThetaAndUpdateNwtSparse; 111ms in CalculateScore(^^^ItemsProcessedScore^^^); ]
I0422 18:43:47.020803  4176 processor.cc:74] No data in processing queue, waiting...
I0422 18:43:47.225268  4408 processor.cc:293] Processor: complete processing batch b5482388-46c6-4ae6-afa0-16d0172da7a5 into model nwt
I0422 18:43:47.229766  4408 cuckoo_watch.h:45] 478ms in ProcessBatch(batches\aaaaab.batch) [including 34ms in LoadMessage; 0ms in InitializeTheta; 0ms in CreateRegularizerAgents; 35ms in InitializeSparseNdw; 179ms in InferThetaAndUpdateNwtSparse; 224ms in CalculateScore(^^^ItemsProcessedScore^^^); ]
I0422 18:43:47.230265  7616 master_component.cc:1496] RegularizeModelArgs: rwt_target_name=rwt, pwt_source_name=pwt, nwt_source_name=nwt
I0422 18:43:47.230265  7616 master_component.cc:1013] MasterComponent: start regularizing model pwt
I0422 18:43:47.264258  4408 processor.cc:74] No data in processing queue, waiting...
I0422 18:43:47.323249  7616 master_component.cc:1041] MasterComponent: complete regularizing model pwt
I0422 18:43:47.323249  7616 master_component.cc:1509] NormalizeModelArgs: pwt_target_name=pwt, nwt_source_name=nwt, rwt_source_name=rwt
I0422 18:43:47.323249  7616 master_component.cc:1045] MasterComponent: start normalizing model nwt
I0422 18:43:47.371739  7616 master_component.cc:1084] MasterComponent: complete normalizing model nwt
I0422 18:43:47.449223  7616 master_component.cc:1533] DisposeModel rwt
I0422 18:43:47.457721  7616 master_component.cc:1112] FitOffline: ItemsProcessed, num_items=1728, num_batches=2, token_weight=808522, token_weight_in_effect=808522
I0422 18:44:15.778981  7616 c_interface.cc:231] ArtmCopyRequestedMessage is copying 8264450 bytes...
I0422 18:44:16.188905  7616 c_interface.cc:231] ArtmCopyRequestedMessage is copying 9620091 bytes...
I0422 18:45:14.244628  7616 c_interface.cc:389] Pass FitOfflineMasterModelArgs, batch_filename_size=2, batch_weight_size=2, num_collection_passes=1, reset_nwt=yes to void (__cdecl artm::core::MasterComponent::*)(class artm::FitOfflineMasterModelArgs const & __ptr64) __ptr64
I0422 18:45:14.244628  7616 master_component.cc:1458] ProcessBatchesArgs: nwt_target_name=nwt, batch_filename_size=2, batch_size=0, batch_weight_size=2, pwt_source_name=pwt, num_document_passes=1, regularizer=(name:smooth, tau:100000), regularizer=(name:sparse, tau:-100000), reuse_theta=no, opt_for_avx=yes, predict_class_id=, reset_nwt=yes
I0422 18:45:14.266623  1108 processor.cc:81] Processing queue has data, processing started
I0422 18:45:14.266623  2872 processor.cc:81] Processing queue has data, processing started
I0422 18:45:14.286120  1108 processor.cc:158] Processor: start processing batch 5579a9d0-d4b7-451f-8cd0-c119624c2230 into model nwt
I0422 18:45:14.302618  2872 processor.cc:158] Processor: start processing batch b5482388-46c6-4ae6-afa0-16d0172da7a5 into model nwt
I0422 18:45:14.501581  1108 processor.cc:293] Processor: complete processing batch 5579a9d0-d4b7-451f-8cd0-c119624c2230 into model nwt
I0422 18:45:14.504081  1108 cuckoo_watch.h:45] 237ms in ProcessBatch(batches\aaaaaa.batch) [including 19ms in LoadMessage; 0ms in InitializeTheta; 0ms in CreateRegularizerAgents; 14ms in InitializeSparseNdw; 89ms in InferThetaAndUpdateNwtSparse; 111ms in CalculateScore(^^^ItemsProcessedScore^^^); ]
I0422 18:45:14.540571  1108 processor.cc:74] No data in processing queue, waiting...
I0422 18:45:14.726037  2872 processor.cc:293] Processor: complete processing batch b5482388-46c6-4ae6-afa0-16d0172da7a5 into model nwt
I0422 18:45:14.729537  2872 cuckoo_watch.h:45] 462ms in ProcessBatch(batches\aaaaab.batch) [including 35ms in LoadMessage; 0ms in InitializeTheta; 0ms in CreateRegularizerAgents; 34ms in InitializeSparseNdw; 177ms in InferThetaAndUpdateNwtSparse; 210ms in CalculateScore(^^^ItemsProcessedScore^^^); ]
I0422 18:45:14.730036  7616 master_component.cc:1496] RegularizeModelArgs: rwt_target_name=rwt, pwt_source_name=pwt, nwt_source_name=nwt
I0422 18:45:14.730036  7616 master_component.cc:1013] MasterComponent: start regularizing model pwt
I0422 18:45:14.754034  2872 processor.cc:74] No data in processing queue, waiting...
I0422 18:45:14.823518  7616 master_component.cc:1041] MasterComponent: complete regularizing model pwt
I0422 18:45:14.823518  7616 master_component.cc:1509] NormalizeModelArgs: pwt_target_name=pwt, nwt_source_name=nwt, rwt_source_name=rwt
I0422 18:45:14.823518  7616 master_component.cc:1045] MasterComponent: start normalizing model nwt
I0422 18:45:14.872510  7616 master_component.cc:1084] MasterComponent: complete normalizing model nwt
I0422 18:45:14.948997  7616 master_component.cc:1533] DisposeModel rwt
I0422 18:45:14.957494  7616 master_component.cc:1112] FitOffline: ItemsProcessed, num_items=1728, num_batches=2, token_weight=808522, token_weight_in_effect=808522
I0422 18:45:14.957494  7616 c_interface.cc:389] Pass FitOfflineMasterModelArgs, batch_filename_size=2, batch_weight_size=2, num_collection_passes=1, reset_nwt=yes to void (__cdecl artm::core::MasterComponent::*)(class artm::FitOfflineMasterModelArgs const & __ptr64) __ptr64
I0422 18:45:14.957494  7616 master_component.cc:1458] ProcessBatchesArgs: nwt_target_name=nwt, batch_filename_size=2, batch_size=0, batch_weight_size=2, pwt_source_name=pwt, num_document_passes=1, regularizer=(name:smooth, tau:100000), regularizer=(name:sparse, tau:-100000), reuse_theta=no, opt_for_avx=yes, predict_class_id=, reset_nwt=yes
I0422 18:45:14.977495  2872 processor.cc:81] Processing queue has data, processing started
I0422 18:45:14.979492  1108 processor.cc:81] Processing queue has data, processing started
I0422 18:45:14.995486  2872 processor.cc:158] Processor: start processing batch 5579a9d0-d4b7-451f-8cd0-c119624c2230 into model nwt
I0422 18:45:15.013983  1108 processor.cc:158] Processor: start processing batch b5482388-46c6-4ae6-afa0-16d0172da7a5 into model nwt
I0422 18:45:15.207474  2872 processor.cc:293] Processor: complete processing batch 5579a9d0-d4b7-451f-8cd0-c119624c2230 into model nwt
I0422 18:45:15.209946  2872 cuckoo_watch.h:45] 232ms in ProcessBatch(batches\aaaaaa.batch) [including 18ms in LoadMessage; 0ms in InitializeTheta; 0ms in CreateRegularizerAgents; 14ms in InitializeSparseNdw; 87ms in InferThetaAndUpdateNwtSparse; 109ms in CalculateScore(^^^ItemsProcessedScore^^^); ]
I0422 18:45:15.277434  2872 processor.cc:74] No data in processing queue, waiting...
I0422 18:45:15.437404  1108 processor.cc:293] Processor: complete processing batch b5482388-46c6-4ae6-afa0-16d0172da7a5 into model nwt
I0422 18:45:15.440901  1108 cuckoo_watch.h:45] 461ms in ProcessBatch(batches\aaaaab.batch) [including 34ms in LoadMessage; 0ms in InitializeTheta; 0ms in CreateRegularizerAgents; 33ms in InitializeSparseNdw; 176ms in InferThetaAndUpdateNwtSparse; 212ms in CalculateScore(^^^ItemsProcessedScore^^^); ]
I0422 18:45:15.442402  7616 master_component.cc:1496] RegularizeModelArgs: rwt_target_name=rwt, pwt_source_name=pwt, nwt_source_name=nwt
I0422 18:45:15.442402  7616 master_component.cc:1013] MasterComponent: start regularizing model pwt
I0422 18:45:15.474396  1108 processor.cc:74] No data in processing queue, waiting...
I0422 18:45:15.535385  7616 master_component.cc:1041] MasterComponent: complete regularizing model pwt
I0422 18:45:15.535385  7616 master_component.cc:1509] NormalizeModelArgs: pwt_target_name=pwt, nwt_source_name=nwt, rwt_source_name=rwt
I0422 18:45:15.535385  7616 master_component.cc:1045] MasterComponent: start normalizing model nwt
I0422 18:45:15.584375  7616 master_component.cc:1084] MasterComponent: complete normalizing model nwt
I0422 18:45:15.661361  7616 master_component.cc:1533] DisposeModel rwt
I0422 18:45:15.669858  7616 master_component.cc:1112] FitOffline: ItemsProcessed, num_items=1728, num_batches=2, token_weight=808522, token_weight_in_effect=808522
I0422 18:45:15.670358  7616 c_interface.cc:389] Pass FitOfflineMasterModelArgs, batch_filename_size=2, batch_weight_size=2, num_collection_passes=1, reset_nwt=yes to void (__cdecl artm::core::MasterComponent::*)(class artm::FitOfflineMasterModelArgs const & __ptr64) __ptr64
I0422 18:45:15.670358  7616 master_component.cc:1458] ProcessBatchesArgs: nwt_target_name=nwt, batch_filename_size=2, batch_size=0, batch_weight_size=2, pwt_source_name=pwt, num_document_passes=1, regularizer=(name:smooth, tau:100000), regularizer=(name:sparse, tau:-100000), reuse_theta=no, opt_for_avx=yes, predict_class_id=, reset_nwt=yes
I0422 18:45:15.690356  1108 processor.cc:81] Processing queue has data, processing started
I0422 18:45:15.690356  4408 processor.cc:81] Processing queue has data, processing started
I0422 18:45:15.708851  4408 processor.cc:158] Processor: start processing batch 5579a9d0-d4b7-451f-8cd0-c119624c2230 into model nwt
I0422 18:45:15.723850  1108 processor.cc:158] Processor: start processing batch b5482388-46c6-4ae6-afa0-16d0172da7a5 into model nwt
I0422 18:45:15.920811  4408 processor.cc:293] Processor: complete processing batch 5579a9d0-d4b7-451f-8cd0-c119624c2230 into model nwt
I0422 18:45:15.923314  4408 cuckoo_watch.h:45] 232ms in ProcessBatch(batches\aaaaaa.batch) [including 18ms in LoadMessage; 0ms in InitializeTheta; 0ms in CreateRegularizerAgents; 14ms in InitializeSparseNdw; 88ms in InferThetaAndUpdateNwtSparse; 109ms in CalculateScore(^^^ItemsProcessedScore^^^); ]
I0422 18:45:15.953306  4408 processor.cc:74] No data in processing queue, waiting...
I0422 18:45:16.159269  1108 processor.cc:293] Processor: complete processing batch b5482388-46c6-4ae6-afa0-16d0172da7a5 into model nwt
I0422 18:45:16.162770  1108 cuckoo_watch.h:45] 472ms in ProcessBatch(batches\aaaaab.batch) [including 33ms in LoadMessage; 0ms in InitializeTheta; 0ms in CreateRegularizerAgents; 34ms in InitializeSparseNdw; 181ms in InferThetaAndUpdateNwtSparse; 218ms in CalculateScore(^^^ItemsProcessedScore^^^); ]
I0422 18:45:16.164268  7616 master_component.cc:1496] RegularizeModelArgs: rwt_target_name=rwt, pwt_source_name=pwt, nwt_source_name=nwt
I0422 18:45:16.164268  7616 master_component.cc:1013] MasterComponent: start regularizing model pwt
I0422 18:45:16.188263  1108 processor.cc:74] No data in processing queue, waiting...
I0422 18:45:16.256248  7616 master_component.cc:1041] MasterComponent: complete regularizing model pwt
I0422 18:45:16.256248  7616 master_component.cc:1509] NormalizeModelArgs: pwt_target_name=pwt, nwt_source_name=nwt, rwt_source_name=rwt
I0422 18:45:16.256248  7616 master_component.cc:1045] MasterComponent: start normalizing model nwt
I0422 18:45:16.305241  7616 master_component.cc:1084] MasterComponent: complete normalizing model nwt
I0422 18:45:16.382226  7616 master_component.cc:1533] DisposeModel rwt
I0422 18:45:16.390723  7616 master_component.cc:1112] FitOffline: ItemsProcessed, num_items=1728, num_batches=2, token_weight=808522, token_weight_in_effect=808522
I0422 18:45:16.391227  7616 c_interface.cc:389] Pass FitOfflineMasterModelArgs, batch_filename_size=2, batch_weight_size=2, num_collection_passes=1, reset_nwt=yes to void (__cdecl artm::core::MasterComponent::*)(class artm::FitOfflineMasterModelArgs const & __ptr64) __ptr64
I0422 18:45:16.391227  7616 master_component.cc:1458] ProcessBatchesArgs: nwt_target_name=nwt, batch_filename_size=2, batch_size=0, batch_weight_size=2, pwt_source_name=pwt, num_document_passes=1, regularizer=(name:smooth, tau:100000), regularizer=(name:sparse, tau:-100000), reuse_theta=no, opt_for_avx=yes, predict_class_id=, reset_nwt=yes
I0422 18:45:16.411720  2872 processor.cc:81] Processing queue has data, processing started
I0422 18:45:16.411720  4176 processor.cc:81] Processing queue has data, processing started
I0422 18:45:16.429718  2872 processor.cc:158] Processor: start processing batch 5579a9d0-d4b7-451f-8cd0-c119624c2230 into model nwt
I0422 18:45:16.445215  4176 processor.cc:158] Processor: start processing batch b5482388-46c6-4ae6-afa0-16d0172da7a5 into model nwt
I0422 18:45:16.647676  2872 processor.cc:293] Processor: complete processing batch 5579a9d0-d4b7-451f-8cd0-c119624c2230 into model nwt
I0422 18:45:16.650177  2872 cuckoo_watch.h:45] 238ms in ProcessBatch(batches\aaaaaa.batch) [including 18ms in LoadMessage; 0ms in InitializeTheta; 0ms in CreateRegularizerAgents; 13ms in InitializeSparseNdw; 89ms in InferThetaAndUpdateNwtSparse; 114ms in CalculateScore(^^^ItemsProcessedScore^^^); ]
I0422 18:45:16.677671  2872 processor.cc:74] No data in processing queue, waiting...
I0422 18:45:16.870636  4176 processor.cc:293] Processor: complete processing batch b5482388-46c6-4ae6-afa0-16d0172da7a5 into model nwt
I0422 18:45:16.874135  4176 cuckoo_watch.h:45] 462ms in ProcessBatch(batches\aaaaab.batch) [including 33ms in LoadMessage; 0ms in InitializeTheta; 0ms in CreateRegularizerAgents; 34ms in InitializeSparseNdw; 178ms in InferThetaAndUpdateNwtSparse; 212ms in CalculateScore(^^^ItemsProcessedScore^^^); ]
I0422 18:45:16.876133  7616 master_component.cc:1496] RegularizeModelArgs: rwt_target_name=rwt, pwt_source_name=pwt, nwt_source_name=nwt
I0422 18:45:16.876133  7616 master_component.cc:1013] MasterComponent: start regularizing model pwt
I0422 18:45:16.904127  4176 processor.cc:74] No data in processing queue, waiting...
I0422 18:45:16.968617  7616 master_component.cc:1041] MasterComponent: complete regularizing model pwt
I0422 18:45:16.968617  7616 master_component.cc:1509] NormalizeModelArgs: pwt_target_name=pwt, nwt_source_name=nwt, rwt_source_name=rwt
I0422 18:45:16.968617  7616 master_component.cc:1045] MasterComponent: start normalizing model nwt
I0422 18:45:17.017608  7616 master_component.cc:1084] MasterComponent: complete normalizing model nwt
I0422 18:45:17.095592  7616 master_component.cc:1533] DisposeModel rwt
I0422 18:45:17.104089  7616 master_component.cc:1112] FitOffline: ItemsProcessed, num_items=1728, num_batches=2, token_weight=808522, token_weight_in_effect=808522
I0422 18:45:17.104593  7616 c_interface.cc:389] Pass FitOfflineMasterModelArgs, batch_filename_size=2, batch_weight_size=2, num_collection_passes=1, reset_nwt=yes to void (__cdecl artm::core::MasterComponent::*)(class artm::FitOfflineMasterModelArgs const & __ptr64) __ptr64
I0422 18:45:17.104593  7616 master_component.cc:1458] ProcessBatchesArgs: nwt_target_name=nwt, batch_filename_size=2, batch_size=0, batch_weight_size=2, pwt_source_name=pwt, num_document_passes=1, regularizer=(name:smooth, tau:100000), regularizer=(name:sparse, tau:-100000), reuse_theta=no, opt_for_avx=yes, predict_class_id=, reset_nwt=yes
I0422 18:45:17.124087  4408 processor.cc:81] Processing queue has data, processing started
I0422 18:45:17.126085  4176 processor.cc:81] Processing queue has data, processing started
I0422 18:45:17.142086  4408 processor.cc:158] Processor: start processing batch 5579a9d0-d4b7-451f-8cd0-c119624c2230 into model nwt
I0422 18:45:17.159080  4176 processor.cc:158] Processor: start processing batch b5482388-46c6-4ae6-afa0-16d0172da7a5 into model nwt
I0422 18:45:17.353543  4408 processor.cc:293] Processor: complete processing batch 5579a9d0-d4b7-451f-8cd0-c119624c2230 into model nwt
I0422 18:45:17.356045  4408 cuckoo_watch.h:45] 231ms in ProcessBatch(batches\aaaaaa.batch) [including 18ms in LoadMessage; 0ms in InitializeTheta; 0ms in CreateRegularizerAgents; 14ms in InitializeSparseNdw; 89ms in InferThetaAndUpdateNwtSparse; 107ms in CalculateScore(^^^ItemsProcessedScore^^^); ]
I0422 18:45:17.387537  4408 processor.cc:74] No data in processing queue, waiting...
I0422 18:45:17.576504  4176 processor.cc:293] Processor: complete processing batch b5482388-46c6-4ae6-afa0-16d0172da7a5 into model nwt
I0422 18:45:17.580001  4176 cuckoo_watch.h:45] 454ms in ProcessBatch(batches\aaaaab.batch) [including 33ms in LoadMessage; 0ms in InitializeTheta; 0ms in CreateRegularizerAgents; 34ms in InitializeSparseNdw; 176ms in InferThetaAndUpdateNwtSparse; 205ms in CalculateScore(^^^ItemsProcessedScore^^^); ]
I0422 18:45:17.581501  7616 master_component.cc:1496] RegularizeModelArgs: rwt_target_name=rwt, pwt_source_name=pwt, nwt_source_name=nwt
I0422 18:45:17.581501  7616 master_component.cc:1013] MasterComponent: start regularizing model pwt
I0422 18:45:17.615994  4176 processor.cc:74] No data in processing queue, waiting...
I0422 18:45:17.672484  7616 master_component.cc:1041] MasterComponent: complete regularizing model pwt
I0422 18:45:17.672484  7616 master_component.cc:1509] NormalizeModelArgs: pwt_target_name=pwt, nwt_source_name=nwt, rwt_source_name=rwt
I0422 18:45:17.672484  7616 master_component.cc:1045] MasterComponent: start normalizing model nwt
I0422 18:45:17.721477  7616 master_component.cc:1084] MasterComponent: complete normalizing model nwt
I0422 18:45:17.800961  7616 master_component.cc:1533] DisposeModel rwt
I0422 18:45:17.809458  7616 master_component.cc:1112] FitOffline: ItemsProcessed, num_items=1728, num_batches=2, token_weight=808522, token_weight_in_effect=808522
I0422 18:45:17.809458  7616 c_interface.cc:389] Pass FitOfflineMasterModelArgs, batch_filename_size=2, batch_weight_size=2, num_collection_passes=1, reset_nwt=yes to void (__cdecl artm::core::MasterComponent::*)(class artm::FitOfflineMasterModelArgs const & __ptr64) __ptr64
I0422 18:45:17.809458  7616 master_component.cc:1458] ProcessBatchesArgs: nwt_target_name=nwt, batch_filename_size=2, batch_size=0, batch_weight_size=2, pwt_source_name=pwt, num_document_passes=1, regularizer=(name:smooth, tau:100000), regularizer=(name:sparse, tau:-100000), reuse_theta=no, opt_for_avx=yes, predict_class_id=, reset_nwt=yes
I0422 18:45:17.829454  4176 processor.cc:81] Processing queue has data, processing started
I0422 18:45:17.831454  1108 processor.cc:81] Processing queue has data, processing started
I0422 18:45:17.847450  4176 processor.cc:158] Processor: start processing batch 5579a9d0-d4b7-451f-8cd0-c119624c2230 into model nwt
I0422 18:45:17.864948  1108 processor.cc:158] Processor: start processing batch b5482388-46c6-4ae6-afa0-16d0172da7a5 into model nwt
I0422 18:45:18.060410  4176 processor.cc:293] Processor: complete processing batch 5579a9d0-d4b7-451f-8cd0-c119624c2230 into model nwt
I0422 18:45:18.062911  4176 cuckoo_watch.h:45] 233ms in ProcessBatch(batches\aaaaaa.batch) [including 18ms in LoadMessage; 0ms in InitializeTheta; 0ms in CreateRegularizerAgents; 13ms in InitializeSparseNdw; 88ms in InferThetaAndUpdateNwtSparse; 110ms in CalculateScore(^^^ItemsProcessedScore^^^); ]
I0422 18:45:18.097904  4176 processor.cc:74] No data in processing queue, waiting...
I0422 18:45:18.289369  1108 processor.cc:293] Processor: complete processing batch b5482388-46c6-4ae6-afa0-16d0172da7a5 into model nwt
I0422 18:45:18.292868  1108 cuckoo_watch.h:45] 461ms in ProcessBatch(batches\aaaaab.batch) [including 33ms in LoadMessage; 0ms in InitializeTheta; 0ms in CreateRegularizerAgents; 34ms in InitializeSparseNdw; 180ms in InferThetaAndUpdateNwtSparse; 209ms in CalculateScore(^^^ItemsProcessedScore^^^); ]
I0422 18:45:18.293867  7616 master_component.cc:1496] RegularizeModelArgs: rwt_target_name=rwt, pwt_source_name=pwt, nwt_source_name=nwt
I0422 18:45:18.293867  7616 master_component.cc:1013] MasterComponent: start regularizing model pwt
I0422 18:45:18.323861  1108 processor.cc:74] No data in processing queue, waiting...
I0422 18:45:18.386350  7616 master_component.cc:1041] MasterComponent: complete regularizing model pwt
I0422 18:45:18.386350  7616 master_component.cc:1509] NormalizeModelArgs: pwt_target_name=pwt, nwt_source_name=nwt, rwt_source_name=rwt
I0422 18:45:18.386350  7616 master_component.cc:1045] MasterComponent: start normalizing model nwt
I0422 18:45:18.434839  7616 master_component.cc:1084] MasterComponent: complete normalizing model nwt
I0422 18:45:18.512326  7616 master_component.cc:1533] DisposeModel rwt
I0422 18:45:18.520823  7616 master_component.cc:1112] FitOffline: ItemsProcessed, num_items=1728, num_batches=2, token_weight=808522, token_weight_in_effect=808522
I0422 18:45:18.520823  7616 c_interface.cc:389] Pass FitOfflineMasterModelArgs, batch_filename_size=2, batch_weight_size=2, num_collection_passes=1, reset_nwt=yes to void (__cdecl artm::core::MasterComponent::*)(class artm::FitOfflineMasterModelArgs const & __ptr64) __ptr64
I0422 18:45:18.520823  7616 master_component.cc:1458] ProcessBatchesArgs: nwt_target_name=nwt, batch_filename_size=2, batch_size=0, batch_weight_size=2, pwt_source_name=pwt, num_document_passes=1, regularizer=(name:smooth, tau:100000), regularizer=(name:sparse, tau:-100000), reuse_theta=no, opt_for_avx=yes, predict_class_id=, reset_nwt=yes
I0422 18:45:18.541321  4408 processor.cc:81] Processing queue has data, processing started
I0422 18:45:18.541321  4176 processor.cc:81] Processing queue has data, processing started
I0422 18:45:18.559819  4408 processor.cc:158] Processor: start processing batch 5579a9d0-d4b7-451f-8cd0-c119624c2230 into model nwt
I0422 18:45:18.574816  4176 processor.cc:158] Processor: start processing batch b5482388-46c6-4ae6-afa0-16d0172da7a5 into model nwt
I0422 18:45:18.771278  4408 processor.cc:293] Processor: complete processing batch 5579a9d0-d4b7-451f-8cd0-c119624c2230 into model nwt
I0422 18:45:18.773777  4408 cuckoo_watch.h:45] 232ms in ProcessBatch(batches\aaaaaa.batch) [including 18ms in LoadMessage; 0ms in InitializeTheta; 0ms in CreateRegularizerAgents; 14ms in InitializeSparseNdw; 88ms in InferThetaAndUpdateNwtSparse; 109ms in CalculateScore(^^^ItemsProcessedScore^^^); ]
I0422 18:45:18.803272  4408 processor.cc:74] No data in processing queue, waiting...
I0422 18:45:19.006736  4176 processor.cc:293] Processor: complete processing batch b5482388-46c6-4ae6-afa0-16d0172da7a5 into model nwt
I0422 18:45:19.010233  4176 cuckoo_watch.h:45] 469ms in ProcessBatch(batches\aaaaab.batch) [including 33ms in LoadMessage; 0ms in InitializeTheta; 0ms in CreateRegularizerAgents; 34ms in InitializeSparseNdw; 180ms in InferThetaAndUpdateNwtSparse; 216ms in CalculateScore(^^^ItemsProcessedScore^^^); ]
I0422 18:45:19.011732  7616 master_component.cc:1496] RegularizeModelArgs: rwt_target_name=rwt, pwt_source_name=pwt, nwt_source_name=nwt
I0422 18:45:19.011732  7616 master_component.cc:1013] MasterComponent: start regularizing model pwt
I0422 18:45:19.046727  4176 processor.cc:74] No data in processing queue, waiting...
I0422 18:45:19.102715  7616 master_component.cc:1041] MasterComponent: complete regularizing model pwt
I0422 18:45:19.102715  7616 master_component.cc:1509] NormalizeModelArgs: pwt_target_name=pwt, nwt_source_name=nwt, rwt_source_name=rwt
I0422 18:45:19.102715  7616 master_component.cc:1045] MasterComponent: start normalizing model nwt
I0422 18:45:19.151206  7616 master_component.cc:1084] MasterComponent: complete normalizing model nwt
I0422 18:45:19.229192  7616 master_component.cc:1533] DisposeModel rwt
I0422 18:45:19.238193  7616 master_component.cc:1112] FitOffline: ItemsProcessed, num_items=1728, num_batches=2, token_weight=808522, token_weight_in_effect=808522
I0422 18:45:19.238193  7616 c_interface.cc:389] Pass FitOfflineMasterModelArgs, batch_filename_size=2, batch_weight_size=2, num_collection_passes=1, reset_nwt=yes to void (__cdecl artm::core::MasterComponent::*)(class artm::FitOfflineMasterModelArgs const & __ptr64) __ptr64
I0422 18:45:19.238690  7616 master_component.cc:1458] ProcessBatchesArgs: nwt_target_name=nwt, batch_filename_size=2, batch_size=0, batch_weight_size=2, pwt_source_name=pwt, num_document_passes=1, regularizer=(name:smooth, tau:100000), regularizer=(name:sparse, tau:-100000), reuse_theta=no, opt_for_avx=yes, predict_class_id=, reset_nwt=yes
I0422 18:45:19.259198  4176 processor.cc:81] Processing queue has data, processing started
I0422 18:45:19.259198  4408 processor.cc:81] Processing queue has data, processing started
