Log file created at: 2020/04/22 18:52:33
Running on machine: MAIN-PC
Log line format: [IWEF]mmdd hh:mm:ss.uuuuuu threadid file:line] msg
I0422 18:52:33.981979  1248 c_interface.cc:127] Logging enabled to .
I0422 18:52:33.982479  1248 c_interface.cc:128] BigARTM version: v0.10.1
I0422 18:52:33.982479  1248 c_interface.cc:271] Pass MasterModelConfig: topic_name_size=0, score_config_size=1, num_processors=0, pwt_name=pwt, nwt_name=nwt, num_document_passes=0, reuse_theta=no, cache_theta=no, opt_for_avx=yes, disk_cache_path= to ArtmCreateMasterModel
I0422 18:52:33.982980  1248 c_interface.cc:274] Creating MasterModel (id=1)...
I0422 18:52:33.983479  1248 collection_parser.cc:771] CollectionParserConfig.num_threads is automatically set to 4
W0422 18:52:34.440917  5912 helpers.cc:231] File already exists: batches\aaaaaa.batch
W0422 18:52:34.999842 10488 helpers.cc:231] File already exists: batches\aaaaab.batch
I0422 18:52:35.079331  1248 c_interface.cc:375] Pass ea2275df-0edc-4d42-9006-0515b3ad92c0 to void (__cdecl artm::core::MasterComponent::*)(class std::basic_string<char,struct std::char_traits<char>,class std::allocator<char> > const & __ptr64) __ptr64
I0422 18:52:35.079331  1248 c_interface.cc:389] Pass GatherDictionaryArgs: dictionary_target_name=ea2275df-0edc-4d42-9006-0515b3ad92c0, data_path=batches, symmetric_cooc_values=0 to void (__cdecl artm::core::MasterComponent::*)(class artm::GatherDictionaryArgs const & __ptr64) __ptr64
I0422 18:52:35.079331  1248 dictionary_operations.cc:265] Found 2 batches in 'batches' folder
I0422 18:52:35.221312  1248 dictionary_operations.cc:331] Find 26866 unique tokens in 1728 items
I0422 18:52:35.273806  1248 dictionary_operations.cc:611] Dictionary name='ea2275df-0edc-4d42-9006-0515b3ad92c0' contains entries: author:539; text:26327; 
I0422 18:52:41.163938  1248 c_interface.cc:271] Pass MasterModelConfig: topic_name_size=30, score_config_size=1, num_processors=0, pwt_name=pwt, nwt_name=nwt, num_document_passes=1, reuse_theta=no, cache_theta=no, opt_for_avx=yes, disk_cache_path= to ArtmCreateMasterModel
I0422 18:52:41.164436  1248 instance.cc:401] MasterModelConfig.processors_count is automatically set to 4
I0422 18:52:41.164436  1248 c_interface.cc:274] Creating MasterModel (id=2)...
I0422 18:52:41.164436  1248 c_interface.cc:375] Pass pwt to void (__cdecl artm::core::MasterComponent::*)(class std::basic_string<char,struct std::char_traits<char>,class std::allocator<char> > const & __ptr64) __ptr64
I0422 18:52:41.164436  1248 c_interface.cc:375] Pass nwt to void (__cdecl artm::core::MasterComponent::*)(class std::basic_string<char,struct std::char_traits<char>,class std::allocator<char> > const & __ptr64) __ptr64
I0422 18:52:41.164937  1248 c_interface.cc:389] Pass InitializeModelArgs: model_name=pwt, dictionary_name=ea2275df-0edc-4d42-9006-0515b3ad92c0, topic_name_size=30, seed=1 to void (__cdecl artm::core::MasterComponent::*)(class artm::InitializeModelArgs const & __ptr64) __ptr64
I0422 18:52:41.166936  7944 processor.cc:58] Processor thread started
I0422 18:52:41.167435  5180 processor.cc:58] Processor thread started
I0422 18:52:41.167435  4776 processor.cc:58] Processor thread started
I0422 18:52:41.167435  3416 processor.cc:58] Processor thread started
I0422 18:52:41.200932  4776 processor.cc:74] No data in processing queue, waiting...
I0422 18:52:41.200932  3416 processor.cc:74] No data in processing queue, waiting...
I0422 18:52:41.200932  5180 processor.cc:74] No data in processing queue, waiting...
I0422 18:52:41.200932  7944 processor.cc:74] No data in processing queue, waiting...
I0422 18:52:41.325415  1248 master_component.cc:699] InitializeModel() created matrix pwt with 30 topics and 26866 tokens; 
I0422 18:52:41.325415  1248 c_interface.cc:389] Pass InitializeModelArgs: model_name=nwt, dictionary_name=ea2275df-0edc-4d42-9006-0515b3ad92c0, topic_name_size=30, seed=1 to void (__cdecl artm::core::MasterComponent::*)(class artm::InitializeModelArgs const & __ptr64) __ptr64
I0422 18:52:41.483892  1248 master_component.cc:699] InitializeModel() created matrix nwt with 30 topics and 26866 tokens; 
I0422 18:52:41.483892  1248 c_interface.cc:231] ArtmCopyRequestedMessage is copying 309 bytes...
I0422 18:52:44.490559  1248 c_interface.cc:389] Pass MasterModelConfig: topic_name_size=30, score_config_size=2, num_processors=0, pwt_name=pwt, nwt_name=nwt, num_document_passes=1, reuse_theta=no, cache_theta=no, opt_for_avx=yes, disk_cache_path= to void (__cdecl artm::core::MasterComponent::*)(class artm::MasterModelConfig const & __ptr64) __ptr64
I0422 18:52:44.490559  1248 instance.cc:401] MasterModelConfig.processors_count is automatically set to 4
I0422 18:52:44.491058  1248 c_interface.cc:389] Pass MasterModelConfig: topic_name_size=30, score_config_size=3, num_processors=0, pwt_name=pwt, nwt_name=nwt, num_document_passes=1, reuse_theta=no, cache_theta=no, opt_for_avx=yes, disk_cache_path= to void (__cdecl artm::core::MasterComponent::*)(class artm::MasterModelConfig const & __ptr64) __ptr64
I0422 18:52:44.491058  1248 instance.cc:401] MasterModelConfig.processors_count is automatically set to 4
I0422 18:52:48.560616  1248 c_interface.cc:389] Pass MasterModelConfig: topic_name_size=30, score_config_size=3, num_processors=0, pwt_name=pwt, nwt_name=nwt, num_document_passes=1, regularizer=(smooth:100000), reuse_theta=no, cache_theta=no, opt_for_avx=yes, disk_cache_path= to void (__cdecl artm::core::MasterComponent::*)(class artm::MasterModelConfig const & __ptr64) __ptr64
I0422 18:52:48.560616  1248 instance.cc:401] MasterModelConfig.processors_count is automatically set to 4
I0422 18:52:48.561115  1248 instance.cc:232] Regularizer 'smooth' was cold-reconfigured
I0422 18:53:02.175621  1248 c_interface.cc:389] Pass MasterModelConfig: topic_name_size=30, score_config_size=3, num_processors=0, pwt_name=pwt, nwt_name=nwt, num_document_passes=1, regularizer=(smooth:100000), reuse_theta=no, cache_theta=no, opt_for_avx=yes, disk_cache_path= to void (__cdecl artm::core::MasterComponent::*)(class artm::MasterModelConfig const & __ptr64) __ptr64
I0422 18:53:02.175621  1248 instance.cc:401] MasterModelConfig.processors_count is automatically set to 4
I0422 18:53:02.175621  1248 instance.cc:232] Regularizer 'smooth' was cold-reconfigured
I0422 18:53:02.176120  1248 c_interface.cc:389] Pass MasterModelConfig: topic_name_size=30, score_config_size=3, num_processors=0, pwt_name=pwt, nwt_name=nwt, num_document_passes=1, regularizer=(smooth:100000), reuse_theta=no, cache_theta=no, opt_for_avx=yes, disk_cache_path= to void (__cdecl artm::core::MasterComponent::*)(class artm::MasterModelConfig const & __ptr64) __ptr64
I0422 18:53:02.176120  1248 instance.cc:401] MasterModelConfig.processors_count is automatically set to 4
I0422 18:53:02.176120  1248 instance.cc:232] Regularizer 'smooth' was cold-reconfigured
I0422 18:53:04.750277  1248 c_interface.cc:389] Pass MasterModelConfig: topic_name_size=30, score_config_size=3, num_processors=0, pwt_name=pwt, nwt_name=nwt, num_document_passes=1, regularizer=(smooth:100000), reuse_theta=no, cache_theta=no, opt_for_avx=yes, disk_cache_path= to void (__cdecl artm::core::MasterComponent::*)(class artm::MasterModelConfig const & __ptr64) __ptr64
I0422 18:53:04.750775  1248 instance.cc:401] MasterModelConfig.processors_count is automatically set to 4
I0422 18:53:04.750775  1248 instance.cc:232] Regularizer 'smooth' was cold-reconfigured
I0422 18:53:07.038971  1248 c_interface.cc:389] Pass FitOfflineMasterModelArgs, batch_filename_size=2, batch_weight_size=2, num_collection_passes=1, reset_nwt=yes to void (__cdecl artm::core::MasterComponent::*)(class artm::FitOfflineMasterModelArgs const & __ptr64) __ptr64
I0422 18:53:07.038971  1248 master_component.cc:1458] ProcessBatchesArgs: nwt_target_name=nwt, batch_filename_size=2, batch_size=0, batch_weight_size=2, pwt_source_name=pwt, num_document_passes=1, regularizer=(name:smooth, tau:100000), reuse_theta=no, opt_for_avx=yes, predict_class_id=, reset_nwt=yes
I0422 18:53:07.052467  1248 master_component.cc:863] Batches count (=2) is smaller than num processors (=4), which may cause suboptimal performance.
I0422 18:53:07.053970  5180 processor.cc:81] Processing queue has data, processing started
I0422 18:53:07.053970  3416 processor.cc:81] Processing queue has data, processing started
I0422 18:53:07.075465  5180 processor.cc:158] Processor: start processing batch 926c0b95-0db7-4538-a9b8-71c2c5868ff4 into model nwt
I0422 18:53:07.093963  3416 processor.cc:158] Processor: start processing batch 0950e135-51ab-4d25-9c13-70efd44013dd into model nwt
I0422 18:53:07.308938  5180 processor.cc:293] Processor: complete processing batch 926c0b95-0db7-4538-a9b8-71c2c5868ff4 into model nwt
I0422 18:53:07.312435  5180 cuckoo_watch.h:45] 258ms in ProcessBatch(batches\aaaaaa.batch) [including 21ms in LoadMessage; 0ms in InitializeTheta; 0ms in CreateRegularizerAgents; 15ms in InitializeSparseNdw; 106ms in InferThetaAndUpdateNwtSparse; 111ms in CalculateScore(^^^ItemsProcessedScore^^^); ]
I0422 18:53:07.343430  5180 processor.cc:74] No data in processing queue, waiting...
I0422 18:53:07.547403  3416 processor.cc:293] Processor: complete processing batch 0950e135-51ab-4d25-9c13-70efd44013dd into model nwt
I0422 18:53:07.552902  3416 cuckoo_watch.h:45] 499ms in ProcessBatch(batches\aaaaab.batch) [including 40ms in LoadMessage; 0ms in InitializeTheta; 0ms in CreateRegularizerAgents; 34ms in InitializeSparseNdw; 213ms in InferThetaAndUpdateNwtSparse; 204ms in CalculateScore(^^^ItemsProcessedScore^^^); ]
I0422 18:53:07.554401  1248 master_component.cc:1496] RegularizeModelArgs: rwt_target_name=rwt, pwt_source_name=pwt, nwt_source_name=nwt
I0422 18:53:07.554401  1248 master_component.cc:1013] MasterComponent: start regularizing model pwt
I0422 18:53:07.588397  3416 processor.cc:74] No data in processing queue, waiting...
I0422 18:53:07.620894  1248 master_component.cc:1041] MasterComponent: complete regularizing model pwt
I0422 18:53:07.620894  1248 master_component.cc:1509] NormalizeModelArgs: pwt_target_name=pwt, nwt_source_name=nwt, rwt_source_name=rwt
I0422 18:53:07.620894  1248 master_component.cc:1045] MasterComponent: start normalizing model nwt
I0422 18:53:07.649389  1248 master_component.cc:1084] MasterComponent: complete normalizing model nwt
I0422 18:53:07.759874  1248 master_component.cc:1533] DisposeModel rwt
I0422 18:53:07.768373  1248 master_component.cc:1112] FitOffline: ItemsProcessed, num_items=1728, num_batches=2, token_weight=808522, token_weight_in_effect=808522
I0422 18:53:07.768874  1248 c_interface.cc:389] Pass FitOfflineMasterModelArgs, batch_filename_size=2, batch_weight_size=2, num_collection_passes=1, reset_nwt=yes to void (__cdecl artm::core::MasterComponent::*)(class artm::FitOfflineMasterModelArgs const & __ptr64) __ptr64
I0422 18:53:07.768874  1248 master_component.cc:1458] ProcessBatchesArgs: nwt_target_name=nwt, batch_filename_size=2, batch_size=0, batch_weight_size=2, pwt_source_name=pwt, num_document_passes=1, regularizer=(name:smooth, tau:100000), reuse_theta=no, opt_for_avx=yes, predict_class_id=, reset_nwt=yes
I0422 18:53:07.784371  3416 processor.cc:81] Processing queue has data, processing started
I0422 18:53:07.784371  4776 processor.cc:81] Processing queue has data, processing started
I0422 18:53:07.804868  4776 processor.cc:158] Processor: start processing batch 926c0b95-0db7-4538-a9b8-71c2c5868ff4 into model nwt
I0422 18:53:07.821365  3416 processor.cc:158] Processor: start processing batch 0950e135-51ab-4d25-9c13-70efd44013dd into model nwt
I0422 18:53:08.042335  4776 processor.cc:293] Processor: complete processing batch 926c0b95-0db7-4538-a9b8-71c2c5868ff4 into model nwt
I0422 18:53:08.045334  4776 cuckoo_watch.h:45] 261ms in ProcessBatch(batches\aaaaaa.batch) [including 20ms in LoadMessage; 0ms in InitializeTheta; 0ms in CreateRegularizerAgents; 15ms in InitializeSparseNdw; 106ms in InferThetaAndUpdateNwtSparse; 114ms in CalculateScore(^^^ItemsProcessedScore^^^); ]
I0422 18:53:08.080332  4776 processor.cc:74] No data in processing queue, waiting...
I0422 18:53:08.303800  3416 processor.cc:293] Processor: complete processing batch 0950e135-51ab-4d25-9c13-70efd44013dd into model nwt
I0422 18:53:08.308801  3416 cuckoo_watch.h:45] 524ms in ProcessBatch(batches\aaaaab.batch) [including 37ms in LoadMessage; 0ms in InitializeTheta; 0ms in CreateRegularizerAgents; 34ms in InitializeSparseNdw; 224ms in InferThetaAndUpdateNwtSparse; 223ms in CalculateScore(^^^ItemsProcessedScore^^^); ]
I0422 18:53:08.309800  1248 master_component.cc:1496] RegularizeModelArgs: rwt_target_name=rwt, pwt_source_name=pwt, nwt_source_name=nwt
I0422 18:53:08.309800  1248 master_component.cc:1013] MasterComponent: start regularizing model pwt
I0422 18:53:08.342296  3416 processor.cc:74] No data in processing queue, waiting...
I0422 18:53:08.377790  1248 master_component.cc:1041] MasterComponent: complete regularizing model pwt
I0422 18:53:08.377790  1248 master_component.cc:1509] NormalizeModelArgs: pwt_target_name=pwt, nwt_source_name=nwt, rwt_source_name=rwt
I0422 18:53:08.377790  1248 master_component.cc:1045] MasterComponent: start normalizing model nwt
I0422 18:53:08.406790  1248 master_component.cc:1084] MasterComponent: complete normalizing model nwt
I0422 18:53:08.520771  1248 master_component.cc:1533] DisposeModel rwt
I0422 18:53:08.528772  1248 master_component.cc:1112] FitOffline: ItemsProcessed, num_items=1728, num_batches=2, token_weight=808522, token_weight_in_effect=808522
I0422 18:53:08.529271  1248 c_interface.cc:389] Pass FitOfflineMasterModelArgs, batch_filename_size=2, batch_weight_size=2, num_collection_passes=1, reset_nwt=yes to void (__cdecl artm::core::MasterComponent::*)(class artm::FitOfflineMasterModelArgs const & __ptr64) __ptr64
I0422 18:53:08.529271  1248 master_component.cc:1458] ProcessBatchesArgs: nwt_target_name=nwt, batch_filename_size=2, batch_size=0, batch_weight_size=2, pwt_source_name=pwt, num_document_passes=1, regularizer=(name:smooth, tau:100000), reuse_theta=no, opt_for_avx=yes, predict_class_id=, reset_nwt=yes
I0422 18:53:08.546268  7944 processor.cc:81] Processing queue has data, processing started
I0422 18:53:08.546268  5180 processor.cc:81] Processing queue has data, processing started
I0422 18:53:08.566265  7944 processor.cc:158] Processor: start processing batch 926c0b95-0db7-4538-a9b8-71c2c5868ff4 into model nwt
I0422 18:53:08.583266  5180 processor.cc:158] Processor: start processing batch 0950e135-51ab-4d25-9c13-70efd44013dd into model nwt
I0422 18:53:08.806736  7944 processor.cc:293] Processor: complete processing batch 926c0b95-0db7-4538-a9b8-71c2c5868ff4 into model nwt
I0422 18:53:08.809233  7944 cuckoo_watch.h:45] 263ms in ProcessBatch(batches\aaaaaa.batch) [including 20ms in LoadMessage; 0ms in InitializeTheta; 0ms in CreateRegularizerAgents; 15ms in InitializeSparseNdw; 105ms in InferThetaAndUpdateNwtSparse; 119ms in CalculateScore(^^^ItemsProcessedScore^^^); ]
I0422 18:53:08.840229  7944 processor.cc:74] No data in processing queue, waiting...
I0422 18:53:09.047202  5180 processor.cc:293] Processor: complete processing batch 0950e135-51ab-4d25-9c13-70efd44013dd into model nwt
I0422 18:53:09.052702  5180 cuckoo_watch.h:45] 506ms in ProcessBatch(batches\aaaaab.batch) [including 37ms in LoadMessage; 0ms in InitializeTheta; 0ms in CreateRegularizerAgents; 34ms in InitializeSparseNdw; 217ms in InferThetaAndUpdateNwtSparse; 211ms in CalculateScore(^^^ItemsProcessedScore^^^); ]
I0422 18:53:09.054200  1248 master_component.cc:1496] RegularizeModelArgs: rwt_target_name=rwt, pwt_source_name=pwt, nwt_source_name=nwt
I0422 18:53:09.054200  1248 master_component.cc:1013] MasterComponent: start regularizing model pwt
I0422 18:53:09.090196  5180 processor.cc:74] No data in processing queue, waiting...
I0422 18:53:09.121690  1248 master_component.cc:1041] MasterComponent: complete regularizing model pwt
I0422 18:53:09.121690  1248 master_component.cc:1509] NormalizeModelArgs: pwt_target_name=pwt, nwt_source_name=nwt, rwt_source_name=rwt
I0422 18:53:09.121690  1248 master_component.cc:1045] MasterComponent: start normalizing model nwt
I0422 18:53:09.150187  1248 master_component.cc:1084] MasterComponent: complete normalizing model nwt
I0422 18:53:09.261171  1248 master_component.cc:1533] DisposeModel rwt
I0422 18:53:09.270170  1248 master_component.cc:1112] FitOffline: ItemsProcessed, num_items=1728, num_batches=2, token_weight=808522, token_weight_in_effect=808522
I0422 18:53:09.270170  1248 c_interface.cc:389] Pass FitOfflineMasterModelArgs, batch_filename_size=2, batch_weight_size=2, num_collection_passes=1, reset_nwt=yes to void (__cdecl artm::core::MasterComponent::*)(class artm::FitOfflineMasterModelArgs const & __ptr64) __ptr64
I0422 18:53:09.270170  1248 master_component.cc:1458] ProcessBatchesArgs: nwt_target_name=nwt, batch_filename_size=2, batch_size=0, batch_weight_size=2, pwt_source_name=pwt, num_document_passes=1, regularizer=(name:smooth, tau:100000), reuse_theta=no, opt_for_avx=yes, predict_class_id=, reset_nwt=yes
I0422 18:53:09.286150  7944 processor.cc:81] Processing queue has data, processing started
I0422 18:53:09.286150  4776 processor.cc:81] Processing queue has data, processing started
I0422 18:53:09.305653  7944 processor.cc:158] Processor: start processing batch 926c0b95-0db7-4538-a9b8-71c2c5868ff4 into model nwt
I0422 18:53:09.323652  4776 processor.cc:158] Processor: start processing batch 0950e135-51ab-4d25-9c13-70efd44013dd into model nwt
I0422 18:53:09.543123  7944 processor.cc:293] Processor: complete processing batch 926c0b95-0db7-4538-a9b8-71c2c5868ff4 into model nwt
I0422 18:53:09.545621  7944 cuckoo_watch.h:45] 259ms in ProcessBatch(batches\aaaaaa.batch) [including 19ms in LoadMessage; 0ms in InitializeTheta; 0ms in CreateRegularizerAgents; 15ms in InitializeSparseNdw; 109ms in InferThetaAndUpdateNwtSparse; 111ms in CalculateScore(^^^ItemsProcessedScore^^^); ]
I0422 18:53:09.580116  7944 processor.cc:74] No data in processing queue, waiting...
I0422 18:53:09.786590  4776 processor.cc:293] Processor: complete processing batch 0950e135-51ab-4d25-9c13-70efd44013dd into model nwt
I0422 18:53:09.791589  4776 cuckoo_watch.h:45] 505ms in ProcessBatch(batches\aaaaab.batch) [including 37ms in LoadMessage; 0ms in InitializeTheta; 0ms in CreateRegularizerAgents; 35ms in InitializeSparseNdw; 218ms in InferThetaAndUpdateNwtSparse; 208ms in CalculateScore(^^^ItemsProcessedScore^^^); ]
I0422 18:53:09.794087  1248 master_component.cc:1496] RegularizeModelArgs: rwt_target_name=rwt, pwt_source_name=pwt, nwt_source_name=nwt
I0422 18:53:09.794087  1248 master_component.cc:1013] MasterComponent: start regularizing model pwt
I0422 18:53:09.825583  4776 processor.cc:74] No data in processing queue, waiting...
I0422 18:53:09.860078  1248 master_component.cc:1041] MasterComponent: complete regularizing model pwt
I0422 18:53:09.860078  1248 master_component.cc:1509] NormalizeModelArgs: pwt_target_name=pwt, nwt_source_name=nwt, rwt_source_name=rwt
I0422 18:53:09.860078  1248 master_component.cc:1045] MasterComponent: start normalizing model nwt
I0422 18:53:09.888576  1248 master_component.cc:1084] MasterComponent: complete normalizing model nwt
I0422 18:53:09.999559  1248 master_component.cc:1533] DisposeModel rwt
I0422 18:53:10.007557  1248 master_component.cc:1112] FitOffline: ItemsProcessed, num_items=1728, num_batches=2, token_weight=808522, token_weight_in_effect=808522
I0422 18:53:10.007557  1248 c_interface.cc:389] Pass FitOfflineMasterModelArgs, batch_filename_size=2, batch_weight_size=2, num_collection_passes=1, reset_nwt=yes to void (__cdecl artm::core::MasterComponent::*)(class artm::FitOfflineMasterModelArgs const & __ptr64) __ptr64
I0422 18:53:10.009058  1248 master_component.cc:1458] ProcessBatchesArgs: nwt_target_name=nwt, batch_filename_size=2, batch_size=0, batch_weight_size=2, pwt_source_name=pwt, num_document_passes=1, regularizer=(name:smooth, tau:100000), reuse_theta=no, opt_for_avx=yes, predict_class_id=, reset_nwt=yes
I0422 18:53:10.023556  5180 processor.cc:81] Processing queue has data, processing started
I0422 18:53:10.025555  3416 processor.cc:81] Processing queue has data, processing started
I0422 18:53:10.043053  5180 processor.cc:158] Processor: start processing batch 926c0b95-0db7-4538-a9b8-71c2c5868ff4 into model nwt
I0422 18:53:10.061053  3416 processor.cc:158] Processor: start processing batch 0950e135-51ab-4d25-9c13-70efd44013dd into model nwt
I0422 18:53:10.274523  5180 processor.cc:293] Processor: complete processing batch 926c0b95-0db7-4538-a9b8-71c2c5868ff4 into model nwt
I0422 18:53:10.277523  5180 cuckoo_watch.h:45] 254ms in ProcessBatch(batches\aaaaaa.batch) [including 19ms in LoadMessage; 0ms in InitializeTheta; 0ms in CreateRegularizerAgents; 15ms in InitializeSparseNdw; 104ms in InferThetaAndUpdateNwtSparse; 111ms in CalculateScore(^^^ItemsProcessedScore^^^); ]
I0422 18:53:10.310017  5180 processor.cc:74] No data in processing queue, waiting...
I0422 18:53:10.517992  3416 processor.cc:293] Processor: complete processing batch 0950e135-51ab-4d25-9c13-70efd44013dd into model nwt
I0422 18:53:10.523489  3416 cuckoo_watch.h:45] 497ms in ProcessBatch(batches\aaaaab.batch) [including 35ms in LoadMessage; 0ms in InitializeTheta; 0ms in CreateRegularizerAgents; 34ms in InitializeSparseNdw; 214ms in InferThetaAndUpdateNwtSparse; 207ms in CalculateScore(^^^ItemsProcessedScore^^^); ]
I0422 18:53:10.523989  1248 master_component.cc:1496] RegularizeModelArgs: rwt_target_name=rwt, pwt_source_name=pwt, nwt_source_name=nwt
I0422 18:53:10.523989  1248 master_component.cc:1013] MasterComponent: start regularizing model pwt
I0422 18:53:10.557986  3416 processor.cc:74] No data in processing queue, waiting...
I0422 18:53:10.589481  1248 master_component.cc:1041] MasterComponent: complete regularizing model pwt
I0422 18:53:10.589481  1248 master_component.cc:1509] NormalizeModelArgs: pwt_target_name=pwt, nwt_source_name=nwt, rwt_source_name=rwt
I0422 18:53:10.589481  1248 master_component.cc:1045] MasterComponent: start normalizing model nwt
I0422 18:53:10.617977  1248 master_component.cc:1084] MasterComponent: complete normalizing model nwt
I0422 18:53:10.728463  1248 master_component.cc:1533] DisposeModel rwt
I0422 18:53:10.736459  1248 master_component.cc:1112] FitOffline: ItemsProcessed, num_items=1728, num_batches=2, token_weight=808522, token_weight_in_effect=808522
I0422 18:53:10.736961  1248 c_interface.cc:389] Pass FitOfflineMasterModelArgs, batch_filename_size=2, batch_weight_size=2, num_collection_passes=1, reset_nwt=yes to void (__cdecl artm::core::MasterComponent::*)(class artm::FitOfflineMasterModelArgs const & __ptr64) __ptr64
I0422 18:53:10.736961  1248 master_component.cc:1458] ProcessBatchesArgs: nwt_target_name=nwt, batch_filename_size=2, batch_size=0, batch_weight_size=2, pwt_source_name=pwt, num_document_passes=1, regularizer=(name:smooth, tau:100000), reuse_theta=no, opt_for_avx=yes, predict_class_id=, reset_nwt=yes
I0422 18:53:10.751960  5180 processor.cc:81] Processing queue has data, processing started
I0422 18:53:10.753957  4776 processor.cc:81] Processing queue has data, processing started
I0422 18:53:10.770956  5180 processor.cc:158] Processor: start processing batch 926c0b95-0db7-4538-a9b8-71c2c5868ff4 into model nwt
I0422 18:53:10.789955  4776 processor.cc:158] Processor: start processing batch 0950e135-51ab-4d25-9c13-70efd44013dd into model nwt
I0422 18:53:11.003427  5180 processor.cc:293] Processor: complete processing batch 926c0b95-0db7-4538-a9b8-71c2c5868ff4 into model nwt
I0422 18:53:11.005926  5180 cuckoo_watch.h:45] 254ms in ProcessBatch(batches\aaaaaa.batch) [including 19ms in LoadMessage; 0ms in InitializeTheta; 0ms in CreateRegularizerAgents; 15ms in InitializeSparseNdw; 105ms in InferThetaAndUpdateNwtSparse; 111ms in CalculateScore(^^^ItemsProcessedScore^^^); ]
I0422 18:53:11.037919  5180 processor.cc:74] No data in processing queue, waiting...
I0422 18:53:11.240895  4776 processor.cc:293] Processor: complete processing batch 0950e135-51ab-4d25-9c13-70efd44013dd into model nwt
I0422 18:53:11.246392  4776 cuckoo_watch.h:45] 492ms in ProcessBatch(batches\aaaaab.batch) [including 36ms in LoadMessage; 0ms in InitializeTheta; 0ms in CreateRegularizerAgents; 34ms in InitializeSparseNdw; 212ms in InferThetaAndUpdateNwtSparse; 203ms in CalculateScore(^^^ItemsProcessedScore^^^); ]
I0422 18:53:11.247892  1248 master_component.cc:1496] RegularizeModelArgs: rwt_target_name=rwt, pwt_source_name=pwt, nwt_source_name=nwt
I0422 18:53:11.247892  1248 master_component.cc:1013] MasterComponent: start regularizing model pwt
I0422 18:53:11.283887  4776 processor.cc:74] No data in processing queue, waiting...
I0422 18:53:11.312885  1248 master_component.cc:1041] MasterComponent: complete regularizing model pwt
I0422 18:53:11.313383  1248 master_component.cc:1509] NormalizeModelArgs: pwt_target_name=pwt, nwt_source_name=nwt, rwt_source_name=rwt
I0422 18:53:11.313383  1248 master_component.cc:1045] MasterComponent: start normalizing model nwt
I0422 18:53:11.341879  1248 master_component.cc:1084] MasterComponent: complete normalizing model nwt
I0422 18:53:11.451365  1248 master_component.cc:1533] DisposeModel rwt
I0422 18:53:11.459364  1248 master_component.cc:1112] FitOffline: ItemsProcessed, num_items=1728, num_batches=2, token_weight=808522, token_weight_in_effect=808522
I0422 18:53:11.459364  1248 c_interface.cc:389] Pass FitOfflineMasterModelArgs, batch_filename_size=2, batch_weight_size=2, num_collection_passes=1, reset_nwt=yes to void (__cdecl artm::core::MasterComponent::*)(class artm::FitOfflineMasterModelArgs const & __ptr64) __ptr64
I0422 18:53:11.459364  1248 master_component.cc:1458] ProcessBatchesArgs: nwt_target_name=nwt, batch_filename_size=2, batch_size=0, batch_weight_size=2, pwt_source_name=pwt, num_document_passes=1, regularizer=(name:smooth, tau:100000), reuse_theta=no, opt_for_avx=yes, predict_class_id=, reset_nwt=yes
I0422 18:53:11.475862  5180 processor.cc:81] Processing queue has data, processing started
I0422 18:53:11.475862  7944 processor.cc:81] Processing queue has data, processing started
I0422 18:53:11.494859  7944 processor.cc:158] Processor: start processing batch 926c0b95-0db7-4538-a9b8-71c2c5868ff4 into model nwt
I0422 18:53:11.512857  5180 processor.cc:158] Processor: start processing batch 0950e135-51ab-4d25-9c13-70efd44013dd into model nwt
I0422 18:53:11.728827  7944 processor.cc:293] Processor: complete processing batch 926c0b95-0db7-4538-a9b8-71c2c5868ff4 into model nwt
I0422 18:53:11.731326  7944 cuckoo_watch.h:45] 255ms in ProcessBatch(batches\aaaaaa.batch) [including 19ms in LoadMessage; 0ms in InitializeTheta; 0ms in CreateRegularizerAgents; 15ms in InitializeSparseNdw; 105ms in InferThetaAndUpdateNwtSparse; 113ms in CalculateScore(^^^ItemsProcessedScore^^^); ]
I0422 18:53:11.764823  7944 processor.cc:74] No data in processing queue, waiting...
I0422 18:53:11.969796  5180 processor.cc:293] Processor: complete processing batch 0950e135-51ab-4d25-9c13-70efd44013dd into model nwt
I0422 18:53:11.974795  5180 cuckoo_watch.h:45] 499ms in ProcessBatch(batches\aaaaab.batch) [including 37ms in LoadMessage; 0ms in InitializeTheta; 0ms in CreateRegularizerAgents; 34ms in InitializeSparseNdw; 214ms in InferThetaAndUpdateNwtSparse; 207ms in CalculateScore(^^^ItemsProcessedScore^^^); ]
I0422 18:53:11.975788  1248 master_component.cc:1496] RegularizeModelArgs: rwt_target_name=rwt, pwt_source_name=pwt, nwt_source_name=nwt
I0422 18:53:11.975788  1248 master_component.cc:1013] MasterComponent: start regularizing model pwt
I0422 18:53:12.010288  5180 processor.cc:74] No data in processing queue, waiting...
I0422 18:53:12.040786  1248 master_component.cc:1041] MasterComponent: complete regularizing model pwt
I0422 18:53:12.040786  1248 master_component.cc:1509] NormalizeModelArgs: pwt_target_name=pwt, nwt_source_name=nwt, rwt_source_name=rwt
I0422 18:53:12.040786  1248 master_component.cc:1045] MasterComponent: start normalizing model nwt
I0422 18:53:12.069782  1248 master_component.cc:1084] MasterComponent: complete normalizing model nwt
I0422 18:53:12.178767  1248 master_component.cc:1533] DisposeModel rwt
I0422 18:53:12.186764  1248 master_component.cc:1112] FitOffline: ItemsProcessed, num_items=1728, num_batches=2, token_weight=808522, token_weight_in_effect=808522
I0422 18:53:12.186764  1248 c_interface.cc:389] Pass FitOfflineMasterModelArgs, batch_filename_size=2, batch_weight_size=2, num_collection_passes=1, reset_nwt=yes to void (__cdecl artm::core::MasterComponent::*)(class artm::FitOfflineMasterModelArgs const & __ptr64) __ptr64
I0422 18:53:12.186764  1248 master_component.cc:1458] ProcessBatchesArgs: nwt_target_name=nwt, batch_filename_size=2, batch_size=0, batch_weight_size=2, pwt_source_name=pwt, num_document_passes=1, regularizer=(name:smooth, tau:100000), reuse_theta=no, opt_for_avx=yes, predict_class_id=, reset_nwt=yes
I0422 18:53:12.202762  3416 processor.cc:81] Processing queue has data, processing started
I0422 18:53:12.203763  5180 processor.cc:81] Processing queue has data, processing started
I0422 18:53:12.221761  3416 processor.cc:158] Processor: start processing batch 926c0b95-0db7-4538-a9b8-71c2c5868ff4 into model nwt
I0422 18:53:12.240759  5180 processor.cc:158] Processor: start processing batch 0950e135-51ab-4d25-9c13-70efd44013dd into model nwt
I0422 18:53:12.451730  3416 processor.cc:293] Processor: complete processing batch 926c0b95-0db7-4538-a9b8-71c2c5868ff4 into model nwt
I0422 18:53:12.454228  3416 cuckoo_watch.h:45] 251ms in ProcessBatch(batches\aaaaaa.batch) [including 19ms in LoadMessage; 0ms in InitializeTheta; 0ms in CreateRegularizerAgents; 15ms in InitializeSparseNdw; 103ms in InferThetaAndUpdateNwtSparse; 110ms in CalculateScore(^^^ItemsProcessedScore^^^); ]
I0422 18:53:12.487725  3416 processor.cc:74] No data in processing queue, waiting...
I0422 18:53:12.699198  5180 processor.cc:293] Processor: complete processing batch 0950e135-51ab-4d25-9c13-70efd44013dd into model nwt
I0422 18:53:12.706198  5180 cuckoo_watch.h:45] 502ms in ProcessBatch(batches\aaaaab.batch) [including 37ms in LoadMessage; 0ms in InitializeTheta; 0ms in CreateRegularizerAgents; 34ms in InitializeSparseNdw; 214ms in InferThetaAndUpdateNwtSparse; 209ms in CalculateScore(^^^ItemsProcessedScore^^^); ]
I0422 18:53:12.706696  1248 master_component.cc:1496] RegularizeModelArgs: rwt_target_name=rwt, pwt_source_name=pwt, nwt_source_name=nwt
I0422 18:53:12.706696  1248 master_component.cc:1013] MasterComponent: start regularizing model pwt
I0422 18:53:12.741191  5180 processor.cc:74] No data in processing queue, waiting...
I0422 18:53:12.776188  1248 master_component.cc:1041] MasterComponent: complete regularizing model pwt
I0422 18:53:12.776188  1248 master_component.cc:1509] NormalizeModelArgs: pwt_target_name=pwt, nwt_source_name=nwt, rwt_source_name=rwt
I0422 18:53:12.776188  1248 master_component.cc:1045] MasterComponent: start normalizing model nwt
I0422 18:53:12.805682  1248 master_component.cc:1084] MasterComponent: complete normalizing model nwt
I0422 18:53:12.920667  1248 master_component.cc:1533] DisposeModel rwt
I0422 18:53:12.928666  1248 master_component.cc:1112] FitOffline: ItemsProcessed, num_items=1728, num_batches=2, token_weight=808522, token_weight_in_effect=808522
I0422 18:53:12.929167  1248 c_interface.cc:389] Pass FitOfflineMasterModelArgs, batch_filename_size=2, batch_weight_size=2, num_collection_passes=1, reset_nwt=yes to void (__cdecl artm::core::MasterComponent::*)(class artm::FitOfflineMasterModelArgs const & __ptr64) __ptr64
I0422 18:53:12.929167  1248 master_component.cc:1458] ProcessBatchesArgs: nwt_target_name=nwt, batch_filename_size=2, batch_size=0, batch_weight_size=2, pwt_source_name=pwt, num_document_passes=1, regularizer=(name:smooth, tau:100000), reuse_theta=no, opt_for_avx=yes, predict_class_id=, reset_nwt=yes
I0422 18:53:12.947666  4776 processor.cc:81] Processing queue has data, processing started
I0422 18:53:12.947666  5180 processor.cc:81] Processing queue has data, processing started
I0422 18:53:12.972160  4776 processor.cc:158] Processor: start processing batch 926c0b95-0db7-4538-a9b8-71c2c5868ff4 into model nwt
I0422 18:53:12.990658  5180 processor.cc:158] Processor: start processing batch 0950e135-51ab-4d25-9c13-70efd44013dd into model nwt
I0422 18:53:13.226125  4776 processor.cc:293] Processor: complete processing batch 926c0b95-0db7-4538-a9b8-71c2c5868ff4 into model nwt
I0422 18:53:13.228624  4776 cuckoo_watch.h:45] 280ms in ProcessBatch(batches\aaaaaa.batch) [including 24ms in LoadMessage; 0ms in InitializeTheta; 0ms in CreateRegularizerAgents; 17ms in InitializeSparseNdw; 115ms in InferThetaAndUpdateNwtSparse; 120ms in CalculateScore(^^^ItemsProcessedScore^^^); ]
I0422 18:53:13.261620  4776 processor.cc:74] No data in processing queue, waiting...
I0422 18:53:13.474592  5180 processor.cc:293] Processor: complete processing batch 0950e135-51ab-4d25-9c13-70efd44013dd into model nwt
I0422 18:53:13.479593  5180 cuckoo_watch.h:45] 532ms in ProcessBatch(batches\aaaaab.batch) [including 43ms in LoadMessage; 0ms in InitializeTheta; 0ms in CreateRegularizerAgents; 38ms in InitializeSparseNdw; 229ms in InferThetaAndUpdateNwtSparse; 215ms in CalculateScore(^^^ItemsProcessedScore^^^); ]
I0422 18:53:13.481590  1248 master_component.cc:1496] RegularizeModelArgs: rwt_target_name=rwt, pwt_source_name=pwt, nwt_source_name=nwt
I0422 18:53:13.481590  1248 master_component.cc:1013] MasterComponent: start regularizing model pwt
I0422 18:53:13.513586  5180 processor.cc:74] No data in processing queue, waiting...
I0422 18:53:13.548583  1248 master_component.cc:1041] MasterComponent: complete regularizing model pwt
I0422 18:53:13.549082  1248 master_component.cc:1509] NormalizeModelArgs: pwt_target_name=pwt, nwt_source_name=nwt, rwt_source_name=rwt
I0422 18:53:13.549082  1248 master_component.cc:1045] MasterComponent: start normalizing model nwt
I0422 18:53:13.577579  1248 master_component.cc:1084] MasterComponent: complete normalizing model nwt
I0422 18:53:13.691064  1248 master_component.cc:1533] DisposeModel rwt
I0422 18:53:13.699064  1248 master_component.cc:1112] FitOffline: ItemsProcessed, num_items=1728, num_batches=2, token_weight=808522, token_weight_in_effect=808522
I0422 18:53:13.699064  1248 c_interface.cc:389] Pass FitOfflineMasterModelArgs, batch_filename_size=2, batch_weight_size=2, num_collection_passes=1, reset_nwt=yes to void (__cdecl artm::core::MasterComponent::*)(class artm::FitOfflineMasterModelArgs const & __ptr64) __ptr64
I0422 18:53:13.699563  1248 master_component.cc:1458] ProcessBatchesArgs: nwt_target_name=nwt, batch_filename_size=2, batch_size=0, batch_weight_size=2, pwt_source_name=pwt, num_document_passes=1, regularizer=(name:smooth, tau:100000), reuse_theta=no, opt_for_avx=yes, predict_class_id=, reset_nwt=yes
I0422 18:53:13.715559  3416 processor.cc:81] Processing queue has data, processing started
I0422 18:53:13.715559  7944 processor.cc:81] Processing queue has data, processing started
I0422 18:53:13.735558  3416 processor.cc:158] Processor: start processing batch 926c0b95-0db7-4538-a9b8-71c2c5868ff4 into model nwt
I0422 18:53:13.753554  7944 processor.cc:158] Processor: start processing batch 0950e135-51ab-4d25-9c13-70efd44013dd into model nwt
I0422 18:53:13.982525  3416 processor.cc:293] Processor: complete processing batch 926c0b95-0db7-4538-a9b8-71c2c5868ff4 into model nwt
I0422 18:53:13.985023  3416 cuckoo_watch.h:45] 269ms in ProcessBatch(batches\aaaaaa.batch) [including 20ms in LoadMessage; 0ms in InitializeTheta; 0ms in CreateRegularizerAgents; 15ms in InitializeSparseNdw; 109ms in InferThetaAndUpdateNwtSparse; 121ms in CalculateScore(^^^ItemsProcessedScore^^^); ]
I0422 18:53:14.017519  3416 processor.cc:74] No data in processing queue, waiting...
I0422 18:53:14.226493  7944 processor.cc:293] Processor: complete processing batch 0950e135-51ab-4d25-9c13-70efd44013dd into model nwt
I0422 18:53:14.231492  7944 cuckoo_watch.h:45] 516ms in ProcessBatch(batches\aaaaab.batch) [including 38ms in LoadMessage; 0ms in InitializeTheta; 0ms in CreateRegularizerAgents; 34ms in InitializeSparseNdw; 226ms in InferThetaAndUpdateNwtSparse; 210ms in CalculateScore(^^^ItemsProcessedScore^^^); ]
I0422 18:53:14.233491  1248 master_component.cc:1496] RegularizeModelArgs: rwt_target_name=rwt, pwt_source_name=pwt, nwt_source_name=nwt
I0422 18:53:14.233491  1248 master_component.cc:1013] MasterComponent: start regularizing model pwt
I0422 18:53:14.267485  7944 processor.cc:74] No data in processing queue, waiting...
I0422 18:53:14.298982  1248 master_component.cc:1041] MasterComponent: complete regularizing model pwt
I0422 18:53:14.298982  1248 master_component.cc:1509] NormalizeModelArgs: pwt_target_name=pwt, nwt_source_name=nwt, rwt_source_name=rwt
I0422 18:53:14.298982  1248 master_component.cc:1045] MasterComponent: start normalizing model nwt
I0422 18:53:14.327478  1248 master_component.cc:1084] MasterComponent: complete normalizing model nwt
I0422 18:53:14.439965  1248 master_component.cc:1533] DisposeModel rwt
I0422 18:53:14.447963  1248 master_component.cc:1112] FitOffline: ItemsProcessed, num_items=1728, num_batches=2, token_weight=808522, token_weight_in_effect=808522
I0422 18:53:14.448462  1248 c_interface.cc:389] Pass FitOfflineMasterModelArgs, batch_filename_size=2, batch_weight_size=2, num_collection_passes=1, reset_nwt=yes to void (__cdecl artm::core::MasterComponent::*)(class artm::FitOfflineMasterModelArgs const & __ptr64) __ptr64
I0422 18:53:14.448462  1248 master_component.cc:1458] ProcessBatchesArgs: nwt_target_name=nwt, batch_filename_size=2, batch_size=0, batch_weight_size=2, pwt_source_name=pwt, num_document_passes=1, regularizer=(name:smooth, tau:100000), reuse_theta=no, opt_for_avx=yes, predict_class_id=, reset_nwt=yes
I0422 18:53:14.465456  4776 processor.cc:81] Processing queue has data, processing started
I0422 18:53:14.465456  5180 processor.cc:81] Processing queue has data, processing started
I0422 18:53:14.485460  5180 processor.cc:158] Processor: start processing batch 926c0b95-0db7-4538-a9b8-71c2c5868ff4 into model nwt
I0422 18:53:14.502955  4776 processor.cc:158] Processor: start processing batch 0950e135-51ab-4d25-9c13-70efd44013dd into model nwt
I0422 18:53:14.722427  5180 processor.cc:293] Processor: complete processing batch 926c0b95-0db7-4538-a9b8-71c2c5868ff4 into model nwt
I0422 18:53:14.724926  5180 cuckoo_watch.h:45] 259ms in ProcessBatch(batches\aaaaaa.batch) [including 20ms in LoadMessage; 0ms in InitializeTheta; 0ms in CreateRegularizerAgents; 15ms in InitializeSparseNdw; 105ms in InferThetaAndUpdateNwtSparse; 115ms in CalculateScore(^^^ItemsProcessedScore^^^); ]
I0422 18:53:14.758421  5180 processor.cc:74] No data in processing queue, waiting...
I0422 18:53:14.971393  4776 processor.cc:293] Processor: complete processing batch 0950e135-51ab-4d25-9c13-70efd44013dd into model nwt
I0422 18:53:14.976891  4776 cuckoo_watch.h:45] 511ms in ProcessBatch(batches\aaaaab.batch) [including 37ms in LoadMessage; 0ms in InitializeTheta; 0ms in CreateRegularizerAgents; 34ms in InitializeSparseNdw; 217ms in InferThetaAndUpdateNwtSparse; 215ms in CalculateScore(^^^ItemsProcessedScore^^^); ]
I0422 18:53:14.977391  1248 master_component.cc:1496] RegularizeModelArgs: rwt_target_name=rwt, pwt_source_name=pwt, nwt_source_name=nwt
I0422 18:53:14.977391  1248 master_component.cc:1013] MasterComponent: start regularizing model pwt
I0422 18:53:15.008388  4776 processor.cc:74] No data in processing queue, waiting...
I0422 18:53:15.044382  1248 master_component.cc:1041] MasterComponent: complete regularizing model pwt
I0422 18:53:15.044382  1248 master_component.cc:1509] NormalizeModelArgs: pwt_target_name=pwt, nwt_source_name=nwt, rwt_source_name=rwt
I0422 18:53:15.044382  1248 master_component.cc:1045] MasterComponent: start normalizing model nwt
I0422 18:53:15.073380  1248 master_component.cc:1084] MasterComponent: complete normalizing model nwt
I0422 18:53:15.187366  1248 master_component.cc:1533] DisposeModel rwt
I0422 18:53:15.195864  1248 master_component.cc:1112] FitOffline: ItemsProcessed, num_items=1728, num_batches=2, token_weight=808522, token_weight_in_effect=808522
I0422 18:53:15.195864  1248 c_interface.cc:389] Pass FitOfflineMasterModelArgs, batch_filename_size=2, batch_weight_size=2, num_collection_passes=1, reset_nwt=yes to void (__cdecl artm::core::MasterComponent::*)(class artm::FitOfflineMasterModelArgs const & __ptr64) __ptr64
I0422 18:53:15.195864  1248 master_component.cc:1458] ProcessBatchesArgs: nwt_target_name=nwt, batch_filename_size=2, batch_size=0, batch_weight_size=2, pwt_source_name=pwt, num_document_passes=1, regularizer=(name:smooth, tau:100000), reuse_theta=no, opt_for_avx=yes, predict_class_id=, reset_nwt=yes
I0422 18:53:15.213361  4776 processor.cc:81] Processing queue has data, processing started
I0422 18:53:15.213361  7944 processor.cc:81] Processing queue has data, processing started
I0422 18:53:15.233356  4776 processor.cc:158] Processor: start processing batch 926c0b95-0db7-4538-a9b8-71c2c5868ff4 into model nwt
I0422 18:53:15.251854  7944 processor.cc:158] Processor: start processing batch 0950e135-51ab-4d25-9c13-70efd44013dd into model nwt
I0422 18:53:15.470325  4776 processor.cc:293] Processor: complete processing batch 926c0b95-0db7-4538-a9b8-71c2c5868ff4 into model nwt
I0422 18:53:15.472826  4776 cuckoo_watch.h:45] 259ms in ProcessBatch(batches\aaaaaa.batch) [including 20ms in LoadMessage; 0ms in InitializeTheta; 0ms in CreateRegularizerAgents; 16ms in InitializeSparseNdw; 107ms in InferThetaAndUpdateNwtSparse; 113ms in CalculateScore(^^^ItemsProcessedScore^^^); ]
I0422 18:53:15.510820  4776 processor.cc:74] No data in processing queue, waiting...
I0422 18:53:15.715296  7944 processor.cc:293] Processor: complete processing batch 0950e135-51ab-4d25-9c13-70efd44013dd into model nwt
I0422 18:53:15.720293  7944 cuckoo_watch.h:45] 507ms in ProcessBatch(batches\aaaaab.batch) [including 38ms in LoadMessage; 0ms in InitializeTheta; 0ms in CreateRegularizerAgents; 36ms in InitializeSparseNdw; 215ms in InferThetaAndUpdateNwtSparse; 210ms in CalculateScore(^^^ItemsProcessedScore^^^); ]
I0422 18:53:15.720793  1248 master_component.cc:1496] RegularizeModelArgs: rwt_target_name=rwt, pwt_source_name=pwt, nwt_source_name=nwt
I0422 18:53:15.720793  1248 master_component.cc:1013] MasterComponent: start regularizing model pwt
I0422 18:53:15.754789  7944 processor.cc:74] No data in processing queue, waiting...
I0422 18:53:15.788784  1248 master_component.cc:1041] MasterComponent: complete regularizing model pwt
I0422 18:53:15.789284  1248 master_component.cc:1509] NormalizeModelArgs: pwt_target_name=pwt, nwt_source_name=nwt, rwt_source_name=rwt
I0422 18:53:15.789284  1248 master_component.cc:1045] MasterComponent: start normalizing model nwt
I0422 18:53:15.819279  1248 master_component.cc:1084] MasterComponent: complete normalizing model nwt
I0422 18:53:15.933264  1248 master_component.cc:1533] DisposeModel rwt
I0422 18:53:15.941262  1248 master_component.cc:1112] FitOffline: ItemsProcessed, num_items=1728, num_batches=2, token_weight=808522, token_weight_in_effect=808522
I0422 18:53:15.941763  1248 c_interface.cc:389] Pass FitOfflineMasterModelArgs, batch_filename_size=2, batch_weight_size=2, num_collection_passes=1, reset_nwt=yes to void (__cdecl artm::core::MasterComponent::*)(class artm::FitOfflineMasterModelArgs const & __ptr64) __ptr64
I0422 18:53:15.941763  1248 master_component.cc:1458] ProcessBatchesArgs: nwt_target_name=nwt, batch_filename_size=2, batch_size=0, batch_weight_size=2, pwt_source_name=pwt, num_document_passes=1, regularizer=(name:smooth, tau:100000), reuse_theta=no, opt_for_avx=yes, predict_class_id=, reset_nwt=yes
I0422 18:53:15.957260  5180 processor.cc:81] Processing queue has data, processing started
I0422 18:53:15.959259  4776 processor.cc:81] Processing queue has data, processing started
I0422 18:53:15.977257  5180 processor.cc:158] Processor: start processing batch 926c0b95-0db7-4538-a9b8-71c2c5868ff4 into model nwt
I0422 18:53:15.996755  4776 processor.cc:158] Processor: start processing batch 0950e135-51ab-4d25-9c13-70efd44013dd into model nwt
I0422 18:53:16.216727  5180 processor.cc:293] Processor: complete processing batch 926c0b95-0db7-4538-a9b8-71c2c5868ff4 into model nwt
I0422 18:53:16.219727  5180 cuckoo_watch.h:45] 262ms in ProcessBatch(batches\aaaaaa.batch) [including 20ms in LoadMessage; 0ms in InitializeTheta; 0ms in CreateRegularizerAgents; 15ms in InitializeSparseNdw; 107ms in InferThetaAndUpdateNwtSparse; 116ms in CalculateScore(^^^ItemsProcessedScore^^^); ]
I0422 18:53:16.253721  5180 processor.cc:74] No data in processing queue, waiting...
I0422 18:53:16.465694  4776 processor.cc:293] Processor: complete processing batch 0950e135-51ab-4d25-9c13-70efd44013dd into model nwt
I0422 18:53:16.471192  4776 cuckoo_watch.h:45] 511ms in ProcessBatch(batches\aaaaab.batch) [including 37ms in LoadMessage; 0ms in InitializeTheta; 0ms in CreateRegularizerAgents; 35ms in InitializeSparseNdw; 218ms in InferThetaAndUpdateNwtSparse; 214ms in CalculateScore(^^^ItemsProcessedScore^^^); ]
I0422 18:53:16.472193  1248 master_component.cc:1496] RegularizeModelArgs: rwt_target_name=rwt, pwt_source_name=pwt, nwt_source_name=nwt
I0422 18:53:16.472193  1248 master_component.cc:1013] MasterComponent: start regularizing model pwt
I0422 18:53:16.509187  4776 processor.cc:74] No data in processing queue, waiting...
I0422 18:53:16.539681  1248 master_component.cc:1041] MasterComponent: complete regularizing model pwt
I0422 18:53:16.539681  1248 master_component.cc:1509] NormalizeModelArgs: pwt_target_name=pwt, nwt_source_name=nwt, rwt_source_name=rwt
I0422 18:53:16.539681  1248 master_component.cc:1045] MasterComponent: start normalizing model nwt
I0422 18:53:16.569180  1248 master_component.cc:1084] MasterComponent: complete normalizing model nwt
I0422 18:53:16.681164  1248 master_component.cc:1533] DisposeModel rwt
I0422 18:53:16.689163  1248 master_component.cc:1112] FitOffline: ItemsProcessed, num_items=1728, num_batches=2, token_weight=808522, token_weight_in_effect=808522
I0422 18:53:16.689664  1248 c_interface.cc:389] Pass FitOfflineMasterModelArgs, batch_filename_size=2, batch_weight_size=2, num_collection_passes=1, reset_nwt=yes to void (__cdecl artm::core::MasterComponent::*)(class artm::FitOfflineMasterModelArgs const & __ptr64) __ptr64
I0422 18:53:16.689664  1248 master_component.cc:1458] ProcessBatchesArgs: nwt_target_name=nwt, batch_filename_size=2, batch_size=0, batch_weight_size=2, pwt_source_name=pwt, num_document_passes=1, regularizer=(name:smooth, tau:100000), reuse_theta=no, opt_for_avx=yes, predict_class_id=, reset_nwt=yes
I0422 18:53:16.707160  5180 processor.cc:81] Processing queue has data, processing started
I0422 18:53:16.707160  4776 processor.cc:81] Processing queue has data, processing started
I0422 18:53:16.726660  5180 processor.cc:158] Processor: start processing batch 926c0b95-0db7-4538-a9b8-71c2c5868ff4 into model nwt
I0422 18:53:16.744154  4776 processor.cc:158] Processor: start processing batch 0950e135-51ab-4d25-9c13-70efd44013dd into model nwt
I0422 18:53:16.965626  5180 processor.cc:293] Processor: complete processing batch 926c0b95-0db7-4538-a9b8-71c2c5868ff4 into model nwt
I0422 18:53:16.968124  5180 cuckoo_watch.h:45] 261ms in ProcessBatch(batches\aaaaaa.batch) [including 19ms in LoadMessage; 0ms in InitializeTheta; 0ms in CreateRegularizerAgents; 15ms in InitializeSparseNdw; 106ms in InferThetaAndUpdateNwtSparse; 116ms in CalculateScore(^^^ItemsProcessedScore^^^); ]
I0422 18:53:17.003119  5180 processor.cc:74] No data in processing queue, waiting...
I0422 18:53:17.205595  4776 processor.cc:293] Processor: complete processing batch 0950e135-51ab-4d25-9c13-70efd44013dd into model nwt
I0422 18:53:17.211092  4776 cuckoo_watch.h:45] 504ms in ProcessBatch(batches\aaaaab.batch) [including 37ms in LoadMessage; 0ms in InitializeTheta; 0ms in CreateRegularizerAgents; 34ms in InitializeSparseNdw; 219ms in InferThetaAndUpdateNwtSparse; 206ms in CalculateScore(^^^ItemsProcessedScore^^^); ]
I0422 18:53:17.213093  1248 master_component.cc:1496] RegularizeModelArgs: rwt_target_name=rwt, pwt_source_name=pwt, nwt_source_name=nwt
I0422 18:53:17.213093  1248 master_component.cc:1013] MasterComponent: start regularizing model pwt
I0422 18:53:17.246587  4776 processor.cc:74] No data in processing queue, waiting...
I0422 18:53:17.280081  1248 master_component.cc:1041] MasterComponent: complete regularizing model pwt
I0422 18:53:17.280081  1248 master_component.cc:1509] NormalizeModelArgs: pwt_target_name=pwt, nwt_source_name=nwt, rwt_source_name=rwt
I0422 18:53:17.280081  1248 master_component.cc:1045] MasterComponent: start normalizing model nwt
I0422 18:53:17.309080  1248 master_component.cc:1084] MasterComponent: complete normalizing model nwt
I0422 18:53:17.419064  1248 master_component.cc:1533] DisposeModel rwt
I0422 18:53:17.427062  1248 master_component.cc:1112] FitOffline: ItemsProcessed, num_items=1728, num_batches=2, token_weight=808522, token_weight_in_effect=808522
I0422 18:53:17.427062  1248 c_interface.cc:389] Pass FitOfflineMasterModelArgs, batch_filename_size=2, batch_weight_size=2, num_collection_passes=1, reset_nwt=yes to void (__cdecl artm::core::MasterComponent::*)(class artm::FitOfflineMasterModelArgs const & __ptr64) __ptr64
I0422 18:53:17.427062  1248 master_component.cc:1458] ProcessBatchesArgs: nwt_target_name=nwt, batch_filename_size=2, batch_size=0, batch_weight_size=2, pwt_source_name=pwt, num_document_passes=1, regularizer=(name:smooth, tau:100000), reuse_theta=no, opt_for_avx=yes, predict_class_id=, reset_nwt=yes
I0422 18:53:17.443061  5180 processor.cc:81] Processing queue has data, processing started
