I0422 18:29:46.866940 11112 cuckoo_watch.h:45] 259ms in ProcessBatch(batches\aaaaaa.batch) [including 19ms in LoadMessage; 0ms in InitializeTheta; 0ms in CreateRegularizerAgents; 16ms in InitializeSparseNdw; 107ms in InferThetaAndUpdateNwtSparse; 113ms in CalculateScore(^^^ItemsProcessedScore^^^); ]
I0422 18:29:46.895931 11112 processor.cc:74] No data in processing queue, waiting...
I0422 18:29:47.123373 11292 processor.cc:293] Processor: complete processing batch f0a91fff-70d7-4063-8477-111c5756c36c into model nwt
I0422 18:29:47.127372 11292 cuckoo_watch.h:45] 518ms in ProcessBatch(batches\aaaaab.batch) [including 38ms in LoadMessage; 0ms in InitializeTheta; 0ms in CreateRegularizerAgents; 34ms in InitializeSparseNdw; 221ms in InferThetaAndUpdateNwtSparse; 218ms in CalculateScore(^^^ItemsProcessedScore^^^); ]
I0422 18:29:47.128871  8080 master_component.cc:1496] RegularizeModelArgs: rwt_target_name=rwt, pwt_source_name=pwt, nwt_source_name=nwt
I0422 18:29:47.128871  8080 master_component.cc:1013] MasterComponent: start regularizing model pwt
I0422 18:29:47.162362 11292 processor.cc:74] No data in processing queue, waiting...
I0422 18:29:47.221348  8080 master_component.cc:1041] MasterComponent: complete regularizing model pwt
I0422 18:29:47.221348  8080 master_component.cc:1509] NormalizeModelArgs: pwt_target_name=pwt, nwt_source_name=nwt, rwt_source_name=rwt
I0422 18:29:47.221348  8080 master_component.cc:1045] MasterComponent: start normalizing model nwt
I0422 18:29:47.270833  8080 master_component.cc:1084] MasterComponent: complete normalizing model nwt
I0422 18:29:47.351313  8080 master_component.cc:1533] DisposeModel rwt
I0422 18:29:47.359809  8080 master_component.cc:1112] FitOffline: ItemsProcessed, num_items=1728, num_batches=2, token_weight=808522, token_weight_in_effect=808522
I0422 18:29:47.359809  8080 c_interface.cc:389] Pass FitOfflineMasterModelArgs, batch_filename_size=2, batch_weight_size=2, num_collection_passes=1, reset_nwt=yes to void (__cdecl artm::core::MasterComponent::*)(class artm::FitOfflineMasterModelArgs const & __ptr64) __ptr64
I0422 18:29:47.359809  8080 master_component.cc:1458] ProcessBatchesArgs: nwt_target_name=nwt, batch_filename_size=2, batch_size=0, batch_weight_size=2, pwt_source_name=pwt, num_document_passes=1, regularizer=(name:smooth, tau:100000), regularizer=(name:sparse, tau:-100000), reuse_theta=no, opt_for_avx=yes, predict_class_id=, reset_nwt=yes
I0422 18:29:47.377306 11292 processor.cc:81] Processing queue has data, processing started
I0422 18:29:47.378306  3428 processor.cc:81] Processing queue has data, processing started
I0422 18:29:47.397300 11292 processor.cc:158] Processor: start processing batch fa3a60b3-1809-458b-b6ad-8ae43c3cc80e into model nwt
I0422 18:29:47.415796  3428 processor.cc:158] Processor: start processing batch f0a91fff-70d7-4063-8477-111c5756c36c into model nwt
I0422 18:29:47.622242 11292 processor.cc:293] Processor: complete processing batch fa3a60b3-1809-458b-b6ad-8ae43c3cc80e into model nwt
I0422 18:29:47.625741 11292 cuckoo_watch.h:45] 248ms in ProcessBatch(batches\aaaaaa.batch) [including 19ms in LoadMessage; 0ms in InitializeTheta; 0ms in CreateRegularizerAgents; 15ms in InitializeSparseNdw; 94ms in InferThetaAndUpdateNwtSparse; 114ms in CalculateScore(^^^ItemsProcessedScore^^^); ]
I0422 18:29:47.663233 11292 processor.cc:74] No data in processing queue, waiting...
I0422 18:29:47.846184  3428 processor.cc:293] Processor: complete processing batch f0a91fff-70d7-4063-8477-111c5756c36c into model nwt
I0422 18:29:47.851183  3428 cuckoo_watch.h:45] 473ms in ProcessBatch(batches\aaaaab.batch) [including 37ms in LoadMessage; 0ms in InitializeTheta; 0ms in CreateRegularizerAgents; 36ms in InitializeSparseNdw; 185ms in InferThetaAndUpdateNwtSparse; 207ms in CalculateScore(^^^ItemsProcessedScore^^^); ]
I0422 18:29:47.853179  8080 master_component.cc:1496] RegularizeModelArgs: rwt_target_name=rwt, pwt_source_name=pwt, nwt_source_name=nwt
I0422 18:29:47.853179  8080 master_component.cc:1013] MasterComponent: start regularizing model pwt
I0422 18:29:47.885174  3428 processor.cc:74] No data in processing queue, waiting...
I0422 18:29:47.946657  8080 master_component.cc:1041] MasterComponent: complete regularizing model pwt
I0422 18:29:47.947158  8080 master_component.cc:1509] NormalizeModelArgs: pwt_target_name=pwt, nwt_source_name=nwt, rwt_source_name=rwt
I0422 18:29:47.947158  8080 master_component.cc:1045] MasterComponent: start normalizing model nwt
I0422 18:29:47.995643  8080 master_component.cc:1084] MasterComponent: complete normalizing model nwt
I0422 18:29:48.074123  8080 master_component.cc:1533] DisposeModel rwt
I0422 18:29:48.082619  8080 master_component.cc:1112] FitOffline: ItemsProcessed, num_items=1728, num_batches=2, token_weight=808522, token_weight_in_effect=808522
I0422 18:29:48.083119  8080 c_interface.cc:389] Pass FitOfflineMasterModelArgs, batch_filename_size=2, batch_weight_size=2, num_collection_passes=1, reset_nwt=yes to void (__cdecl artm::core::MasterComponent::*)(class artm::FitOfflineMasterModelArgs const & __ptr64) __ptr64
I0422 18:29:48.083119  8080 master_component.cc:1458] ProcessBatchesArgs: nwt_target_name=nwt, batch_filename_size=2, batch_size=0, batch_weight_size=2, pwt_source_name=pwt, num_document_passes=1, regularizer=(name:smooth, tau:100000), regularizer=(name:sparse, tau:-100000), reuse_theta=no, opt_for_avx=yes, predict_class_id=, reset_nwt=yes
I0422 18:29:48.103116 11292 processor.cc:81] Processing queue has data, processing started
I0422 18:29:48.103116  3428 processor.cc:81] Processing queue has data, processing started
I0422 18:29:48.122609 11292 processor.cc:158] Processor: start processing batch fa3a60b3-1809-458b-b6ad-8ae43c3cc80e into model nwt
I0422 18:29:48.138106  3428 processor.cc:158] Processor: start processing batch f0a91fff-70d7-4063-8477-111c5756c36c into model nwt
I0422 18:29:48.336553 11292 processor.cc:293] Processor: complete processing batch fa3a60b3-1809-458b-b6ad-8ae43c3cc80e into model nwt
I0422 18:29:48.339552 11292 cuckoo_watch.h:45] 236ms in ProcessBatch(batches\aaaaaa.batch) [including 19ms in LoadMessage; 0ms in InitializeTheta; 0ms in CreateRegularizerAgents; 14ms in InitializeSparseNdw; 89ms in InferThetaAndUpdateNwtSparse; 109ms in CalculateScore(^^^ItemsProcessedScore^^^); ]
I0422 18:29:48.377043 11292 processor.cc:74] No data in processing queue, waiting...
I0422 18:29:48.562995  3428 processor.cc:293] Processor: complete processing batch f0a91fff-70d7-4063-8477-111c5756c36c into model nwt
I0422 18:29:48.566994  3428 cuckoo_watch.h:45] 464ms in ProcessBatch(batches\aaaaab.batch) [including 35ms in LoadMessage; 0ms in InitializeTheta; 0ms in CreateRegularizerAgents; 33ms in InitializeSparseNdw; 182ms in InferThetaAndUpdateNwtSparse; 207ms in CalculateScore(^^^ItemsProcessedScore^^^); ]
I0422 18:29:48.568991  8080 master_component.cc:1496] RegularizeModelArgs: rwt_target_name=rwt, pwt_source_name=pwt, nwt_source_name=nwt
I0422 18:29:48.568991  8080 master_component.cc:1013] MasterComponent: start regularizing model pwt
I0422 18:29:48.604984  3428 processor.cc:74] No data in processing queue, waiting...
I0422 18:29:48.663470  8080 master_component.cc:1041] MasterComponent: complete regularizing model pwt
I0422 18:29:48.663470  8080 master_component.cc:1509] NormalizeModelArgs: pwt_target_name=pwt, nwt_source_name=nwt, rwt_source_name=rwt
I0422 18:29:48.663470  8080 master_component.cc:1045] MasterComponent: start normalizing model nwt
I0422 18:29:48.711957  8080 master_component.cc:1084] MasterComponent: complete normalizing model nwt
I0422 18:29:48.787936  8080 master_component.cc:1533] DisposeModel rwt
I0422 18:29:48.796433  8080 master_component.cc:1112] FitOffline: ItemsProcessed, num_items=1728, num_batches=2, token_weight=808522, token_weight_in_effect=808522
I0422 18:29:48.796433  8080 c_interface.cc:389] Pass FitOfflineMasterModelArgs, batch_filename_size=2, batch_weight_size=2, num_collection_passes=1, reset_nwt=yes to void (__cdecl artm::core::MasterComponent::*)(class artm::FitOfflineMasterModelArgs const & __ptr64) __ptr64
I0422 18:29:48.796433  8080 master_component.cc:1458] ProcessBatchesArgs: nwt_target_name=nwt, batch_filename_size=2, batch_size=0, batch_weight_size=2, pwt_source_name=pwt, num_document_passes=1, regularizer=(name:smooth, tau:100000), regularizer=(name:sparse, tau:-100000), reuse_theta=no, opt_for_avx=yes, predict_class_id=, reset_nwt=yes
I0422 18:29:48.816928  7816 processor.cc:81] Processing queue has data, processing started
I0422 18:29:48.816928 11292 processor.cc:81] Processing queue has data, processing started
I0422 18:29:48.835424 11292 processor.cc:158] Processor: start processing batch fa3a60b3-1809-458b-b6ad-8ae43c3cc80e into model nwt
I0422 18:29:48.851418  7816 processor.cc:158] Processor: start processing batch f0a91fff-70d7-4063-8477-111c5756c36c into model nwt
I0422 18:29:49.052367 11292 processor.cc:293] Processor: complete processing batch fa3a60b3-1809-458b-b6ad-8ae43c3cc80e into model nwt
I0422 18:29:49.054867 11292 cuckoo_watch.h:45] 238ms in ProcessBatch(batches\aaaaaa.batch) [including 18ms in LoadMessage; 0ms in InitializeTheta; 0ms in CreateRegularizerAgents; 14ms in InitializeSparseNdw; 90ms in InferThetaAndUpdateNwtSparse; 111ms in CalculateScore(^^^ItemsProcessedScore^^^); ]
I0422 18:29:49.090857 11292 processor.cc:74] No data in processing queue, waiting...
I0422 18:29:49.272310  7816 processor.cc:293] Processor: complete processing batch f0a91fff-70d7-4063-8477-111c5756c36c into model nwt
I0422 18:29:49.276808  7816 cuckoo_watch.h:45] 460ms in ProcessBatch(batches\aaaaab.batch) [including 34ms in LoadMessage; 0ms in InitializeTheta; 0ms in CreateRegularizerAgents; 33ms in InitializeSparseNdw; 179ms in InferThetaAndUpdateNwtSparse; 206ms in CalculateScore(^^^ItemsProcessedScore^^^); ]
I0422 18:29:49.277807  8080 master_component.cc:1496] RegularizeModelArgs: rwt_target_name=rwt, pwt_source_name=pwt, nwt_source_name=nwt
I0422 18:29:49.277807  8080 master_component.cc:1013] MasterComponent: start regularizing model pwt
I0422 18:29:49.312798  7816 processor.cc:74] No data in processing queue, waiting...
I0422 18:29:49.374284  8080 master_component.cc:1041] MasterComponent: complete regularizing model pwt
I0422 18:29:49.374284  8080 master_component.cc:1509] NormalizeModelArgs: pwt_target_name=pwt, nwt_source_name=nwt, rwt_source_name=rwt
I0422 18:29:49.374284  8080 master_component.cc:1045] MasterComponent: start normalizing model nwt
I0422 18:29:49.425271  8080 master_component.cc:1084] MasterComponent: complete normalizing model nwt
I0422 18:29:49.503248  8080 master_component.cc:1533] DisposeModel rwt
I0422 18:29:49.511746  8080 master_component.cc:1112] FitOffline: ItemsProcessed, num_items=1728, num_batches=2, token_weight=808522, token_weight_in_effect=808522
I0422 18:29:49.512246  8080 c_interface.cc:389] Pass FitOfflineMasterModelArgs, batch_filename_size=2, batch_weight_size=2, num_collection_passes=1, reset_nwt=yes to void (__cdecl artm::core::MasterComponent::*)(class artm::FitOfflineMasterModelArgs const & __ptr64) __ptr64
I0422 18:29:49.512246  8080 master_component.cc:1458] ProcessBatchesArgs: nwt_target_name=nwt, batch_filename_size=2, batch_size=0, batch_weight_size=2, pwt_source_name=pwt, num_document_passes=1, regularizer=(name:smooth, tau:100000), regularizer=(name:sparse, tau:-100000), reuse_theta=no, opt_for_avx=yes, predict_class_id=, reset_nwt=yes
I0422 18:29:49.532740 11112 processor.cc:81] Processing queue has data, processing started
I0422 18:29:49.532740 11292 processor.cc:81] Processing queue has data, processing started
I0422 18:29:49.550734 11112 processor.cc:158] Processor: start processing batch fa3a60b3-1809-458b-b6ad-8ae43c3cc80e into model nwt
I0422 18:29:49.568732 11292 processor.cc:158] Processor: start processing batch f0a91fff-70d7-4063-8477-111c5756c36c into model nwt
I0422 18:29:49.765180 11112 processor.cc:293] Processor: complete processing batch fa3a60b3-1809-458b-b6ad-8ae43c3cc80e into model nwt
I0422 18:29:49.767679 11112 cuckoo_watch.h:45] 234ms in ProcessBatch(batches\aaaaaa.batch) [including 18ms in LoadMessage; 0ms in InitializeTheta; 0ms in CreateRegularizerAgents; 14ms in InitializeSparseNdw; 88ms in InferThetaAndUpdateNwtSparse; 110ms in CalculateScore(^^^ItemsProcessedScore^^^); ]
I0422 18:29:49.800670 11112 processor.cc:74] No data in processing queue, waiting...
I0422 18:29:50.002115 11292 processor.cc:293] Processor: complete processing batch f0a91fff-70d7-4063-8477-111c5756c36c into model nwt
I0422 18:29:50.006117 11292 cuckoo_watch.h:45] 473ms in ProcessBatch(batches\aaaaab.batch) [including 36ms in LoadMessage; 0ms in InitializeTheta; 0ms in CreateRegularizerAgents; 35ms in InitializeSparseNdw; 180ms in InferThetaAndUpdateNwtSparse; 217ms in CalculateScore(^^^ItemsProcessedScore^^^); ]
I0422 18:29:50.006616  8080 master_component.cc:1496] RegularizeModelArgs: rwt_target_name=rwt, pwt_source_name=pwt, nwt_source_name=nwt
I0422 18:29:50.006616  8080 master_component.cc:1013] MasterComponent: start regularizing model pwt
I0422 18:29:50.042606 11292 processor.cc:74] No data in processing queue, waiting...
I0422 18:29:50.099592  8080 master_component.cc:1041] MasterComponent: complete regularizing model pwt
I0422 18:29:50.099592  8080 master_component.cc:1509] NormalizeModelArgs: pwt_target_name=pwt, nwt_source_name=nwt, rwt_source_name=rwt
I0422 18:29:50.099592  8080 master_component.cc:1045] MasterComponent: start normalizing model nwt
I0422 18:29:50.148079  8080 master_component.cc:1084] MasterComponent: complete normalizing model nwt
I0422 18:29:50.225059  8080 master_component.cc:1533] DisposeModel rwt
I0422 18:29:50.233556  8080 master_component.cc:1112] FitOffline: ItemsProcessed, num_items=1728, num_batches=2, token_weight=808522, token_weight_in_effect=808522
I0422 18:29:50.233556  8080 c_interface.cc:389] Pass FitOfflineMasterModelArgs, batch_filename_size=2, batch_weight_size=2, num_collection_passes=1, reset_nwt=yes to void (__cdecl artm::core::MasterComponent::*)(class artm::FitOfflineMasterModelArgs const & __ptr64) __ptr64
I0422 18:29:50.233556  8080 master_component.cc:1458] ProcessBatchesArgs: nwt_target_name=nwt, batch_filename_size=2, batch_size=0, batch_weight_size=2, pwt_source_name=pwt, num_document_passes=1, regularizer=(name:smooth, tau:100000), regularizer=(name:sparse, tau:-100000), reuse_theta=no, opt_for_avx=yes, predict_class_id=, reset_nwt=yes
I0422 18:29:50.254051 11112 processor.cc:81] Processing queue has data, processing started
I0422 18:29:50.254051 11292 processor.cc:81] Processing queue has data, processing started
I0422 18:29:50.272545 11112 processor.cc:158] Processor: start processing batch fa3a60b3-1809-458b-b6ad-8ae43c3cc80e into model nwt
I0422 18:29:50.289042 11292 processor.cc:158] Processor: start processing batch f0a91fff-70d7-4063-8477-111c5756c36c into model nwt
I0422 18:29:50.485989 11112 processor.cc:293] Processor: complete processing batch fa3a60b3-1809-458b-b6ad-8ae43c3cc80e into model nwt
I0422 18:29:50.488488 11112 cuckoo_watch.h:45] 234ms in ProcessBatch(batches\aaaaaa.batch) [including 18ms in LoadMessage; 0ms in InitializeTheta; 0ms in CreateRegularizerAgents; 14ms in InitializeSparseNdw; 88ms in InferThetaAndUpdateNwtSparse; 110ms in CalculateScore(^^^ItemsProcessedScore^^^); ]
I0422 18:29:50.518481 11112 processor.cc:74] No data in processing queue, waiting...
I0422 18:29:50.711931 11292 processor.cc:293] Processor: complete processing batch f0a91fff-70d7-4063-8477-111c5756c36c into model nwt
I0422 18:29:50.716430 11292 cuckoo_watch.h:45] 462ms in ProcessBatch(batches\aaaaab.batch) [including 35ms in LoadMessage; 0ms in InitializeTheta; 0ms in CreateRegularizerAgents; 34ms in InitializeSparseNdw; 176ms in InferThetaAndUpdateNwtSparse; 211ms in CalculateScore(^^^ItemsProcessedScore^^^); ]
I0422 18:29:50.718427  8080 master_component.cc:1496] RegularizeModelArgs: rwt_target_name=rwt, pwt_source_name=pwt, nwt_source_name=nwt
I0422 18:29:50.718427  8080 master_component.cc:1013] MasterComponent: start regularizing model pwt
I0422 18:29:50.750422 11292 processor.cc:74] No data in processing queue, waiting...
I0422 18:29:50.812904  8080 master_component.cc:1041] MasterComponent: complete regularizing model pwt
I0422 18:29:50.812904  8080 master_component.cc:1509] NormalizeModelArgs: pwt_target_name=pwt, nwt_source_name=nwt, rwt_source_name=rwt
I0422 18:29:50.812904  8080 master_component.cc:1045] MasterComponent: start normalizing model nwt
I0422 18:29:50.862393  8080 master_component.cc:1084] MasterComponent: complete normalizing model nwt
I0422 18:29:50.939373  8080 master_component.cc:1533] DisposeModel rwt
I0422 18:29:50.948367  8080 master_component.cc:1112] FitOffline: ItemsProcessed, num_items=1728, num_batches=2, token_weight=808522, token_weight_in_effect=808522
I0422 18:29:50.948868  8080 c_interface.cc:389] Pass FitOfflineMasterModelArgs, batch_filename_size=2, batch_weight_size=2, num_collection_passes=1, reset_nwt=yes to void (__cdecl artm::core::MasterComponent::*)(class artm::FitOfflineMasterModelArgs const & __ptr64) __ptr64
I0422 18:29:50.948868  8080 master_component.cc:1458] ProcessBatchesArgs: nwt_target_name=nwt, batch_filename_size=2, batch_size=0, batch_weight_size=2, pwt_source_name=pwt, num_document_passes=1, regularizer=(name:smooth, tau:100000), regularizer=(name:sparse, tau:-100000), reuse_theta=no, opt_for_avx=yes, predict_class_id=, reset_nwt=yes
I0422 18:29:50.970363 11112 processor.cc:81] Processing queue has data, processing started
I0422 18:29:50.970363  3428 processor.cc:81] Processing queue has data, processing started
I0422 18:29:50.988859 11112 processor.cc:158] Processor: start processing batch fa3a60b3-1809-458b-b6ad-8ae43c3cc80e into model nwt
I0422 18:29:51.005854  3428 processor.cc:158] Processor: start processing batch f0a91fff-70d7-4063-8477-111c5756c36c into model nwt
I0422 18:29:51.207804 11112 processor.cc:293] Processor: complete processing batch fa3a60b3-1809-458b-b6ad-8ae43c3cc80e into model nwt
I0422 18:29:51.210299 11112 cuckoo_watch.h:45] 240ms in ProcessBatch(batches\aaaaaa.batch) [including 18ms in LoadMessage; 0ms in InitializeTheta; 0ms in CreateRegularizerAgents; 14ms in InitializeSparseNdw; 90ms in InferThetaAndUpdateNwtSparse; 113ms in CalculateScore(^^^ItemsProcessedScore^^^); ]
I0422 18:29:51.248289 11112 processor.cc:74] No data in processing queue, waiting...
I0422 18:29:51.434741  3428 processor.cc:293] Processor: complete processing batch f0a91fff-70d7-4063-8477-111c5756c36c into model nwt
I0422 18:29:51.439240  3428 cuckoo_watch.h:45] 468ms in ProcessBatch(batches\aaaaab.batch) [including 35ms in LoadMessage; 0ms in InitializeTheta; 0ms in CreateRegularizerAgents; 36ms in InitializeSparseNdw; 180ms in InferThetaAndUpdateNwtSparse; 211ms in CalculateScore(^^^ItemsProcessedScore^^^); ]
I0422 18:29:51.440240  8080 master_component.cc:1496] RegularizeModelArgs: rwt_target_name=rwt, pwt_source_name=pwt, nwt_source_name=nwt
I0422 18:29:51.440240  8080 master_component.cc:1013] MasterComponent: start regularizing model pwt
I0422 18:29:51.472731  3428 processor.cc:74] No data in processing queue, waiting...
I0422 18:29:51.534214  8080 master_component.cc:1041] MasterComponent: complete regularizing model pwt
I0422 18:29:51.534214  8080 master_component.cc:1509] NormalizeModelArgs: pwt_target_name=pwt, nwt_source_name=nwt, rwt_source_name=rwt
I0422 18:29:51.534214  8080 master_component.cc:1045] MasterComponent: start normalizing model nwt
I0422 18:29:51.584203  8080 master_component.cc:1084] MasterComponent: complete normalizing model nwt
I0422 18:29:51.661183  8080 master_component.cc:1533] DisposeModel rwt
I0422 18:29:51.669680  8080 master_component.cc:1112] FitOffline: ItemsProcessed, num_items=1728, num_batches=2, token_weight=808522, token_weight_in_effect=808522
I0422 18:29:51.670181  8080 c_interface.cc:389] Pass FitOfflineMasterModelArgs, batch_filename_size=2, batch_weight_size=2, num_collection_passes=1, reset_nwt=yes to void (__cdecl artm::core::MasterComponent::*)(class artm::FitOfflineMasterModelArgs const & __ptr64) __ptr64
I0422 18:29:51.670181  8080 master_component.cc:1458] ProcessBatchesArgs: nwt_target_name=nwt, batch_filename_size=2, batch_size=0, batch_weight_size=2, pwt_source_name=pwt, num_document_passes=1, regularizer=(name:smooth, tau:100000), regularizer=(name:sparse, tau:-100000), reuse_theta=no, opt_for_avx=yes, predict_class_id=, reset_nwt=yes
I0422 18:29:51.691195 11292 processor.cc:81] Processing queue has data, processing started
I0422 18:29:51.691195  7816 processor.cc:81] Processing queue has data, processing started
I0422 18:29:51.710194 11292 processor.cc:158] Processor: start processing batch fa3a60b3-1809-458b-b6ad-8ae43c3cc80e into model nwt
I0422 18:29:51.726191  7816 processor.cc:158] Processor: start processing batch f0a91fff-70d7-4063-8477-111c5756c36c into model nwt
I0422 18:29:51.928139 11292 processor.cc:293] Processor: complete processing batch fa3a60b3-1809-458b-b6ad-8ae43c3cc80e into model nwt
I0422 18:29:51.930640 11292 cuckoo_watch.h:45] 239ms in ProcessBatch(batches\aaaaaa.batch) [including 19ms in LoadMessage; 0ms in InitializeTheta; 0ms in CreateRegularizerAgents; 14ms in InitializeSparseNdw; 90ms in InferThetaAndUpdateNwtSparse; 112ms in CalculateScore(^^^ItemsProcessedScore^^^); ]
I0422 18:29:51.960130 11292 processor.cc:74] No data in processing queue, waiting...
I0422 18:29:52.155081  7816 processor.cc:293] Processor: complete processing batch f0a91fff-70d7-4063-8477-111c5756c36c into model nwt
I0422 18:29:52.159579  7816 cuckoo_watch.h:45] 468ms in ProcessBatch(batches\aaaaab.batch) [including 35ms in LoadMessage; 0ms in InitializeTheta; 0ms in CreateRegularizerAgents; 35ms in InitializeSparseNdw; 181ms in InferThetaAndUpdateNwtSparse; 211ms in CalculateScore(^^^ItemsProcessedScore^^^); ]
I0422 18:29:52.160079  8080 master_component.cc:1496] RegularizeModelArgs: rwt_target_name=rwt, pwt_source_name=pwt, nwt_source_name=nwt
I0422 18:29:52.160079  8080 master_component.cc:1013] MasterComponent: start regularizing model pwt
I0422 18:29:52.191570  7816 processor.cc:74] No data in processing queue, waiting...
I0422 18:29:52.254053  8080 master_component.cc:1041] MasterComponent: complete regularizing model pwt
I0422 18:29:52.254053  8080 master_component.cc:1509] NormalizeModelArgs: pwt_target_name=pwt, nwt_source_name=nwt, rwt_source_name=rwt
I0422 18:29:52.254053  8080 master_component.cc:1045] MasterComponent: start normalizing model nwt
I0422 18:29:52.303040  8080 master_component.cc:1084] MasterComponent: complete normalizing model nwt
I0422 18:29:52.379523  8080 master_component.cc:1533] DisposeModel rwt
I0422 18:29:52.388017  8080 master_component.cc:1112] FitOffline: ItemsProcessed, num_items=1728, num_batches=2, token_weight=808522, token_weight_in_effect=808522
I0422 18:29:52.388017  8080 c_interface.cc:389] Pass FitOfflineMasterModelArgs, batch_filename_size=2, batch_weight_size=2, num_collection_passes=1, reset_nwt=yes to void (__cdecl artm::core::MasterComponent::*)(class artm::FitOfflineMasterModelArgs const & __ptr64) __ptr64
I0422 18:29:52.388017  8080 master_component.cc:1458] ProcessBatchesArgs: nwt_target_name=nwt, batch_filename_size=2, batch_size=0, batch_weight_size=2, pwt_source_name=pwt, num_document_passes=1, regularizer=(name:smooth, tau:100000), regularizer=(name:sparse, tau:-100000), reuse_theta=no, opt_for_avx=yes, predict_class_id=, reset_nwt=yes
I0422 18:29:52.408013 11112 processor.cc:81] Processing queue has data, processing started
I0422 18:29:52.410012  3428 processor.cc:81] Processing queue has data, processing started
I0422 18:29:52.427007 11112 processor.cc:158] Processor: start processing batch fa3a60b3-1809-458b-b6ad-8ae43c3cc80e into model nwt
I0422 18:29:52.444502  3428 processor.cc:158] Processor: start processing batch f0a91fff-70d7-4063-8477-111c5756c36c into model nwt
I0422 18:29:52.644452 11112 processor.cc:293] Processor: complete processing batch fa3a60b3-1809-458b-b6ad-8ae43c3cc80e into model nwt
I0422 18:29:52.646952 11112 cuckoo_watch.h:45] 239ms in ProcessBatch(batches\aaaaaa.batch) [including 19ms in LoadMessage; 0ms in InitializeTheta; 0ms in CreateRegularizerAgents; 15ms in InitializeSparseNdw; 90ms in InferThetaAndUpdateNwtSparse; 112ms in CalculateScore(^^^ItemsProcessedScore^^^); ]
I0422 18:29:52.683941 11112 processor.cc:74] No data in processing queue, waiting...
I0422 18:29:52.874392  3428 processor.cc:293] Processor: complete processing batch f0a91fff-70d7-4063-8477-111c5756c36c into model nwt
I0422 18:29:52.877888  3428 cuckoo_watch.h:45] 468ms in ProcessBatch(batches\aaaaab.batch) [including 34ms in LoadMessage; 0ms in InitializeTheta; 0ms in CreateRegularizerAgents; 35ms in InitializeSparseNdw; 179ms in InferThetaAndUpdateNwtSparse; 214ms in CalculateScore(^^^ItemsProcessedScore^^^); ]
I0422 18:29:52.879889  8080 master_component.cc:1496] RegularizeModelArgs: rwt_target_name=rwt, pwt_source_name=pwt, nwt_source_name=nwt
I0422 18:29:52.879889  8080 master_component.cc:1013] MasterComponent: start regularizing model pwt
I0422 18:29:52.911381  3428 processor.cc:74] No data in processing queue, waiting...
I0422 18:29:52.973863  8080 master_component.cc:1041] MasterComponent: complete regularizing model pwt
I0422 18:29:52.973863  8080 master_component.cc:1509] NormalizeModelArgs: pwt_target_name=pwt, nwt_source_name=nwt, rwt_source_name=rwt
I0422 18:29:52.973863  8080 master_component.cc:1045] MasterComponent: start normalizing model nwt
I0422 18:29:53.023351  8080 master_component.cc:1084] MasterComponent: complete normalizing model nwt
I0422 18:29:53.100831  8080 master_component.cc:1533] DisposeModel rwt
I0422 18:29:53.109329  8080 master_component.cc:1112] FitOffline: ItemsProcessed, num_items=1728, num_batches=2, token_weight=808522, token_weight_in_effect=808522
I0422 18:29:53.109329  8080 c_interface.cc:389] Pass FitOfflineMasterModelArgs, batch_filename_size=2, batch_weight_size=2, num_collection_passes=1, reset_nwt=yes to void (__cdecl artm::core::MasterComponent::*)(class artm::FitOfflineMasterModelArgs const & __ptr64) __ptr64
I0422 18:29:53.109329  8080 master_component.cc:1458] ProcessBatchesArgs: nwt_target_name=nwt, batch_filename_size=2, batch_size=0, batch_weight_size=2, pwt_source_name=pwt, num_document_passes=1, regularizer=(name:smooth, tau:100000), regularizer=(name:sparse, tau:-100000), reuse_theta=no, opt_for_avx=yes, predict_class_id=, reset_nwt=yes
I0422 18:29:53.129824  3428 processor.cc:81] Processing queue has data, processing started
I0422 18:29:53.129824  7816 processor.cc:81] Processing queue has data, processing started
I0422 18:29:53.148317  3428 processor.cc:158] Processor: start processing batch fa3a60b3-1809-458b-b6ad-8ae43c3cc80e into model nwt
I0422 18:29:53.163314  7816 processor.cc:158] Processor: start processing batch f0a91fff-70d7-4063-8477-111c5756c36c into model nwt
I0422 18:29:53.365262  3428 processor.cc:293] Processor: complete processing batch fa3a60b3-1809-458b-b6ad-8ae43c3cc80e into model nwt
I0422 18:29:53.367760  3428 cuckoo_watch.h:45] 238ms in ProcessBatch(batches\aaaaaa.batch) [including 18ms in LoadMessage; 0ms in InitializeTheta; 0ms in CreateRegularizerAgents; 14ms in InitializeSparseNdw; 90ms in InferThetaAndUpdateNwtSparse; 111ms in CalculateScore(^^^ItemsProcessedScore^^^); ]
I0422 18:29:53.400753  3428 processor.cc:74] No data in processing queue, waiting...
I0422 18:29:53.590703  7816 processor.cc:293] Processor: complete processing batch f0a91fff-70d7-4063-8477-111c5756c36c into model nwt
I0422 18:29:53.594202  7816 cuckoo_watch.h:45] 464ms in ProcessBatch(batches\aaaaab.batch) [including 33ms in LoadMessage; 0ms in InitializeTheta; 0ms in CreateRegularizerAgents; 34ms in InitializeSparseNdw; 181ms in InferThetaAndUpdateNwtSparse; 210ms in CalculateScore(^^^ItemsProcessedScore^^^); ]
I0422 18:29:53.594702  8080 master_component.cc:1496] RegularizeModelArgs: rwt_target_name=rwt, pwt_source_name=pwt, nwt_source_name=nwt
I0422 18:29:53.594702  8080 master_component.cc:1013] MasterComponent: start regularizing model pwt
I0422 18:29:53.631691  7816 processor.cc:74] No data in processing queue, waiting...
I0422 18:29:53.688179  8080 master_component.cc:1041] MasterComponent: complete regularizing model pwt
I0422 18:29:53.688179  8080 master_component.cc:1509] NormalizeModelArgs: pwt_target_name=pwt, nwt_source_name=nwt, rwt_source_name=rwt
I0422 18:29:53.688179  8080 master_component.cc:1045] MasterComponent: start normalizing model nwt
I0422 18:29:53.737164  8080 master_component.cc:1084] MasterComponent: complete normalizing model nwt
I0422 18:29:53.813644  8080 master_component.cc:1533] DisposeModel rwt
I0422 18:29:53.822140  8080 master_component.cc:1112] FitOffline: ItemsProcessed, num_items=1728, num_batches=2, token_weight=808522, token_weight_in_effect=808522
I0422 18:29:53.822641  8080 c_interface.cc:389] Pass FitOfflineMasterModelArgs, batch_filename_size=2, batch_weight_size=2, num_collection_passes=1, reset_nwt=yes to void (__cdecl artm::core::MasterComponent::*)(class artm::FitOfflineMasterModelArgs const & __ptr64) __ptr64
I0422 18:29:53.822641  8080 master_component.cc:1458] ProcessBatchesArgs: nwt_target_name=nwt, batch_filename_size=2, batch_size=0, batch_weight_size=2, pwt_source_name=pwt, num_document_passes=1, regularizer=(name:smooth, tau:100000), regularizer=(name:sparse, tau:-100000), reuse_theta=no, opt_for_avx=yes, predict_class_id=, reset_nwt=yes
I0422 18:29:53.843137  3428 processor.cc:81] Processing queue has data, processing started
I0422 18:29:53.843137 11112 processor.cc:81] Processing queue has data, processing started
I0422 18:29:53.861131 11112 processor.cc:158] Processor: start processing batch fa3a60b3-1809-458b-b6ad-8ae43c3cc80e into model nwt
I0422 18:29:53.876627  3428 processor.cc:158] Processor: start processing batch f0a91fff-70d7-4063-8477-111c5756c36c into model nwt
I0422 18:29:54.077577 11112 processor.cc:293] Processor: complete processing batch fa3a60b3-1809-458b-b6ad-8ae43c3cc80e into model nwt
I0422 18:29:54.080576 11112 cuckoo_watch.h:45] 237ms in ProcessBatch(batches\aaaaaa.batch) [including 18ms in LoadMessage; 0ms in InitializeTheta; 0ms in CreateRegularizerAgents; 14ms in InitializeSparseNdw; 90ms in InferThetaAndUpdateNwtSparse; 110ms in CalculateScore(^^^ItemsProcessedScore^^^); ]
I0422 18:29:54.119565 11112 processor.cc:74] No data in processing queue, waiting...
I0422 18:29:54.309515  3428 processor.cc:293] Processor: complete processing batch f0a91fff-70d7-4063-8477-111c5756c36c into model nwt
I0422 18:29:54.313014  3428 cuckoo_watch.h:45] 469ms in ProcessBatch(batches\aaaaab.batch) [including 33ms in LoadMessage; 0ms in InitializeTheta; 0ms in CreateRegularizerAgents; 35ms in InitializeSparseNdw; 181ms in InferThetaAndUpdateNwtSparse; 215ms in CalculateScore(^^^ItemsProcessedScore^^^); ]
I0422 18:29:54.315032  8080 master_component.cc:1496] RegularizeModelArgs: rwt_target_name=rwt, pwt_source_name=pwt, nwt_source_name=nwt
I0422 18:29:54.315032  8080 master_component.cc:1013] MasterComponent: start regularizing model pwt
I0422 18:29:54.349527  3428 processor.cc:74] No data in processing queue, waiting...
I0422 18:29:54.408015  8080 master_component.cc:1041] MasterComponent: complete regularizing model pwt
I0422 18:29:54.408015  8080 master_component.cc:1509] NormalizeModelArgs: pwt_target_name=pwt, nwt_source_name=nwt, rwt_source_name=rwt
I0422 18:29:54.408015  8080 master_component.cc:1045] MasterComponent: start normalizing model nwt
I0422 18:29:54.457001  8080 master_component.cc:1084] MasterComponent: complete normalizing model nwt
I0422 18:29:54.533481  8080 master_component.cc:1533] DisposeModel rwt
I0422 18:29:54.541980  8080 master_component.cc:1112] FitOffline: ItemsProcessed, num_items=1728, num_batches=2, token_weight=808522, token_weight_in_effect=808522
I0422 18:29:54.541980  8080 c_interface.cc:389] Pass FitOfflineMasterModelArgs, batch_filename_size=2, batch_weight_size=2, num_collection_passes=1, reset_nwt=yes to void (__cdecl artm::core::MasterComponent::*)(class artm::FitOfflineMasterModelArgs const & __ptr64) __ptr64
I0422 18:29:54.542479  8080 master_component.cc:1458] ProcessBatchesArgs: nwt_target_name=nwt, batch_filename_size=2, batch_size=0, batch_weight_size=2, pwt_source_name=pwt, num_document_passes=1, regularizer=(name:smooth, tau:100000), regularizer=(name:sparse, tau:-100000), reuse_theta=no, opt_for_avx=yes, predict_class_id=, reset_nwt=yes
I0422 18:29:54.562472  7816 processor.cc:81] Processing queue has data, processing started
I0422 18:29:54.563473  3428 processor.cc:81] Processing queue has data, processing started
I0422 18:29:54.580471  7816 processor.cc:158] Processor: start processing batch fa3a60b3-1809-458b-b6ad-8ae43c3cc80e into model nwt
I0422 18:29:54.597963  3428 processor.cc:158] Processor: start processing batch f0a91fff-70d7-4063-8477-111c5756c36c into model nwt
I0422 18:29:54.811908  7816 processor.cc:293] Processor: complete processing batch fa3a60b3-1809-458b-b6ad-8ae43c3cc80e into model nwt
I0422 18:29:54.814409  7816 cuckoo_watch.h:45] 252ms in ProcessBatch(batches\aaaaaa.batch) [including 18ms in LoadMessage; 0ms in InitializeTheta; 0ms in CreateRegularizerAgents; 14ms in InitializeSparseNdw; 99ms in InferThetaAndUpdateNwtSparse; 117ms in CalculateScore(^^^ItemsProcessedScore^^^); ]
I0422 18:29:54.851397  7816 processor.cc:74] No data in processing queue, waiting...
I0422 18:29:55.058341  3428 processor.cc:293] Processor: complete processing batch f0a91fff-70d7-4063-8477-111c5756c36c into model nwt
I0422 18:29:55.061843  3428 cuckoo_watch.h:45] 498ms in ProcessBatch(batches\aaaaab.batch) [including 34ms in LoadMessage; 0ms in InitializeTheta; 0ms in CreateRegularizerAgents; 37ms in InitializeSparseNdw; 191ms in InferThetaAndUpdateNwtSparse; 231ms in CalculateScore(^^^ItemsProcessedScore^^^); ]
I0422 18:29:55.063341  8080 master_component.cc:1496] RegularizeModelArgs: rwt_target_name=rwt, pwt_source_name=pwt, nwt_source_name=nwt
I0422 18:29:55.063341  8080 master_component.cc:1013] MasterComponent: start regularizing model pwt
I0422 18:29:55.097333  3428 processor.cc:74] No data in processing queue, waiting...
I0422 18:29:55.155819  8080 master_component.cc:1041] MasterComponent: complete regularizing model pwt
I0422 18:29:55.155819  8080 master_component.cc:1509] NormalizeModelArgs: pwt_target_name=pwt, nwt_source_name=nwt, rwt_source_name=rwt
I0422 18:29:55.155819  8080 master_component.cc:1045] MasterComponent: start normalizing model nwt
I0422 18:29:55.205303  8080 master_component.cc:1084] MasterComponent: complete normalizing model nwt
I0422 18:29:55.281286  8080 master_component.cc:1533] DisposeModel rwt
I0422 18:29:55.289783  8080 master_component.cc:1112] FitOffline: ItemsProcessed, num_items=1728, num_batches=2, token_weight=808522, token_weight_in_effect=808522
I0422 18:29:55.290282  8080 c_interface.cc:389] Pass FitOfflineMasterModelArgs, batch_filename_size=2, batch_weight_size=2, num_collection_passes=1, reset_nwt=yes to void (__cdecl artm::core::MasterComponent::*)(class artm::FitOfflineMasterModelArgs const & __ptr64) __ptr64
I0422 18:29:55.290282  8080 master_component.cc:1458] ProcessBatchesArgs: nwt_target_name=nwt, batch_filename_size=2, batch_size=0, batch_weight_size=2, pwt_source_name=pwt, num_document_passes=1, regularizer=(name:smooth, tau:100000), regularizer=(name:sparse, tau:-100000), reuse_theta=no, opt_for_avx=yes, predict_class_id=, reset_nwt=yes
I0422 18:29:55.311277 11292 processor.cc:81] Processing queue has data, processing started
I0422 18:29:55.311277 11112 processor.cc:81] Processing queue has data, processing started
I0422 18:29:55.329272 11292 processor.cc:158] Processor: start processing batch fa3a60b3-1809-458b-b6ad-8ae43c3cc80e into model nwt
I0422 18:29:55.345767 11112 processor.cc:158] Processor: start processing batch f0a91fff-70d7-4063-8477-111c5756c36c into model nwt
I0422 18:29:55.541718 11292 processor.cc:293] Processor: complete processing batch fa3a60b3-1809-458b-b6ad-8ae43c3cc80e into model nwt
I0422 18:29:55.544216 11292 cuckoo_watch.h:45] 233ms in ProcessBatch(batches\aaaaaa.batch) [including 18ms in LoadMessage; 0ms in InitializeTheta; 0ms in CreateRegularizerAgents; 14ms in InitializeSparseNdw; 89ms in InferThetaAndUpdateNwtSparse; 108ms in CalculateScore(^^^ItemsProcessedScore^^^); ]
I0422 18:29:55.580206 11292 processor.cc:74] No data in processing queue, waiting...
I0422 18:29:55.770154 11112 processor.cc:293] Processor: complete processing batch f0a91fff-70d7-4063-8477-111c5756c36c into model nwt
I0422 18:29:55.773655 11112 cuckoo_watch.h:45] 462ms in ProcessBatch(batches\aaaaab.batch) [including 34ms in LoadMessage; 0ms in InitializeTheta; 0ms in CreateRegularizerAgents; 34ms in InitializeSparseNdw; 179ms in InferThetaAndUpdateNwtSparse; 210ms in CalculateScore(^^^ItemsProcessedScore^^^); ]
I0422 18:29:55.775156  8080 master_component.cc:1496] RegularizeModelArgs: rwt_target_name=rwt, pwt_source_name=pwt, nwt_source_name=nwt
I0422 18:29:55.775156  8080 master_component.cc:1013] MasterComponent: start regularizing model pwt
I0422 18:29:55.809146 11112 processor.cc:74] No data in processing queue, waiting...
I0422 18:29:55.866132  8080 master_component.cc:1041] MasterComponent: complete regularizing model pwt
I0422 18:29:55.866132  8080 master_component.cc:1509] NormalizeModelArgs: pwt_target_name=pwt, nwt_source_name=nwt, rwt_source_name=rwt
I0422 18:29:55.866132  8080 master_component.cc:1045] MasterComponent: start normalizing model nwt
I0422 18:29:55.915118  8080 master_component.cc:1084] MasterComponent: complete normalizing model nwt
I0422 18:29:55.993598  8080 master_component.cc:1533] DisposeModel rwt
I0422 18:29:56.002095  8080 master_component.cc:1112] FitOffline: ItemsProcessed, num_items=1728, num_batches=2, token_weight=808522, token_weight_in_effect=808522
I0422 18:29:56.002095  8080 c_interface.cc:389] Pass FitOfflineMasterModelArgs, batch_filename_size=2, batch_weight_size=2, num_collection_passes=1, reset_nwt=yes to void (__cdecl artm::core::MasterComponent::*)(class artm::FitOfflineMasterModelArgs const & __ptr64) __ptr64
I0422 18:29:56.002095  8080 master_component.cc:1458] ProcessBatchesArgs: nwt_target_name=nwt, batch_filename_size=2, batch_size=0, batch_weight_size=2, pwt_source_name=pwt, num_document_passes=1, regularizer=(name:smooth, tau:100000), regularizer=(name:sparse, tau:-100000), reuse_theta=no, opt_for_avx=yes, predict_class_id=, reset_nwt=yes
I0422 18:29:56.023090  7816 processor.cc:81] Processing queue has data, processing started
I0422 18:29:56.023090 11292 processor.cc:81] Processing queue has data, processing started
I0422 18:29:56.041085  7816 processor.cc:158] Processor: start processing batch fa3a60b3-1809-458b-b6ad-8ae43c3cc80e into model nwt
I0422 18:29:56.056082 11292 processor.cc:158] Processor: start processing batch f0a91fff-70d7-4063-8477-111c5756c36c into model nwt
I0422 18:29:56.259027  7816 processor.cc:293] Processor: complete processing batch fa3a60b3-1809-458b-b6ad-8ae43c3cc80e into model nwt
I0422 18:29:56.261526  7816 cuckoo_watch.h:45] 238ms in ProcessBatch(batches\aaaaaa.batch) [including 18ms in LoadMessage; 0ms in InitializeTheta; 0ms in CreateRegularizerAgents; 14ms in InitializeSparseNdw; 89ms in InferThetaAndUpdateNwtSparse; 113ms in CalculateScore(^^^ItemsProcessedScore^^^); ]
I0422 18:29:56.297019  7816 processor.cc:74] No data in processing queue, waiting...
I0422 18:29:56.488970 11292 processor.cc:293] Processor: complete processing batch f0a91fff-70d7-4063-8477-111c5756c36c into model nwt
I0422 18:29:56.492467 11292 cuckoo_watch.h:45] 469ms in ProcessBatch(batches\aaaaab.batch) [including 33ms in LoadMessage; 0ms in InitializeTheta; 0ms in CreateRegularizerAgents; 34ms in InitializeSparseNdw; 180ms in InferThetaAndUpdateNwtSparse; 217ms in CalculateScore(^^^ItemsProcessedScore^^^); ]
I0422 18:29:56.492966  8080 master_component.cc:1496] RegularizeModelArgs: rwt_target_name=rwt, pwt_source_name=pwt, nwt_source_name=nwt
I0422 18:29:56.492966  8080 master_component.cc:1013] MasterComponent: start regularizing model pwt
I0422 18:29:56.522958 11292 processor.cc:74] No data in processing queue, waiting...
I0422 18:29:56.587443  8080 master_component.cc:1041] MasterComponent: complete regularizing model pwt
I0422 18:29:56.587443  8080 master_component.cc:1509] NormalizeModelArgs: pwt_target_name=pwt, nwt_source_name=nwt, rwt_source_name=rwt
I0422 18:29:56.587443  8080 master_component.cc:1045] MasterComponent: start normalizing model nwt
I0422 18:29:56.636927  8080 master_component.cc:1084] MasterComponent: complete normalizing model nwt
I0422 18:29:56.713410  8080 master_component.cc:1533] DisposeModel rwt
I0422 18:29:56.721905  8080 master_component.cc:1112] FitOffline: ItemsProcessed, num_items=1728, num_batches=2, token_weight=808522, token_weight_in_effect=808522
I0422 18:29:56.721905  8080 c_interface.cc:389] Pass FitOfflineMasterModelArgs, batch_filename_size=2, batch_weight_size=2, num_collection_passes=1, reset_nwt=yes to void (__cdecl artm::core::MasterComponent::*)(class artm::FitOfflineMasterModelArgs const & __ptr64) __ptr64
I0422 18:29:56.721905  8080 master_component.cc:1458] ProcessBatchesArgs: nwt_target_name=nwt, batch_filename_size=2, batch_size=0, batch_weight_size=2, pwt_source_name=pwt, num_document_passes=1, regularizer=(name:smooth, tau:100000), regularizer=(name:sparse, tau:-100000), reuse_theta=no, opt_for_avx=yes, predict_class_id=, reset_nwt=yes
I0422 18:29:56.742902 11112 processor.cc:81] Processing queue has data, processing started
I0422 18:29:56.742902  7816 processor.cc:81] Processing queue has data, processing started
I0422 18:29:56.760896 11112 processor.cc:158] Processor: start processing batch fa3a60b3-1809-458b-b6ad-8ae43c3cc80e into model nwt
I0422 18:29:56.775892  7816 processor.cc:158] Processor: start processing batch f0a91fff-70d7-4063-8477-111c5756c36c into model nwt
I0422 18:29:56.983840 11112 processor.cc:293] Processor: complete processing batch fa3a60b3-1809-458b-b6ad-8ae43c3cc80e into model nwt
I0422 18:29:56.986336 11112 cuckoo_watch.h:45] 243ms in ProcessBatch(batches\aaaaaa.batch) [including 18ms in LoadMessage; 0ms in InitializeTheta; 0ms in CreateRegularizerAgents; 14ms in InitializeSparseNdw; 90ms in InferThetaAndUpdateNwtSparse; 118ms in CalculateScore(^^^ItemsProcessedScore^^^); ]
I0422 18:29:57.018828 11112 processor.cc:74] No data in processing queue, waiting...
I0422 18:29:57.209779  7816 processor.cc:293] Processor: complete processing batch f0a91fff-70d7-4063-8477-111c5756c36c into model nwt
I0422 18:29:57.213279  7816 cuckoo_watch.h:45] 470ms in ProcessBatch(batches\aaaaab.batch) [including 33ms in LoadMessage; 0ms in InitializeTheta; 0ms in CreateRegularizerAgents; 34ms in InitializeSparseNdw; 183ms in InferThetaAndUpdateNwtSparse; 215ms in CalculateScore(^^^ItemsProcessedScore^^^); ]
I0422 18:29:57.214277  8080 master_component.cc:1496] RegularizeModelArgs: rwt_target_name=rwt, pwt_source_name=pwt, nwt_source_name=nwt
I0422 18:29:57.214277  8080 master_component.cc:1013] MasterComponent: start regularizing model pwt
I0422 18:29:57.250268  7816 processor.cc:74] No data in processing queue, waiting...
I0422 18:29:57.306253  8080 master_component.cc:1041] MasterComponent: complete regularizing model pwt
I0422 18:29:57.306253  8080 master_component.cc:1509] NormalizeModelArgs: pwt_target_name=pwt, nwt_source_name=nwt, rwt_source_name=rwt
I0422 18:29:57.306253  8080 master_component.cc:1045] MasterComponent: start normalizing model nwt
I0422 18:29:57.354740  8080 master_component.cc:1084] MasterComponent: complete normalizing model nwt
I0422 18:29:57.429222  8080 master_component.cc:1533] DisposeModel rwt
I0422 18:29:57.437717  8080 master_component.cc:1112] FitOffline: ItemsProcessed, num_items=1728, num_batches=2, token_weight=808522, token_weight_in_effect=808522
I0422 18:30:02.644824  8080 c_interface.cc:231] ArtmCopyRequestedMessage is copying 1117674 bytes...
I0422 18:30:02.705305  8080 c_interface.cc:231] ArtmCopyRequestedMessage is copying 1801904 bytes...
I0422 18:30:20.396731  8080 c_interface.cc:375] Pass 208a9358-f796-4a6c-b793-4a0ed92d7af9 to void (__cdecl artm::core::MasterComponent::*)(class std::basic_string<char,struct std::char_traits<char>,class std::allocator<char> > const & __ptr64) __ptr64
I0422 18:30:20.402228  8080 c_interface.cc:339] Disposing MasterComponent (id=1)...
I0422 18:30:20.402727  7816 processor.cc:66] Processor thread stopped
I0422 18:30:20.402727  7816 processor.cc:67] Total number of processed batches: 23
I0422 18:30:20.404227 11292 processor.cc:66] Processor thread stopped
I0422 18:30:20.404227 11292 processor.cc:67] Total number of processed batches: 24
I0422 18:30:20.405226 11112 processor.cc:66] Processor thread stopped
I0422 18:30:20.405226 11112 processor.cc:67] Total number of processed batches: 21
I0422 18:30:20.406672  3428 processor.cc:66] Processor thread stopped
I0422 18:30:20.406672  3428 processor.cc:67] Total number of processed batches: 22
I0422 18:30:20.433163  8080 c_interface.cc:339] Disposing MasterComponent (id=4)...
I0422 18:30:20.433662  8080 c_interface.cc:375] Pass mydict to void (__cdecl artm::core::MasterComponent::*)(class std::basic_string<char,struct std::char_traits<char>,class std::allocator<char> > const & __ptr64) __ptr64
I0422 18:30:20.438161  8080 c_interface.cc:339] Disposing MasterComponent (id=3)...
