I0422 18:54:24.005122  1248 master_component.cc:1041] MasterComponent: complete regularizing model pwt
I0422 18:54:24.005122  1248 master_component.cc:1509] NormalizeModelArgs: pwt_target_name=pwt, nwt_source_name=nwt, rwt_source_name=rwt
I0422 18:54:24.005122  1248 master_component.cc:1045] MasterComponent: start normalizing model nwt
I0422 18:54:24.053117  1248 master_component.cc:1084] MasterComponent: complete normalizing model nwt
I0422 18:54:24.158602  1248 master_component.cc:1533] DisposeModel rwt
I0422 18:54:24.166599  1248 master_component.cc:1112] FitOffline: ItemsProcessed, num_items=1728, num_batches=2, token_weight=808522, token_weight_in_effect=808522
I0422 18:54:24.166599  1248 c_interface.cc:389] Pass FitOfflineMasterModelArgs, batch_filename_size=2, batch_weight_size=2, num_collection_passes=1, reset_nwt=yes to void (__cdecl artm::core::MasterComponent::*)(class artm::FitOfflineMasterModelArgs const & __ptr64) __ptr64
I0422 18:54:24.166599  1248 master_component.cc:1458] ProcessBatchesArgs: nwt_target_name=nwt, batch_filename_size=2, batch_size=0, batch_weight_size=2, pwt_source_name=pwt, num_document_passes=1, regularizer=(name:smooth, tau:100000), reuse_theta=no, opt_for_avx=yes, predict_class_id=, reset_nwt=yes
I0422 18:54:24.186097  5180 processor.cc:81] Processing queue has data, processing started
I0422 18:54:24.187597  7944 processor.cc:81] Processing queue has data, processing started
I0422 18:54:24.204594  5180 processor.cc:158] Processor: start processing batch 926c0b95-0db7-4538-a9b8-71c2c5868ff4 into model nwt
I0422 18:54:24.223592  7944 processor.cc:158] Processor: start processing batch 0950e135-51ab-4d25-9c13-70efd44013dd into model nwt
I0422 18:54:24.440567  5180 processor.cc:293] Processor: complete processing batch 926c0b95-0db7-4538-a9b8-71c2c5868ff4 into model nwt
I0422 18:54:24.443064  5180 cuckoo_watch.h:45] 257ms in ProcessBatch(batches\aaaaaa.batch) [including 18ms in LoadMessage; 0ms in InitializeTheta; 0ms in CreateRegularizerAgents; 15ms in InitializeSparseNdw; 109ms in InferThetaAndUpdateNwtSparse; 111ms in CalculateScore(^^^ItemsProcessedScore^^^); ]
I0422 18:54:24.473059  5180 processor.cc:74] No data in processing queue, waiting...
I0422 18:54:24.682534  7944 processor.cc:293] Processor: complete processing batch 0950e135-51ab-4d25-9c13-70efd44013dd into model nwt
I0422 18:54:24.686031  7944 cuckoo_watch.h:45] 498ms in ProcessBatch(batches\aaaaab.batch) [including 36ms in LoadMessage; 0ms in InitializeTheta; 0ms in CreateRegularizerAgents; 34ms in InitializeSparseNdw; 219ms in InferThetaAndUpdateNwtSparse; 204ms in CalculateScore(^^^ItemsProcessedScore^^^); ]
I0422 18:54:24.688030  1248 master_component.cc:1496] RegularizeModelArgs: rwt_target_name=rwt, pwt_source_name=pwt, nwt_source_name=nwt
I0422 18:54:24.688030  1248 master_component.cc:1013] MasterComponent: start regularizing model pwt
I0422 18:54:24.716027  7944 processor.cc:74] No data in processing queue, waiting...
I0422 18:54:24.756523  1248 master_component.cc:1041] MasterComponent: complete regularizing model pwt
I0422 18:54:24.756523  1248 master_component.cc:1509] NormalizeModelArgs: pwt_target_name=pwt, nwt_source_name=nwt, rwt_source_name=rwt
I0422 18:54:24.756523  1248 master_component.cc:1045] MasterComponent: start normalizing model nwt
I0422 18:54:24.805513  1248 master_component.cc:1084] MasterComponent: complete normalizing model nwt
I0422 18:54:24.912499  1248 master_component.cc:1533] DisposeModel rwt
I0422 18:54:24.920498  1248 master_component.cc:1112] FitOffline: ItemsProcessed, num_items=1728, num_batches=2, token_weight=808522, token_weight_in_effect=808522
I0422 18:54:24.921000  1248 c_interface.cc:389] Pass FitOfflineMasterModelArgs, batch_filename_size=2, batch_weight_size=2, num_collection_passes=1, reset_nwt=yes to void (__cdecl artm::core::MasterComponent::*)(class artm::FitOfflineMasterModelArgs const & __ptr64) __ptr64
I0422 18:54:24.921000  1248 master_component.cc:1458] ProcessBatchesArgs: nwt_target_name=nwt, batch_filename_size=2, batch_size=0, batch_weight_size=2, pwt_source_name=pwt, num_document_passes=1, regularizer=(name:smooth, tau:100000), reuse_theta=no, opt_for_avx=yes, predict_class_id=, reset_nwt=yes
I0422 18:54:24.939991  5180 processor.cc:81] Processing queue has data, processing started
I0422 18:54:24.939991  4776 processor.cc:81] Processing queue has data, processing started
I0422 18:54:24.957994  4776 processor.cc:158] Processor: start processing batch 926c0b95-0db7-4538-a9b8-71c2c5868ff4 into model nwt
I0422 18:54:24.972995  5180 processor.cc:158] Processor: start processing batch 0950e135-51ab-4d25-9c13-70efd44013dd into model nwt
I0422 18:54:25.190462  4776 processor.cc:293] Processor: complete processing batch 926c0b95-0db7-4538-a9b8-71c2c5868ff4 into model nwt
I0422 18:54:25.193462  4776 cuckoo_watch.h:45] 253ms in ProcessBatch(batches\aaaaaa.batch) [including 18ms in LoadMessage; 0ms in InitializeTheta; 0ms in CreateRegularizerAgents; 13ms in InitializeSparseNdw; 107ms in InferThetaAndUpdateNwtSparse; 111ms in CalculateScore(^^^ItemsProcessedScore^^^); ]
I0422 18:54:25.225958  4776 processor.cc:74] No data in processing queue, waiting...
I0422 18:54:25.441431  5180 processor.cc:293] Processor: complete processing batch 0950e135-51ab-4d25-9c13-70efd44013dd into model nwt
I0422 18:54:25.446429  5180 cuckoo_watch.h:45] 506ms in ProcessBatch(batches\aaaaab.batch) [including 33ms in LoadMessage; 0ms in InitializeTheta; 0ms in CreateRegularizerAgents; 32ms in InitializeSparseNdw; 219ms in InferThetaAndUpdateNwtSparse; 215ms in CalculateScore(^^^ItemsProcessedScore^^^); ]
I0422 18:54:25.447928  1248 master_component.cc:1496] RegularizeModelArgs: rwt_target_name=rwt, pwt_source_name=pwt, nwt_source_name=nwt
I0422 18:54:25.447928  1248 master_component.cc:1013] MasterComponent: start regularizing model pwt
I0422 18:54:25.480924  5180 processor.cc:74] No data in processing queue, waiting...
I0422 18:54:25.517918  1248 master_component.cc:1041] MasterComponent: complete regularizing model pwt
I0422 18:54:25.517918  1248 master_component.cc:1509] NormalizeModelArgs: pwt_target_name=pwt, nwt_source_name=nwt, rwt_source_name=rwt
I0422 18:54:25.517918  1248 master_component.cc:1045] MasterComponent: start normalizing model nwt
I0422 18:54:25.566913  1248 master_component.cc:1084] MasterComponent: complete normalizing model nwt
I0422 18:54:25.674399  1248 master_component.cc:1533] DisposeModel rwt
I0422 18:54:25.682399  1248 master_component.cc:1112] FitOffline: ItemsProcessed, num_items=1728, num_batches=2, token_weight=808522, token_weight_in_effect=808522
I0422 18:54:25.682898  1248 c_interface.cc:389] Pass FitOfflineMasterModelArgs, batch_filename_size=2, batch_weight_size=2, num_collection_passes=1, reset_nwt=yes to void (__cdecl artm::core::MasterComponent::*)(class artm::FitOfflineMasterModelArgs const & __ptr64) __ptr64
I0422 18:54:25.682898  1248 master_component.cc:1458] ProcessBatchesArgs: nwt_target_name=nwt, batch_filename_size=2, batch_size=0, batch_weight_size=2, pwt_source_name=pwt, num_document_passes=1, regularizer=(name:smooth, tau:100000), reuse_theta=no, opt_for_avx=yes, predict_class_id=, reset_nwt=yes
I0422 18:54:25.701896  7944 processor.cc:81] Processing queue has data, processing started
I0422 18:54:25.703393  3416 processor.cc:81] Processing queue has data, processing started
I0422 18:54:25.720893  7944 processor.cc:158] Processor: start processing batch 926c0b95-0db7-4538-a9b8-71c2c5868ff4 into model nwt
I0422 18:54:25.738890  3416 processor.cc:158] Processor: start processing batch 0950e135-51ab-4d25-9c13-70efd44013dd into model nwt
I0422 18:54:25.963858  7944 processor.cc:293] Processor: complete processing batch 926c0b95-0db7-4538-a9b8-71c2c5868ff4 into model nwt
I0422 18:54:25.966358  7944 cuckoo_watch.h:45] 264ms in ProcessBatch(batches\aaaaaa.batch) [including 19ms in LoadMessage; 0ms in InitializeTheta; 0ms in CreateRegularizerAgents; 15ms in InitializeSparseNdw; 113ms in InferThetaAndUpdateNwtSparse; 113ms in CalculateScore(^^^ItemsProcessedScore^^^); ]
I0422 18:54:26.001853  7944 processor.cc:74] No data in processing queue, waiting...
I0422 18:54:26.218327  3416 processor.cc:293] Processor: complete processing batch 0950e135-51ab-4d25-9c13-70efd44013dd into model nwt
I0422 18:54:26.223325  3416 cuckoo_watch.h:45] 519ms in ProcessBatch(batches\aaaaab.batch) [including 35ms in LoadMessage; 0ms in InitializeTheta; 0ms in CreateRegularizerAgents; 35ms in InitializeSparseNdw; 228ms in InferThetaAndUpdateNwtSparse; 214ms in CalculateScore(^^^ItemsProcessedScore^^^); ]
I0422 18:54:26.225824  1248 master_component.cc:1496] RegularizeModelArgs: rwt_target_name=rwt, pwt_source_name=pwt, nwt_source_name=nwt
I0422 18:54:26.225824  1248 master_component.cc:1013] MasterComponent: start regularizing model pwt
I0422 18:54:26.259819  3416 processor.cc:74] No data in processing queue, waiting...
I0422 18:54:26.295315  1248 master_component.cc:1041] MasterComponent: complete regularizing model pwt
I0422 18:54:26.295315  1248 master_component.cc:1509] NormalizeModelArgs: pwt_target_name=pwt, nwt_source_name=nwt, rwt_source_name=rwt
I0422 18:54:26.295315  1248 master_component.cc:1045] MasterComponent: start normalizing model nwt
I0422 18:54:26.343808  1248 master_component.cc:1084] MasterComponent: complete normalizing model nwt
I0422 18:54:26.449295  1248 master_component.cc:1533] DisposeModel rwt
I0422 18:54:26.457291  1248 master_component.cc:1112] FitOffline: ItemsProcessed, num_items=1728, num_batches=2, token_weight=808522, token_weight_in_effect=808522
I0422 18:54:26.457291  1248 c_interface.cc:389] Pass FitOfflineMasterModelArgs, batch_filename_size=2, batch_weight_size=2, num_collection_passes=1, reset_nwt=yes to void (__cdecl artm::core::MasterComponent::*)(class artm::FitOfflineMasterModelArgs const & __ptr64) __ptr64
I0422 18:54:26.457291  1248 master_component.cc:1458] ProcessBatchesArgs: nwt_target_name=nwt, batch_filename_size=2, batch_size=0, batch_weight_size=2, pwt_source_name=pwt, num_document_passes=1, regularizer=(name:smooth, tau:100000), reuse_theta=no, opt_for_avx=yes, predict_class_id=, reset_nwt=yes
I0422 18:54:26.477790  4776 processor.cc:81] Processing queue has data, processing started
I0422 18:54:26.477790  7944 processor.cc:81] Processing queue has data, processing started
I0422 18:54:26.496289  7944 processor.cc:158] Processor: start processing batch 926c0b95-0db7-4538-a9b8-71c2c5868ff4 into model nwt
I0422 18:54:26.512787  4776 processor.cc:158] Processor: start processing batch 0950e135-51ab-4d25-9c13-70efd44013dd into model nwt
I0422 18:54:26.737756  7944 processor.cc:293] Processor: complete processing batch 926c0b95-0db7-4538-a9b8-71c2c5868ff4 into model nwt
I0422 18:54:26.740255  7944 cuckoo_watch.h:45] 262ms in ProcessBatch(batches\aaaaaa.batch) [including 18ms in LoadMessage; 0ms in InitializeTheta; 0ms in CreateRegularizerAgents; 14ms in InitializeSparseNdw; 108ms in InferThetaAndUpdateNwtSparse; 117ms in CalculateScore(^^^ItemsProcessedScore^^^); ]
I0422 18:54:26.775750  7944 processor.cc:74] No data in processing queue, waiting...
I0422 18:54:26.978721  4776 processor.cc:293] Processor: complete processing batch 0950e135-51ab-4d25-9c13-70efd44013dd into model nwt
I0422 18:54:26.983222  4776 cuckoo_watch.h:45] 505ms in ProcessBatch(batches\aaaaab.batch) [including 35ms in LoadMessage; 0ms in InitializeTheta; 0ms in CreateRegularizerAgents; 34ms in InitializeSparseNdw; 221ms in InferThetaAndUpdateNwtSparse; 208ms in CalculateScore(^^^ItemsProcessedScore^^^); ]
I0422 18:54:26.983726  1248 master_component.cc:1496] RegularizeModelArgs: rwt_target_name=rwt, pwt_source_name=pwt, nwt_source_name=nwt
I0422 18:54:26.983726  1248 master_component.cc:1013] MasterComponent: start regularizing model pwt
I0422 18:54:27.019717  4776 processor.cc:74] No data in processing queue, waiting...
I0422 18:54:27.053714  1248 master_component.cc:1041] MasterComponent: complete regularizing model pwt
I0422 18:54:27.053714  1248 master_component.cc:1509] NormalizeModelArgs: pwt_target_name=pwt, nwt_source_name=nwt, rwt_source_name=rwt
I0422 18:54:27.053714  1248 master_component.cc:1045] MasterComponent: start normalizing model nwt
I0422 18:54:27.102706  1248 master_component.cc:1084] MasterComponent: complete normalizing model nwt
I0422 18:54:27.205693  1248 master_component.cc:1533] DisposeModel rwt
I0422 18:54:27.213192  1248 master_component.cc:1112] FitOffline: ItemsProcessed, num_items=1728, num_batches=2, token_weight=808522, token_weight_in_effect=808522
I0422 18:54:27.213692  1248 c_interface.cc:389] Pass FitOfflineMasterModelArgs, batch_filename_size=2, batch_weight_size=2, num_collection_passes=1, reset_nwt=yes to void (__cdecl artm::core::MasterComponent::*)(class artm::FitOfflineMasterModelArgs const & __ptr64) __ptr64
I0422 18:54:27.213692  1248 master_component.cc:1458] ProcessBatchesArgs: nwt_target_name=nwt, batch_filename_size=2, batch_size=0, batch_weight_size=2, pwt_source_name=pwt, num_document_passes=1, regularizer=(name:smooth, tau:100000), reuse_theta=no, opt_for_avx=yes, predict_class_id=, reset_nwt=yes
I0422 18:54:27.233688  5180 processor.cc:81] Processing queue has data, processing started
I0422 18:54:27.233688  4776 processor.cc:81] Processing queue has data, processing started
I0422 18:54:27.252185  5180 processor.cc:158] Processor: start processing batch 926c0b95-0db7-4538-a9b8-71c2c5868ff4 into model nwt
I0422 18:54:27.268684  4776 processor.cc:158] Processor: start processing batch 0950e135-51ab-4d25-9c13-70efd44013dd into model nwt
I0422 18:54:27.487154  5180 processor.cc:293] Processor: complete processing batch 926c0b95-0db7-4538-a9b8-71c2c5868ff4 into model nwt
I0422 18:54:27.489655  5180 cuckoo_watch.h:45] 256ms in ProcessBatch(batches\aaaaaa.batch) [including 18ms in LoadMessage; 0ms in InitializeTheta; 0ms in CreateRegularizerAgents; 15ms in InitializeSparseNdw; 106ms in InferThetaAndUpdateNwtSparse; 112ms in CalculateScore(^^^ItemsProcessedScore^^^); ]
I0422 18:54:27.523649  5180 processor.cc:74] No data in processing queue, waiting...
I0422 18:54:27.739122  4776 processor.cc:293] Processor: complete processing batch 0950e135-51ab-4d25-9c13-70efd44013dd into model nwt
I0422 18:54:27.743623  4776 cuckoo_watch.h:45] 510ms in ProcessBatch(batches\aaaaab.batch) [including 35ms in LoadMessage; 0ms in InitializeTheta; 0ms in CreateRegularizerAgents; 34ms in InitializeSparseNdw; 219ms in InferThetaAndUpdateNwtSparse; 215ms in CalculateScore(^^^ItemsProcessedScore^^^); ]
I0422 18:54:27.745620  1248 master_component.cc:1496] RegularizeModelArgs: rwt_target_name=rwt, pwt_source_name=pwt, nwt_source_name=nwt
I0422 18:54:27.745620  1248 master_component.cc:1013] MasterComponent: start regularizing model pwt
I0422 18:54:27.779614  4776 processor.cc:74] No data in processing queue, waiting...
I0422 18:54:27.815111  1248 master_component.cc:1041] MasterComponent: complete regularizing model pwt
I0422 18:54:27.815111  1248 master_component.cc:1509] NormalizeModelArgs: pwt_target_name=pwt, nwt_source_name=nwt, rwt_source_name=rwt
I0422 18:54:27.815111  1248 master_component.cc:1045] MasterComponent: start normalizing model nwt
I0422 18:54:27.864104  1248 master_component.cc:1084] MasterComponent: complete normalizing model nwt
I0422 18:54:27.968091  1248 master_component.cc:1533] DisposeModel rwt
I0422 18:54:27.976090  1248 master_component.cc:1112] FitOffline: ItemsProcessed, num_items=1728, num_batches=2, token_weight=808522, token_weight_in_effect=808522
I0422 18:54:27.976090  1248 c_interface.cc:389] Pass FitOfflineMasterModelArgs, batch_filename_size=2, batch_weight_size=2, num_collection_passes=1, reset_nwt=yes to void (__cdecl artm::core::MasterComponent::*)(class artm::FitOfflineMasterModelArgs const & __ptr64) __ptr64
I0422 18:54:27.976090  1248 master_component.cc:1458] ProcessBatchesArgs: nwt_target_name=nwt, batch_filename_size=2, batch_size=0, batch_weight_size=2, pwt_source_name=pwt, num_document_passes=1, regularizer=(name:smooth, tau:100000), reuse_theta=no, opt_for_avx=yes, predict_class_id=, reset_nwt=yes
I0422 18:54:27.995586  5180 processor.cc:81] Processing queue has data, processing started
I0422 18:54:27.995586  7944 processor.cc:81] Processing queue has data, processing started
I0422 18:54:28.013583  5180 processor.cc:158] Processor: start processing batch 926c0b95-0db7-4538-a9b8-71c2c5868ff4 into model nwt
I0422 18:54:28.031581  7944 processor.cc:158] Processor: start processing batch 0950e135-51ab-4d25-9c13-70efd44013dd into model nwt
I0422 18:54:28.246552  5180 processor.cc:293] Processor: complete processing batch 926c0b95-0db7-4538-a9b8-71c2c5868ff4 into model nwt
I0422 18:54:28.249552  5180 cuckoo_watch.h:45] 254ms in ProcessBatch(batches\aaaaaa.batch) [including 18ms in LoadMessage; 0ms in InitializeTheta; 0ms in CreateRegularizerAgents; 14ms in InitializeSparseNdw; 107ms in InferThetaAndUpdateNwtSparse; 110ms in CalculateScore(^^^ItemsProcessedScore^^^); ]
I0422 18:54:28.282548  5180 processor.cc:74] No data in processing queue, waiting...
I0422 18:54:28.491520  7944 processor.cc:293] Processor: complete processing batch 0950e135-51ab-4d25-9c13-70efd44013dd into model nwt
I0422 18:54:28.494519  7944 cuckoo_watch.h:45] 499ms in ProcessBatch(batches\aaaaab.batch) [including 36ms in LoadMessage; 0ms in InitializeTheta; 0ms in CreateRegularizerAgents; 34ms in InitializeSparseNdw; 218ms in InferThetaAndUpdateNwtSparse; 206ms in CalculateScore(^^^ItemsProcessedScore^^^); ]
I0422 18:54:28.495019  1248 master_component.cc:1496] RegularizeModelArgs: rwt_target_name=rwt, pwt_source_name=pwt, nwt_source_name=nwt
I0422 18:54:28.495019  1248 master_component.cc:1013] MasterComponent: start regularizing model pwt
I0422 18:54:28.531514  7944 processor.cc:74] No data in processing queue, waiting...
I0422 18:54:28.563509  1248 master_component.cc:1041] MasterComponent: complete regularizing model pwt
I0422 18:54:28.563509  1248 master_component.cc:1509] NormalizeModelArgs: pwt_target_name=pwt, nwt_source_name=nwt, rwt_source_name=rwt
I0422 18:54:28.563509  1248 master_component.cc:1045] MasterComponent: start normalizing model nwt
I0422 18:54:28.613503  1248 master_component.cc:1084] MasterComponent: complete normalizing model nwt
I0422 18:54:28.718988  1248 master_component.cc:1533] DisposeModel rwt
I0422 18:54:28.726989  1248 master_component.cc:1112] FitOffline: ItemsProcessed, num_items=1728, num_batches=2, token_weight=808522, token_weight_in_effect=808522
I0422 18:54:28.726989  1248 c_interface.cc:389] Pass FitOfflineMasterModelArgs, batch_filename_size=2, batch_weight_size=2, num_collection_passes=1, reset_nwt=yes to void (__cdecl artm::core::MasterComponent::*)(class artm::FitOfflineMasterModelArgs const & __ptr64) __ptr64
I0422 18:54:28.727489  1248 master_component.cc:1458] ProcessBatchesArgs: nwt_target_name=nwt, batch_filename_size=2, batch_size=0, batch_weight_size=2, pwt_source_name=pwt, num_document_passes=1, regularizer=(name:smooth, tau:100000), reuse_theta=no, opt_for_avx=yes, predict_class_id=, reset_nwt=yes
I0422 18:54:28.747485  3416 processor.cc:81] Processing queue has data, processing started
I0422 18:54:28.747485  5180 processor.cc:81] Processing queue has data, processing started
I0422 18:54:28.765983  3416 processor.cc:158] Processor: start processing batch 926c0b95-0db7-4538-a9b8-71c2c5868ff4 into model nwt
I0422 18:54:28.780982  5180 processor.cc:158] Processor: start processing batch 0950e135-51ab-4d25-9c13-70efd44013dd into model nwt
I0422 18:54:29.010949  3416 processor.cc:293] Processor: complete processing batch 926c0b95-0db7-4538-a9b8-71c2c5868ff4 into model nwt
I0422 18:54:29.013448  3416 cuckoo_watch.h:45] 266ms in ProcessBatch(batches\aaaaaa.batch) [including 18ms in LoadMessage; 0ms in InitializeTheta; 0ms in CreateRegularizerAgents; 13ms in InitializeSparseNdw; 111ms in InferThetaAndUpdateNwtSparse; 118ms in CalculateScore(^^^ItemsProcessedScore^^^); ]
I0422 18:54:29.048946  3416 processor.cc:74] No data in processing queue, waiting...
I0422 18:54:29.274915  5180 processor.cc:293] Processor: complete processing batch 0950e135-51ab-4d25-9c13-70efd44013dd into model nwt
I0422 18:54:29.278414  5180 cuckoo_watch.h:45] 531ms in ProcessBatch(batches\aaaaab.batch) [including 33ms in LoadMessage; 0ms in InitializeTheta; 0ms in CreateRegularizerAgents; 34ms in InitializeSparseNdw; 227ms in InferThetaAndUpdateNwtSparse; 230ms in CalculateScore(^^^ItemsProcessedScore^^^); ]
I0422 18:54:29.278914  1248 master_component.cc:1496] RegularizeModelArgs: rwt_target_name=rwt, pwt_source_name=pwt, nwt_source_name=nwt
I0422 18:54:29.278914  1248 master_component.cc:1013] MasterComponent: start regularizing model pwt
I0422 18:54:29.310411  5180 processor.cc:74] No data in processing queue, waiting...
I0422 18:54:29.352903  1248 master_component.cc:1041] MasterComponent: complete regularizing model pwt
I0422 18:54:29.352903  1248 master_component.cc:1509] NormalizeModelArgs: pwt_target_name=pwt, nwt_source_name=nwt, rwt_source_name=rwt
I0422 18:54:29.352903  1248 master_component.cc:1045] MasterComponent: start normalizing model nwt
I0422 18:54:29.405398  1248 master_component.cc:1084] MasterComponent: complete normalizing model nwt
I0422 18:54:29.516886  1248 master_component.cc:1533] DisposeModel rwt
I0422 18:54:29.524381  1248 master_component.cc:1112] FitOffline: ItemsProcessed, num_items=1728, num_batches=2, token_weight=808522, token_weight_in_effect=808522
I0422 18:54:29.524880  1248 c_interface.cc:389] Pass FitOfflineMasterModelArgs, batch_filename_size=2, batch_weight_size=2, num_collection_passes=1, reset_nwt=yes to void (__cdecl artm::core::MasterComponent::*)(class artm::FitOfflineMasterModelArgs const & __ptr64) __ptr64
I0422 18:54:29.524880  1248 master_component.cc:1458] ProcessBatchesArgs: nwt_target_name=nwt, batch_filename_size=2, batch_size=0, batch_weight_size=2, pwt_source_name=pwt, num_document_passes=1, regularizer=(name:smooth, tau:100000), reuse_theta=no, opt_for_avx=yes, predict_class_id=, reset_nwt=yes
I0422 18:54:29.545378  7944 processor.cc:81] Processing queue has data, processing started
I0422 18:54:29.545378  4776 processor.cc:81] Processing queue has data, processing started
I0422 18:54:29.564376  4776 processor.cc:158] Processor: start processing batch 926c0b95-0db7-4538-a9b8-71c2c5868ff4 into model nwt
I0422 18:54:29.578874  7944 processor.cc:158] Processor: start processing batch 0950e135-51ab-4d25-9c13-70efd44013dd into model nwt
I0422 18:54:29.812345  4776 processor.cc:293] Processor: complete processing batch 926c0b95-0db7-4538-a9b8-71c2c5868ff4 into model nwt
I0422 18:54:29.814842  4776 cuckoo_watch.h:45] 269ms in ProcessBatch(batches\aaaaaa.batch) [including 19ms in LoadMessage; 0ms in InitializeTheta; 0ms in CreateRegularizerAgents; 15ms in InitializeSparseNdw; 113ms in InferThetaAndUpdateNwtSparse; 118ms in CalculateScore(^^^ItemsProcessedScore^^^); ]
I0422 18:54:29.846838  4776 processor.cc:74] No data in processing queue, waiting...
I0422 18:54:30.077307  7944 processor.cc:293] Processor: complete processing batch 0950e135-51ab-4d25-9c13-70efd44013dd into model nwt
I0422 18:54:30.080806  7944 cuckoo_watch.h:45] 535ms in ProcessBatch(batches\aaaaab.batch) [including 33ms in LoadMessage; 0ms in InitializeTheta; 0ms in CreateRegularizerAgents; 37ms in InitializeSparseNdw; 233ms in InferThetaAndUpdateNwtSparse; 226ms in CalculateScore(^^^ItemsProcessedScore^^^); ]
I0422 18:54:30.081306  1248 master_component.cc:1496] RegularizeModelArgs: rwt_target_name=rwt, pwt_source_name=pwt, nwt_source_name=nwt
I0422 18:54:30.081306  1248 master_component.cc:1013] MasterComponent: start regularizing model pwt
I0422 18:54:30.129300  7944 processor.cc:74] No data in processing queue, waiting...
I0422 18:54:30.179793  1248 master_component.cc:1041] MasterComponent: complete regularizing model pwt
I0422 18:54:30.180294  1248 master_component.cc:1509] NormalizeModelArgs: pwt_target_name=pwt, nwt_source_name=nwt, rwt_source_name=rwt
I0422 18:54:30.180294  1248 master_component.cc:1045] MasterComponent: start normalizing model nwt
I0422 18:54:30.232290  1248 master_component.cc:1084] MasterComponent: complete normalizing model nwt
I0422 18:54:30.337774  1248 master_component.cc:1533] DisposeModel rwt
I0422 18:54:30.345769  1248 master_component.cc:1112] FitOffline: ItemsProcessed, num_items=1728, num_batches=2, token_weight=808522, token_weight_in_effect=808522
I0422 18:54:30.346271  1248 c_interface.cc:389] Pass FitOfflineMasterModelArgs, batch_filename_size=2, batch_weight_size=2, num_collection_passes=1, reset_nwt=yes to void (__cdecl artm::core::MasterComponent::*)(class artm::FitOfflineMasterModelArgs const & __ptr64) __ptr64
I0422 18:54:30.346271  1248 master_component.cc:1458] ProcessBatchesArgs: nwt_target_name=nwt, batch_filename_size=2, batch_size=0, batch_weight_size=2, pwt_source_name=pwt, num_document_passes=1, regularizer=(name:smooth, tau:100000), reuse_theta=no, opt_for_avx=yes, predict_class_id=, reset_nwt=yes
I0422 18:54:30.367269  7944 processor.cc:81] Processing queue has data, processing started
I0422 18:54:30.367269  4776 processor.cc:81] Processing queue has data, processing started
I0422 18:54:30.385766  7944 processor.cc:158] Processor: start processing batch 926c0b95-0db7-4538-a9b8-71c2c5868ff4 into model nwt
I0422 18:54:30.400763  4776 processor.cc:158] Processor: start processing batch 0950e135-51ab-4d25-9c13-70efd44013dd into model nwt
I0422 18:54:30.631731  7944 processor.cc:293] Processor: complete processing batch 926c0b95-0db7-4538-a9b8-71c2c5868ff4 into model nwt
I0422 18:54:30.634232  7944 cuckoo_watch.h:45] 267ms in ProcessBatch(batches\aaaaaa.batch) [including 18ms in LoadMessage; 0ms in InitializeTheta; 0ms in CreateRegularizerAgents; 14ms in InitializeSparseNdw; 114ms in InferThetaAndUpdateNwtSparse; 116ms in CalculateScore(^^^ItemsProcessedScore^^^); ]
I0422 18:54:30.669227  7944 processor.cc:74] No data in processing queue, waiting...
I0422 18:54:30.880199  4776 processor.cc:293] Processor: complete processing batch 0950e135-51ab-4d25-9c13-70efd44013dd into model nwt
I0422 18:54:30.883198  4776 cuckoo_watch.h:45] 516ms in ProcessBatch(batches\aaaaab.batch) [including 33ms in LoadMessage; 0ms in InitializeTheta; 0ms in CreateRegularizerAgents; 35ms in InitializeSparseNdw; 228ms in InferThetaAndUpdateNwtSparse; 213ms in CalculateScore(^^^ItemsProcessedScore^^^); ]
I0422 18:54:30.884699  1248 master_component.cc:1496] RegularizeModelArgs: rwt_target_name=rwt, pwt_source_name=pwt, nwt_source_name=nwt
I0422 18:54:30.884699  1248 master_component.cc:1013] MasterComponent: start regularizing model pwt
I0422 18:54:30.920694  4776 processor.cc:74] No data in processing queue, waiting...
I0422 18:54:30.953189  1248 master_component.cc:1041] MasterComponent: complete regularizing model pwt
I0422 18:54:30.953189  1248 master_component.cc:1509] NormalizeModelArgs: pwt_target_name=pwt, nwt_source_name=nwt, rwt_source_name=rwt
I0422 18:54:30.953189  1248 master_component.cc:1045] MasterComponent: start normalizing model nwt
I0422 18:54:31.003182  1248 master_component.cc:1084] MasterComponent: complete normalizing model nwt
I0422 18:54:31.106669  1248 master_component.cc:1533] DisposeModel rwt
I0422 18:54:31.114667  1248 master_component.cc:1112] FitOffline: ItemsProcessed, num_items=1728, num_batches=2, token_weight=808522, token_weight_in_effect=808522
I0422 18:54:31.114667  1248 c_interface.cc:389] Pass FitOfflineMasterModelArgs, batch_filename_size=2, batch_weight_size=2, num_collection_passes=1, reset_nwt=yes to void (__cdecl artm::core::MasterComponent::*)(class artm::FitOfflineMasterModelArgs const & __ptr64) __ptr64
I0422 18:54:31.114667  1248 master_component.cc:1458] ProcessBatchesArgs: nwt_target_name=nwt, batch_filename_size=2, batch_size=0, batch_weight_size=2, pwt_source_name=pwt, num_document_passes=1, regularizer=(name:smooth, tau:100000), reuse_theta=no, opt_for_avx=yes, predict_class_id=, reset_nwt=yes
I0422 18:54:31.134166  4776 processor.cc:81] Processing queue has data, processing started
I0422 18:54:31.134166  7944 processor.cc:81] Processing queue has data, processing started
I0422 18:54:31.152662  7944 processor.cc:158] Processor: start processing batch 926c0b95-0db7-4538-a9b8-71c2c5868ff4 into model nwt
I0422 18:54:31.166659  4776 processor.cc:158] Processor: start processing batch 0950e135-51ab-4d25-9c13-70efd44013dd into model nwt
I0422 18:54:31.401630  7944 processor.cc:293] Processor: complete processing batch 926c0b95-0db7-4538-a9b8-71c2c5868ff4 into model nwt
I0422 18:54:31.404628  7944 cuckoo_watch.h:45] 270ms in ProcessBatch(batches\aaaaaa.batch) [including 18ms in LoadMessage; 0ms in InitializeTheta; 0ms in CreateRegularizerAgents; 14ms in InitializeSparseNdw; 110ms in InferThetaAndUpdateNwtSparse; 124ms in CalculateScore(^^^ItemsProcessedScore^^^); ]
I0422 18:54:31.439124  7944 processor.cc:74] No data in processing queue, waiting...
I0422 18:54:31.650596  4776 processor.cc:293] Processor: complete processing batch 0950e135-51ab-4d25-9c13-70efd44013dd into model nwt
I0422 18:54:31.655097  4776 cuckoo_watch.h:45] 521ms in ProcessBatch(batches\aaaaab.batch) [including 32ms in LoadMessage; 0ms in InitializeTheta; 0ms in CreateRegularizerAgents; 33ms in InitializeSparseNdw; 230ms in InferThetaAndUpdateNwtSparse; 219ms in CalculateScore(^^^ItemsProcessedScore^^^); ]
I0422 18:54:31.655596  1248 master_component.cc:1496] RegularizeModelArgs: rwt_target_name=rwt, pwt_source_name=pwt, nwt_source_name=nwt
I0422 18:54:31.655596  1248 master_component.cc:1013] MasterComponent: start regularizing model pwt
I0422 18:54:31.687090  4776 processor.cc:74] No data in processing queue, waiting...
I0422 18:54:31.725586  1248 master_component.cc:1041] MasterComponent: complete regularizing model pwt
I0422 18:54:31.726084  1248 master_component.cc:1509] NormalizeModelArgs: pwt_target_name=pwt, nwt_source_name=nwt, rwt_source_name=rwt
I0422 18:54:31.726084  1248 master_component.cc:1045] MasterComponent: start normalizing model nwt
I0422 18:54:31.776080  1248 master_component.cc:1084] MasterComponent: complete normalizing model nwt
I0422 18:54:31.877566  1248 master_component.cc:1533] DisposeModel rwt
I0422 18:54:31.885567  1248 master_component.cc:1112] FitOffline: ItemsProcessed, num_items=1728, num_batches=2, token_weight=808522, token_weight_in_effect=808522
I0422 18:54:31.886073  1248 c_interface.cc:389] Pass FitOfflineMasterModelArgs, batch_filename_size=2, batch_weight_size=2, num_collection_passes=1, reset_nwt=yes to void (__cdecl artm::core::MasterComponent::*)(class artm::FitOfflineMasterModelArgs const & __ptr64) __ptr64
I0422 18:54:31.886073  1248 master_component.cc:1458] ProcessBatchesArgs: nwt_target_name=nwt, batch_filename_size=2, batch_size=0, batch_weight_size=2, pwt_source_name=pwt, num_document_passes=1, regularizer=(name:smooth, tau:100000), reuse_theta=no, opt_for_avx=yes, predict_class_id=, reset_nwt=yes
I0422 18:54:31.906561  7944 processor.cc:81] Processing queue has data, processing started
I0422 18:54:31.906561  5180 processor.cc:81] Processing queue has data, processing started
I0422 18:54:31.925060  7944 processor.cc:158] Processor: start processing batch 926c0b95-0db7-4538-a9b8-71c2c5868ff4 into model nwt
I0422 18:54:31.942057  5180 processor.cc:158] Processor: start processing batch 0950e135-51ab-4d25-9c13-70efd44013dd into model nwt
I0422 18:54:32.164028  7944 processor.cc:293] Processor: complete processing batch 926c0b95-0db7-4538-a9b8-71c2c5868ff4 into model nwt
I0422 18:54:32.167026  7944 cuckoo_watch.h:45] 260ms in ProcessBatch(batches\aaaaaa.batch) [including 18ms in LoadMessage; 0ms in InitializeTheta; 0ms in CreateRegularizerAgents; 13ms in InitializeSparseNdw; 109ms in InferThetaAndUpdateNwtSparse; 114ms in CalculateScore(^^^ItemsProcessedScore^^^); ]
I0422 18:54:32.202023  7944 processor.cc:74] No data in processing queue, waiting...
I0422 18:54:32.412995  5180 processor.cc:293] Processor: complete processing batch 0950e135-51ab-4d25-9c13-70efd44013dd into model nwt
I0422 18:54:32.416493  5180 cuckoo_watch.h:45] 510ms in ProcessBatch(batches\aaaaab.batch) [including 35ms in LoadMessage; 0ms in InitializeTheta; 0ms in CreateRegularizerAgents; 33ms in InitializeSparseNdw; 226ms in InferThetaAndUpdateNwtSparse; 210ms in CalculateScore(^^^ItemsProcessedScore^^^); ]
I0422 18:54:32.416993  1248 master_component.cc:1496] RegularizeModelArgs: rwt_target_name=rwt, pwt_source_name=pwt, nwt_source_name=nwt
I0422 18:54:32.416993  1248 master_component.cc:1013] MasterComponent: start regularizing model pwt
I0422 18:54:32.452988  5180 processor.cc:74] No data in processing queue, waiting...
I0422 18:54:32.484484  1248 master_component.cc:1041] MasterComponent: complete regularizing model pwt
I0422 18:54:32.484484  1248 master_component.cc:1509] NormalizeModelArgs: pwt_target_name=pwt, nwt_source_name=nwt, rwt_source_name=rwt
I0422 18:54:32.484484  1248 master_component.cc:1045] MasterComponent: start normalizing model nwt
I0422 18:54:32.534478  1248 master_component.cc:1084] MasterComponent: complete normalizing model nwt
I0422 18:54:32.639963  1248 master_component.cc:1533] DisposeModel rwt
I0422 18:54:32.647963  1248 master_component.cc:1112] FitOffline: ItemsProcessed, num_items=1728, num_batches=2, token_weight=808522, token_weight_in_effect=808522
I0422 18:54:32.648463  1248 c_interface.cc:389] Pass FitOfflineMasterModelArgs, batch_filename_size=2, batch_weight_size=2, num_collection_passes=1, reset_nwt=yes to void (__cdecl artm::core::MasterComponent::*)(class artm::FitOfflineMasterModelArgs const & __ptr64) __ptr64
I0422 18:54:32.648463  1248 master_component.cc:1458] ProcessBatchesArgs: nwt_target_name=nwt, batch_filename_size=2, batch_size=0, batch_weight_size=2, pwt_source_name=pwt, num_document_passes=1, regularizer=(name:smooth, tau:100000), reuse_theta=no, opt_for_avx=yes, predict_class_id=, reset_nwt=yes
I0422 18:54:32.668458  5180 processor.cc:81] Processing queue has data, processing started
I0422 18:54:32.668458  3416 processor.cc:81] Processing queue has data, processing started
I0422 18:54:32.687455  5180 processor.cc:158] Processor: start processing batch 926c0b95-0db7-4538-a9b8-71c2c5868ff4 into model nwt
I0422 18:54:32.702455  3416 processor.cc:158] Processor: start processing batch 0950e135-51ab-4d25-9c13-70efd44013dd into model nwt
I0422 18:54:32.926424  5180 processor.cc:293] Processor: complete processing batch 926c0b95-0db7-4538-a9b8-71c2c5868ff4 into model nwt
I0422 18:54:32.928922  5180 cuckoo_watch.h:45] 260ms in ProcessBatch(batches\aaaaaa.batch) [including 19ms in LoadMessage; 0ms in InitializeTheta; 0ms in CreateRegularizerAgents; 14ms in InitializeSparseNdw; 110ms in InferThetaAndUpdateNwtSparse; 113ms in CalculateScore(^^^ItemsProcessedScore^^^); ]
I0422 18:54:32.960419  5180 processor.cc:74] No data in processing queue, waiting...
I0422 18:54:33.178891  3416 processor.cc:293] Processor: complete processing batch 0950e135-51ab-4d25-9c13-70efd44013dd into model nwt
I0422 18:54:33.183890  3416 cuckoo_watch.h:45] 515ms in ProcessBatch(batches\aaaaab.batch) [including 34ms in LoadMessage; 0ms in InitializeTheta; 0ms in CreateRegularizerAgents; 34ms in InitializeSparseNdw; 224ms in InferThetaAndUpdateNwtSparse; 217ms in CalculateScore(^^^ItemsProcessedScore^^^); ]
I0422 18:54:33.184890  1248 master_component.cc:1496] RegularizeModelArgs: rwt_target_name=rwt, pwt_source_name=pwt, nwt_source_name=nwt
I0422 18:54:33.184890  1248 master_component.cc:1013] MasterComponent: start regularizing model pwt
I0422 18:54:33.218885  3416 processor.cc:74] No data in processing queue, waiting...
I0422 18:54:33.254380  1248 master_component.cc:1041] MasterComponent: complete regularizing model pwt
I0422 18:54:33.254380  1248 master_component.cc:1509] NormalizeModelArgs: pwt_target_name=pwt, nwt_source_name=nwt, rwt_source_name=rwt
I0422 18:54:33.254380  1248 master_component.cc:1045] MasterComponent: start normalizing model nwt
I0422 18:54:33.304873  1248 master_component.cc:1084] MasterComponent: complete normalizing model nwt
I0422 18:54:33.408859  1248 master_component.cc:1533] DisposeModel rwt
I0422 18:54:33.417357  1248 master_component.cc:1112] FitOffline: ItemsProcessed, num_items=1728, num_batches=2, token_weight=808522, token_weight_in_effect=808522
I0422 18:54:36.163384  1248 c_interface.cc:389] Pass FitOfflineMasterModelArgs, batch_filename_size=2, batch_weight_size=2, num_collection_passes=1, reset_nwt=yes to void (__cdecl artm::core::MasterComponent::*)(class artm::FitOfflineMasterModelArgs const & __ptr64) __ptr64
I0422 18:54:36.163384  1248 master_component.cc:1458] ProcessBatchesArgs: nwt_target_name=nwt, batch_filename_size=2, batch_size=0, batch_weight_size=2, pwt_source_name=pwt, num_document_passes=1, regularizer=(name:smooth, tau:100000), reuse_theta=no, opt_for_avx=yes, predict_class_id=, reset_nwt=yes
I0422 18:54:36.182880  3416 processor.cc:81] Processing queue has data, processing started
I0422 18:54:36.184381  7944 processor.cc:81] Processing queue has data, processing started
I0422 18:54:36.203380  3416 processor.cc:158] Processor: start processing batch 926c0b95-0db7-4538-a9b8-71c2c5868ff4 into model nwt
I0422 18:54:36.220877  7944 processor.cc:158] Processor: start processing batch 0950e135-51ab-4d25-9c13-70efd44013dd into model nwt
I0422 18:54:36.441848  3416 processor.cc:293] Processor: complete processing batch 926c0b95-0db7-4538-a9b8-71c2c5868ff4 into model nwt
I0422 18:54:36.444345  3416 cuckoo_watch.h:45] 261ms in ProcessBatch(batches\aaaaaa.batch) [including 20ms in LoadMessage; 0ms in InitializeTheta; 0ms in CreateRegularizerAgents; 14ms in InitializeSparseNdw; 108ms in InferThetaAndUpdateNwtSparse; 114ms in CalculateScore(^^^ItemsProcessedScore^^^); ]
I0422 18:54:36.472842  3416 processor.cc:74] No data in processing queue, waiting...
I0422 18:54:36.683316  7944 processor.cc:293] Processor: complete processing batch 0950e135-51ab-4d25-9c13-70efd44013dd into model nwt
I0422 18:54:36.686815  7944 cuckoo_watch.h:45] 502ms in ProcessBatch(batches\aaaaab.batch) [including 36ms in LoadMessage; 0ms in InitializeTheta; 0ms in CreateRegularizerAgents; 33ms in InitializeSparseNdw; 220ms in InferThetaAndUpdateNwtSparse; 207ms in CalculateScore(^^^ItemsProcessedScore^^^); ]
I0422 18:54:36.687815  1248 master_component.cc:1496] RegularizeModelArgs: rwt_target_name=rwt, pwt_source_name=pwt, nwt_source_name=nwt
I0422 18:54:36.687815  1248 master_component.cc:1013] MasterComponent: start regularizing model pwt
I0422 18:54:36.716809  7944 processor.cc:74] No data in processing queue, waiting...
I0422 18:54:36.755805  1248 master_component.cc:1041] MasterComponent: complete regularizing model pwt
I0422 18:54:36.755805  1248 master_component.cc:1509] NormalizeModelArgs: pwt_target_name=pwt, nwt_source_name=nwt, rwt_source_name=rwt
I0422 18:54:36.755805  1248 master_component.cc:1045] MasterComponent: start normalizing model nwt
I0422 18:54:36.805799  1248 master_component.cc:1084] MasterComponent: complete normalizing model nwt
I0422 18:54:36.906284  1248 master_component.cc:1533] DisposeModel rwt
I0422 18:54:36.914283  1248 master_component.cc:1112] FitOffline: ItemsProcessed, num_items=1728, num_batches=2, token_weight=808522, token_weight_in_effect=808522
I0422 18:54:36.914283  1248 c_interface.cc:389] Pass FitOfflineMasterModelArgs, batch_filename_size=2, batch_weight_size=2, num_collection_passes=1, reset_nwt=yes to void (__cdecl artm::core::MasterComponent::*)(class artm::FitOfflineMasterModelArgs const & __ptr64) __ptr64
I0422 18:54:36.914283  1248 master_component.cc:1458] ProcessBatchesArgs: nwt_target_name=nwt, batch_filename_size=2, batch_size=0, batch_weight_size=2, pwt_source_name=pwt, num_document_passes=1, regularizer=(name:smooth, tau:100000), reuse_theta=no, opt_for_avx=yes, predict_class_id=, reset_nwt=yes
I0422 18:54:36.934780  5180 processor.cc:81] Processing queue has data, processing started
I0422 18:54:36.934780  7944 processor.cc:81] Processing queue has data, processing started
I0422 18:54:36.953276  7944 processor.cc:158] Processor: start processing batch 926c0b95-0db7-4538-a9b8-71c2c5868ff4 into model nwt
I0422 18:54:36.967775  5180 processor.cc:158] Processor: start processing batch 0950e135-51ab-4d25-9c13-70efd44013dd into model nwt
I0422 18:54:37.186746  7944 processor.cc:293] Processor: complete processing batch 926c0b95-0db7-4538-a9b8-71c2c5868ff4 into model nwt
I0422 18:54:37.194247  7944 cuckoo_watch.h:45] 259ms in ProcessBatch(batches\aaaaaa.batch) [including 18ms in LoadMessage; 0ms in InitializeTheta; 0ms in CreateRegularizerAgents; 14ms in InitializeSparseNdw; 107ms in InferThetaAndUpdateNwtSparse; 111ms in CalculateScore(^^^ItemsProcessedScore^^^); ]
I0422 18:54:37.228741  7944 processor.cc:74] No data in processing queue, waiting...
I0422 18:54:37.438213  5180 processor.cc:293] Processor: complete processing batch 0950e135-51ab-4d25-9c13-70efd44013dd into model nwt
I0422 18:54:37.441215  5180 cuckoo_watch.h:45] 506ms in ProcessBatch(batches\aaaaab.batch) [including 33ms in LoadMessage; 0ms in InitializeTheta; 0ms in CreateRegularizerAgents; 33ms in InitializeSparseNdw; 223ms in InferThetaAndUpdateNwtSparse; 213ms in CalculateScore(^^^ItemsProcessedScore^^^); ]
I0422 18:54:37.442713  1248 master_component.cc:1496] RegularizeModelArgs: rwt_target_name=rwt, pwt_source_name=pwt, nwt_source_name=nwt
I0422 18:54:37.442713  1248 master_component.cc:1013] MasterComponent: start regularizing model pwt
I0422 18:54:37.478708  5180 processor.cc:74] No data in processing queue, waiting...
I0422 18:54:37.509703  1248 master_component.cc:1041] MasterComponent: complete regularizing model pwt
I0422 18:54:37.509703  1248 master_component.cc:1509] NormalizeModelArgs: pwt_target_name=pwt, nwt_source_name=nwt, rwt_source_name=rwt
I0422 18:54:37.509703  1248 master_component.cc:1045] MasterComponent: start normalizing model nwt
I0422 18:54:37.560197  1248 master_component.cc:1084] MasterComponent: complete normalizing model nwt
I0422 18:54:37.659683  1248 master_component.cc:1533] DisposeModel rwt
I0422 18:54:37.667682  1248 master_component.cc:1112] FitOffline: ItemsProcessed, num_items=1728, num_batches=2, token_weight=808522, token_weight_in_effect=808522
I0422 18:54:37.668184  1248 c_interface.cc:389] Pass FitOfflineMasterModelArgs, batch_filename_size=2, batch_weight_size=2, num_collection_passes=1, reset_nwt=yes to void (__cdecl artm::core::MasterComponent::*)(class artm::FitOfflineMasterModelArgs const & __ptr64) __ptr64
I0422 18:54:37.668184  1248 master_component.cc:1458] ProcessBatchesArgs: nwt_target_name=nwt, batch_filename_size=2, batch_size=0, batch_weight_size=2, pwt_source_name=pwt, num_document_passes=1, regularizer=(name:smooth, tau:100000), reuse_theta=no, opt_for_avx=yes, predict_class_id=, reset_nwt=yes
I0422 18:54:37.687680  7944 processor.cc:81] Processing queue has data, processing started
I0422 18:54:37.687680  3416 processor.cc:81] Processing queue has data, processing started
I0422 18:54:37.706178  7944 processor.cc:158] Processor: start processing batch 926c0b95-0db7-4538-a9b8-71c2c5868ff4 into model nwt
I0422 18:54:37.722674  3416 processor.cc:158] Processor: start processing batch 0950e135-51ab-4d25-9c13-70efd44013dd into model nwt
I0422 18:54:37.941646  7944 processor.cc:293] Processor: complete processing batch 926c0b95-0db7-4538-a9b8-71c2c5868ff4 into model nwt
I0422 18:54:37.944145  7944 cuckoo_watch.h:45] 256ms in ProcessBatch(batches\aaaaaa.batch) [including 18ms in LoadMessage; 0ms in InitializeTheta; 0ms in CreateRegularizerAgents; 14ms in InitializeSparseNdw; 107ms in InferThetaAndUpdateNwtSparse; 112ms in CalculateScore(^^^ItemsProcessedScore^^^); ]
I0422 18:54:37.973641  7944 processor.cc:74] No data in processing queue, waiting...
I0422 18:54:38.186614  3416 processor.cc:293] Processor: complete processing batch 0950e135-51ab-4d25-9c13-70efd44013dd into model nwt
I0422 18:54:38.189612  3416 cuckoo_watch.h:45] 502ms in ProcessBatch(batches\aaaaab.batch) [including 35ms in LoadMessage; 0ms in InitializeTheta; 0ms in CreateRegularizerAgents; 33ms in InitializeSparseNdw; 221ms in InferThetaAndUpdateNwtSparse; 207ms in CalculateScore(^^^ItemsProcessedScore^^^); ]
I0422 18:54:38.190611  1248 master_component.cc:1496] RegularizeModelArgs: rwt_target_name=rwt, pwt_source_name=pwt, nwt_source_name=nwt
I0422 18:54:38.190611  1248 master_component.cc:1013] MasterComponent: start regularizing model pwt
I0422 18:54:38.224107  3416 processor.cc:74] No data in processing queue, waiting...
I0422 18:54:38.258103  1248 master_component.cc:1041] MasterComponent: complete regularizing model pwt
I0422 18:54:38.258103  1248 master_component.cc:1509] NormalizeModelArgs: pwt_target_name=pwt, nwt_source_name=nwt, rwt_source_name=rwt
I0422 18:54:38.258103  1248 master_component.cc:1045] MasterComponent: start normalizing model nwt
I0422 18:54:38.308596  1248 master_component.cc:1084] MasterComponent: complete normalizing model nwt
I0422 18:54:38.407083  1248 master_component.cc:1533] DisposeModel rwt
I0422 18:54:38.415083  1248 master_component.cc:1112] FitOffline: ItemsProcessed, num_items=1728, num_batches=2, token_weight=808522, token_weight_in_effect=808522
I0422 18:54:38.415083  1248 c_interface.cc:389] Pass FitOfflineMasterModelArgs, batch_filename_size=2, batch_weight_size=2, num_collection_passes=1, reset_nwt=yes to void (__cdecl artm::core::MasterComponent::*)(class artm::FitOfflineMasterModelArgs const & __ptr64) __ptr64
I0422 18:54:38.415083  1248 master_component.cc:1458] ProcessBatchesArgs: nwt_target_name=nwt, batch_filename_size=2, batch_size=0, batch_weight_size=2, pwt_source_name=pwt, num_document_passes=1, regularizer=(name:smooth, tau:100000), reuse_theta=no, opt_for_avx=yes, predict_class_id=, reset_nwt=yes
I0422 18:54:38.434579  7944 processor.cc:81] Processing queue has data, processing started
I0422 18:54:38.434579  4776 processor.cc:81] Processing queue has data, processing started
I0422 18:54:38.452575  7944 processor.cc:158] Processor: start processing batch 926c0b95-0db7-4538-a9b8-71c2c5868ff4 into model nwt
I0422 18:54:38.467574  4776 processor.cc:158] Processor: start processing batch 0950e135-51ab-4d25-9c13-70efd44013dd into model nwt
I0422 18:54:38.688544  7944 processor.cc:293] Processor: complete processing batch 926c0b95-0db7-4538-a9b8-71c2c5868ff4 into model nwt
I0422 18:54:38.691545  7944 cuckoo_watch.h:45] 256ms in ProcessBatch(batches\aaaaaa.batch) [including 18ms in LoadMessage; 0ms in InitializeTheta; 0ms in CreateRegularizerAgents; 14ms in InitializeSparseNdw; 107ms in InferThetaAndUpdateNwtSparse; 114ms in CalculateScore(^^^ItemsProcessedScore^^^); ]
I0422 18:54:38.725539  7944 processor.cc:74] No data in processing queue, waiting...
I0422 18:54:38.929014  4776 processor.cc:293] Processor: complete processing batch 0950e135-51ab-4d25-9c13-70efd44013dd into model nwt
I0422 18:54:38.932013  4776 cuckoo_watch.h:45] 497ms in ProcessBatch(batches\aaaaab.batch) [including 33ms in LoadMessage; 0ms in InitializeTheta; 0ms in CreateRegularizerAgents; 34ms in InitializeSparseNdw; 220ms in InferThetaAndUpdateNwtSparse; 205ms in CalculateScore(^^^ItemsProcessedScore^^^); ]
I0422 18:54:38.932512  1248 master_component.cc:1496] RegularizeModelArgs: rwt_target_name=rwt, pwt_source_name=pwt, nwt_source_name=nwt
I0422 18:54:38.932512  1248 master_component.cc:1013] MasterComponent: start regularizing model pwt
I0422 18:54:38.965507  4776 processor.cc:74] No data in processing queue, waiting...
I0422 18:54:39.000003  1248 master_component.cc:1041] MasterComponent: complete regularizing model pwt
I0422 18:54:39.000003  1248 master_component.cc:1509] NormalizeModelArgs: pwt_target_name=pwt, nwt_source_name=nwt, rwt_source_name=rwt
I0422 18:54:39.000003  1248 master_component.cc:1045] MasterComponent: start normalizing model nwt
I0422 18:54:39.050496  1248 master_component.cc:1084] MasterComponent: complete normalizing model nwt
I0422 18:54:39.149483  1248 master_component.cc:1533] DisposeModel rwt
I0422 18:54:39.157482  1248 master_component.cc:1112] FitOffline: ItemsProcessed, num_items=1728, num_batches=2, token_weight=808522, token_weight_in_effect=808522
I0422 18:54:39.157482  1248 c_interface.cc:389] Pass FitOfflineMasterModelArgs, batch_filename_size=2, batch_weight_size=2, num_collection_passes=1, reset_nwt=yes to void (__cdecl artm::core::MasterComponent::*)(class artm::FitOfflineMasterModelArgs const & __ptr64) __ptr64
I0422 18:54:39.157482  1248 master_component.cc:1458] ProcessBatchesArgs: nwt_target_name=nwt, batch_filename_size=2, batch_size=0, batch_weight_size=2, pwt_source_name=pwt, num_document_passes=1, regularizer=(name:smooth, tau:100000), reuse_theta=no, opt_for_avx=yes, predict_class_id=, reset_nwt=yes
I0422 18:54:39.178479  3416 processor.cc:81] Processing queue has data, processing started
I0422 18:54:39.178479  7944 processor.cc:81] Processing queue has data, processing started
I0422 18:54:39.196477  3416 processor.cc:158] Processor: start processing batch 926c0b95-0db7-4538-a9b8-71c2c5868ff4 into model nwt
I0422 18:54:39.211475  7944 processor.cc:158] Processor: start processing batch 0950e135-51ab-4d25-9c13-70efd44013dd into model nwt
I0422 18:54:39.430446  3416 processor.cc:293] Processor: complete processing batch 926c0b95-0db7-4538-a9b8-71c2c5868ff4 into model nwt
I0422 18:54:39.432946  3416 cuckoo_watch.h:45] 254ms in ProcessBatch(batches\aaaaaa.batch) [including 18ms in LoadMessage; 0ms in InitializeTheta; 0ms in CreateRegularizerAgents; 13ms in InitializeSparseNdw; 107ms in InferThetaAndUpdateNwtSparse; 112ms in CalculateScore(^^^ItemsProcessedScore^^^); ]
I0422 18:54:39.470440  3416 processor.cc:74] No data in processing queue, waiting...
I0422 18:54:39.677413  7944 processor.cc:293] Processor: complete processing batch 0950e135-51ab-4d25-9c13-70efd44013dd into model nwt
