I0422 18:55:32.145751  3416 processor.cc:74] No data in processing queue, waiting...
I0422 18:55:32.197744  1248 master_component.cc:1041] MasterComponent: complete regularizing model pwt
I0422 18:55:32.197744  1248 master_component.cc:1509] NormalizeModelArgs: pwt_target_name=pwt, nwt_source_name=nwt, rwt_source_name=rwt
I0422 18:55:32.197744  1248 master_component.cc:1045] MasterComponent: start normalizing model nwt
I0422 18:55:32.237237  1248 master_component.cc:1084] MasterComponent: complete normalizing model nwt
I0422 18:55:32.290730  1248 master_component.cc:1533] DisposeModel rwt
I0422 18:55:32.299229  1248 master_component.cc:1112] FitOffline: ItemsProcessed, num_items=1728, num_batches=2, token_weight=808522, token_weight_in_effect=808522
I0422 18:55:32.299229  1248 c_interface.cc:389] Pass FitOfflineMasterModelArgs, batch_filename_size=2, batch_weight_size=2, num_collection_passes=1, reset_nwt=yes to void (__cdecl artm::core::MasterComponent::*)(class artm::FitOfflineMasterModelArgs const & __ptr64) __ptr64
I0422 18:55:32.299229  1248 master_component.cc:1458] ProcessBatchesArgs: nwt_target_name=nwt, batch_filename_size=2, batch_size=0, batch_weight_size=2, pwt_source_name=pwt, num_document_passes=1, regularizer=(name:smooth, tau:100000), regularizer=(name:sparse, tau:-1e+20), reuse_theta=no, opt_for_avx=yes, predict_class_id=, reset_nwt=yes
I0422 18:55:32.319226  7944 processor.cc:81] Processing queue has data, processing started
I0422 18:55:32.321225  3416 processor.cc:81] Processing queue has data, processing started
I0422 18:55:32.337224  7944 processor.cc:158] Processor: start processing batch 926c0b95-0db7-4538-a9b8-71c2c5868ff4 into model nwt
I0422 18:55:32.354223  3416 processor.cc:158] Processor: start processing batch 0950e135-51ab-4d25-9c13-70efd44013dd into model nwt
I0422 18:55:32.543198  7944 processor.cc:293] Processor: complete processing batch 926c0b95-0db7-4538-a9b8-71c2c5868ff4 into model nwt
I0422 18:55:32.545698  7944 cuckoo_watch.h:45] 226ms in ProcessBatch(batches\aaaaaa.batch) [including 18ms in LoadMessage; 0ms in InitializeTheta; 0ms in CreateRegularizerAgents; 13ms in InitializeSparseNdw; 84ms in InferThetaAndUpdateNwtSparse; 107ms in CalculateScore(^^^ItemsProcessedScore^^^); ]
I0422 18:55:32.582191  7944 processor.cc:74] No data in processing queue, waiting...
I0422 18:55:32.768167  3416 processor.cc:293] Processor: complete processing batch 0950e135-51ab-4d25-9c13-70efd44013dd into model nwt
I0422 18:55:32.771167  3416 cuckoo_watch.h:45] 450ms in ProcessBatch(batches\aaaaab.batch) [including 33ms in LoadMessage; 0ms in InitializeTheta; 0ms in CreateRegularizerAgents; 33ms in InitializeSparseNdw; 169ms in InferThetaAndUpdateNwtSparse; 209ms in CalculateScore(^^^ItemsProcessedScore^^^); ]
I0422 18:55:32.772166  1248 master_component.cc:1496] RegularizeModelArgs: rwt_target_name=rwt, pwt_source_name=pwt, nwt_source_name=nwt
I0422 18:55:32.772166  1248 master_component.cc:1013] MasterComponent: start regularizing model pwt
I0422 18:55:32.807162  3416 processor.cc:74] No data in processing queue, waiting...
I0422 18:55:32.861654  1248 master_component.cc:1041] MasterComponent: complete regularizing model pwt
I0422 18:55:32.861654  1248 master_component.cc:1509] NormalizeModelArgs: pwt_target_name=pwt, nwt_source_name=nwt, rwt_source_name=rwt
I0422 18:55:32.861654  1248 master_component.cc:1045] MasterComponent: start normalizing model nwt
I0422 18:55:32.900648  1248 master_component.cc:1084] MasterComponent: complete normalizing model nwt
I0422 18:55:32.954643  1248 master_component.cc:1533] DisposeModel rwt
I0422 18:55:32.963140  1248 master_component.cc:1112] FitOffline: ItemsProcessed, num_items=1728, num_batches=2, token_weight=808522, token_weight_in_effect=808522
I0422 18:55:32.963140  1248 c_interface.cc:389] Pass FitOfflineMasterModelArgs, batch_filename_size=2, batch_weight_size=2, num_collection_passes=1, reset_nwt=yes to void (__cdecl artm::core::MasterComponent::*)(class artm::FitOfflineMasterModelArgs const & __ptr64) __ptr64
I0422 18:55:32.963140  1248 master_component.cc:1458] ProcessBatchesArgs: nwt_target_name=nwt, batch_filename_size=2, batch_size=0, batch_weight_size=2, pwt_source_name=pwt, num_document_passes=1, regularizer=(name:smooth, tau:100000), regularizer=(name:sparse, tau:-1e+20), reuse_theta=no, opt_for_avx=yes, predict_class_id=, reset_nwt=yes
I0422 18:55:32.985137  4776 processor.cc:81] Processing queue has data, processing started
I0422 18:55:32.985137  7944 processor.cc:81] Processing queue has data, processing started
I0422 18:55:33.003635  4776 processor.cc:158] Processor: start processing batch 926c0b95-0db7-4538-a9b8-71c2c5868ff4 into model nwt
I0422 18:55:33.017634  7944 processor.cc:158] Processor: start processing batch 0950e135-51ab-4d25-9c13-70efd44013dd into model nwt
I0422 18:55:33.218106  4776 processor.cc:293] Processor: complete processing batch 926c0b95-0db7-4538-a9b8-71c2c5868ff4 into model nwt
I0422 18:55:33.220607  4776 cuckoo_watch.h:45] 235ms in ProcessBatch(batches\aaaaaa.batch) [including 18ms in LoadMessage; 0ms in InitializeTheta; 0ms in CreateRegularizerAgents; 13ms in InitializeSparseNdw; 93ms in InferThetaAndUpdateNwtSparse; 107ms in CalculateScore(^^^ItemsProcessedScore^^^); ]
I0422 18:55:33.259100  4776 processor.cc:74] No data in processing queue, waiting...
I0422 18:55:33.429077  7944 processor.cc:293] Processor: complete processing batch 0950e135-51ab-4d25-9c13-70efd44013dd into model nwt
I0422 18:55:33.432575  7944 cuckoo_watch.h:45] 447ms in ProcessBatch(batches\aaaaab.batch) [including 32ms in LoadMessage; 0ms in InitializeTheta; 0ms in CreateRegularizerAgents; 33ms in InitializeSparseNdw; 169ms in InferThetaAndUpdateNwtSparse; 207ms in CalculateScore(^^^ItemsProcessedScore^^^); ]
I0422 18:55:33.433079  1248 master_component.cc:1496] RegularizeModelArgs: rwt_target_name=rwt, pwt_source_name=pwt, nwt_source_name=nwt
I0422 18:55:33.433079  1248 master_component.cc:1013] MasterComponent: start regularizing model pwt
I0422 18:55:33.464073  7944 processor.cc:74] No data in processing queue, waiting...
I0422 18:55:33.521565  1248 master_component.cc:1041] MasterComponent: complete regularizing model pwt
I0422 18:55:33.521565  1248 master_component.cc:1509] NormalizeModelArgs: pwt_target_name=pwt, nwt_source_name=nwt, rwt_source_name=rwt
I0422 18:55:33.521565  1248 master_component.cc:1045] MasterComponent: start normalizing model nwt
I0422 18:55:33.560559  1248 master_component.cc:1084] MasterComponent: complete normalizing model nwt
I0422 18:55:33.614053  1248 master_component.cc:1533] DisposeModel rwt
I0422 18:55:33.622551  1248 master_component.cc:1112] FitOffline: ItemsProcessed, num_items=1728, num_batches=2, token_weight=808522, token_weight_in_effect=808522
I0422 18:55:33.622551  1248 c_interface.cc:389] Pass FitOfflineMasterModelArgs, batch_filename_size=2, batch_weight_size=2, num_collection_passes=1, reset_nwt=yes to void (__cdecl artm::core::MasterComponent::*)(class artm::FitOfflineMasterModelArgs const & __ptr64) __ptr64
I0422 18:55:33.622551  1248 master_component.cc:1458] ProcessBatchesArgs: nwt_target_name=nwt, batch_filename_size=2, batch_size=0, batch_weight_size=2, pwt_source_name=pwt, num_document_passes=1, regularizer=(name:smooth, tau:100000), regularizer=(name:sparse, tau:-1e+20), reuse_theta=no, opt_for_avx=yes, predict_class_id=, reset_nwt=yes
I0422 18:55:33.643050  5180 processor.cc:81] Processing queue has data, processing started
I0422 18:55:33.643050  4776 processor.cc:81] Processing queue has data, processing started
I0422 18:55:33.661048  4776 processor.cc:158] Processor: start processing batch 926c0b95-0db7-4538-a9b8-71c2c5868ff4 into model nwt
I0422 18:55:33.676043  5180 processor.cc:158] Processor: start processing batch 0950e135-51ab-4d25-9c13-70efd44013dd into model nwt
I0422 18:55:33.872519  4776 processor.cc:293] Processor: complete processing batch 926c0b95-0db7-4538-a9b8-71c2c5868ff4 into model nwt
I0422 18:55:33.875020  4776 cuckoo_watch.h:45] 232ms in ProcessBatch(batches\aaaaaa.batch) [including 18ms in LoadMessage; 0ms in InitializeTheta; 0ms in CreateRegularizerAgents; 13ms in InitializeSparseNdw; 85ms in InferThetaAndUpdateNwtSparse; 111ms in CalculateScore(^^^ItemsProcessedScore^^^); ]
I0422 18:55:33.912012  4776 processor.cc:74] No data in processing queue, waiting...
I0422 18:55:34.101490  5180 processor.cc:293] Processor: complete processing batch 0950e135-51ab-4d25-9c13-70efd44013dd into model nwt
I0422 18:55:34.104987  5180 cuckoo_watch.h:45] 462ms in ProcessBatch(batches\aaaaab.batch) [including 33ms in LoadMessage; 0ms in InitializeTheta; 0ms in CreateRegularizerAgents; 34ms in InitializeSparseNdw; 181ms in InferThetaAndUpdateNwtSparse; 209ms in CalculateScore(^^^ItemsProcessedScore^^^); ]
I0422 18:55:34.106986  1248 master_component.cc:1496] RegularizeModelArgs: rwt_target_name=rwt, pwt_source_name=pwt, nwt_source_name=nwt
I0422 18:55:34.106986  1248 master_component.cc:1013] MasterComponent: start regularizing model pwt
I0422 18:55:34.138983  5180 processor.cc:74] No data in processing queue, waiting...
I0422 18:55:34.195974  1248 master_component.cc:1041] MasterComponent: complete regularizing model pwt
I0422 18:55:34.195974  1248 master_component.cc:1509] NormalizeModelArgs: pwt_target_name=pwt, nwt_source_name=nwt, rwt_source_name=rwt
I0422 18:55:34.195974  1248 master_component.cc:1045] MasterComponent: start normalizing model nwt
I0422 18:55:34.234969  1248 master_component.cc:1084] MasterComponent: complete normalizing model nwt
I0422 18:55:34.289461  1248 master_component.cc:1533] DisposeModel rwt
I0422 18:55:34.297961  1248 master_component.cc:1112] FitOffline: ItemsProcessed, num_items=1728, num_batches=2, token_weight=808522, token_weight_in_effect=808522
I0422 18:55:34.297961  1248 c_interface.cc:389] Pass FitOfflineMasterModelArgs, batch_filename_size=2, batch_weight_size=2, num_collection_passes=1, reset_nwt=yes to void (__cdecl artm::core::MasterComponent::*)(class artm::FitOfflineMasterModelArgs const & __ptr64) __ptr64
I0422 18:55:34.297961  1248 master_component.cc:1458] ProcessBatchesArgs: nwt_target_name=nwt, batch_filename_size=2, batch_size=0, batch_weight_size=2, pwt_source_name=pwt, num_document_passes=1, regularizer=(name:smooth, tau:100000), regularizer=(name:sparse, tau:-1e+20), reuse_theta=no, opt_for_avx=yes, predict_class_id=, reset_nwt=yes
I0422 18:55:34.318958  3416 processor.cc:81] Processing queue has data, processing started
I0422 18:55:34.318958  5180 processor.cc:81] Processing queue has data, processing started
I0422 18:55:34.337455  5180 processor.cc:158] Processor: start processing batch 926c0b95-0db7-4538-a9b8-71c2c5868ff4 into model nwt
I0422 18:55:34.351953  3416 processor.cc:158] Processor: start processing batch 0950e135-51ab-4d25-9c13-70efd44013dd into model nwt
I0422 18:55:34.555924  5180 processor.cc:293] Processor: complete processing batch 926c0b95-0db7-4538-a9b8-71c2c5868ff4 into model nwt
I0422 18:55:34.558426  5180 cuckoo_watch.h:45] 239ms in ProcessBatch(batches\aaaaaa.batch) [including 18ms in LoadMessage; 0ms in InitializeTheta; 0ms in CreateRegularizerAgents; 14ms in InitializeSparseNdw; 94ms in InferThetaAndUpdateNwtSparse; 109ms in CalculateScore(^^^ItemsProcessedScore^^^); ]
I0422 18:55:34.591922  5180 processor.cc:74] No data in processing queue, waiting...
I0422 18:55:34.771399  3416 processor.cc:293] Processor: complete processing batch 0950e135-51ab-4d25-9c13-70efd44013dd into model nwt
I0422 18:55:34.774899  3416 cuckoo_watch.h:45] 456ms in ProcessBatch(batches\aaaaab.batch) [including 33ms in LoadMessage; 0ms in InitializeTheta; 0ms in CreateRegularizerAgents; 34ms in InitializeSparseNdw; 169ms in InferThetaAndUpdateNwtSparse; 214ms in CalculateScore(^^^ItemsProcessedScore^^^); ]
I0422 18:55:34.775897  1248 master_component.cc:1496] RegularizeModelArgs: rwt_target_name=rwt, pwt_source_name=pwt, nwt_source_name=nwt
I0422 18:55:34.775897  1248 master_component.cc:1013] MasterComponent: start regularizing model pwt
I0422 18:55:34.810892  3416 processor.cc:74] No data in processing queue, waiting...
I0422 18:55:34.864886  1248 master_component.cc:1041] MasterComponent: complete regularizing model pwt
I0422 18:55:34.864886  1248 master_component.cc:1509] NormalizeModelArgs: pwt_target_name=pwt, nwt_source_name=nwt, rwt_source_name=rwt
I0422 18:55:34.864886  1248 master_component.cc:1045] MasterComponent: start normalizing model nwt
I0422 18:55:34.903880  1248 master_component.cc:1084] MasterComponent: complete normalizing model nwt
I0422 18:55:34.957873  1248 master_component.cc:1533] DisposeModel rwt
I0422 18:55:34.966373  1248 master_component.cc:1112] FitOffline: ItemsProcessed, num_items=1728, num_batches=2, token_weight=808522, token_weight_in_effect=808522
I0422 18:55:34.966373  1248 c_interface.cc:389] Pass FitOfflineMasterModelArgs, batch_filename_size=2, batch_weight_size=2, num_collection_passes=1, reset_nwt=yes to void (__cdecl artm::core::MasterComponent::*)(class artm::FitOfflineMasterModelArgs const & __ptr64) __ptr64
I0422 18:55:34.966373  1248 master_component.cc:1458] ProcessBatchesArgs: nwt_target_name=nwt, batch_filename_size=2, batch_size=0, batch_weight_size=2, pwt_source_name=pwt, num_document_passes=1, regularizer=(name:smooth, tau:100000), regularizer=(name:sparse, tau:-1e+20), reuse_theta=no, opt_for_avx=yes, predict_class_id=, reset_nwt=yes
I0422 18:55:34.986368  4776 processor.cc:81] Processing queue has data, processing started
I0422 18:55:34.988867  7944 processor.cc:81] Processing queue has data, processing started
I0422 18:55:35.004366  4776 processor.cc:158] Processor: start processing batch 926c0b95-0db7-4538-a9b8-71c2c5868ff4 into model nwt
I0422 18:55:35.021364  7944 processor.cc:158] Processor: start processing batch 0950e135-51ab-4d25-9c13-70efd44013dd into model nwt
I0422 18:55:35.211340  4776 processor.cc:293] Processor: complete processing batch 926c0b95-0db7-4538-a9b8-71c2c5868ff4 into model nwt
I0422 18:55:35.213838  4776 cuckoo_watch.h:45] 227ms in ProcessBatch(batches\aaaaaa.batch) [including 18ms in LoadMessage; 0ms in InitializeTheta; 0ms in CreateRegularizerAgents; 13ms in InitializeSparseNdw; 85ms in InferThetaAndUpdateNwtSparse; 107ms in CalculateScore(^^^ItemsProcessedScore^^^); ]
I0422 18:55:35.249833  4776 processor.cc:74] No data in processing queue, waiting...
I0422 18:55:35.444309  7944 processor.cc:293] Processor: complete processing batch 0950e135-51ab-4d25-9c13-70efd44013dd into model nwt
I0422 18:55:35.447309  7944 cuckoo_watch.h:45] 458ms in ProcessBatch(batches\aaaaab.batch) [including 32ms in LoadMessage; 0ms in InitializeTheta; 0ms in CreateRegularizerAgents; 34ms in InitializeSparseNdw; 180ms in InferThetaAndUpdateNwtSparse; 207ms in CalculateScore(^^^ItemsProcessedScore^^^); ]
I0422 18:55:35.448807  1248 master_component.cc:1496] RegularizeModelArgs: rwt_target_name=rwt, pwt_source_name=pwt, nwt_source_name=nwt
I0422 18:55:35.448807  1248 master_component.cc:1013] MasterComponent: start regularizing model pwt
I0422 18:55:35.480803  7944 processor.cc:74] No data in processing queue, waiting...
I0422 18:55:35.537294  1248 master_component.cc:1041] MasterComponent: complete regularizing model pwt
I0422 18:55:35.537294  1248 master_component.cc:1509] NormalizeModelArgs: pwt_target_name=pwt, nwt_source_name=nwt, rwt_source_name=rwt
I0422 18:55:35.537294  1248 master_component.cc:1045] MasterComponent: start normalizing model nwt
I0422 18:55:35.576787  1248 master_component.cc:1084] MasterComponent: complete normalizing model nwt
I0422 18:55:35.631283  1248 master_component.cc:1533] DisposeModel rwt
I0422 18:55:35.639781  1248 master_component.cc:1112] FitOffline: ItemsProcessed, num_items=1728, num_batches=2, token_weight=808522, token_weight_in_effect=808522
I0422 18:55:35.639781  1248 c_interface.cc:389] Pass FitOfflineMasterModelArgs, batch_filename_size=2, batch_weight_size=2, num_collection_passes=1, reset_nwt=yes to void (__cdecl artm::core::MasterComponent::*)(class artm::FitOfflineMasterModelArgs const & __ptr64) __ptr64
I0422 18:55:35.639781  1248 master_component.cc:1458] ProcessBatchesArgs: nwt_target_name=nwt, batch_filename_size=2, batch_size=0, batch_weight_size=2, pwt_source_name=pwt, num_document_passes=1, regularizer=(name:smooth, tau:100000), regularizer=(name:sparse, tau:-1e+20), reuse_theta=no, opt_for_avx=yes, predict_class_id=, reset_nwt=yes
I0422 18:55:35.660779  7944 processor.cc:81] Processing queue has data, processing started
I0422 18:55:35.660779  3416 processor.cc:81] Processing queue has data, processing started
I0422 18:55:35.678774  3416 processor.cc:158] Processor: start processing batch 926c0b95-0db7-4538-a9b8-71c2c5868ff4 into model nwt
I0422 18:55:35.694774  7944 processor.cc:158] Processor: start processing batch 0950e135-51ab-4d25-9c13-70efd44013dd into model nwt
I0422 18:55:35.890748  3416 processor.cc:293] Processor: complete processing batch 926c0b95-0db7-4538-a9b8-71c2c5868ff4 into model nwt
I0422 18:55:35.893249  3416 cuckoo_watch.h:45] 232ms in ProcessBatch(batches\aaaaaa.batch) [including 18ms in LoadMessage; 0ms in InitializeTheta; 0ms in CreateRegularizerAgents; 14ms in InitializeSparseNdw; 85ms in InferThetaAndUpdateNwtSparse; 112ms in CalculateScore(^^^ItemsProcessedScore^^^); ]
I0422 18:55:35.928741  3416 processor.cc:74] No data in processing queue, waiting...
I0422 18:55:36.121717  7944 processor.cc:293] Processor: complete processing batch 0950e135-51ab-4d25-9c13-70efd44013dd into model nwt
I0422 18:55:36.125217  7944 cuckoo_watch.h:45] 464ms in ProcessBatch(batches\aaaaab.batch) [including 34ms in LoadMessage; 0ms in InitializeTheta; 0ms in CreateRegularizerAgents; 34ms in InitializeSparseNdw; 183ms in InferThetaAndUpdateNwtSparse; 208ms in CalculateScore(^^^ItemsProcessedScore^^^); ]
I0422 18:55:36.126715  1248 master_component.cc:1496] RegularizeModelArgs: rwt_target_name=rwt, pwt_source_name=pwt, nwt_source_name=nwt
I0422 18:55:36.126715  1248 master_component.cc:1013] MasterComponent: start regularizing model pwt
I0422 18:55:36.156711  7944 processor.cc:74] No data in processing queue, waiting...
I0422 18:55:36.215703  1248 master_component.cc:1041] MasterComponent: complete regularizing model pwt
I0422 18:55:36.215703  1248 master_component.cc:1509] NormalizeModelArgs: pwt_target_name=pwt, nwt_source_name=nwt, rwt_source_name=rwt
I0422 18:55:36.215703  1248 master_component.cc:1045] MasterComponent: start normalizing model nwt
I0422 18:55:36.254199  1248 master_component.cc:1084] MasterComponent: complete normalizing model nwt
I0422 18:55:36.308190  1248 master_component.cc:1533] DisposeModel rwt
I0422 18:55:36.316690  1248 master_component.cc:1112] FitOffline: ItemsProcessed, num_items=1728, num_batches=2, token_weight=808522, token_weight_in_effect=808522
I0422 18:55:36.316690  1248 c_interface.cc:389] Pass FitOfflineMasterModelArgs, batch_filename_size=2, batch_weight_size=2, num_collection_passes=1, reset_nwt=yes to void (__cdecl artm::core::MasterComponent::*)(class artm::FitOfflineMasterModelArgs const & __ptr64) __ptr64
I0422 18:55:36.316690  1248 master_component.cc:1458] ProcessBatchesArgs: nwt_target_name=nwt, batch_filename_size=2, batch_size=0, batch_weight_size=2, pwt_source_name=pwt, num_document_passes=1, regularizer=(name:smooth, tau:100000), regularizer=(name:sparse, tau:-1e+20), reuse_theta=no, opt_for_avx=yes, predict_class_id=, reset_nwt=yes
I0422 18:55:36.337687  4776 processor.cc:81] Processing queue has data, processing started
I0422 18:55:36.340685  3416 processor.cc:81] Processing queue has data, processing started
I0422 18:55:36.355684  4776 processor.cc:158] Processor: start processing batch 926c0b95-0db7-4538-a9b8-71c2c5868ff4 into model nwt
I0422 18:55:36.373682  3416 processor.cc:158] Processor: start processing batch 0950e135-51ab-4d25-9c13-70efd44013dd into model nwt
I0422 18:55:36.564657  4776 processor.cc:293] Processor: complete processing batch 926c0b95-0db7-4538-a9b8-71c2c5868ff4 into model nwt
I0422 18:55:36.567157  4776 cuckoo_watch.h:45] 229ms in ProcessBatch(batches\aaaaaa.batch) [including 18ms in LoadMessage; 0ms in InitializeTheta; 0ms in CreateRegularizerAgents; 13ms in InitializeSparseNdw; 84ms in InferThetaAndUpdateNwtSparse; 109ms in CalculateScore(^^^ItemsProcessedScore^^^); ]
I0422 18:55:36.600651  4776 processor.cc:74] No data in processing queue, waiting...
I0422 18:55:36.795127  3416 processor.cc:293] Processor: complete processing batch 0950e135-51ab-4d25-9c13-70efd44013dd into model nwt
I0422 18:55:36.800125  3416 cuckoo_watch.h:45] 459ms in ProcessBatch(batches\aaaaab.batch) [including 33ms in LoadMessage; 0ms in InitializeTheta; 0ms in CreateRegularizerAgents; 34ms in InitializeSparseNdw; 171ms in InferThetaAndUpdateNwtSparse; 215ms in CalculateScore(^^^ItemsProcessedScore^^^); ]
I0422 18:55:36.800624  1248 master_component.cc:1496] RegularizeModelArgs: rwt_target_name=rwt, pwt_source_name=pwt, nwt_source_name=nwt
I0422 18:55:36.800624  1248 master_component.cc:1013] MasterComponent: start regularizing model pwt
I0422 18:55:36.835620  3416 processor.cc:74] No data in processing queue, waiting...
I0422 18:55:36.891613  1248 master_component.cc:1041] MasterComponent: complete regularizing model pwt
I0422 18:55:36.891613  1248 master_component.cc:1509] NormalizeModelArgs: pwt_target_name=pwt, nwt_source_name=nwt, rwt_source_name=rwt
I0422 18:55:36.891613  1248 master_component.cc:1045] MasterComponent: start normalizing model nwt
I0422 18:55:36.930608  1248 master_component.cc:1084] MasterComponent: complete normalizing model nwt
I0422 18:55:36.984601  1248 master_component.cc:1533] DisposeModel rwt
I0422 18:55:36.993098  1248 master_component.cc:1112] FitOffline: ItemsProcessed, num_items=1728, num_batches=2, token_weight=808522, token_weight_in_effect=808522
I0422 18:55:45.048692  1248 c_interface.cc:231] ArtmCopyRequestedMessage is copying 1068429 bytes...
