Log file created at: 2020/04/22 18:40:04
Running on machine: MAIN-PC
Log line format: [IWEF]mmdd hh:mm:ss.uuuuuu threadid file:line] msg
I0422 18:40:04.220350  7616 c_interface.cc:127] Logging enabled to .
I0422 18:40:04.220847  7616 c_interface.cc:128] BigARTM version: v0.10.1
I0422 18:40:04.220847  7616 c_interface.cc:271] Pass MasterModelConfig: topic_name_size=0, score_config_size=1, num_processors=0, pwt_name=pwt, nwt_name=nwt, num_document_passes=0, reuse_theta=no, cache_theta=no, opt_for_avx=yes, disk_cache_path= to ArtmCreateMasterModel
I0422 18:40:04.220847  7616 c_interface.cc:274] Creating MasterModel (id=1)...
I0422 18:40:04.221848  7616 collection_parser.cc:771] CollectionParserConfig.num_threads is automatically set to 4
W0422 18:40:04.683260   276 helpers.cc:231] File already exists: batches\aaaaaa.batch
W0422 18:40:05.248154 11876 helpers.cc:231] File already exists: batches\aaaaab.batch
I0422 18:40:05.328140  7616 c_interface.cc:375] Pass f7031c15-529b-4de9-a2b2-0c428babd0df to void (__cdecl artm::core::MasterComponent::*)(class std::basic_string<char,struct std::char_traits<char>,class std::allocator<char> > const & __ptr64) __ptr64
I0422 18:40:05.328639  7616 c_interface.cc:389] Pass GatherDictionaryArgs: dictionary_target_name=f7031c15-529b-4de9-a2b2-0c428babd0df, data_path=batches, symmetric_cooc_values=0 to void (__cdecl artm::core::MasterComponent::*)(class artm::GatherDictionaryArgs const & __ptr64) __ptr64
I0422 18:40:05.328639  7616 dictionary_operations.cc:265] Found 2 batches in 'batches' folder
I0422 18:40:05.471612  7616 dictionary_operations.cc:331] Find 26866 unique tokens in 1728 items
I0422 18:40:05.524603  7616 dictionary_operations.cc:611] Dictionary name='f7031c15-529b-4de9-a2b2-0c428babd0df' contains entries: author:539; text:26327; 
I0422 18:40:15.504067  7616 c_interface.cc:271] Pass MasterModelConfig: topic_name_size=30, score_config_size=1, num_processors=0, pwt_name=pwt, nwt_name=nwt, num_document_passes=1, reuse_theta=no, cache_theta=no, opt_for_avx=yes, disk_cache_path= to ArtmCreateMasterModel
I0422 18:40:15.504067  7616 instance.cc:401] MasterModelConfig.processors_count is automatically set to 4
I0422 18:40:15.504067  7616 c_interface.cc:274] Creating MasterModel (id=2)...
I0422 18:40:15.504067  7616 c_interface.cc:375] Pass pwt to void (__cdecl artm::core::MasterComponent::*)(class std::basic_string<char,struct std::char_traits<char>,class std::allocator<char> > const & __ptr64) __ptr64
I0422 18:40:15.504565  7616 c_interface.cc:375] Pass nwt to void (__cdecl artm::core::MasterComponent::*)(class std::basic_string<char,struct std::char_traits<char>,class std::allocator<char> > const & __ptr64) __ptr64
I0422 18:40:15.504565  7616 c_interface.cc:389] Pass InitializeModelArgs: model_name=pwt, dictionary_name=f7031c15-529b-4de9-a2b2-0c428babd0df, topic_name_size=30, seed=1 to void (__cdecl artm::core::MasterComponent::*)(class artm::InitializeModelArgs const & __ptr64) __ptr64
I0422 18:40:15.506065  2872 processor.cc:58] Processor thread started
I0422 18:40:15.506565  4408 processor.cc:58] Processor thread started
I0422 18:40:15.506565  4176 processor.cc:58] Processor thread started
I0422 18:40:15.506565  1108 processor.cc:58] Processor thread started
I0422 18:40:15.539058  1108 processor.cc:74] No data in processing queue, waiting...
I0422 18:40:15.539058  4408 processor.cc:74] No data in processing queue, waiting...
I0422 18:40:15.539058  4176 processor.cc:74] No data in processing queue, waiting...
I0422 18:40:15.539058  2872 processor.cc:74] No data in processing queue, waiting...
I0422 18:40:15.666533  7616 master_component.cc:699] InitializeModel() created matrix pwt with 30 topics and 26866 tokens; 
I0422 18:40:15.667034  7616 c_interface.cc:389] Pass InitializeModelArgs: model_name=nwt, dictionary_name=f7031c15-529b-4de9-a2b2-0c428babd0df, topic_name_size=30, seed=1 to void (__cdecl artm::core::MasterComponent::*)(class artm::InitializeModelArgs const & __ptr64) __ptr64
I0422 18:40:15.827005  7616 master_component.cc:699] InitializeModel() created matrix nwt with 30 topics and 26866 tokens; 
I0422 18:40:15.827005  7616 c_interface.cc:231] ArtmCopyRequestedMessage is copying 309 bytes...
I0422 18:40:19.190963  7616 c_interface.cc:389] Pass MasterModelConfig: topic_name_size=30, score_config_size=2, num_processors=0, pwt_name=pwt, nwt_name=nwt, num_document_passes=1, reuse_theta=no, cache_theta=no, opt_for_avx=yes, disk_cache_path= to void (__cdecl artm::core::MasterComponent::*)(class artm::MasterModelConfig const & __ptr64) __ptr64
I0422 18:40:19.191464  7616 instance.cc:401] MasterModelConfig.processors_count is automatically set to 4
I0422 18:40:19.191964  7616 c_interface.cc:389] Pass MasterModelConfig: topic_name_size=30, score_config_size=3, num_processors=0, pwt_name=pwt, nwt_name=nwt, num_document_passes=1, reuse_theta=no, cache_theta=no, opt_for_avx=yes, disk_cache_path= to void (__cdecl artm::core::MasterComponent::*)(class artm::MasterModelConfig const & __ptr64) __ptr64
I0422 18:40:19.191964  7616 instance.cc:401] MasterModelConfig.processors_count is automatically set to 4
I0422 18:40:24.662035  7616 c_interface.cc:389] Pass MasterModelConfig: topic_name_size=30, score_config_size=3, num_processors=0, pwt_name=pwt, nwt_name=nwt, num_document_passes=1, regularizer=(smooth:100000), reuse_theta=no, cache_theta=no, opt_for_avx=yes, disk_cache_path= to void (__cdecl artm::core::MasterComponent::*)(class artm::MasterModelConfig const & __ptr64) __ptr64
I0422 18:40:24.662035  7616 instance.cc:401] MasterModelConfig.processors_count is automatically set to 4
I0422 18:40:24.662035  7616 instance.cc:232] Regularizer 'smooth' was cold-reconfigured
I0422 18:40:29.823525  7616 c_interface.cc:389] Pass FitOfflineMasterModelArgs, batch_filename_size=2, batch_weight_size=2, num_collection_passes=1, reset_nwt=yes to void (__cdecl artm::core::MasterComponent::*)(class artm::FitOfflineMasterModelArgs const & __ptr64) __ptr64
I0422 18:40:29.823525  7616 master_component.cc:1458] ProcessBatchesArgs: nwt_target_name=nwt, batch_filename_size=2, batch_size=0, batch_weight_size=2, pwt_source_name=pwt, num_document_passes=1, regularizer=(name:smooth, tau:100000), reuse_theta=no, opt_for_avx=yes, predict_class_id=, reset_nwt=yes
I0422 18:40:29.836524  7616 master_component.cc:863] Batches count (=2) is smaller than num processors (=4), which may cause suboptimal performance.
I0422 18:40:29.839524  1108 processor.cc:81] Processing queue has data, processing started
I0422 18:40:29.839524  4408 processor.cc:81] Processing queue has data, processing started
I0422 18:40:29.861018  1108 processor.cc:158] Processor: start processing batch 5579a9d0-d4b7-451f-8cd0-c119624c2230 into model nwt
I0422 18:40:29.879014  4408 processor.cc:158] Processor: start processing batch b5482388-46c6-4ae6-afa0-16d0172da7a5 into model nwt
I0422 18:40:30.095474  1108 processor.cc:293] Processor: complete processing batch 5579a9d0-d4b7-451f-8cd0-c119624c2230 into model nwt
I0422 18:40:30.098475  1108 cuckoo_watch.h:45] 259ms in ProcessBatch(batches\aaaaaa.batch) [including 21ms in LoadMessage; 0ms in InitializeTheta; 0ms in CreateRegularizerAgents; 15ms in InitializeSparseNdw; 104ms in InferThetaAndUpdateNwtSparse; 113ms in CalculateScore(^^^ItemsProcessedScore^^^); ]
I0422 18:40:30.129968  1108 processor.cc:74] No data in processing queue, waiting...
I0422 18:40:30.339927  4408 processor.cc:293] Processor: complete processing batch b5482388-46c6-4ae6-afa0-16d0172da7a5 into model nwt
I0422 18:40:30.345928  4408 cuckoo_watch.h:45] 506ms in ProcessBatch(batches\aaaaab.batch) [including 39ms in LoadMessage; 0ms in InitializeTheta; 0ms in CreateRegularizerAgents; 35ms in InitializeSparseNdw; 216ms in InferThetaAndUpdateNwtSparse; 209ms in CalculateScore(^^^ItemsProcessedScore^^^); ]
I0422 18:40:30.347928  7616 master_component.cc:1496] RegularizeModelArgs: rwt_target_name=rwt, pwt_source_name=pwt, nwt_source_name=nwt
I0422 18:40:30.347928  7616 master_component.cc:1013] MasterComponent: start regularizing model pwt
I0422 18:40:30.382421  4408 processor.cc:74] No data in processing queue, waiting...
I0422 18:40:30.414914  7616 master_component.cc:1041] MasterComponent: complete regularizing model pwt
I0422 18:40:30.414914  7616 master_component.cc:1509] NormalizeModelArgs: pwt_target_name=pwt, nwt_source_name=nwt, rwt_source_name=rwt
I0422 18:40:30.414914  7616 master_component.cc:1045] MasterComponent: start normalizing model nwt
I0422 18:40:30.443409  7616 master_component.cc:1084] MasterComponent: complete normalizing model nwt
I0422 18:40:30.556388  7616 master_component.cc:1533] DisposeModel rwt
I0422 18:40:30.565387  7616 master_component.cc:1112] FitOffline: ItemsProcessed, num_items=1728, num_batches=2, token_weight=808522, token_weight_in_effect=808522
I0422 18:40:30.565387  7616 c_interface.cc:389] Pass FitOfflineMasterModelArgs, batch_filename_size=2, batch_weight_size=2, num_collection_passes=1, reset_nwt=yes to void (__cdecl artm::core::MasterComponent::*)(class artm::FitOfflineMasterModelArgs const & __ptr64) __ptr64
I0422 18:40:30.565387  7616 master_component.cc:1458] ProcessBatchesArgs: nwt_target_name=nwt, batch_filename_size=2, batch_size=0, batch_weight_size=2, pwt_source_name=pwt, num_document_passes=1, regularizer=(name:smooth, tau:100000), reuse_theta=no, opt_for_avx=yes, predict_class_id=, reset_nwt=yes
I0422 18:40:30.581383  2872 processor.cc:81] Processing queue has data, processing started
I0422 18:40:30.581383  4408 processor.cc:81] Processing queue has data, processing started
I0422 18:40:30.601881  4408 processor.cc:158] Processor: start processing batch 5579a9d0-d4b7-451f-8cd0-c119624c2230 into model nwt
I0422 18:40:30.618377  2872 processor.cc:158] Processor: start processing batch b5482388-46c6-4ae6-afa0-16d0172da7a5 into model nwt
I0422 18:40:30.837836  4408 processor.cc:293] Processor: complete processing batch 5579a9d0-d4b7-451f-8cd0-c119624c2230 into model nwt
I0422 18:40:30.841334  4408 cuckoo_watch.h:45] 260ms in ProcessBatch(batches\aaaaaa.batch) [including 20ms in LoadMessage; 0ms in InitializeTheta; 0ms in CreateRegularizerAgents; 15ms in InitializeSparseNdw; 104ms in InferThetaAndUpdateNwtSparse; 115ms in CalculateScore(^^^ItemsProcessedScore^^^); ]
I0422 18:40:30.874830  4408 processor.cc:74] No data in processing queue, waiting...
I0422 18:40:31.084290  2872 processor.cc:293] Processor: complete processing batch b5482388-46c6-4ae6-afa0-16d0172da7a5 into model nwt
I0422 18:40:31.089788  2872 cuckoo_watch.h:45] 508ms in ProcessBatch(batches\aaaaab.batch) [including 37ms in LoadMessage; 0ms in InitializeTheta; 0ms in CreateRegularizerAgents; 35ms in InitializeSparseNdw; 218ms in InferThetaAndUpdateNwtSparse; 211ms in CalculateScore(^^^ItemsProcessedScore^^^); ]
I0422 18:40:31.091787  7616 master_component.cc:1496] RegularizeModelArgs: rwt_target_name=rwt, pwt_source_name=pwt, nwt_source_name=nwt
I0422 18:40:31.091787  7616 master_component.cc:1013] MasterComponent: start regularizing model pwt
I0422 18:40:31.122782  2872 processor.cc:74] No data in processing queue, waiting...
I0422 18:40:31.158275  7616 master_component.cc:1041] MasterComponent: complete regularizing model pwt
I0422 18:40:31.158275  7616 master_component.cc:1509] NormalizeModelArgs: pwt_target_name=pwt, nwt_source_name=nwt, rwt_source_name=rwt
I0422 18:40:31.158275  7616 master_component.cc:1045] MasterComponent: start normalizing model nwt
I0422 18:40:31.187270  7616 master_component.cc:1084] MasterComponent: complete normalizing model nwt
I0422 18:40:31.300248  7616 master_component.cc:1533] DisposeModel rwt
I0422 18:40:31.309746  7616 master_component.cc:1112] FitOffline: ItemsProcessed, num_items=1728, num_batches=2, token_weight=808522, token_weight_in_effect=808522
I0422 18:40:31.309746  7616 c_interface.cc:389] Pass FitOfflineMasterModelArgs, batch_filename_size=2, batch_weight_size=2, num_collection_passes=1, reset_nwt=yes to void (__cdecl artm::core::MasterComponent::*)(class artm::FitOfflineMasterModelArgs const & __ptr64) __ptr64
I0422 18:40:31.310246  7616 master_component.cc:1458] ProcessBatchesArgs: nwt_target_name=nwt, batch_filename_size=2, batch_size=0, batch_weight_size=2, pwt_source_name=pwt, num_document_passes=1, regularizer=(name:smooth, tau:100000), reuse_theta=no, opt_for_avx=yes, predict_class_id=, reset_nwt=yes
I0422 18:40:31.325743  4176 processor.cc:81] Processing queue has data, processing started
I0422 18:40:31.325743  4408 processor.cc:81] Processing queue has data, processing started
I0422 18:40:31.346738  4408 processor.cc:158] Processor: start processing batch 5579a9d0-d4b7-451f-8cd0-c119624c2230 into model nwt
I0422 18:40:31.362737  4176 processor.cc:158] Processor: start processing batch b5482388-46c6-4ae6-afa0-16d0172da7a5 into model nwt
I0422 18:40:31.580694  4408 processor.cc:293] Processor: complete processing batch 5579a9d0-d4b7-451f-8cd0-c119624c2230 into model nwt
I0422 18:40:31.583195  4408 cuckoo_watch.h:45] 257ms in ProcessBatch(batches\aaaaaa.batch) [including 21ms in LoadMessage; 0ms in InitializeTheta; 0ms in CreateRegularizerAgents; 15ms in InitializeSparseNdw; 104ms in InferThetaAndUpdateNwtSparse; 113ms in CalculateScore(^^^ItemsProcessedScore^^^); ]
I0422 18:40:31.619688  4408 processor.cc:74] No data in processing queue, waiting...
I0422 18:40:31.821149  4176 processor.cc:293] Processor: complete processing batch b5482388-46c6-4ae6-afa0-16d0172da7a5 into model nwt
I0422 18:40:31.827148  4176 cuckoo_watch.h:45] 501ms in ProcessBatch(batches\aaaaab.batch) [including 37ms in LoadMessage; 0ms in InitializeTheta; 0ms in CreateRegularizerAgents; 34ms in InitializeSparseNdw; 215ms in InferThetaAndUpdateNwtSparse; 207ms in CalculateScore(^^^ItemsProcessedScore^^^); ]
I0422 18:40:31.827652  7616 master_component.cc:1496] RegularizeModelArgs: rwt_target_name=rwt, pwt_source_name=pwt, nwt_source_name=nwt
I0422 18:40:31.827652  7616 master_component.cc:1013] MasterComponent: start regularizing model pwt
I0422 18:40:31.861644  4176 processor.cc:74] No data in processing queue, waiting...
I0422 18:40:31.894137  7616 master_component.cc:1041] MasterComponent: complete regularizing model pwt
I0422 18:40:31.894137  7616 master_component.cc:1509] NormalizeModelArgs: pwt_target_name=pwt, nwt_source_name=nwt, rwt_source_name=rwt
I0422 18:40:31.894137  7616 master_component.cc:1045] MasterComponent: start normalizing model nwt
I0422 18:40:31.923132  7616 master_component.cc:1084] MasterComponent: complete normalizing model nwt
I0422 18:40:32.036612  7616 master_component.cc:1533] DisposeModel rwt
I0422 18:40:32.045606  7616 master_component.cc:1112] FitOffline: ItemsProcessed, num_items=1728, num_batches=2, token_weight=808522, token_weight_in_effect=808522
I0422 18:40:32.046108  7616 c_interface.cc:389] Pass FitOfflineMasterModelArgs, batch_filename_size=2, batch_weight_size=2, num_collection_passes=1, reset_nwt=yes to void (__cdecl artm::core::MasterComponent::*)(class artm::FitOfflineMasterModelArgs const & __ptr64) __ptr64
I0422 18:40:32.046108  7616 master_component.cc:1458] ProcessBatchesArgs: nwt_target_name=nwt, batch_filename_size=2, batch_size=0, batch_weight_size=2, pwt_source_name=pwt, num_document_passes=1, regularizer=(name:smooth, tau:100000), reuse_theta=no, opt_for_avx=yes, predict_class_id=, reset_nwt=yes
I0422 18:40:32.061607  1108 processor.cc:81] Processing queue has data, processing started
I0422 18:40:32.061607  4408 processor.cc:81] Processing queue has data, processing started
I0422 18:40:32.081100  1108 processor.cc:158] Processor: start processing batch 5579a9d0-d4b7-451f-8cd0-c119624c2230 into model nwt
I0422 18:40:32.098599  4408 processor.cc:158] Processor: start processing batch b5482388-46c6-4ae6-afa0-16d0172da7a5 into model nwt
I0422 18:40:32.315059  1108 processor.cc:293] Processor: complete processing batch 5579a9d0-d4b7-451f-8cd0-c119624c2230 into model nwt
I0422 18:40:32.318058  1108 cuckoo_watch.h:45] 256ms in ProcessBatch(batches\aaaaaa.batch) [including 19ms in LoadMessage; 0ms in InitializeTheta; 0ms in CreateRegularizerAgents; 15ms in InitializeSparseNdw; 106ms in InferThetaAndUpdateNwtSparse; 111ms in CalculateScore(^^^ItemsProcessedScore^^^); ]
I0422 18:40:32.353550  1108 processor.cc:74] No data in processing queue, waiting...
I0422 18:40:32.561012  4408 processor.cc:293] Processor: complete processing batch b5482388-46c6-4ae6-afa0-16d0172da7a5 into model nwt
I0422 18:40:32.566510  4408 cuckoo_watch.h:45] 504ms in ProcessBatch(batches\aaaaab.batch) [including 37ms in LoadMessage; 0ms in InitializeTheta; 0ms in CreateRegularizerAgents; 34ms in InitializeSparseNdw; 216ms in InferThetaAndUpdateNwtSparse; 211ms in CalculateScore(^^^ItemsProcessedScore^^^); ]
I0422 18:40:32.567510  7616 master_component.cc:1496] RegularizeModelArgs: rwt_target_name=rwt, pwt_source_name=pwt, nwt_source_name=nwt
I0422 18:40:32.567510  7616 master_component.cc:1013] MasterComponent: start regularizing model pwt
I0422 18:40:32.603503  4408 processor.cc:74] No data in processing queue, waiting...
I0422 18:40:32.634999  7616 master_component.cc:1041] MasterComponent: complete regularizing model pwt
I0422 18:40:32.634999  7616 master_component.cc:1509] NormalizeModelArgs: pwt_target_name=pwt, nwt_source_name=nwt, rwt_source_name=rwt
I0422 18:40:32.634999  7616 master_component.cc:1045] MasterComponent: start normalizing model nwt
I0422 18:40:32.663493  7616 master_component.cc:1084] MasterComponent: complete normalizing model nwt
I0422 18:40:32.778470  7616 master_component.cc:1533] DisposeModel rwt
I0422 18:40:32.786969  7616 master_component.cc:1112] FitOffline: ItemsProcessed, num_items=1728, num_batches=2, token_weight=808522, token_weight_in_effect=808522
I0422 18:40:32.786969  7616 c_interface.cc:389] Pass FitOfflineMasterModelArgs, batch_filename_size=2, batch_weight_size=2, num_collection_passes=1, reset_nwt=yes to void (__cdecl artm::core::MasterComponent::*)(class artm::FitOfflineMasterModelArgs const & __ptr64) __ptr64
I0422 18:40:32.786969  7616 master_component.cc:1458] ProcessBatchesArgs: nwt_target_name=nwt, batch_filename_size=2, batch_size=0, batch_weight_size=2, pwt_source_name=pwt, num_document_passes=1, regularizer=(name:smooth, tau:100000), reuse_theta=no, opt_for_avx=yes, predict_class_id=, reset_nwt=yes
I0422 18:40:32.802966  4408 processor.cc:81] Processing queue has data, processing started
I0422 18:40:32.802966  4176 processor.cc:81] Processing queue has data, processing started
I0422 18:40:32.822463  4176 processor.cc:158] Processor: start processing batch 5579a9d0-d4b7-451f-8cd0-c119624c2230 into model nwt
I0422 18:40:32.839958  4408 processor.cc:158] Processor: start processing batch b5482388-46c6-4ae6-afa0-16d0172da7a5 into model nwt
I0422 18:40:33.056919  4176 processor.cc:293] Processor: complete processing batch 5579a9d0-d4b7-451f-8cd0-c119624c2230 into model nwt
I0422 18:40:33.059418  4176 cuckoo_watch.h:45] 256ms in ProcessBatch(batches\aaaaaa.batch) [including 19ms in LoadMessage; 0ms in InitializeTheta; 0ms in CreateRegularizerAgents; 15ms in InitializeSparseNdw; 104ms in InferThetaAndUpdateNwtSparse; 113ms in CalculateScore(^^^ItemsProcessedScore^^^); ]
I0422 18:40:33.095412  4176 processor.cc:74] No data in processing queue, waiting...
I0422 18:40:33.299373  4408 processor.cc:293] Processor: complete processing batch b5482388-46c6-4ae6-afa0-16d0172da7a5 into model nwt
I0422 18:40:33.305371  4408 cuckoo_watch.h:45] 502ms in ProcessBatch(batches\aaaaab.batch) [including 37ms in LoadMessage; 0ms in InitializeTheta; 0ms in CreateRegularizerAgents; 34ms in InitializeSparseNdw; 217ms in InferThetaAndUpdateNwtSparse; 206ms in CalculateScore(^^^ItemsProcessedScore^^^); ]
I0422 18:40:33.306900  7616 master_component.cc:1496] RegularizeModelArgs: rwt_target_name=rwt, pwt_source_name=pwt, nwt_source_name=nwt
I0422 18:40:33.306900  7616 master_component.cc:1013] MasterComponent: start regularizing model pwt
I0422 18:40:33.335400  4408 processor.cc:74] No data in processing queue, waiting...
I0422 18:40:33.373391  7616 master_component.cc:1041] MasterComponent: complete regularizing model pwt
I0422 18:40:33.373391  7616 master_component.cc:1509] NormalizeModelArgs: pwt_target_name=pwt, nwt_source_name=nwt, rwt_source_name=rwt
I0422 18:40:33.373391  7616 master_component.cc:1045] MasterComponent: start normalizing model nwt
I0422 18:40:33.403386  7616 master_component.cc:1084] MasterComponent: complete normalizing model nwt
I0422 18:40:33.518366  7616 master_component.cc:1533] DisposeModel rwt
I0422 18:40:33.526365  7616 master_component.cc:1112] FitOffline: ItemsProcessed, num_items=1728, num_batches=2, token_weight=808522, token_weight_in_effect=808522
I0422 18:40:33.526865  7616 c_interface.cc:389] Pass FitOfflineMasterModelArgs, batch_filename_size=2, batch_weight_size=2, num_collection_passes=1, reset_nwt=yes to void (__cdecl artm::core::MasterComponent::*)(class artm::FitOfflineMasterModelArgs const & __ptr64) __ptr64
I0422 18:40:33.526865  7616 master_component.cc:1458] ProcessBatchesArgs: nwt_target_name=nwt, batch_filename_size=2, batch_size=0, batch_weight_size=2, pwt_source_name=pwt, num_document_passes=1, regularizer=(name:smooth, tau:100000), reuse_theta=no, opt_for_avx=yes, predict_class_id=, reset_nwt=yes
I0422 18:40:33.542361  2872 processor.cc:81] Processing queue has data, processing started
I0422 18:40:33.544860  4176 processor.cc:81] Processing queue has data, processing started
I0422 18:40:33.561358  2872 processor.cc:158] Processor: start processing batch 5579a9d0-d4b7-451f-8cd0-c119624c2230 into model nwt
I0422 18:40:33.581856  4176 processor.cc:158] Processor: start processing batch b5482388-46c6-4ae6-afa0-16d0172da7a5 into model nwt
I0422 18:40:33.797814  2872 processor.cc:293] Processor: complete processing batch 5579a9d0-d4b7-451f-8cd0-c119624c2230 into model nwt
I0422 18:40:33.800314  2872 cuckoo_watch.h:45] 258ms in ProcessBatch(batches\aaaaaa.batch) [including 19ms in LoadMessage; 0ms in InitializeTheta; 0ms in CreateRegularizerAgents; 15ms in InitializeSparseNdw; 107ms in InferThetaAndUpdateNwtSparse; 113ms in CalculateScore(^^^ItemsProcessedScore^^^); ]
I0422 18:40:33.830307  2872 processor.cc:74] No data in processing queue, waiting...
I0422 18:40:34.047765  4176 processor.cc:293] Processor: complete processing batch b5482388-46c6-4ae6-afa0-16d0172da7a5 into model nwt
I0422 18:40:34.053267  4176 cuckoo_watch.h:45] 508ms in ProcessBatch(batches\aaaaab.batch) [including 37ms in LoadMessage; 0ms in InitializeTheta; 0ms in CreateRegularizerAgents; 34ms in InitializeSparseNdw; 216ms in InferThetaAndUpdateNwtSparse; 214ms in CalculateScore(^^^ItemsProcessedScore^^^); ]
I0422 18:40:34.054759  7616 master_component.cc:1496] RegularizeModelArgs: rwt_target_name=rwt, pwt_source_name=pwt, nwt_source_name=nwt
I0422 18:40:34.054759  7616 master_component.cc:1013] MasterComponent: start regularizing model pwt
I0422 18:40:34.088757  4176 processor.cc:74] No data in processing queue, waiting...
I0422 18:40:34.121251  7616 master_component.cc:1041] MasterComponent: complete regularizing model pwt
I0422 18:40:34.121251  7616 master_component.cc:1509] NormalizeModelArgs: pwt_target_name=pwt, nwt_source_name=nwt, rwt_source_name=rwt
I0422 18:40:34.121251  7616 master_component.cc:1045] MasterComponent: start normalizing model nwt
I0422 18:40:34.149746  7616 master_component.cc:1084] MasterComponent: complete normalizing model nwt
I0422 18:40:34.265724  7616 master_component.cc:1533] DisposeModel rwt
I0422 18:40:34.274221  7616 master_component.cc:1112] FitOffline: ItemsProcessed, num_items=1728, num_batches=2, token_weight=808522, token_weight_in_effect=808522
I0422 18:40:34.274221  7616 c_interface.cc:389] Pass FitOfflineMasterModelArgs, batch_filename_size=2, batch_weight_size=2, num_collection_passes=1, reset_nwt=yes to void (__cdecl artm::core::MasterComponent::*)(class artm::FitOfflineMasterModelArgs const & __ptr64) __ptr64
I0422 18:40:34.274221  7616 master_component.cc:1458] ProcessBatchesArgs: nwt_target_name=nwt, batch_filename_size=2, batch_size=0, batch_weight_size=2, pwt_source_name=pwt, num_document_passes=1, regularizer=(name:smooth, tau:100000), reuse_theta=no, opt_for_avx=yes, predict_class_id=, reset_nwt=yes
I0422 18:40:34.290715  2872 processor.cc:81] Processing queue has data, processing started
I0422 18:40:34.290715  1108 processor.cc:81] Processing queue has data, processing started
I0422 18:40:34.310719  1108 processor.cc:158] Processor: start processing batch 5579a9d0-d4b7-451f-8cd0-c119624c2230 into model nwt
I0422 18:40:34.327215  2872 processor.cc:158] Processor: start processing batch b5482388-46c6-4ae6-afa0-16d0172da7a5 into model nwt
I0422 18:40:34.544674  1108 processor.cc:293] Processor: complete processing batch 5579a9d0-d4b7-451f-8cd0-c119624c2230 into model nwt
I0422 18:40:34.547176  1108 cuckoo_watch.h:45] 256ms in ProcessBatch(batches\aaaaaa.batch) [including 20ms in LoadMessage; 0ms in InitializeTheta; 0ms in CreateRegularizerAgents; 15ms in InitializeSparseNdw; 105ms in InferThetaAndUpdateNwtSparse; 112ms in CalculateScore(^^^ItemsProcessedScore^^^); ]
I0422 18:40:34.582667  1108 processor.cc:74] No data in processing queue, waiting...
I0422 18:40:34.785131  2872 processor.cc:293] Processor: complete processing batch b5482388-46c6-4ae6-afa0-16d0172da7a5 into model nwt
I0422 18:40:34.790130  2872 cuckoo_watch.h:45] 499ms in ProcessBatch(batches\aaaaab.batch) [including 36ms in LoadMessage; 0ms in InitializeTheta; 0ms in CreateRegularizerAgents; 34ms in InitializeSparseNdw; 216ms in InferThetaAndUpdateNwtSparse; 206ms in CalculateScore(^^^ItemsProcessedScore^^^); ]
I0422 18:40:34.790627  7616 master_component.cc:1496] RegularizeModelArgs: rwt_target_name=rwt, pwt_source_name=pwt, nwt_source_name=nwt
I0422 18:40:34.790627  7616 master_component.cc:1013] MasterComponent: start regularizing model pwt
I0422 18:40:34.820624  2872 processor.cc:74] No data in processing queue, waiting...
I0422 18:40:34.857117  7616 master_component.cc:1041] MasterComponent: complete regularizing model pwt
I0422 18:40:34.857117  7616 master_component.cc:1509] NormalizeModelArgs: pwt_target_name=pwt, nwt_source_name=nwt, rwt_source_name=rwt
I0422 18:40:34.857117  7616 master_component.cc:1045] MasterComponent: start normalizing model nwt
I0422 18:40:34.885612  7616 master_component.cc:1084] MasterComponent: complete normalizing model nwt
I0422 18:40:34.998091  7616 master_component.cc:1533] DisposeModel rwt
I0422 18:40:35.006088  7616 master_component.cc:1112] FitOffline: ItemsProcessed, num_items=1728, num_batches=2, token_weight=808522, token_weight_in_effect=808522
I0422 18:40:35.006088  7616 c_interface.cc:389] Pass FitOfflineMasterModelArgs, batch_filename_size=2, batch_weight_size=2, num_collection_passes=1, reset_nwt=yes to void (__cdecl artm::core::MasterComponent::*)(class artm::FitOfflineMasterModelArgs const & __ptr64) __ptr64
I0422 18:40:35.006088  7616 master_component.cc:1458] ProcessBatchesArgs: nwt_target_name=nwt, batch_filename_size=2, batch_size=0, batch_weight_size=2, pwt_source_name=pwt, num_document_passes=1, regularizer=(name:smooth, tau:100000), reuse_theta=no, opt_for_avx=yes, predict_class_id=, reset_nwt=yes
I0422 18:40:35.022585  4176 processor.cc:81] Processing queue has data, processing started
I0422 18:40:35.022585  4408 processor.cc:81] Processing queue has data, processing started
I0422 18:40:35.042580  4176 processor.cc:158] Processor: start processing batch 5579a9d0-d4b7-451f-8cd0-c119624c2230 into model nwt
I0422 18:40:35.060079  4408 processor.cc:158] Processor: start processing batch b5482388-46c6-4ae6-afa0-16d0172da7a5 into model nwt
I0422 18:40:35.276039  4176 processor.cc:293] Processor: complete processing batch 5579a9d0-d4b7-451f-8cd0-c119624c2230 into model nwt
I0422 18:40:35.278538  4176 cuckoo_watch.h:45] 256ms in ProcessBatch(batches\aaaaaa.batch) [including 20ms in LoadMessage; 0ms in InitializeTheta; 0ms in CreateRegularizerAgents; 15ms in InitializeSparseNdw; 105ms in InferThetaAndUpdateNwtSparse; 112ms in CalculateScore(^^^ItemsProcessedScore^^^); ]
I0422 18:40:35.316031  4176 processor.cc:74] No data in processing queue, waiting...
I0422 18:40:35.517993  4408 processor.cc:293] Processor: complete processing batch b5482388-46c6-4ae6-afa0-16d0172da7a5 into model nwt
I0422 18:40:35.522992  4408 cuckoo_watch.h:45] 500ms in ProcessBatch(batches\aaaaab.batch) [including 37ms in LoadMessage; 0ms in InitializeTheta; 0ms in CreateRegularizerAgents; 34ms in InitializeSparseNdw; 216ms in InferThetaAndUpdateNwtSparse; 206ms in CalculateScore(^^^ItemsProcessedScore^^^); ]
I0422 18:40:35.524492  7616 master_component.cc:1496] RegularizeModelArgs: rwt_target_name=rwt, pwt_source_name=pwt, nwt_source_name=nwt
I0422 18:40:35.524492  7616 master_component.cc:1013] MasterComponent: start regularizing model pwt
I0422 18:40:35.560485  4408 processor.cc:74] No data in processing queue, waiting...
I0422 18:40:35.589979  7616 master_component.cc:1041] MasterComponent: complete regularizing model pwt
I0422 18:40:35.589979  7616 master_component.cc:1509] NormalizeModelArgs: pwt_target_name=pwt, nwt_source_name=nwt, rwt_source_name=rwt
I0422 18:40:35.589979  7616 master_component.cc:1045] MasterComponent: start normalizing model nwt
I0422 18:40:35.618474  7616 master_component.cc:1084] MasterComponent: complete normalizing model nwt
I0422 18:40:35.731452  7616 master_component.cc:1533] DisposeModel rwt
I0422 18:40:35.738950  7616 master_component.cc:1112] FitOffline: ItemsProcessed, num_items=1728, num_batches=2, token_weight=808522, token_weight_in_effect=808522
I0422 18:40:35.739449  7616 c_interface.cc:389] Pass FitOfflineMasterModelArgs, batch_filename_size=2, batch_weight_size=2, num_collection_passes=1, reset_nwt=yes to void (__cdecl artm::core::MasterComponent::*)(class artm::FitOfflineMasterModelArgs const & __ptr64) __ptr64
I0422 18:40:35.739449  7616 master_component.cc:1458] ProcessBatchesArgs: nwt_target_name=nwt, batch_filename_size=2, batch_size=0, batch_weight_size=2, pwt_source_name=pwt, num_document_passes=1, regularizer=(name:smooth, tau:100000), reuse_theta=no, opt_for_avx=yes, predict_class_id=, reset_nwt=yes
I0422 18:40:35.756448  4176 processor.cc:81] Processing queue has data, processing started
I0422 18:40:35.756448  2872 processor.cc:81] Processing queue has data, processing started
I0422 18:40:35.776943  2872 processor.cc:158] Processor: start processing batch 5579a9d0-d4b7-451f-8cd0-c119624c2230 into model nwt
I0422 18:40:35.792441  4176 processor.cc:158] Processor: start processing batch b5482388-46c6-4ae6-afa0-16d0172da7a5 into model nwt
I0422 18:40:36.015398  2872 processor.cc:293] Processor: complete processing batch 5579a9d0-d4b7-451f-8cd0-c119624c2230 into model nwt
I0422 18:40:36.017899  2872 cuckoo_watch.h:45] 261ms in ProcessBatch(batches\aaaaaa.batch) [including 20ms in LoadMessage; 0ms in InitializeTheta; 0ms in CreateRegularizerAgents; 15ms in InitializeSparseNdw; 108ms in InferThetaAndUpdateNwtSparse; 113ms in CalculateScore(^^^ItemsProcessedScore^^^); ]
I0422 18:40:36.056390  2872 processor.cc:74] No data in processing queue, waiting...
I0422 18:40:36.253355  4176 processor.cc:293] Processor: complete processing batch b5482388-46c6-4ae6-afa0-16d0172da7a5 into model nwt
I0422 18:40:36.258354  4176 cuckoo_watch.h:45] 502ms in ProcessBatch(batches\aaaaab.batch) [including 36ms in LoadMessage; 0ms in InitializeTheta; 0ms in CreateRegularizerAgents; 34ms in InitializeSparseNdw; 217ms in InferThetaAndUpdateNwtSparse; 208ms in CalculateScore(^^^ItemsProcessedScore^^^); ]
I0422 18:40:36.260831  7616 master_component.cc:1496] RegularizeModelArgs: rwt_target_name=rwt, pwt_source_name=pwt, nwt_source_name=nwt
I0422 18:40:36.260831  7616 master_component.cc:1013] MasterComponent: start regularizing model pwt
I0422 18:40:36.296824  4176 processor.cc:74] No data in processing queue, waiting...
I0422 18:40:36.328318  7616 master_component.cc:1041] MasterComponent: complete regularizing model pwt
I0422 18:40:36.328318  7616 master_component.cc:1509] NormalizeModelArgs: pwt_target_name=pwt, nwt_source_name=nwt, rwt_source_name=rwt
I0422 18:40:36.328318  7616 master_component.cc:1045] MasterComponent: start normalizing model nwt
I0422 18:40:36.357313  7616 master_component.cc:1084] MasterComponent: complete normalizing model nwt
I0422 18:40:36.471791  7616 master_component.cc:1533] DisposeModel rwt
I0422 18:40:36.479790  7616 master_component.cc:1112] FitOffline: ItemsProcessed, num_items=1728, num_batches=2, token_weight=808522, token_weight_in_effect=808522
I0422 18:40:36.479790  7616 c_interface.cc:389] Pass FitOfflineMasterModelArgs, batch_filename_size=2, batch_weight_size=2, num_collection_passes=1, reset_nwt=yes to void (__cdecl artm::core::MasterComponent::*)(class artm::FitOfflineMasterModelArgs const & __ptr64) __ptr64
I0422 18:40:36.479790  7616 master_component.cc:1458] ProcessBatchesArgs: nwt_target_name=nwt, batch_filename_size=2, batch_size=0, batch_weight_size=2, pwt_source_name=pwt, num_document_passes=1, regularizer=(name:smooth, tau:100000), reuse_theta=no, opt_for_avx=yes, predict_class_id=, reset_nwt=yes
I0422 18:40:36.495786  4408 processor.cc:81] Processing queue has data, processing started
I0422 18:40:36.495786  2872 processor.cc:81] Processing queue has data, processing started
I0422 18:40:36.516281  2872 processor.cc:158] Processor: start processing batch 5579a9d0-d4b7-451f-8cd0-c119624c2230 into model nwt
I0422 18:40:36.532779  4408 processor.cc:158] Processor: start processing batch b5482388-46c6-4ae6-afa0-16d0172da7a5 into model nwt
I0422 18:40:36.750241  2872 processor.cc:293] Processor: complete processing batch 5579a9d0-d4b7-451f-8cd0-c119624c2230 into model nwt
I0422 18:40:36.752738  2872 cuckoo_watch.h:45] 257ms in ProcessBatch(batches\aaaaaa.batch) [including 20ms in LoadMessage; 0ms in InitializeTheta; 0ms in CreateRegularizerAgents; 15ms in InitializeSparseNdw; 105ms in InferThetaAndUpdateNwtSparse; 112ms in CalculateScore(^^^ItemsProcessedScore^^^); ]
I0422 18:40:36.786733  2872 processor.cc:74] No data in processing queue, waiting...
I0422 18:40:36.997694  4408 processor.cc:293] Processor: complete processing batch b5482388-46c6-4ae6-afa0-16d0172da7a5 into model nwt
I0422 18:40:37.003192  4408 cuckoo_watch.h:45] 507ms in ProcessBatch(batches\aaaaab.batch) [including 36ms in LoadMessage; 0ms in InitializeTheta; 0ms in CreateRegularizerAgents; 34ms in InitializeSparseNdw; 217ms in InferThetaAndUpdateNwtSparse; 213ms in CalculateScore(^^^ItemsProcessedScore^^^); ]
I0422 18:40:37.004691  7616 master_component.cc:1496] RegularizeModelArgs: rwt_target_name=rwt, pwt_source_name=pwt, nwt_source_name=nwt
I0422 18:40:37.004691  7616 master_component.cc:1013] MasterComponent: start regularizing model pwt
I0422 18:40:37.038684  4408 processor.cc:74] No data in processing queue, waiting...
I0422 18:40:37.071180  7616 master_component.cc:1041] MasterComponent: complete regularizing model pwt
I0422 18:40:37.071180  7616 master_component.cc:1509] NormalizeModelArgs: pwt_target_name=pwt, nwt_source_name=nwt, rwt_source_name=rwt
I0422 18:40:37.071180  7616 master_component.cc:1045] MasterComponent: start normalizing model nwt
I0422 18:40:37.099673  7616 master_component.cc:1084] MasterComponent: complete normalizing model nwt
I0422 18:40:37.213651  7616 master_component.cc:1533] DisposeModel rwt
I0422 18:40:37.222149  7616 master_component.cc:1112] FitOffline: ItemsProcessed, num_items=1728, num_batches=2, token_weight=808522, token_weight_in_effect=808522
I0422 18:40:37.222149  7616 c_interface.cc:389] Pass FitOfflineMasterModelArgs, batch_filename_size=2, batch_weight_size=2, num_collection_passes=1, reset_nwt=yes to void (__cdecl artm::core::MasterComponent::*)(class artm::FitOfflineMasterModelArgs const & __ptr64) __ptr64
I0422 18:40:37.222149  7616 master_component.cc:1458] ProcessBatchesArgs: nwt_target_name=nwt, batch_filename_size=2, batch_size=0, batch_weight_size=2, pwt_source_name=pwt, num_document_passes=1, regularizer=(name:smooth, tau:100000), reuse_theta=no, opt_for_avx=yes, predict_class_id=, reset_nwt=yes
I0422 18:40:37.238647  2872 processor.cc:81] Processing queue has data, processing started
I0422 18:40:37.238647  4176 processor.cc:81] Processing queue has data, processing started
I0422 18:40:37.259142  4176 processor.cc:158] Processor: start processing batch 5579a9d0-d4b7-451f-8cd0-c119624c2230 into model nwt
I0422 18:40:37.275640  2872 processor.cc:158] Processor: start processing batch b5482388-46c6-4ae6-afa0-16d0172da7a5 into model nwt
I0422 18:40:37.498098  4176 processor.cc:293] Processor: complete processing batch 5579a9d0-d4b7-451f-8cd0-c119624c2230 into model nwt
I0422 18:40:37.500598  4176 cuckoo_watch.h:45] 262ms in ProcessBatch(batches\aaaaaa.batch) [including 20ms in LoadMessage; 0ms in InitializeTheta; 0ms in CreateRegularizerAgents; 16ms in InitializeSparseNdw; 108ms in InferThetaAndUpdateNwtSparse; 113ms in CalculateScore(^^^ItemsProcessedScore^^^); ]
I0422 18:40:37.536592  4176 processor.cc:74] No data in processing queue, waiting...
I0422 18:40:37.734555  2872 processor.cc:293] Processor: complete processing batch b5482388-46c6-4ae6-afa0-16d0172da7a5 into model nwt
I0422 18:40:37.739553  2872 cuckoo_watch.h:45] 501ms in ProcessBatch(batches\aaaaab.batch) [including 36ms in LoadMessage; 0ms in InitializeTheta; 0ms in CreateRegularizerAgents; 34ms in InitializeSparseNdw; 216ms in InferThetaAndUpdateNwtSparse; 208ms in CalculateScore(^^^ItemsProcessedScore^^^); ]
I0422 18:40:37.740553  7616 master_component.cc:1496] RegularizeModelArgs: rwt_target_name=rwt, pwt_source_name=pwt, nwt_source_name=nwt
I0422 18:40:37.740553  7616 master_component.cc:1013] MasterComponent: start regularizing model pwt
I0422 18:40:37.774549  2872 processor.cc:74] No data in processing queue, waiting...
I0422 18:40:37.807039  7616 master_component.cc:1041] MasterComponent: complete regularizing model pwt
I0422 18:40:37.807039  7616 master_component.cc:1509] NormalizeModelArgs: pwt_target_name=pwt, nwt_source_name=nwt, rwt_source_name=rwt
I0422 18:40:37.807039  7616 master_component.cc:1045] MasterComponent: start normalizing model nwt
I0422 18:40:37.836036  7616 master_component.cc:1084] MasterComponent: complete normalizing model nwt
I0422 18:40:37.951014  7616 master_component.cc:1533] DisposeModel rwt
I0422 18:40:37.959013  7616 master_component.cc:1112] FitOffline: ItemsProcessed, num_items=1728, num_batches=2, token_weight=808522, token_weight_in_effect=808522
I0422 18:40:37.959013  7616 c_interface.cc:389] Pass FitOfflineMasterModelArgs, batch_filename_size=2, batch_weight_size=2, num_collection_passes=1, reset_nwt=yes to void (__cdecl artm::core::MasterComponent::*)(class artm::FitOfflineMasterModelArgs const & __ptr64) __ptr64
I0422 18:40:37.959013  7616 master_component.cc:1458] ProcessBatchesArgs: nwt_target_name=nwt, batch_filename_size=2, batch_size=0, batch_weight_size=2, pwt_source_name=pwt, num_document_passes=1, regularizer=(name:smooth, tau:100000), reuse_theta=no, opt_for_avx=yes, predict_class_id=, reset_nwt=yes
I0422 18:40:37.976509  4176 processor.cc:81] Processing queue has data, processing started
I0422 18:40:37.976509  1108 processor.cc:81] Processing queue has data, processing started
I0422 18:40:37.995505  4176 processor.cc:158] Processor: start processing batch 5579a9d0-d4b7-451f-8cd0-c119624c2230 into model nwt
I0422 18:40:38.013502  1108 processor.cc:158] Processor: start processing batch b5482388-46c6-4ae6-afa0-16d0172da7a5 into model nwt
I0422 18:40:38.231961  4176 processor.cc:293] Processor: complete processing batch 5579a9d0-d4b7-451f-8cd0-c119624c2230 into model nwt
I0422 18:40:38.234459  4176 cuckoo_watch.h:45] 258ms in ProcessBatch(batches\aaaaaa.batch) [including 19ms in LoadMessage; 0ms in InitializeTheta; 0ms in CreateRegularizerAgents; 15ms in InitializeSparseNdw; 105ms in InferThetaAndUpdateNwtSparse; 115ms in CalculateScore(^^^ItemsProcessedScore^^^); ]
I0422 18:40:38.266455  4176 processor.cc:74] No data in processing queue, waiting...
I0422 18:40:38.477416  1108 processor.cc:293] Processor: complete processing batch b5482388-46c6-4ae6-afa0-16d0172da7a5 into model nwt
I0422 18:40:38.482414  1108 cuckoo_watch.h:45] 506ms in ProcessBatch(batches\aaaaab.batch) [including 37ms in LoadMessage; 0ms in InitializeTheta; 0ms in CreateRegularizerAgents; 35ms in InitializeSparseNdw; 219ms in InferThetaAndUpdateNwtSparse; 207ms in CalculateScore(^^^ItemsProcessedScore^^^); ]
I0422 18:40:38.484414  7616 master_component.cc:1496] RegularizeModelArgs: rwt_target_name=rwt, pwt_source_name=pwt, nwt_source_name=nwt
I0422 18:40:38.484414  7616 master_component.cc:1013] MasterComponent: start regularizing model pwt
I0422 18:40:38.520406  1108 processor.cc:74] No data in processing queue, waiting...
I0422 18:40:38.550400  7616 master_component.cc:1041] MasterComponent: complete regularizing model pwt
I0422 18:40:38.550400  7616 master_component.cc:1509] NormalizeModelArgs: pwt_target_name=pwt, nwt_source_name=nwt, rwt_source_name=rwt
I0422 18:40:38.550400  7616 master_component.cc:1045] MasterComponent: start normalizing model nwt
I0422 18:40:38.579394  7616 master_component.cc:1084] MasterComponent: complete normalizing model nwt
I0422 18:40:38.695374  7616 master_component.cc:1533] DisposeModel rwt
I0422 18:40:38.703370  7616 master_component.cc:1112] FitOffline: ItemsProcessed, num_items=1728, num_batches=2, token_weight=808522, token_weight_in_effect=808522
I0422 18:40:38.703370  7616 c_interface.cc:389] Pass FitOfflineMasterModelArgs, batch_filename_size=2, batch_weight_size=2, num_collection_passes=1, reset_nwt=yes to void (__cdecl artm::core::MasterComponent::*)(class artm::FitOfflineMasterModelArgs const & __ptr64) __ptr64
I0422 18:40:38.703871  7616 master_component.cc:1458] ProcessBatchesArgs: nwt_target_name=nwt, batch_filename_size=2, batch_size=0, batch_weight_size=2, pwt_source_name=pwt, num_document_passes=1, regularizer=(name:smooth, tau:100000), reuse_theta=no, opt_for_avx=yes, predict_class_id=, reset_nwt=yes
I0422 18:40:38.720369  4408 processor.cc:81] Processing queue has data, processing started
I0422 18:40:38.720369  4176 processor.cc:81] Processing queue has data, processing started
I0422 18:40:38.740365  4408 processor.cc:158] Processor: start processing batch 5579a9d0-d4b7-451f-8cd0-c119624c2230 into model nwt
I0422 18:40:38.756862  4176 processor.cc:158] Processor: start processing batch b5482388-46c6-4ae6-afa0-16d0172da7a5 into model nwt
I0422 18:40:38.975320  4408 processor.cc:293] Processor: complete processing batch 5579a9d0-d4b7-451f-8cd0-c119624c2230 into model nwt
I0422 18:40:38.977821  4408 cuckoo_watch.h:45] 257ms in ProcessBatch(batches\aaaaaa.batch) [including 20ms in LoadMessage; 0ms in InitializeTheta; 0ms in CreateRegularizerAgents; 16ms in InitializeSparseNdw; 105ms in InferThetaAndUpdateNwtSparse; 112ms in CalculateScore(^^^ItemsProcessedScore^^^); ]
I0422 18:40:39.013314  4408 processor.cc:74] No data in processing queue, waiting...
I0422 18:40:39.219276  4176 processor.cc:293] Processor: complete processing batch b5482388-46c6-4ae6-afa0-16d0172da7a5 into model nwt
I0422 18:40:39.224274  4176 cuckoo_watch.h:45] 504ms in ProcessBatch(batches\aaaaab.batch) [including 36ms in LoadMessage; 0ms in InitializeTheta; 0ms in CreateRegularizerAgents; 34ms in InitializeSparseNdw; 217ms in InferThetaAndUpdateNwtSparse; 209ms in CalculateScore(^^^ItemsProcessedScore^^^); ]
I0422 18:40:39.226274  7616 master_component.cc:1496] RegularizeModelArgs: rwt_target_name=rwt, pwt_source_name=pwt, nwt_source_name=nwt
I0422 18:40:39.226274  7616 master_component.cc:1013] MasterComponent: start regularizing model pwt
I0422 18:40:39.262265  4176 processor.cc:74] No data in processing queue, waiting...
I0422 18:40:39.292763  7616 master_component.cc:1041] MasterComponent: complete regularizing model pwt
I0422 18:40:39.292763  7616 master_component.cc:1509] NormalizeModelArgs: pwt_target_name=pwt, nwt_source_name=nwt, rwt_source_name=rwt
I0422 18:40:39.292763  7616 master_component.cc:1045] MasterComponent: start normalizing model nwt
I0422 18:40:39.322254  7616 master_component.cc:1084] MasterComponent: complete normalizing model nwt
I0422 18:40:39.437734  7616 master_component.cc:1533] DisposeModel rwt
I0422 18:40:39.445734  7616 master_component.cc:1112] FitOffline: ItemsProcessed, num_items=1728, num_batches=2, token_weight=808522, token_weight_in_effect=808522
I0422 18:40:39.445734  7616 c_interface.cc:389] Pass FitOfflineMasterModelArgs, batch_filename_size=2, batch_weight_size=2, num_collection_passes=1, reset_nwt=yes to void (__cdecl artm::core::MasterComponent::*)(class artm::FitOfflineMasterModelArgs const & __ptr64) __ptr64
I0422 18:40:39.446233  7616 master_component.cc:1458] ProcessBatchesArgs: nwt_target_name=nwt, batch_filename_size=2, batch_size=0, batch_weight_size=2, pwt_source_name=pwt, num_document_passes=1, regularizer=(name:smooth, tau:100000), reuse_theta=no, opt_for_avx=yes, predict_class_id=, reset_nwt=yes
I0422 18:40:39.462227  2872 processor.cc:81] Processing queue has data, processing started
I0422 18:40:39.462227  4176 processor.cc:81] Processing queue has data, processing started
I0422 18:40:39.482728  4176 processor.cc:158] Processor: start processing batch 5579a9d0-d4b7-451f-8cd0-c119624c2230 into model nwt
I0422 18:40:39.499222  2872 processor.cc:158] Processor: start processing batch b5482388-46c6-4ae6-afa0-16d0172da7a5 into model nwt
I0422 18:40:39.718684  4176 processor.cc:293] Processor: complete processing batch 5579a9d0-d4b7-451f-8cd0-c119624c2230 into model nwt
I0422 18:40:39.721181  4176 cuckoo_watch.h:45] 259ms in ProcessBatch(batches\aaaaaa.batch) [including 20ms in LoadMessage; 0ms in InitializeTheta; 0ms in CreateRegularizerAgents; 16ms in InitializeSparseNdw; 106ms in InferThetaAndUpdateNwtSparse; 112ms in CalculateScore(^^^ItemsProcessedScore^^^); ]
I0422 18:40:39.757174  4176 processor.cc:74] No data in processing queue, waiting...
I0422 18:40:39.960638  2872 processor.cc:293] Processor: complete processing batch b5482388-46c6-4ae6-afa0-16d0172da7a5 into model nwt
I0422 18:40:39.967636  2872 cuckoo_watch.h:45] 505ms in ProcessBatch(batches\aaaaab.batch) [including 37ms in LoadMessage; 0ms in InitializeTheta; 0ms in CreateRegularizerAgents; 34ms in InitializeSparseNdw; 216ms in InferThetaAndUpdateNwtSparse; 210ms in CalculateScore(^^^ItemsProcessedScore^^^); ]
I0422 18:40:39.970134  7616 master_component.cc:1496] RegularizeModelArgs: rwt_target_name=rwt, pwt_source_name=pwt, nwt_source_name=nwt
I0422 18:40:39.970134  7616 master_component.cc:1013] MasterComponent: start regularizing model pwt
I0422 18:40:40.004127  2872 processor.cc:74] No data in processing queue, waiting...
I0422 18:40:40.036623  7616 master_component.cc:1041] MasterComponent: complete regularizing model pwt
I0422 18:40:40.036623  7616 master_component.cc:1509] NormalizeModelArgs: pwt_target_name=pwt, nwt_source_name=nwt, rwt_source_name=rwt
I0422 18:40:40.036623  7616 master_component.cc:1045] MasterComponent: start normalizing model nwt
I0422 18:40:40.065616  7616 master_component.cc:1084] MasterComponent: complete normalizing model nwt
I0422 18:40:40.180594  7616 master_component.cc:1533] DisposeModel rwt
I0422 18:40:40.188592  7616 master_component.cc:1112] FitOffline: ItemsProcessed, num_items=1728, num_batches=2, token_weight=808522, token_weight_in_effect=808522
I0422 18:40:40.188592  7616 c_interface.cc:389] Pass FitOfflineMasterModelArgs, batch_filename_size=2, batch_weight_size=2, num_collection_passes=1, reset_nwt=yes to void (__cdecl artm::core::MasterComponent::*)(class artm::FitOfflineMasterModelArgs const & __ptr64) __ptr64
I0422 18:40:40.188592  7616 master_component.cc:1458] ProcessBatchesArgs: nwt_target_name=nwt, batch_filename_size=2, batch_size=0, batch_weight_size=2, pwt_source_name=pwt, num_document_passes=1, regularizer=(name:smooth, tau:100000), reuse_theta=no, opt_for_avx=yes, predict_class_id=, reset_nwt=yes
I0422 18:40:40.203590  1108 processor.cc:81] Processing queue has data, processing started
I0422 18:40:40.206089  4408 processor.cc:81] Processing queue has data, processing started
I0422 18:40:40.223585  1108 processor.cc:158] Processor: start processing batch 5579a9d0-d4b7-451f-8cd0-c119624c2230 into model nwt
I0422 18:40:40.241083  4408 processor.cc:158] Processor: start processing batch b5482388-46c6-4ae6-afa0-16d0172da7a5 into model nwt
I0422 18:40:40.456542  1108 processor.cc:293] Processor: complete processing batch 5579a9d0-d4b7-451f-8cd0-c119624c2230 into model nwt
I0422 18:40:40.459043  1108 cuckoo_watch.h:45] 255ms in ProcessBatch(batches\aaaaaa.batch) [including 19ms in LoadMessage; 0ms in InitializeTheta; 0ms in CreateRegularizerAgents; 15ms in InitializeSparseNdw; 104ms in InferThetaAndUpdateNwtSparse; 112ms in CalculateScore(^^^ItemsProcessedScore^^^); ]
I0422 18:40:40.492034  1108 processor.cc:74] No data in processing queue, waiting...
I0422 18:40:40.696998  4408 processor.cc:293] Processor: complete processing batch b5482388-46c6-4ae6-afa0-16d0172da7a5 into model nwt
I0422 18:40:40.702498  4408 cuckoo_watch.h:45] 496ms in ProcessBatch(batches\aaaaab.batch) [including 35ms in LoadMessage; 0ms in InitializeTheta; 0ms in CreateRegularizerAgents; 34ms in InitializeSparseNdw; 214ms in InferThetaAndUpdateNwtSparse; 206ms in CalculateScore(^^^ItemsProcessedScore^^^); ]
I0422 18:40:40.703996  7616 master_component.cc:1496] RegularizeModelArgs: rwt_target_name=rwt, pwt_source_name=pwt, nwt_source_name=nwt
I0422 18:40:40.703996  7616 master_component.cc:1013] MasterComponent: start regularizing model pwt
I0422 18:40:40.735991  4408 processor.cc:74] No data in processing queue, waiting...
I0422 18:40:40.769984  7616 master_component.cc:1041] MasterComponent: complete regularizing model pwt
