I0422 18:25:58.684751  8080 c_interface.cc:389] Pass FitOfflineMasterModelArgs, batch_filename_size=2, batch_weight_size=2, num_collection_passes=1, reset_nwt=yes to void (__cdecl artm::core::MasterComponent::*)(class artm::FitOfflineMasterModelArgs const & __ptr64) __ptr64
I0422 18:25:58.684751  8080 master_component.cc:1458] ProcessBatchesArgs: nwt_target_name=nwt, batch_filename_size=2, batch_size=0, batch_weight_size=2, pwt_source_name=pwt, num_document_passes=1, regularizer=(name:smooth, tau:100000), reuse_theta=no, opt_for_avx=yes, predict_class_id=, reset_nwt=yes
I0422 18:25:58.701748  3428 processor.cc:81] Processing queue has data, processing started
I0422 18:25:58.701748 11292 processor.cc:81] Processing queue has data, processing started
I0422 18:25:58.721241 11292 processor.cc:158] Processor: start processing batch fa3a60b3-1809-458b-b6ad-8ae43c3cc80e into model nwt
I0422 18:25:58.738240  3428 processor.cc:158] Processor: start processing batch f0a91fff-70d7-4063-8477-111c5756c36c into model nwt
I0422 18:25:58.954684 11292 processor.cc:293] Processor: complete processing batch fa3a60b3-1809-458b-b6ad-8ae43c3cc80e into model nwt
I0422 18:25:58.957182 11292 cuckoo_watch.h:45] 255ms in ProcessBatch(batches\aaaaaa.batch) [including 19ms in LoadMessage; 0ms in InitializeTheta; 0ms in CreateRegularizerAgents; 15ms in InitializeSparseNdw; 105ms in InferThetaAndUpdateNwtSparse; 112ms in CalculateScore(^^^ItemsProcessedScore^^^); ]
I0422 18:25:58.993671 11292 processor.cc:74] No data in processing queue, waiting...
I0422 18:25:59.205116  3428 processor.cc:293] Processor: complete processing batch f0a91fff-70d7-4063-8477-111c5756c36c into model nwt
I0422 18:25:59.209614  3428 cuckoo_watch.h:45] 508ms in ProcessBatch(batches\aaaaab.batch) [including 36ms in LoadMessage; 0ms in InitializeTheta; 0ms in CreateRegularizerAgents; 34ms in InitializeSparseNdw; 215ms in InferThetaAndUpdateNwtSparse; 216ms in CalculateScore(^^^ItemsProcessedScore^^^); ]
I0422 18:25:59.211613  8080 master_component.cc:1496] RegularizeModelArgs: rwt_target_name=rwt, pwt_source_name=pwt, nwt_source_name=nwt
I0422 18:25:59.211613  8080 master_component.cc:1013] MasterComponent: start regularizing model pwt
I0422 18:25:59.247606  3428 processor.cc:74] No data in processing queue, waiting...
I0422 18:25:59.279597  8080 master_component.cc:1041] MasterComponent: complete regularizing model pwt
I0422 18:25:59.279597  8080 master_component.cc:1509] NormalizeModelArgs: pwt_target_name=pwt, nwt_source_name=nwt, rwt_source_name=rwt
I0422 18:25:59.279597  8080 master_component.cc:1045] MasterComponent: start normalizing model nwt
I0422 18:25:59.309088  8080 master_component.cc:1084] MasterComponent: complete normalizing model nwt
I0422 18:25:59.423558  8080 master_component.cc:1533] DisposeModel rwt
I0422 18:25:59.431556  8080 master_component.cc:1112] FitOffline: ItemsProcessed, num_items=1728, num_batches=2, token_weight=808522, token_weight_in_effect=808522
I0422 18:25:59.432057  8080 c_interface.cc:389] Pass FitOfflineMasterModelArgs, batch_filename_size=2, batch_weight_size=2, num_collection_passes=1, reset_nwt=yes to void (__cdecl artm::core::MasterComponent::*)(class artm::FitOfflineMasterModelArgs const & __ptr64) __ptr64
I0422 18:25:59.432057  8080 master_component.cc:1458] ProcessBatchesArgs: nwt_target_name=nwt, batch_filename_size=2, batch_size=0, batch_weight_size=2, pwt_source_name=pwt, num_document_passes=1, regularizer=(name:smooth, tau:100000), reuse_theta=no, opt_for_avx=yes, predict_class_id=, reset_nwt=yes
I0422 18:25:59.447552  3428 processor.cc:81] Processing queue has data, processing started
I0422 18:25:59.449551  7816 processor.cc:81] Processing queue has data, processing started
I0422 18:25:59.467048  3428 processor.cc:158] Processor: start processing batch fa3a60b3-1809-458b-b6ad-8ae43c3cc80e into model nwt
I0422 18:25:59.486541  7816 processor.cc:158] Processor: start processing batch f0a91fff-70d7-4063-8477-111c5756c36c into model nwt
I0422 18:25:59.706984  3428 processor.cc:293] Processor: complete processing batch fa3a60b3-1809-458b-b6ad-8ae43c3cc80e into model nwt
I0422 18:25:59.709484  3428 cuckoo_watch.h:45] 262ms in ProcessBatch(batches\aaaaaa.batch) [including 19ms in LoadMessage; 0ms in InitializeTheta; 0ms in CreateRegularizerAgents; 15ms in InitializeSparseNdw; 106ms in InferThetaAndUpdateNwtSparse; 116ms in CalculateScore(^^^ItemsProcessedScore^^^); ]
I0422 18:25:59.747473  3428 processor.cc:74] No data in processing queue, waiting...
I0422 18:25:59.948921  7816 processor.cc:293] Processor: complete processing batch f0a91fff-70d7-4063-8477-111c5756c36c into model nwt
I0422 18:25:59.953419  7816 cuckoo_watch.h:45] 504ms in ProcessBatch(batches\aaaaab.batch) [including 37ms in LoadMessage; 0ms in InitializeTheta; 0ms in CreateRegularizerAgents; 35ms in InitializeSparseNdw; 217ms in InferThetaAndUpdateNwtSparse; 208ms in CalculateScore(^^^ItemsProcessedScore^^^); ]
I0422 18:25:59.955420  8080 master_component.cc:1496] RegularizeModelArgs: rwt_target_name=rwt, pwt_source_name=pwt, nwt_source_name=nwt
I0422 18:25:59.955420  8080 master_component.cc:1013] MasterComponent: start regularizing model pwt
I0422 18:25:59.987413  7816 processor.cc:74] No data in processing queue, waiting...
I0422 18:26:00.023901  8080 master_component.cc:1041] MasterComponent: complete regularizing model pwt
I0422 18:26:00.023901  8080 master_component.cc:1509] NormalizeModelArgs: pwt_target_name=pwt, nwt_source_name=nwt, rwt_source_name=rwt
I0422 18:26:00.023901  8080 master_component.cc:1045] MasterComponent: start normalizing model nwt
I0422 18:26:00.054394  8080 master_component.cc:1084] MasterComponent: complete normalizing model nwt
I0422 18:26:00.170363  8080 master_component.cc:1533] DisposeModel rwt
I0422 18:26:00.177860  8080 master_component.cc:1112] FitOffline: ItemsProcessed, num_items=1728, num_batches=2, token_weight=808522, token_weight_in_effect=808522
I0422 18:26:00.178359  8080 c_interface.cc:389] Pass FitOfflineMasterModelArgs, batch_filename_size=2, batch_weight_size=2, num_collection_passes=1, reset_nwt=yes to void (__cdecl artm::core::MasterComponent::*)(class artm::FitOfflineMasterModelArgs const & __ptr64) __ptr64
I0422 18:26:00.178359  8080 master_component.cc:1458] ProcessBatchesArgs: nwt_target_name=nwt, batch_filename_size=2, batch_size=0, batch_weight_size=2, pwt_source_name=pwt, num_document_passes=1, regularizer=(name:smooth, tau:100000), reuse_theta=no, opt_for_avx=yes, predict_class_id=, reset_nwt=yes
I0422 18:26:00.193356  7816 processor.cc:81] Processing queue has data, processing started
I0422 18:26:00.193356 11112 processor.cc:81] Processing queue has data, processing started
I0422 18:26:00.211351 11112 processor.cc:158] Processor: start processing batch fa3a60b3-1809-458b-b6ad-8ae43c3cc80e into model nwt
I0422 18:26:00.228348  7816 processor.cc:158] Processor: start processing batch f0a91fff-70d7-4063-8477-111c5756c36c into model nwt
I0422 18:26:00.454289 11112 processor.cc:293] Processor: complete processing batch fa3a60b3-1809-458b-b6ad-8ae43c3cc80e into model nwt
I0422 18:26:00.456785 11112 cuckoo_watch.h:45] 263ms in ProcessBatch(batches\aaaaaa.batch) [including 18ms in LoadMessage; 0ms in InitializeTheta; 0ms in CreateRegularizerAgents; 16ms in InitializeSparseNdw; 108ms in InferThetaAndUpdateNwtSparse; 117ms in CalculateScore(^^^ItemsProcessedScore^^^); ]
I0422 18:26:00.491279 11112 processor.cc:74] No data in processing queue, waiting...
I0422 18:26:00.712222  7816 processor.cc:293] Processor: complete processing batch f0a91fff-70d7-4063-8477-111c5756c36c into model nwt
I0422 18:26:00.717218  7816 cuckoo_watch.h:45] 524ms in ProcessBatch(batches\aaaaab.batch) [including 35ms in LoadMessage; 0ms in InitializeTheta; 0ms in CreateRegularizerAgents; 37ms in InitializeSparseNdw; 225ms in InferThetaAndUpdateNwtSparse; 220ms in CalculateScore(^^^ItemsProcessedScore^^^); ]
I0422 18:26:00.719218  8080 master_component.cc:1496] RegularizeModelArgs: rwt_target_name=rwt, pwt_source_name=pwt, nwt_source_name=nwt
I0422 18:26:00.719218  8080 master_component.cc:1013] MasterComponent: start regularizing model pwt
I0422 18:26:00.755209  7816 processor.cc:74] No data in processing queue, waiting...
I0422 18:26:00.785701  8080 master_component.cc:1041] MasterComponent: complete regularizing model pwt
I0422 18:26:00.785701  8080 master_component.cc:1509] NormalizeModelArgs: pwt_target_name=pwt, nwt_source_name=nwt, rwt_source_name=rwt
I0422 18:26:00.785701  8080 master_component.cc:1045] MasterComponent: start normalizing model nwt
I0422 18:26:00.815694  8080 master_component.cc:1084] MasterComponent: complete normalizing model nwt
I0422 18:26:00.933663  8080 master_component.cc:1533] DisposeModel rwt
I0422 18:26:00.942159  8080 master_component.cc:1112] FitOffline: ItemsProcessed, num_items=1728, num_batches=2, token_weight=808522, token_weight_in_effect=808522
I0422 18:26:00.942159  8080 c_interface.cc:389] Pass FitOfflineMasterModelArgs, batch_filename_size=2, batch_weight_size=2, num_collection_passes=1, reset_nwt=yes to void (__cdecl artm::core::MasterComponent::*)(class artm::FitOfflineMasterModelArgs const & __ptr64) __ptr64
I0422 18:26:00.942159  8080 master_component.cc:1458] ProcessBatchesArgs: nwt_target_name=nwt, batch_filename_size=2, batch_size=0, batch_weight_size=2, pwt_source_name=pwt, num_document_passes=1, regularizer=(name:smooth, tau:100000), reuse_theta=no, opt_for_avx=yes, predict_class_id=, reset_nwt=yes
I0422 18:26:00.959156  3428 processor.cc:81] Processing queue has data, processing started
I0422 18:26:00.959156 11292 processor.cc:81] Processing queue has data, processing started
I0422 18:26:00.977155 11292 processor.cc:158] Processor: start processing batch fa3a60b3-1809-458b-b6ad-8ae43c3cc80e into model nwt
I0422 18:26:00.995645  3428 processor.cc:158] Processor: start processing batch f0a91fff-70d7-4063-8477-111c5756c36c into model nwt
I0422 18:26:01.223086 11292 processor.cc:293] Processor: complete processing batch fa3a60b3-1809-458b-b6ad-8ae43c3cc80e into model nwt
I0422 18:26:01.225584 11292 cuckoo_watch.h:45] 266ms in ProcessBatch(batches\aaaaaa.batch) [including 18ms in LoadMessage; 0ms in InitializeTheta; 0ms in CreateRegularizerAgents; 15ms in InitializeSparseNdw; 111ms in InferThetaAndUpdateNwtSparse; 118ms in CalculateScore(^^^ItemsProcessedScore^^^); ]
I0422 18:26:01.263075 11292 processor.cc:74] No data in processing queue, waiting...
I0422 18:26:01.466023  3428 processor.cc:293] Processor: complete processing batch f0a91fff-70d7-4063-8477-111c5756c36c into model nwt
I0422 18:26:01.471021  3428 cuckoo_watch.h:45] 512ms in ProcessBatch(batches\aaaaab.batch) [including 36ms in LoadMessage; 0ms in InitializeTheta; 0ms in CreateRegularizerAgents; 38ms in InitializeSparseNdw; 219ms in InferThetaAndUpdateNwtSparse; 211ms in CalculateScore(^^^ItemsProcessedScore^^^); ]
I0422 18:26:01.473021  8080 master_component.cc:1496] RegularizeModelArgs: rwt_target_name=rwt, pwt_source_name=pwt, nwt_source_name=nwt
I0422 18:26:01.473021  8080 master_component.cc:1013] MasterComponent: start regularizing model pwt
I0422 18:26:01.507012  3428 processor.cc:74] No data in processing queue, waiting...
I0422 18:26:01.539503  8080 master_component.cc:1041] MasterComponent: complete regularizing model pwt
I0422 18:26:01.539503  8080 master_component.cc:1509] NormalizeModelArgs: pwt_target_name=pwt, nwt_source_name=nwt, rwt_source_name=rwt
I0422 18:26:01.539503  8080 master_component.cc:1045] MasterComponent: start normalizing model nwt
I0422 18:26:01.568495  8080 master_component.cc:1084] MasterComponent: complete normalizing model nwt
I0422 18:26:01.683465  8080 master_component.cc:1533] DisposeModel rwt
I0422 18:26:01.690963  8080 master_component.cc:1112] FitOffline: ItemsProcessed, num_items=1728, num_batches=2, token_weight=808522, token_weight_in_effect=808522
I0422 18:26:01.691463  8080 c_interface.cc:389] Pass FitOfflineMasterModelArgs, batch_filename_size=2, batch_weight_size=2, num_collection_passes=1, reset_nwt=yes to void (__cdecl artm::core::MasterComponent::*)(class artm::FitOfflineMasterModelArgs const & __ptr64) __ptr64
I0422 18:26:01.691463  8080 master_component.cc:1458] ProcessBatchesArgs: nwt_target_name=nwt, batch_filename_size=2, batch_size=0, batch_weight_size=2, pwt_source_name=pwt, num_document_passes=1, regularizer=(name:smooth, tau:100000), reuse_theta=no, opt_for_avx=yes, predict_class_id=, reset_nwt=yes
I0422 18:26:01.706959  7816 processor.cc:81] Processing queue has data, processing started
I0422 18:26:01.706959  3428 processor.cc:81] Processing queue has data, processing started
I0422 18:26:01.725953  3428 processor.cc:158] Processor: start processing batch fa3a60b3-1809-458b-b6ad-8ae43c3cc80e into model nwt
I0422 18:26:01.741950  7816 processor.cc:158] Processor: start processing batch f0a91fff-70d7-4063-8477-111c5756c36c into model nwt
I0422 18:26:01.964392  3428 processor.cc:293] Processor: complete processing batch fa3a60b3-1809-458b-b6ad-8ae43c3cc80e into model nwt
I0422 18:26:01.966890  3428 cuckoo_watch.h:45] 260ms in ProcessBatch(batches\aaaaaa.batch) [including 19ms in LoadMessage; 0ms in InitializeTheta; 0ms in CreateRegularizerAgents; 14ms in InitializeSparseNdw; 104ms in InferThetaAndUpdateNwtSparse; 118ms in CalculateScore(^^^ItemsProcessedScore^^^); ]
I0422 18:26:01.996382  3428 processor.cc:74] No data in processing queue, waiting...
I0422 18:26:02.203830  7816 processor.cc:293] Processor: complete processing batch f0a91fff-70d7-4063-8477-111c5756c36c into model nwt
I0422 18:26:02.208328  7816 cuckoo_watch.h:45] 501ms in ProcessBatch(batches\aaaaab.batch) [including 35ms in LoadMessage; 0ms in InitializeTheta; 0ms in CreateRegularizerAgents; 34ms in InitializeSparseNdw; 218ms in InferThetaAndUpdateNwtSparse; 208ms in CalculateScore(^^^ItemsProcessedScore^^^); ]
I0422 18:26:02.208828  8080 master_component.cc:1496] RegularizeModelArgs: rwt_target_name=rwt, pwt_source_name=pwt, nwt_source_name=nwt
I0422 18:26:02.208828  8080 master_component.cc:1013] MasterComponent: start regularizing model pwt
I0422 18:26:02.244819  7816 processor.cc:74] No data in processing queue, waiting...
I0422 18:26:02.273313  8080 master_component.cc:1041] MasterComponent: complete regularizing model pwt
I0422 18:26:02.273313  8080 master_component.cc:1509] NormalizeModelArgs: pwt_target_name=pwt, nwt_source_name=nwt, rwt_source_name=rwt
I0422 18:26:02.273313  8080 master_component.cc:1045] MasterComponent: start normalizing model nwt
I0422 18:26:02.302304  8080 master_component.cc:1084] MasterComponent: complete normalizing model nwt
I0422 18:26:02.413275  8080 master_component.cc:1533] DisposeModel rwt
I0422 18:26:02.420773  8080 master_component.cc:1112] FitOffline: ItemsProcessed, num_items=1728, num_batches=2, token_weight=808522, token_weight_in_effect=808522
I0422 18:26:02.421273  8080 c_interface.cc:389] Pass FitOfflineMasterModelArgs, batch_filename_size=2, batch_weight_size=2, num_collection_passes=1, reset_nwt=yes to void (__cdecl artm::core::MasterComponent::*)(class artm::FitOfflineMasterModelArgs const & __ptr64) __ptr64
I0422 18:26:02.421273  8080 master_component.cc:1458] ProcessBatchesArgs: nwt_target_name=nwt, batch_filename_size=2, batch_size=0, batch_weight_size=2, pwt_source_name=pwt, num_document_passes=1, regularizer=(name:smooth, tau:100000), reuse_theta=no, opt_for_avx=yes, predict_class_id=, reset_nwt=yes
I0422 18:26:02.436769 11292 processor.cc:81] Processing queue has data, processing started
I0422 18:26:02.436769  7816 processor.cc:81] Processing queue has data, processing started
I0422 18:26:02.455761 11292 processor.cc:158] Processor: start processing batch fa3a60b3-1809-458b-b6ad-8ae43c3cc80e into model nwt
I0422 18:26:02.471760  7816 processor.cc:158] Processor: start processing batch f0a91fff-70d7-4063-8477-111c5756c36c into model nwt
I0422 18:26:02.689702 11292 processor.cc:293] Processor: complete processing batch fa3a60b3-1809-458b-b6ad-8ae43c3cc80e into model nwt
I0422 18:26:02.692201 11292 cuckoo_watch.h:45] 255ms in ProcessBatch(batches\aaaaaa.batch) [including 18ms in LoadMessage; 0ms in InitializeTheta; 0ms in CreateRegularizerAgents; 15ms in InitializeSparseNdw; 104ms in InferThetaAndUpdateNwtSparse; 113ms in CalculateScore(^^^ItemsProcessedScore^^^); ]
I0422 18:26:02.728691 11292 processor.cc:74] No data in processing queue, waiting...
I0422 18:26:02.933136  7816 processor.cc:293] Processor: complete processing batch f0a91fff-70d7-4063-8477-111c5756c36c into model nwt
I0422 18:26:02.937638  7816 cuckoo_watch.h:45] 500ms in ProcessBatch(batches\aaaaab.batch) [including 35ms in LoadMessage; 0ms in InitializeTheta; 0ms in CreateRegularizerAgents; 35ms in InitializeSparseNdw; 215ms in InferThetaAndUpdateNwtSparse; 209ms in CalculateScore(^^^ItemsProcessedScore^^^); ]
I0422 18:26:02.938637  8080 master_component.cc:1496] RegularizeModelArgs: rwt_target_name=rwt, pwt_source_name=pwt, nwt_source_name=nwt
I0422 18:26:02.938637  8080 master_component.cc:1013] MasterComponent: start regularizing model pwt
I0422 18:26:02.972627  7816 processor.cc:74] No data in processing queue, waiting...
I0422 18:26:03.004119  8080 master_component.cc:1041] MasterComponent: complete regularizing model pwt
I0422 18:26:03.004119  8080 master_component.cc:1509] NormalizeModelArgs: pwt_target_name=pwt, nwt_source_name=nwt, rwt_source_name=rwt
I0422 18:26:03.004119  8080 master_component.cc:1045] MasterComponent: start normalizing model nwt
I0422 18:26:03.033612  8080 master_component.cc:1084] MasterComponent: complete normalizing model nwt
I0422 18:26:03.145582  8080 master_component.cc:1533] DisposeModel rwt
I0422 18:26:03.153080  8080 master_component.cc:1112] FitOffline: ItemsProcessed, num_items=1728, num_batches=2, token_weight=808522, token_weight_in_effect=808522
I0422 18:26:03.153080  8080 c_interface.cc:389] Pass FitOfflineMasterModelArgs, batch_filename_size=2, batch_weight_size=2, num_collection_passes=1, reset_nwt=yes to void (__cdecl artm::core::MasterComponent::*)(class artm::FitOfflineMasterModelArgs const & __ptr64) __ptr64
I0422 18:26:03.153080  8080 master_component.cc:1458] ProcessBatchesArgs: nwt_target_name=nwt, batch_filename_size=2, batch_size=0, batch_weight_size=2, pwt_source_name=pwt, num_document_passes=1, regularizer=(name:smooth, tau:100000), reuse_theta=no, opt_for_avx=yes, predict_class_id=, reset_nwt=yes
I0422 18:26:03.167577  3428 processor.cc:81] Processing queue has data, processing started
I0422 18:26:03.169075 11112 processor.cc:81] Processing queue has data, processing started
I0422 18:26:03.186571  3428 processor.cc:158] Processor: start processing batch fa3a60b3-1809-458b-b6ad-8ae43c3cc80e into model nwt
I0422 18:26:03.204066 11112 processor.cc:158] Processor: start processing batch f0a91fff-70d7-4063-8477-111c5756c36c into model nwt
I0422 18:26:03.422510  3428 processor.cc:293] Processor: complete processing batch fa3a60b3-1809-458b-b6ad-8ae43c3cc80e into model nwt
I0422 18:26:03.425007  3428 cuckoo_watch.h:45] 257ms in ProcessBatch(batches\aaaaaa.batch) [including 19ms in LoadMessage; 0ms in InitializeTheta; 0ms in CreateRegularizerAgents; 14ms in InitializeSparseNdw; 104ms in InferThetaAndUpdateNwtSparse; 115ms in CalculateScore(^^^ItemsProcessedScore^^^); ]
I0422 18:26:03.461998  3428 processor.cc:74] No data in processing queue, waiting...
I0422 18:26:03.670444 11112 processor.cc:293] Processor: complete processing batch f0a91fff-70d7-4063-8477-111c5756c36c into model nwt
I0422 18:26:03.674943 11112 cuckoo_watch.h:45] 506ms in ProcessBatch(batches\aaaaab.batch) [including 35ms in LoadMessage; 0ms in InitializeTheta; 0ms in CreateRegularizerAgents; 35ms in InitializeSparseNdw; 217ms in InferThetaAndUpdateNwtSparse; 212ms in CalculateScore(^^^ItemsProcessedScore^^^); ]
I0422 18:26:03.676441  8080 master_component.cc:1496] RegularizeModelArgs: rwt_target_name=rwt, pwt_source_name=pwt, nwt_source_name=nwt
I0422 18:26:03.676441  8080 master_component.cc:1013] MasterComponent: start regularizing model pwt
I0422 18:26:03.709434 11112 processor.cc:74] No data in processing queue, waiting...
I0422 18:26:03.745924  8080 master_component.cc:1041] MasterComponent: complete regularizing model pwt
I0422 18:26:03.745924  8080 master_component.cc:1509] NormalizeModelArgs: pwt_target_name=pwt, nwt_source_name=nwt, rwt_source_name=rwt
I0422 18:26:03.745924  8080 master_component.cc:1045] MasterComponent: start normalizing model nwt
I0422 18:26:03.775916  8080 master_component.cc:1084] MasterComponent: complete normalizing model nwt
I0422 18:26:03.894886  8080 master_component.cc:1533] DisposeModel rwt
I0422 18:26:03.903384  8080 master_component.cc:1112] FitOffline: ItemsProcessed, num_items=1728, num_batches=2, token_weight=808522, token_weight_in_effect=808522
I0422 18:26:03.903384  8080 c_interface.cc:389] Pass FitOfflineMasterModelArgs, batch_filename_size=2, batch_weight_size=2, num_collection_passes=1, reset_nwt=yes to void (__cdecl artm::core::MasterComponent::*)(class artm::FitOfflineMasterModelArgs const & __ptr64) __ptr64
I0422 18:26:03.903384  8080 master_component.cc:1458] ProcessBatchesArgs: nwt_target_name=nwt, batch_filename_size=2, batch_size=0, batch_weight_size=2, pwt_source_name=pwt, num_document_passes=1, regularizer=(name:smooth, tau:100000), reuse_theta=no, opt_for_avx=yes, predict_class_id=, reset_nwt=yes
I0422 18:26:03.918879 11292 processor.cc:81] Processing queue has data, processing started
I0422 18:26:03.920380 11112 processor.cc:81] Processing queue has data, processing started
I0422 18:26:03.937373 11292 processor.cc:158] Processor: start processing batch fa3a60b3-1809-458b-b6ad-8ae43c3cc80e into model nwt
I0422 18:26:03.959867 11112 processor.cc:158] Processor: start processing batch f0a91fff-70d7-4063-8477-111c5756c36c into model nwt
I0422 18:26:04.190809 11292 processor.cc:293] Processor: complete processing batch fa3a60b3-1809-458b-b6ad-8ae43c3cc80e into model nwt
I0422 18:26:04.193806 11292 cuckoo_watch.h:45] 274ms in ProcessBatch(batches\aaaaaa.batch) [including 18ms in LoadMessage; 0ms in InitializeTheta; 0ms in CreateRegularizerAgents; 18ms in InitializeSparseNdw; 113ms in InferThetaAndUpdateNwtSparse; 121ms in CalculateScore(^^^ItemsProcessedScore^^^); ]
I0422 18:26:04.224300 11292 processor.cc:74] No data in processing queue, waiting...
I0422 18:26:04.452237 11112 processor.cc:293] Processor: complete processing batch f0a91fff-70d7-4063-8477-111c5756c36c into model nwt
I0422 18:26:04.456737 11112 cuckoo_watch.h:45] 536ms in ProcessBatch(batches\aaaaab.batch) [including 39ms in LoadMessage; 0ms in InitializeTheta; 0ms in CreateRegularizerAgents; 38ms in InitializeSparseNdw; 229ms in InferThetaAndUpdateNwtSparse; 222ms in CalculateScore(^^^ItemsProcessedScore^^^); ]
I0422 18:26:04.458237  8080 master_component.cc:1496] RegularizeModelArgs: rwt_target_name=rwt, pwt_source_name=pwt, nwt_source_name=nwt
I0422 18:26:04.458237  8080 master_component.cc:1013] MasterComponent: start regularizing model pwt
I0422 18:26:04.490228 11112 processor.cc:74] No data in processing queue, waiting...
I0422 18:26:04.525722  8080 master_component.cc:1041] MasterComponent: complete regularizing model pwt
I0422 18:26:04.525722  8080 master_component.cc:1509] NormalizeModelArgs: pwt_target_name=pwt, nwt_source_name=nwt, rwt_source_name=rwt
I0422 18:26:04.525722  8080 master_component.cc:1045] MasterComponent: start normalizing model nwt
I0422 18:26:04.556212  8080 master_component.cc:1084] MasterComponent: complete normalizing model nwt
I0422 18:26:04.670179  8080 master_component.cc:1533] DisposeModel rwt
I0422 18:26:04.678179  8080 master_component.cc:1112] FitOffline: ItemsProcessed, num_items=1728, num_batches=2, token_weight=808522, token_weight_in_effect=808522
I0422 18:26:04.678681  8080 c_interface.cc:389] Pass FitOfflineMasterModelArgs, batch_filename_size=2, batch_weight_size=2, num_collection_passes=1, reset_nwt=yes to void (__cdecl artm::core::MasterComponent::*)(class artm::FitOfflineMasterModelArgs const & __ptr64) __ptr64
I0422 18:26:04.678681  8080 master_component.cc:1458] ProcessBatchesArgs: nwt_target_name=nwt, batch_filename_size=2, batch_size=0, batch_weight_size=2, pwt_source_name=pwt, num_document_passes=1, regularizer=(name:smooth, tau:100000), reuse_theta=no, opt_for_avx=yes, predict_class_id=, reset_nwt=yes
I0422 18:26:04.693676  3428 processor.cc:81] Processing queue has data, processing started
I0422 18:26:04.693676 11292 processor.cc:81] Processing queue has data, processing started
I0422 18:26:04.711671 11292 processor.cc:158] Processor: start processing batch fa3a60b3-1809-458b-b6ad-8ae43c3cc80e into model nwt
I0422 18:26:04.729168  3428 processor.cc:158] Processor: start processing batch f0a91fff-70d7-4063-8477-111c5756c36c into model nwt
I0422 18:26:04.961606 11292 processor.cc:293] Processor: complete processing batch fa3a60b3-1809-458b-b6ad-8ae43c3cc80e into model nwt
I0422 18:26:04.964604 11292 cuckoo_watch.h:45] 270ms in ProcessBatch(batches\aaaaaa.batch) [including 18ms in LoadMessage; 0ms in InitializeTheta; 0ms in CreateRegularizerAgents; 15ms in InitializeSparseNdw; 109ms in InferThetaAndUpdateNwtSparse; 124ms in CalculateScore(^^^ItemsProcessedScore^^^); ]
I0422 18:26:05.000596 11292 processor.cc:74] No data in processing queue, waiting...
I0422 18:26:05.227035  3428 processor.cc:293] Processor: complete processing batch f0a91fff-70d7-4063-8477-111c5756c36c into model nwt
I0422 18:26:05.232033  3428 cuckoo_watch.h:45] 538ms in ProcessBatch(batches\aaaaab.batch) [including 35ms in LoadMessage; 0ms in InitializeTheta; 0ms in CreateRegularizerAgents; 35ms in InitializeSparseNdw; 232ms in InferThetaAndUpdateNwtSparse; 228ms in CalculateScore(^^^ItemsProcessedScore^^^); ]
I0422 18:26:05.234035  8080 master_component.cc:1496] RegularizeModelArgs: rwt_target_name=rwt, pwt_source_name=pwt, nwt_source_name=nwt
I0422 18:26:05.234035  8080 master_component.cc:1013] MasterComponent: start regularizing model pwt
I0422 18:26:05.267525  3428 processor.cc:74] No data in processing queue, waiting...
I0422 18:26:05.301515  8080 master_component.cc:1041] MasterComponent: complete regularizing model pwt
I0422 18:26:05.301515  8080 master_component.cc:1509] NormalizeModelArgs: pwt_target_name=pwt, nwt_source_name=nwt, rwt_source_name=rwt
I0422 18:26:05.301515  8080 master_component.cc:1045] MasterComponent: start normalizing model nwt
I0422 18:26:05.332008  8080 master_component.cc:1084] MasterComponent: complete normalizing model nwt
I0422 18:26:05.449477  8080 master_component.cc:1533] DisposeModel rwt
I0422 18:26:05.457473  8080 master_component.cc:1112] FitOffline: ItemsProcessed, num_items=1728, num_batches=2, token_weight=808522, token_weight_in_effect=808522
I0422 18:26:05.457473  8080 c_interface.cc:389] Pass FitOfflineMasterModelArgs, batch_filename_size=2, batch_weight_size=2, num_collection_passes=1, reset_nwt=yes to void (__cdecl artm::core::MasterComponent::*)(class artm::FitOfflineMasterModelArgs const & __ptr64) __ptr64
I0422 18:26:05.457973  8080 master_component.cc:1458] ProcessBatchesArgs: nwt_target_name=nwt, batch_filename_size=2, batch_size=0, batch_weight_size=2, pwt_source_name=pwt, num_document_passes=1, regularizer=(name:smooth, tau:100000), reuse_theta=no, opt_for_avx=yes, predict_class_id=, reset_nwt=yes
I0422 18:26:05.473971 11112 processor.cc:81] Processing queue has data, processing started
I0422 18:26:05.473971  7816 processor.cc:81] Processing queue has data, processing started
I0422 18:26:05.492966  7816 processor.cc:158] Processor: start processing batch fa3a60b3-1809-458b-b6ad-8ae43c3cc80e into model nwt
I0422 18:26:05.510462 11112 processor.cc:158] Processor: start processing batch f0a91fff-70d7-4063-8477-111c5756c36c into model nwt
I0422 18:26:05.737402  7816 processor.cc:293] Processor: complete processing batch fa3a60b3-1809-458b-b6ad-8ae43c3cc80e into model nwt
I0422 18:26:05.739902  7816 cuckoo_watch.h:45] 266ms in ProcessBatch(batches\aaaaaa.batch) [including 18ms in LoadMessage; 0ms in InitializeTheta; 0ms in CreateRegularizerAgents; 15ms in InitializeSparseNdw; 111ms in InferThetaAndUpdateNwtSparse; 117ms in CalculateScore(^^^ItemsProcessedScore^^^); ]
I0422 18:26:05.777891  7816 processor.cc:74] No data in processing queue, waiting...
I0422 18:26:05.992835 11112 processor.cc:293] Processor: complete processing batch f0a91fff-70d7-4063-8477-111c5756c36c into model nwt
I0422 18:26:05.997334 11112 cuckoo_watch.h:45] 523ms in ProcessBatch(batches\aaaaab.batch) [including 36ms in LoadMessage; 0ms in InitializeTheta; 0ms in CreateRegularizerAgents; 36ms in InitializeSparseNdw; 223ms in InferThetaAndUpdateNwtSparse; 221ms in CalculateScore(^^^ItemsProcessedScore^^^); ]
I0422 18:26:05.997833  8080 master_component.cc:1496] RegularizeModelArgs: rwt_target_name=rwt, pwt_source_name=pwt, nwt_source_name=nwt
I0422 18:26:05.997833  8080 master_component.cc:1013] MasterComponent: start regularizing model pwt
I0422 18:26:06.028326 11112 processor.cc:74] No data in processing queue, waiting...
I0422 18:26:06.064816  8080 master_component.cc:1041] MasterComponent: complete regularizing model pwt
I0422 18:26:06.064816  8080 master_component.cc:1509] NormalizeModelArgs: pwt_target_name=pwt, nwt_source_name=nwt, rwt_source_name=rwt
I0422 18:26:06.064816  8080 master_component.cc:1045] MasterComponent: start normalizing model nwt
I0422 18:26:06.096309  8080 master_component.cc:1084] MasterComponent: complete normalizing model nwt
I0422 18:26:06.212278  8080 master_component.cc:1533] DisposeModel rwt
I0422 18:26:06.220278  8080 master_component.cc:1112] FitOffline: ItemsProcessed, num_items=1728, num_batches=2, token_weight=808522, token_weight_in_effect=808522
I0422 18:26:06.220775  8080 c_interface.cc:389] Pass FitOfflineMasterModelArgs, batch_filename_size=2, batch_weight_size=2, num_collection_passes=1, reset_nwt=yes to void (__cdecl artm::core::MasterComponent::*)(class artm::FitOfflineMasterModelArgs const & __ptr64) __ptr64
I0422 18:26:06.220775  8080 master_component.cc:1458] ProcessBatchesArgs: nwt_target_name=nwt, batch_filename_size=2, batch_size=0, batch_weight_size=2, pwt_source_name=pwt, num_document_passes=1, regularizer=(name:smooth, tau:100000), reuse_theta=no, opt_for_avx=yes, predict_class_id=, reset_nwt=yes
I0422 18:26:06.235775 11292 processor.cc:81] Processing queue has data, processing started
I0422 18:26:06.237771  3428 processor.cc:81] Processing queue has data, processing started
I0422 18:26:06.254767 11292 processor.cc:158] Processor: start processing batch fa3a60b3-1809-458b-b6ad-8ae43c3cc80e into model nwt
I0422 18:26:06.273761  3428 processor.cc:158] Processor: start processing batch f0a91fff-70d7-4063-8477-111c5756c36c into model nwt
I0422 18:26:06.492203 11292 processor.cc:293] Processor: complete processing batch fa3a60b3-1809-458b-b6ad-8ae43c3cc80e into model nwt
I0422 18:26:06.494204 11292 cuckoo_watch.h:45] 258ms in ProcessBatch(batches\aaaaaa.batch) [including 19ms in LoadMessage; 0ms in InitializeTheta; 0ms in CreateRegularizerAgents; 15ms in InitializeSparseNdw; 107ms in InferThetaAndUpdateNwtSparse; 113ms in CalculateScore(^^^ItemsProcessedScore^^^); ]
I0422 18:26:06.531695 11292 processor.cc:74] No data in processing queue, waiting...
I0422 18:26:06.762631  3428 processor.cc:293] Processor: complete processing batch f0a91fff-70d7-4063-8477-111c5756c36c into model nwt
I0422 18:26:06.767632  3428 cuckoo_watch.h:45] 529ms in ProcessBatch(batches\aaaaab.batch) [including 36ms in LoadMessage; 0ms in InitializeTheta; 0ms in CreateRegularizerAgents; 34ms in InitializeSparseNdw; 222ms in InferThetaAndUpdateNwtSparse; 230ms in CalculateScore(^^^ItemsProcessedScore^^^); ]
I0422 18:26:06.769631  8080 master_component.cc:1496] RegularizeModelArgs: rwt_target_name=rwt, pwt_source_name=pwt, nwt_source_name=nwt
I0422 18:26:06.769631  8080 master_component.cc:1013] MasterComponent: start regularizing model pwt
I0422 18:26:06.799623  3428 processor.cc:74] No data in processing queue, waiting...
I0422 18:26:06.840114  8080 master_component.cc:1041] MasterComponent: complete regularizing model pwt
I0422 18:26:06.840114  8080 master_component.cc:1509] NormalizeModelArgs: pwt_target_name=pwt, nwt_source_name=nwt, rwt_source_name=rwt
I0422 18:26:06.840114  8080 master_component.cc:1045] MasterComponent: start normalizing model nwt
I0422 18:26:06.874102  8080 master_component.cc:1084] MasterComponent: complete normalizing model nwt
I0422 18:26:06.993075  8080 master_component.cc:1533] DisposeModel rwt
I0422 18:26:07.001071  8080 master_component.cc:1112] FitOffline: ItemsProcessed, num_items=1728, num_batches=2, token_weight=808522, token_weight_in_effect=808522
I0422 18:26:07.001569  8080 c_interface.cc:389] Pass FitOfflineMasterModelArgs, batch_filename_size=2, batch_weight_size=2, num_collection_passes=1, reset_nwt=yes to void (__cdecl artm::core::MasterComponent::*)(class artm::FitOfflineMasterModelArgs const & __ptr64) __ptr64
I0422 18:26:07.001569  8080 master_component.cc:1458] ProcessBatchesArgs: nwt_target_name=nwt, batch_filename_size=2, batch_size=0, batch_weight_size=2, pwt_source_name=pwt, num_document_passes=1, regularizer=(name:smooth, tau:100000), reuse_theta=no, opt_for_avx=yes, predict_class_id=, reset_nwt=yes
I0422 18:26:07.019564 11112 processor.cc:81] Processing queue has data, processing started
I0422 18:26:07.019564  7816 processor.cc:81] Processing queue has data, processing started
I0422 18:26:07.038060  7816 processor.cc:158] Processor: start processing batch fa3a60b3-1809-458b-b6ad-8ae43c3cc80e into model nwt
I0422 18:26:07.056056 11112 processor.cc:158] Processor: start processing batch f0a91fff-70d7-4063-8477-111c5756c36c into model nwt
I0422 18:26:07.282995  7816 processor.cc:293] Processor: complete processing batch fa3a60b3-1809-458b-b6ad-8ae43c3cc80e into model nwt
I0422 18:26:07.285495  7816 cuckoo_watch.h:45] 265ms in ProcessBatch(batches\aaaaaa.batch) [including 18ms in LoadMessage; 0ms in InitializeTheta; 0ms in CreateRegularizerAgents; 15ms in InitializeSparseNdw; 111ms in InferThetaAndUpdateNwtSparse; 117ms in CalculateScore(^^^ItemsProcessedScore^^^); ]
I0422 18:26:07.321485  7816 processor.cc:74] No data in processing queue, waiting...
I0422 18:26:07.526932 11112 processor.cc:293] Processor: complete processing batch f0a91fff-70d7-4063-8477-111c5756c36c into model nwt
I0422 18:26:07.531431 11112 cuckoo_watch.h:45] 511ms in ProcessBatch(batches\aaaaab.batch) [including 36ms in LoadMessage; 0ms in InitializeTheta; 0ms in CreateRegularizerAgents; 35ms in InitializeSparseNdw; 223ms in InferThetaAndUpdateNwtSparse; 211ms in CalculateScore(^^^ItemsProcessedScore^^^); ]
I0422 18:26:07.532930  8080 master_component.cc:1496] RegularizeModelArgs: rwt_target_name=rwt, pwt_source_name=pwt, nwt_source_name=nwt
I0422 18:26:07.532930  8080 master_component.cc:1013] MasterComponent: start regularizing model pwt
I0422 18:26:07.565423 11112 processor.cc:74] No data in processing queue, waiting...
I0422 18:26:07.600414  8080 master_component.cc:1041] MasterComponent: complete regularizing model pwt
I0422 18:26:07.600414  8080 master_component.cc:1509] NormalizeModelArgs: pwt_target_name=pwt, nwt_source_name=nwt, rwt_source_name=rwt
I0422 18:26:07.600414  8080 master_component.cc:1045] MasterComponent: start normalizing model nwt
I0422 18:26:07.634404  8080 master_component.cc:1084] MasterComponent: complete normalizing model nwt
I0422 18:26:07.754873  8080 master_component.cc:1533] DisposeModel rwt
I0422 18:26:07.762869  8080 master_component.cc:1112] FitOffline: ItemsProcessed, num_items=1728, num_batches=2, token_weight=808522, token_weight_in_effect=808522
I0422 18:26:07.763370  8080 c_interface.cc:389] Pass FitOfflineMasterModelArgs, batch_filename_size=2, batch_weight_size=2, num_collection_passes=1, reset_nwt=yes to void (__cdecl artm::core::MasterComponent::*)(class artm::FitOfflineMasterModelArgs const & __ptr64) __ptr64
I0422 18:26:07.763370  8080 master_component.cc:1458] ProcessBatchesArgs: nwt_target_name=nwt, batch_filename_size=2, batch_size=0, batch_weight_size=2, pwt_source_name=pwt, num_document_passes=1, regularizer=(name:smooth, tau:100000), reuse_theta=no, opt_for_avx=yes, predict_class_id=, reset_nwt=yes
I0422 18:26:07.779366 11112 processor.cc:81] Processing queue has data, processing started
I0422 18:26:07.781365  7816 processor.cc:81] Processing queue has data, processing started
I0422 18:26:07.798360 11112 processor.cc:158] Processor: start processing batch fa3a60b3-1809-458b-b6ad-8ae43c3cc80e into model nwt
I0422 18:26:07.818855  7816 processor.cc:158] Processor: start processing batch f0a91fff-70d7-4063-8477-111c5756c36c into model nwt
I0422 18:26:08.042796 11112 processor.cc:293] Processor: complete processing batch fa3a60b3-1809-458b-b6ad-8ae43c3cc80e into model nwt
I0422 18:26:08.044796 11112 cuckoo_watch.h:45] 265ms in ProcessBatch(batches\aaaaaa.batch) [including 19ms in LoadMessage; 0ms in InitializeTheta; 0ms in CreateRegularizerAgents; 16ms in InitializeSparseNdw; 110ms in InferThetaAndUpdateNwtSparse; 116ms in CalculateScore(^^^ItemsProcessedScore^^^); ]
I0422 18:26:08.083286 11112 processor.cc:74] No data in processing queue, waiting...
I0422 18:26:08.290231  7816 processor.cc:293] Processor: complete processing batch f0a91fff-70d7-4063-8477-111c5756c36c into model nwt
I0422 18:26:08.294230  7816 cuckoo_watch.h:45] 513ms in ProcessBatch(batches\aaaaab.batch) [including 37ms in LoadMessage; 0ms in InitializeTheta; 0ms in CreateRegularizerAgents; 36ms in InitializeSparseNdw; 219ms in InferThetaAndUpdateNwtSparse; 214ms in CalculateScore(^^^ItemsProcessedScore^^^); ]
I0422 18:26:08.294734  8080 master_component.cc:1496] RegularizeModelArgs: rwt_target_name=rwt, pwt_source_name=pwt, nwt_source_name=nwt
I0422 18:26:08.294734  8080 master_component.cc:1013] MasterComponent: start regularizing model pwt
I0422 18:26:08.331221  7816 processor.cc:74] No data in processing queue, waiting...
I0422 18:26:08.360713  8080 master_component.cc:1041] MasterComponent: complete regularizing model pwt
I0422 18:26:08.360713  8080 master_component.cc:1509] NormalizeModelArgs: pwt_target_name=pwt, nwt_source_name=nwt, rwt_source_name=rwt
I0422 18:26:08.360713  8080 master_component.cc:1045] MasterComponent: start normalizing model nwt
I0422 18:26:08.394704  8080 master_component.cc:1084] MasterComponent: complete normalizing model nwt
I0422 18:26:08.509174  8080 master_component.cc:1533] DisposeModel rwt
I0422 18:26:08.516672  8080 master_component.cc:1112] FitOffline: ItemsProcessed, num_items=1728, num_batches=2, token_weight=808522, token_weight_in_effect=808522
I0422 18:26:08.516672  8080 c_interface.cc:389] Pass FitOfflineMasterModelArgs, batch_filename_size=2, batch_weight_size=2, num_collection_passes=1, reset_nwt=yes to void (__cdecl artm::core::MasterComponent::*)(class artm::FitOfflineMasterModelArgs const & __ptr64) __ptr64
I0422 18:26:08.516672  8080 master_component.cc:1458] ProcessBatchesArgs: nwt_target_name=nwt, batch_filename_size=2, batch_size=0, batch_weight_size=2, pwt_source_name=pwt, num_document_passes=1, regularizer=(name:smooth, tau:100000), reuse_theta=no, opt_for_avx=yes, predict_class_id=, reset_nwt=yes
I0422 18:26:08.533169  3428 processor.cc:81] Processing queue has data, processing started
I0422 18:26:08.533169 11112 processor.cc:81] Processing queue has data, processing started
I0422 18:26:08.551663 11112 processor.cc:158] Processor: start processing batch fa3a60b3-1809-458b-b6ad-8ae43c3cc80e into model nwt
I0422 18:26:08.569658  3428 processor.cc:158] Processor: start processing batch f0a91fff-70d7-4063-8477-111c5756c36c into model nwt
I0422 18:26:08.791599 11112 processor.cc:293] Processor: complete processing batch fa3a60b3-1809-458b-b6ad-8ae43c3cc80e into model nwt
I0422 18:26:08.794098 11112 cuckoo_watch.h:45] 261ms in ProcessBatch(batches\aaaaaa.batch) [including 18ms in LoadMessage; 0ms in InitializeTheta; 0ms in CreateRegularizerAgents; 15ms in InitializeSparseNdw; 107ms in InferThetaAndUpdateNwtSparse; 116ms in CalculateScore(^^^ItemsProcessedScore^^^); ]
I0422 18:26:08.831089 11112 processor.cc:74] No data in processing queue, waiting...
I0422 18:26:09.036038  3428 processor.cc:293] Processor: complete processing batch f0a91fff-70d7-4063-8477-111c5756c36c into model nwt
I0422 18:26:09.040536  3428 cuckoo_watch.h:45] 507ms in ProcessBatch(batches\aaaaab.batch) [including 36ms in LoadMessage; 0ms in InitializeTheta; 0ms in CreateRegularizerAgents; 35ms in InitializeSparseNdw; 218ms in InferThetaAndUpdateNwtSparse; 211ms in CalculateScore(^^^ItemsProcessedScore^^^); ]
I0422 18:26:09.041035  8080 master_component.cc:1496] RegularizeModelArgs: rwt_target_name=rwt, pwt_source_name=pwt, nwt_source_name=nwt
I0422 18:26:09.041035  8080 master_component.cc:1013] MasterComponent: start regularizing model pwt
I0422 18:26:09.075026  3428 processor.cc:74] No data in processing queue, waiting...
I0422 18:26:09.110018  8080 master_component.cc:1041] MasterComponent: complete regularizing model pwt
I0422 18:26:09.110018  8080 master_component.cc:1509] NormalizeModelArgs: pwt_target_name=pwt, nwt_source_name=nwt, rwt_source_name=rwt
I0422 18:26:09.110018  8080 master_component.cc:1045] MasterComponent: start normalizing model nwt
I0422 18:26:09.147509  8080 master_component.cc:1084] MasterComponent: complete normalizing model nwt
I0422 18:26:09.264477  8080 master_component.cc:1533] DisposeModel rwt
I0422 18:26:09.271975  8080 master_component.cc:1112] FitOffline: ItemsProcessed, num_items=1728, num_batches=2, token_weight=808522, token_weight_in_effect=808522
I0422 18:26:09.272475  8080 c_interface.cc:389] Pass FitOfflineMasterModelArgs, batch_filename_size=2, batch_weight_size=2, num_collection_passes=1, reset_nwt=yes to void (__cdecl artm::core::MasterComponent::*)(class artm::FitOfflineMasterModelArgs const & __ptr64) __ptr64
I0422 18:26:09.272475  8080 master_component.cc:1458] ProcessBatchesArgs: nwt_target_name=nwt, batch_filename_size=2, batch_size=0, batch_weight_size=2, pwt_source_name=pwt, num_document_passes=1, regularizer=(name:smooth, tau:100000), reuse_theta=no, opt_for_avx=yes, predict_class_id=, reset_nwt=yes
I0422 18:26:09.288975 11112 processor.cc:81] Processing queue has data, processing started
I0422 18:26:09.288975 11292 processor.cc:81] Processing queue has data, processing started
I0422 18:26:09.307466 11112 processor.cc:158] Processor: start processing batch fa3a60b3-1809-458b-b6ad-8ae43c3cc80e into model nwt
I0422 18:26:09.324961 11292 processor.cc:158] Processor: start processing batch f0a91fff-70d7-4063-8477-111c5756c36c into model nwt
I0422 18:26:09.540405 11112 processor.cc:293] Processor: complete processing batch fa3a60b3-1809-458b-b6ad-8ae43c3cc80e into model nwt
I0422 18:26:09.542903 11112 cuckoo_watch.h:45] 254ms in ProcessBatch(batches\aaaaaa.batch) [including 18ms in LoadMessage; 0ms in InitializeTheta; 0ms in CreateRegularizerAgents; 15ms in InitializeSparseNdw; 104ms in InferThetaAndUpdateNwtSparse; 113ms in CalculateScore(^^^ItemsProcessedScore^^^); ]
I0422 18:26:09.572896 11112 processor.cc:74] No data in processing queue, waiting...
I0422 18:26:09.792840 11292 processor.cc:293] Processor: complete processing batch f0a91fff-70d7-4063-8477-111c5756c36c into model nwt
I0422 18:26:09.796838 11292 cuckoo_watch.h:45] 508ms in ProcessBatch(batches\aaaaab.batch) [including 36ms in LoadMessage; 0ms in InitializeTheta; 0ms in CreateRegularizerAgents; 35ms in InitializeSparseNdw; 220ms in InferThetaAndUpdateNwtSparse; 211ms in CalculateScore(^^^ItemsProcessedScore^^^); ]
I0422 18:26:09.798836  8080 master_component.cc:1496] RegularizeModelArgs: rwt_target_name=rwt, pwt_source_name=pwt, nwt_source_name=nwt
I0422 18:26:09.798836  8080 master_component.cc:1013] MasterComponent: start regularizing model pwt
I0422 18:26:09.830827 11292 processor.cc:74] No data in processing queue, waiting...
I0422 18:26:09.865820  8080 master_component.cc:1041] MasterComponent: complete regularizing model pwt
I0422 18:26:09.865820  8080 master_component.cc:1509] NormalizeModelArgs: pwt_target_name=pwt, nwt_source_name=nwt, rwt_source_name=rwt
I0422 18:26:09.865820  8080 master_component.cc:1045] MasterComponent: start normalizing model nwt
I0422 18:26:09.902308  8080 master_component.cc:1084] MasterComponent: complete normalizing model nwt
I0422 18:26:10.019779  8080 master_component.cc:1533] DisposeModel rwt
I0422 18:26:10.027774  8080 master_component.cc:1112] FitOffline: ItemsProcessed, num_items=1728, num_batches=2, token_weight=808522, token_weight_in_effect=808522
I0422 18:26:10.027774  8080 c_interface.cc:389] Pass FitOfflineMasterModelArgs, batch_filename_size=2, batch_weight_size=2, num_collection_passes=1, reset_nwt=yes to void (__cdecl artm::core::MasterComponent::*)(class artm::FitOfflineMasterModelArgs const & __ptr64) __ptr64
I0422 18:26:10.027774  8080 master_component.cc:1458] ProcessBatchesArgs: nwt_target_name=nwt, batch_filename_size=2, batch_size=0, batch_weight_size=2, pwt_source_name=pwt, num_document_passes=1, regularizer=(name:smooth, tau:100000), reuse_theta=no, opt_for_avx=yes, predict_class_id=, reset_nwt=yes
I0422 18:26:10.044771 11112 processor.cc:81] Processing queue has data, processing started
I0422 18:26:10.044771  7816 processor.cc:81] Processing queue has data, processing started
I0422 18:26:10.063266  7816 processor.cc:158] Processor: start processing batch fa3a60b3-1809-458b-b6ad-8ae43c3cc80e into model nwt
I0422 18:26:10.080762 11112 processor.cc:158] Processor: start processing batch f0a91fff-70d7-4063-8477-111c5756c36c into model nwt
I0422 18:26:10.300204  7816 processor.cc:293] Processor: complete processing batch fa3a60b3-1809-458b-b6ad-8ae43c3cc80e into model nwt
I0422 18:26:10.302704  7816 cuckoo_watch.h:45] 258ms in ProcessBatch(batches\aaaaaa.batch) [including 18ms in LoadMessage; 0ms in InitializeTheta; 0ms in CreateRegularizerAgents; 15ms in InitializeSparseNdw; 106ms in InferThetaAndUpdateNwtSparse; 114ms in CalculateScore(^^^ItemsProcessedScore^^^); ]
I0422 18:26:10.336695  7816 processor.cc:74] No data in processing queue, waiting...
I0422 18:26:10.542639 11112 processor.cc:293] Processor: complete processing batch f0a91fff-70d7-4063-8477-111c5756c36c into model nwt
I0422 18:26:10.546640 11112 cuckoo_watch.h:45] 502ms in ProcessBatch(batches\aaaaab.batch) [including 36ms in LoadMessage; 0ms in InitializeTheta; 0ms in CreateRegularizerAgents; 34ms in InitializeSparseNdw; 216ms in InferThetaAndUpdateNwtSparse; 210ms in CalculateScore(^^^ItemsProcessedScore^^^); ]
I0422 18:26:10.548640  8080 master_component.cc:1496] RegularizeModelArgs: rwt_target_name=rwt, pwt_source_name=pwt, nwt_source_name=nwt
I0422 18:26:10.548640  8080 master_component.cc:1013] MasterComponent: start regularizing model pwt
I0422 18:26:10.578631 11112 processor.cc:74] No data in processing queue, waiting...
I0422 18:26:10.616122  8080 master_component.cc:1041] MasterComponent: complete regularizing model pwt
I0422 18:26:10.616122  8080 master_component.cc:1509] NormalizeModelArgs: pwt_target_name=pwt, nwt_source_name=nwt, rwt_source_name=rwt
I0422 18:26:10.616122  8080 master_component.cc:1045] MasterComponent: start normalizing model nwt
I0422 18:26:10.653112  8080 master_component.cc:1084] MasterComponent: complete normalizing model nwt
I0422 18:26:10.771081  8080 master_component.cc:1533] DisposeModel rwt
I0422 18:26:10.779079  8080 master_component.cc:1112] FitOffline: ItemsProcessed, num_items=1728, num_batches=2, token_weight=808522, token_weight_in_effect=808522
I0422 18:26:36.995259  8080 c_interface.cc:231] ArtmCopyRequestedMessage is copying 702644 bytes...
I0422 18:26:37.034747  8080 c_interface.cc:231] ArtmCopyRequestedMessage is copying 1200621 bytes...
I0422 18:26:47.879400  8080 c_interface.cc:389] Pass MasterModelConfig: topic_name_size=30, score_config_size=3, num_processors=0, pwt_name=pwt, nwt_name=nwt, num_document_passes=1, regularizer=(smooth:100000), regularizer=(sparse:-100000), reuse_theta=no, cache_theta=no, opt_for_avx=yes, disk_cache_path= to void (__cdecl artm::core::MasterComponent::*)(class artm::MasterModelConfig const & __ptr64) __ptr64
I0422 18:26:47.879400  8080 instance.cc:401] MasterModelConfig.processors_count is automatically set to 4
I0422 18:26:47.879400  8080 instance.cc:232] Regularizer 'smooth' was cold-reconfigured
I0422 18:26:47.879400  8080 instance.cc:232] Regularizer 'sparse' was cold-reconfigured
I0422 18:28:15.161633  8080 c_interface.cc:231] ArtmCopyRequestedMessage is copying 1048 bytes...
I0422 18:29:46.590013  8080 c_interface.cc:389] Pass FitOfflineMasterModelArgs, batch_filename_size=2, batch_weight_size=2, num_collection_passes=1, reset_nwt=yes to void (__cdecl artm::core::MasterComponent::*)(class artm::FitOfflineMasterModelArgs const & __ptr64) __ptr64
I0422 18:29:46.590013  8080 master_component.cc:1458] ProcessBatchesArgs: nwt_target_name=nwt, batch_filename_size=2, batch_size=0, batch_weight_size=2, pwt_source_name=pwt, num_document_passes=1, regularizer=(name:smooth, tau:100000), regularizer=(name:sparse, tau:-100000), reuse_theta=no, opt_for_avx=yes, predict_class_id=, reset_nwt=yes
I0422 18:29:46.607509 11112 processor.cc:81] Processing queue has data, processing started
I0422 18:29:46.609509 11292 processor.cc:81] Processing queue has data, processing started
I0422 18:29:46.627002 11112 processor.cc:158] Processor: start processing batch fa3a60b3-1809-458b-b6ad-8ae43c3cc80e into model nwt
I0422 18:29:46.648499 11292 processor.cc:158] Processor: start processing batch f0a91fff-70d7-4063-8477-111c5756c36c into model nwt
I0422 18:29:46.864439 11112 processor.cc:293] Processor: complete processing batch fa3a60b3-1809-458b-b6ad-8ae43c3cc80e into model nwt
