I0422 18:45:19.278199  4176 processor.cc:158] Processor: start processing batch 5579a9d0-d4b7-451f-8cd0-c119624c2230 into model nwt
I0422 18:45:19.292697  4408 processor.cc:158] Processor: start processing batch b5482388-46c6-4ae6-afa0-16d0172da7a5 into model nwt
I0422 18:45:19.493160  4176 processor.cc:293] Processor: complete processing batch 5579a9d0-d4b7-451f-8cd0-c119624c2230 into model nwt
I0422 18:45:19.495661  4176 cuckoo_watch.h:45] 236ms in ProcessBatch(batches\aaaaaa.batch) [including 19ms in LoadMessage; 0ms in InitializeTheta; 0ms in CreateRegularizerAgents; 14ms in InitializeSparseNdw; 88ms in InferThetaAndUpdateNwtSparse; 111ms in CalculateScore(^^^ItemsProcessedScore^^^); ]
I0422 18:45:19.530652  4176 processor.cc:74] No data in processing queue, waiting...
I0422 18:45:19.719117  4408 processor.cc:293] Processor: complete processing batch b5482388-46c6-4ae6-afa0-16d0172da7a5 into model nwt
I0422 18:45:19.722616  4408 cuckoo_watch.h:45] 463ms in ProcessBatch(batches\aaaaab.batch) [including 33ms in LoadMessage; 0ms in InitializeTheta; 0ms in CreateRegularizerAgents; 34ms in InitializeSparseNdw; 179ms in InferThetaAndUpdateNwtSparse; 212ms in CalculateScore(^^^ItemsProcessedScore^^^); ]
I0422 18:45:19.723116  7616 master_component.cc:1496] RegularizeModelArgs: rwt_target_name=rwt, pwt_source_name=pwt, nwt_source_name=nwt
I0422 18:45:19.723116  7616 master_component.cc:1013] MasterComponent: start regularizing model pwt
I0422 18:45:19.753110  4408 processor.cc:74] No data in processing queue, waiting...
I0422 18:45:19.815598  7616 master_component.cc:1041] MasterComponent: complete regularizing model pwt
I0422 18:45:19.815598  7616 master_component.cc:1509] NormalizeModelArgs: pwt_target_name=pwt, nwt_source_name=nwt, rwt_source_name=rwt
I0422 18:45:19.815598  7616 master_component.cc:1045] MasterComponent: start normalizing model nwt
I0422 18:45:19.864090  7616 master_component.cc:1084] MasterComponent: complete normalizing model nwt
I0422 18:45:19.943078  7616 master_component.cc:1533] DisposeModel rwt
I0422 18:45:19.951074  7616 master_component.cc:1112] FitOffline: ItemsProcessed, num_items=1728, num_batches=2, token_weight=808522, token_weight_in_effect=808522
I0422 18:45:19.951575  7616 c_interface.cc:389] Pass FitOfflineMasterModelArgs, batch_filename_size=2, batch_weight_size=2, num_collection_passes=1, reset_nwt=yes to void (__cdecl artm::core::MasterComponent::*)(class artm::FitOfflineMasterModelArgs const & __ptr64) __ptr64
I0422 18:45:19.951575  7616 master_component.cc:1458] ProcessBatchesArgs: nwt_target_name=nwt, batch_filename_size=2, batch_size=0, batch_weight_size=2, pwt_source_name=pwt, num_document_passes=1, regularizer=(name:smooth, tau:100000), regularizer=(name:sparse, tau:-100000), reuse_theta=no, opt_for_avx=yes, predict_class_id=, reset_nwt=yes
I0422 18:45:19.973069  1108 processor.cc:81] Processing queue has data, processing started
I0422 18:45:19.973069  4408 processor.cc:81] Processing queue has data, processing started
I0422 18:45:19.991068  1108 processor.cc:158] Processor: start processing batch 5579a9d0-d4b7-451f-8cd0-c119624c2230 into model nwt
I0422 18:45:20.007062  4408 processor.cc:158] Processor: start processing batch b5482388-46c6-4ae6-afa0-16d0172da7a5 into model nwt
I0422 18:45:20.206526  1108 processor.cc:293] Processor: complete processing batch 5579a9d0-d4b7-451f-8cd0-c119624c2230 into model nwt
I0422 18:45:20.209024  1108 cuckoo_watch.h:45] 236ms in ProcessBatch(batches\aaaaaa.batch) [including 18ms in LoadMessage; 0ms in InitializeTheta; 0ms in CreateRegularizerAgents; 14ms in InitializeSparseNdw; 89ms in InferThetaAndUpdateNwtSparse; 111ms in CalculateScore(^^^ItemsProcessedScore^^^); ]
I0422 18:45:20.241019  1108 processor.cc:74] No data in processing queue, waiting...
I0422 18:45:20.435484  4408 processor.cc:293] Processor: complete processing batch b5482388-46c6-4ae6-afa0-16d0172da7a5 into model nwt
I0422 18:45:20.438982  4408 cuckoo_watch.h:45] 466ms in ProcessBatch(batches\aaaaab.batch) [including 34ms in LoadMessage; 0ms in InitializeTheta; 0ms in CreateRegularizerAgents; 33ms in InitializeSparseNdw; 180ms in InferThetaAndUpdateNwtSparse; 213ms in CalculateScore(^^^ItemsProcessedScore^^^); ]
I0422 18:45:20.440981  7616 master_component.cc:1496] RegularizeModelArgs: rwt_target_name=rwt, pwt_source_name=pwt, nwt_source_name=nwt
I0422 18:45:20.440981  7616 master_component.cc:1013] MasterComponent: start regularizing model pwt
I0422 18:45:20.476974  4408 processor.cc:74] No data in processing queue, waiting...
I0422 18:45:20.532964  7616 master_component.cc:1041] MasterComponent: complete regularizing model pwt
I0422 18:45:20.532964  7616 master_component.cc:1509] NormalizeModelArgs: pwt_target_name=pwt, nwt_source_name=nwt, rwt_source_name=rwt
I0422 18:45:20.532964  7616 master_component.cc:1045] MasterComponent: start normalizing model nwt
I0422 18:45:20.581456  7616 master_component.cc:1084] MasterComponent: complete normalizing model nwt
I0422 18:45:20.659440  7616 master_component.cc:1533] DisposeModel rwt
I0422 18:45:20.667939  7616 master_component.cc:1112] FitOffline: ItemsProcessed, num_items=1728, num_batches=2, token_weight=808522, token_weight_in_effect=808522
I0422 18:45:20.668439  7616 c_interface.cc:389] Pass FitOfflineMasterModelArgs, batch_filename_size=2, batch_weight_size=2, num_collection_passes=1, reset_nwt=yes to void (__cdecl artm::core::MasterComponent::*)(class artm::FitOfflineMasterModelArgs const & __ptr64) __ptr64
I0422 18:45:20.668439  7616 master_component.cc:1458] ProcessBatchesArgs: nwt_target_name=nwt, batch_filename_size=2, batch_size=0, batch_weight_size=2, pwt_source_name=pwt, num_document_passes=1, regularizer=(name:smooth, tau:100000), regularizer=(name:sparse, tau:-100000), reuse_theta=no, opt_for_avx=yes, predict_class_id=, reset_nwt=yes
I0422 18:45:20.688935  4176 processor.cc:81] Processing queue has data, processing started
I0422 18:45:20.688935  2872 processor.cc:81] Processing queue has data, processing started
I0422 18:45:20.707432  2872 processor.cc:158] Processor: start processing batch 5579a9d0-d4b7-451f-8cd0-c119624c2230 into model nwt
I0422 18:45:20.722427  4176 processor.cc:158] Processor: start processing batch b5482388-46c6-4ae6-afa0-16d0172da7a5 into model nwt
I0422 18:45:20.922392  2872 processor.cc:293] Processor: complete processing batch 5579a9d0-d4b7-451f-8cd0-c119624c2230 into model nwt
I0422 18:45:20.924891  2872 cuckoo_watch.h:45] 235ms in ProcessBatch(batches\aaaaaa.batch) [including 18ms in LoadMessage; 0ms in InitializeTheta; 0ms in CreateRegularizerAgents; 14ms in InitializeSparseNdw; 89ms in InferThetaAndUpdateNwtSparse; 109ms in CalculateScore(^^^ItemsProcessedScore^^^); ]
I0422 18:45:20.962883  2872 processor.cc:74] No data in processing queue, waiting...
I0422 18:45:21.154346  4176 processor.cc:293] Processor: complete processing batch b5482388-46c6-4ae6-afa0-16d0172da7a5 into model nwt
I0422 18:45:21.157847  4176 cuckoo_watch.h:45] 468ms in ProcessBatch(batches\aaaaab.batch) [including 33ms in LoadMessage; 0ms in InitializeTheta; 0ms in CreateRegularizerAgents; 35ms in InitializeSparseNdw; 180ms in InferThetaAndUpdateNwtSparse; 215ms in CalculateScore(^^^ItemsProcessedScore^^^); ]
I0422 18:45:21.158848  7616 master_component.cc:1496] RegularizeModelArgs: rwt_target_name=rwt, pwt_source_name=pwt, nwt_source_name=nwt
I0422 18:45:21.158848  7616 master_component.cc:1013] MasterComponent: start regularizing model pwt
I0422 18:45:21.192840  4176 processor.cc:74] No data in processing queue, waiting...
I0422 18:45:21.250829  7616 master_component.cc:1041] MasterComponent: complete regularizing model pwt
I0422 18:45:21.250829  7616 master_component.cc:1509] NormalizeModelArgs: pwt_target_name=pwt, nwt_source_name=nwt, rwt_source_name=rwt
I0422 18:45:21.250829  7616 master_component.cc:1045] MasterComponent: start normalizing model nwt
I0422 18:45:21.298820  7616 master_component.cc:1084] MasterComponent: complete normalizing model nwt
I0422 18:45:21.377805  7616 master_component.cc:1533] DisposeModel rwt
I0422 18:45:21.386302  7616 master_component.cc:1112] FitOffline: ItemsProcessed, num_items=1728, num_batches=2, token_weight=808522, token_weight_in_effect=808522
I0422 18:45:21.386302  7616 c_interface.cc:389] Pass FitOfflineMasterModelArgs, batch_filename_size=2, batch_weight_size=2, num_collection_passes=1, reset_nwt=yes to void (__cdecl artm::core::MasterComponent::*)(class artm::FitOfflineMasterModelArgs const & __ptr64) __ptr64
I0422 18:45:21.386302  7616 master_component.cc:1458] ProcessBatchesArgs: nwt_target_name=nwt, batch_filename_size=2, batch_size=0, batch_weight_size=2, pwt_source_name=pwt, num_document_passes=1, regularizer=(name:smooth, tau:100000), regularizer=(name:sparse, tau:-100000), reuse_theta=no, opt_for_avx=yes, predict_class_id=, reset_nwt=yes
I0422 18:45:21.406800  4176 processor.cc:81] Processing queue has data, processing started
I0422 18:45:21.406800  4408 processor.cc:81] Processing queue has data, processing started
I0422 18:45:21.425298  4176 processor.cc:158] Processor: start processing batch 5579a9d0-d4b7-451f-8cd0-c119624c2230 into model nwt
I0422 18:45:21.440294  4408 processor.cc:158] Processor: start processing batch b5482388-46c6-4ae6-afa0-16d0172da7a5 into model nwt
I0422 18:45:21.639258  4176 processor.cc:293] Processor: complete processing batch 5579a9d0-d4b7-451f-8cd0-c119624c2230 into model nwt
I0422 18:45:21.641757  4176 cuckoo_watch.h:45] 234ms in ProcessBatch(batches\aaaaaa.batch) [including 18ms in LoadMessage; 0ms in InitializeTheta; 0ms in CreateRegularizerAgents; 14ms in InitializeSparseNdw; 89ms in InferThetaAndUpdateNwtSparse; 109ms in CalculateScore(^^^ItemsProcessedScore^^^); ]
I0422 18:45:21.676750  4176 processor.cc:74] No data in processing queue, waiting...
I0422 18:45:21.870714  4408 processor.cc:293] Processor: complete processing batch b5482388-46c6-4ae6-afa0-16d0172da7a5 into model nwt
I0422 18:45:21.874713  4408 cuckoo_watch.h:45] 467ms in ProcessBatch(batches\aaaaab.batch) [including 33ms in LoadMessage; 0ms in InitializeTheta; 0ms in CreateRegularizerAgents; 35ms in InitializeSparseNdw; 181ms in InferThetaAndUpdateNwtSparse; 213ms in CalculateScore(^^^ItemsProcessedScore^^^); ]
I0422 18:45:21.876713  7616 master_component.cc:1496] RegularizeModelArgs: rwt_target_name=rwt, pwt_source_name=pwt, nwt_source_name=nwt
I0422 18:45:21.876713  7616 master_component.cc:1013] MasterComponent: start regularizing model pwt
I0422 18:45:21.912704  4408 processor.cc:74] No data in processing queue, waiting...
I0422 18:45:21.970194  7616 master_component.cc:1041] MasterComponent: complete regularizing model pwt
I0422 18:45:21.970194  7616 master_component.cc:1509] NormalizeModelArgs: pwt_target_name=pwt, nwt_source_name=nwt, rwt_source_name=rwt
I0422 18:45:21.970194  7616 master_component.cc:1045] MasterComponent: start normalizing model nwt
I0422 18:45:22.018685  7616 master_component.cc:1084] MasterComponent: complete normalizing model nwt
I0422 18:45:22.097669  7616 master_component.cc:1533] DisposeModel rwt
I0422 18:45:22.106667  7616 master_component.cc:1112] FitOffline: ItemsProcessed, num_items=1728, num_batches=2, token_weight=808522, token_weight_in_effect=808522
I0422 18:45:22.106667  7616 c_interface.cc:389] Pass FitOfflineMasterModelArgs, batch_filename_size=2, batch_weight_size=2, num_collection_passes=1, reset_nwt=yes to void (__cdecl artm::core::MasterComponent::*)(class artm::FitOfflineMasterModelArgs const & __ptr64) __ptr64
I0422 18:45:22.106667  7616 master_component.cc:1458] ProcessBatchesArgs: nwt_target_name=nwt, batch_filename_size=2, batch_size=0, batch_weight_size=2, pwt_source_name=pwt, num_document_passes=1, regularizer=(name:smooth, tau:100000), regularizer=(name:sparse, tau:-100000), reuse_theta=no, opt_for_avx=yes, predict_class_id=, reset_nwt=yes
I0422 18:45:22.126665  2872 processor.cc:81] Processing queue has data, processing started
I0422 18:45:22.128163  4408 processor.cc:81] Processing queue has data, processing started
I0422 18:45:22.145660  2872 processor.cc:158] Processor: start processing batch 5579a9d0-d4b7-451f-8cd0-c119624c2230 into model nwt
I0422 18:45:22.161159  4408 processor.cc:158] Processor: start processing batch b5482388-46c6-4ae6-afa0-16d0172da7a5 into model nwt
I0422 18:45:22.358120  2872 processor.cc:293] Processor: complete processing batch 5579a9d0-d4b7-451f-8cd0-c119624c2230 into model nwt
I0422 18:45:22.360621  2872 cuckoo_watch.h:45] 233ms in ProcessBatch(batches\aaaaaa.batch) [including 19ms in LoadMessage; 0ms in InitializeTheta; 0ms in CreateRegularizerAgents; 14ms in InitializeSparseNdw; 88ms in InferThetaAndUpdateNwtSparse; 108ms in CalculateScore(^^^ItemsProcessedScore^^^); ]
I0422 18:45:22.396615  2872 processor.cc:74] No data in processing queue, waiting...
I0422 18:45:22.582581  4408 processor.cc:293] Processor: complete processing batch b5482388-46c6-4ae6-afa0-16d0172da7a5 into model nwt
I0422 18:45:22.586078  4408 cuckoo_watch.h:45] 458ms in ProcessBatch(batches\aaaaab.batch) [including 33ms in LoadMessage; 0ms in InitializeTheta; 0ms in CreateRegularizerAgents; 35ms in InitializeSparseNdw; 178ms in InferThetaAndUpdateNwtSparse; 206ms in CalculateScore(^^^ItemsProcessedScore^^^); ]
I0422 18:45:22.588078  7616 master_component.cc:1496] RegularizeModelArgs: rwt_target_name=rwt, pwt_source_name=pwt, nwt_source_name=nwt
I0422 18:45:22.588078  7616 master_component.cc:1013] MasterComponent: start regularizing model pwt
I0422 18:45:22.624572  4408 processor.cc:74] No data in processing queue, waiting...
I0422 18:45:22.680061  7616 master_component.cc:1041] MasterComponent: complete regularizing model pwt
I0422 18:45:22.680061  7616 master_component.cc:1509] NormalizeModelArgs: pwt_target_name=pwt, nwt_source_name=nwt, rwt_source_name=rwt
I0422 18:45:22.680061  7616 master_component.cc:1045] MasterComponent: start normalizing model nwt
I0422 18:45:22.729053  7616 master_component.cc:1084] MasterComponent: complete normalizing model nwt
I0422 18:45:22.808537  7616 master_component.cc:1533] DisposeModel rwt
I0422 18:45:22.817034  7616 master_component.cc:1112] FitOffline: ItemsProcessed, num_items=1728, num_batches=2, token_weight=808522, token_weight_in_effect=808522
I0422 18:45:22.817034  7616 c_interface.cc:389] Pass FitOfflineMasterModelArgs, batch_filename_size=2, batch_weight_size=2, num_collection_passes=1, reset_nwt=yes to void (__cdecl artm::core::MasterComponent::*)(class artm::FitOfflineMasterModelArgs const & __ptr64) __ptr64
I0422 18:45:22.817034  7616 master_component.cc:1458] ProcessBatchesArgs: nwt_target_name=nwt, batch_filename_size=2, batch_size=0, batch_weight_size=2, pwt_source_name=pwt, num_document_passes=1, regularizer=(name:smooth, tau:100000), regularizer=(name:sparse, tau:-100000), reuse_theta=no, opt_for_avx=yes, predict_class_id=, reset_nwt=yes
I0422 18:45:22.838531  4176 processor.cc:81] Processing queue has data, processing started
I0422 18:45:22.838531  1108 processor.cc:81] Processing queue has data, processing started
I0422 18:45:22.857028  4176 processor.cc:158] Processor: start processing batch 5579a9d0-d4b7-451f-8cd0-c119624c2230 into model nwt
I0422 18:45:22.872025  1108 processor.cc:158] Processor: start processing batch b5482388-46c6-4ae6-afa0-16d0172da7a5 into model nwt
I0422 18:45:23.072489  4176 processor.cc:293] Processor: complete processing batch 5579a9d0-d4b7-451f-8cd0-c119624c2230 into model nwt
I0422 18:45:23.074987  4176 cuckoo_watch.h:45] 236ms in ProcessBatch(batches\aaaaaa.batch) [including 18ms in LoadMessage; 0ms in InitializeTheta; 0ms in CreateRegularizerAgents; 14ms in InitializeSparseNdw; 89ms in InferThetaAndUpdateNwtSparse; 111ms in CalculateScore(^^^ItemsProcessedScore^^^); ]
I0422 18:45:23.112479  4176 processor.cc:74] No data in processing queue, waiting...
I0422 18:45:23.300446  1108 processor.cc:293] Processor: complete processing batch b5482388-46c6-4ae6-afa0-16d0172da7a5 into model nwt
I0422 18:45:23.303944  1108 cuckoo_watch.h:45] 465ms in ProcessBatch(batches\aaaaab.batch) [including 33ms in LoadMessage; 0ms in InitializeTheta; 0ms in CreateRegularizerAgents; 34ms in InitializeSparseNdw; 180ms in InferThetaAndUpdateNwtSparse; 213ms in CalculateScore(^^^ItemsProcessedScore^^^); ]
I0422 18:45:23.304443  7616 master_component.cc:1496] RegularizeModelArgs: rwt_target_name=rwt, pwt_source_name=pwt, nwt_source_name=nwt
I0422 18:45:23.304443  7616 master_component.cc:1013] MasterComponent: start regularizing model pwt
I0422 18:45:23.341936  1108 processor.cc:74] No data in processing queue, waiting...
I0422 18:45:23.397426  7616 master_component.cc:1041] MasterComponent: complete regularizing model pwt
I0422 18:45:23.397426  7616 master_component.cc:1509] NormalizeModelArgs: pwt_target_name=pwt, nwt_source_name=nwt, rwt_source_name=rwt
I0422 18:45:23.397426  7616 master_component.cc:1045] MasterComponent: start normalizing model nwt
I0422 18:45:23.446915  7616 master_component.cc:1084] MasterComponent: complete normalizing model nwt
I0422 18:45:23.525401  7616 master_component.cc:1533] DisposeModel rwt
I0422 18:45:23.533900  7616 master_component.cc:1112] FitOffline: ItemsProcessed, num_items=1728, num_batches=2, token_weight=808522, token_weight_in_effect=808522
I0422 18:45:23.534400  7616 c_interface.cc:389] Pass FitOfflineMasterModelArgs, batch_filename_size=2, batch_weight_size=2, num_collection_passes=1, reset_nwt=yes to void (__cdecl artm::core::MasterComponent::*)(class artm::FitOfflineMasterModelArgs const & __ptr64) __ptr64
I0422 18:45:23.534400  7616 master_component.cc:1458] ProcessBatchesArgs: nwt_target_name=nwt, batch_filename_size=2, batch_size=0, batch_weight_size=2, pwt_source_name=pwt, num_document_passes=1, regularizer=(name:smooth, tau:100000), regularizer=(name:sparse, tau:-100000), reuse_theta=no, opt_for_avx=yes, predict_class_id=, reset_nwt=yes
I0422 18:45:23.556391  2872 processor.cc:81] Processing queue has data, processing started
I0422 18:45:23.556391  4408 processor.cc:81] Processing queue has data, processing started
I0422 18:45:23.574893  2872 processor.cc:158] Processor: start processing batch 5579a9d0-d4b7-451f-8cd0-c119624c2230 into model nwt
I0422 18:45:23.589887  4408 processor.cc:158] Processor: start processing batch b5482388-46c6-4ae6-afa0-16d0172da7a5 into model nwt
I0422 18:45:23.787854  2872 processor.cc:293] Processor: complete processing batch 5579a9d0-d4b7-451f-8cd0-c119624c2230 into model nwt
I0422 18:45:23.790853  2872 cuckoo_watch.h:45] 234ms in ProcessBatch(batches\aaaaaa.batch) [including 18ms in LoadMessage; 0ms in InitializeTheta; 0ms in CreateRegularizerAgents; 13ms in InitializeSparseNdw; 88ms in InferThetaAndUpdateNwtSparse; 110ms in CalculateScore(^^^ItemsProcessedScore^^^); ]
I0422 18:45:23.818346  2872 processor.cc:74] No data in processing queue, waiting...
I0422 18:45:24.014312  4408 processor.cc:293] Processor: complete processing batch b5482388-46c6-4ae6-afa0-16d0172da7a5 into model nwt
I0422 18:45:24.017810  4408 cuckoo_watch.h:45] 461ms in ProcessBatch(batches\aaaaab.batch) [including 33ms in LoadMessage; 0ms in InitializeTheta; 0ms in CreateRegularizerAgents; 33ms in InitializeSparseNdw; 179ms in InferThetaAndUpdateNwtSparse; 210ms in CalculateScore(^^^ItemsProcessedScore^^^); ]
I0422 18:45:24.018309  7616 master_component.cc:1496] RegularizeModelArgs: rwt_target_name=rwt, pwt_source_name=pwt, nwt_source_name=nwt
I0422 18:45:24.018309  7616 master_component.cc:1013] MasterComponent: start regularizing model pwt
I0422 18:45:24.053303  4408 processor.cc:74] No data in processing queue, waiting...
I0422 18:45:24.109792  7616 master_component.cc:1041] MasterComponent: complete regularizing model pwt
I0422 18:45:24.109792  7616 master_component.cc:1509] NormalizeModelArgs: pwt_target_name=pwt, nwt_source_name=nwt, rwt_source_name=rwt
I0422 18:45:24.109792  7616 master_component.cc:1045] MasterComponent: start normalizing model nwt
I0422 18:45:24.158283  7616 master_component.cc:1084] MasterComponent: complete normalizing model nwt
I0422 18:45:24.234769  7616 master_component.cc:1533] DisposeModel rwt
I0422 18:45:24.243265  7616 master_component.cc:1112] FitOffline: ItemsProcessed, num_items=1728, num_batches=2, token_weight=808522, token_weight_in_effect=808522
I0422 18:45:24.243265  7616 c_interface.cc:389] Pass FitOfflineMasterModelArgs, batch_filename_size=2, batch_weight_size=2, num_collection_passes=1, reset_nwt=yes to void (__cdecl artm::core::MasterComponent::*)(class artm::FitOfflineMasterModelArgs const & __ptr64) __ptr64
I0422 18:45:24.243265  7616 master_component.cc:1458] ProcessBatchesArgs: nwt_target_name=nwt, batch_filename_size=2, batch_size=0, batch_weight_size=2, pwt_source_name=pwt, num_document_passes=1, regularizer=(name:smooth, tau:100000), regularizer=(name:sparse, tau:-100000), reuse_theta=no, opt_for_avx=yes, predict_class_id=, reset_nwt=yes
I0422 18:45:24.264263  1108 processor.cc:81] Processing queue has data, processing started
I0422 18:45:24.264263  4176 processor.cc:81] Processing queue has data, processing started
I0422 18:45:24.282260  1108 processor.cc:158] Processor: start processing batch 5579a9d0-d4b7-451f-8cd0-c119624c2230 into model nwt
I0422 18:45:24.297257  4176 processor.cc:158] Processor: start processing batch b5482388-46c6-4ae6-afa0-16d0172da7a5 into model nwt
I0422 18:45:24.492722  1108 processor.cc:293] Processor: complete processing batch 5579a9d0-d4b7-451f-8cd0-c119624c2230 into model nwt
I0422 18:45:24.495220  1108 cuckoo_watch.h:45] 231ms in ProcessBatch(batches\aaaaaa.batch) [including 17ms in LoadMessage; 0ms in InitializeTheta; 0ms in CreateRegularizerAgents; 13ms in InitializeSparseNdw; 87ms in InferThetaAndUpdateNwtSparse; 108ms in CalculateScore(^^^ItemsProcessedScore^^^); ]
I0422 18:45:24.529213  1108 processor.cc:74] No data in processing queue, waiting...
I0422 18:45:24.715179  4176 processor.cc:293] Processor: complete processing batch b5482388-46c6-4ae6-afa0-16d0172da7a5 into model nwt
I0422 18:45:24.718679  4176 cuckoo_watch.h:45] 454ms in ProcessBatch(batches\aaaaab.batch) [including 33ms in LoadMessage; 0ms in InitializeTheta; 0ms in CreateRegularizerAgents; 34ms in InitializeSparseNdw; 177ms in InferThetaAndUpdateNwtSparse; 205ms in CalculateScore(^^^ItemsProcessedScore^^^); ]
I0422 18:45:24.720177  7616 master_component.cc:1496] RegularizeModelArgs: rwt_target_name=rwt, pwt_source_name=pwt, nwt_source_name=nwt
I0422 18:45:24.720177  7616 master_component.cc:1013] MasterComponent: start regularizing model pwt
I0422 18:45:24.751672  4176 processor.cc:74] No data in processing queue, waiting...
I0422 18:45:24.812160  7616 master_component.cc:1041] MasterComponent: complete regularizing model pwt
I0422 18:45:24.812160  7616 master_component.cc:1509] NormalizeModelArgs: pwt_target_name=pwt, nwt_source_name=nwt, rwt_source_name=rwt
I0422 18:45:24.812160  7616 master_component.cc:1045] MasterComponent: start normalizing model nwt
I0422 18:45:24.860152  7616 master_component.cc:1084] MasterComponent: complete normalizing model nwt
I0422 18:45:24.937636  7616 master_component.cc:1533] DisposeModel rwt
I0422 18:45:24.946135  7616 master_component.cc:1112] FitOffline: ItemsProcessed, num_items=1728, num_batches=2, token_weight=808522, token_weight_in_effect=808522
I0422 18:45:34.740643  7616 c_interface.cc:231] ArtmCopyRequestedMessage is copying 9704476 bytes...
I0422 18:45:35.208053  7616 c_interface.cc:231] ArtmCopyRequestedMessage is copying 10422166 bytes...
I0422 18:47:02.997725  2872 processor.cc:66] Processor thread stopped
I0422 18:47:02.997725  2872 processor.cc:67] Total number of processed batches: 53
I0422 18:47:02.999725  4408 processor.cc:66] Processor thread stopped
I0422 18:47:02.999725  4408 processor.cc:67] Total number of processed batches: 54
I0422 18:47:03.000725  4176 processor.cc:66] Processor thread stopped
I0422 18:47:03.000725  4176 processor.cc:67] Total number of processed batches: 54
I0422 18:47:03.002727  1108 processor.cc:66] Processor thread stopped
I0422 18:47:03.002727  1108 processor.cc:67] Total number of processed batches: 49
I0422 18:47:03.036216  7616 c_interface.cc:339] Disposing MasterComponent (id=2)...
I0422 18:47:03.037217  7616 c_interface.cc:375] Pass f7031c15-529b-4de9-a2b2-0c428babd0df to void (__cdecl artm::core::MasterComponent::*)(class std::basic_string<char,struct std::char_traits<char>,class std::allocator<char> > const & __ptr64) __ptr64
I0422 18:47:03.041716  7616 c_interface.cc:339] Disposing MasterComponent (id=1)...
