I0422 18:54:11.237385  1248 c_interface.cc:389] Pass FitOfflineMasterModelArgs, batch_filename_size=2, batch_weight_size=2, num_collection_passes=1, reset_nwt=yes to void (__cdecl artm::core::MasterComponent::*)(class artm::FitOfflineMasterModelArgs const & __ptr64) __ptr64
I0422 18:54:11.237385  1248 master_component.cc:1458] ProcessBatchesArgs: nwt_target_name=nwt, batch_filename_size=2, batch_size=0, batch_weight_size=2, pwt_source_name=pwt, num_document_passes=1, regularizer=(name:smooth, tau:100000), reuse_theta=no, opt_for_avx=yes, predict_class_id=, reset_nwt=yes
I0422 18:54:11.253881  5180 processor.cc:81] Processing queue has data, processing started
I0422 18:54:11.253881  3416 processor.cc:81] Processing queue has data, processing started
I0422 18:54:11.272379  5180 processor.cc:158] Processor: start processing batch 926c0b95-0db7-4538-a9b8-71c2c5868ff4 into model nwt
I0422 18:54:11.288877  3416 processor.cc:158] Processor: start processing batch 0950e135-51ab-4d25-9c13-70efd44013dd into model nwt
I0422 18:54:11.505347  5180 processor.cc:293] Processor: complete processing batch 926c0b95-0db7-4538-a9b8-71c2c5868ff4 into model nwt
I0422 18:54:11.507846  5180 cuckoo_watch.h:45] 253ms in ProcessBatch(batches\aaaaaa.batch) [including 18ms in LoadMessage; 0ms in InitializeTheta; 0ms in CreateRegularizerAgents; 14ms in InitializeSparseNdw; 105ms in InferThetaAndUpdateNwtSparse; 112ms in CalculateScore(^^^ItemsProcessedScore^^^); ]
I0422 18:54:11.541843  5180 processor.cc:74] No data in processing queue, waiting...
I0422 18:54:11.766811  3416 processor.cc:293] Processor: complete processing batch 0950e135-51ab-4d25-9c13-70efd44013dd into model nwt
I0422 18:54:11.771811  3416 cuckoo_watch.h:45] 518ms in ProcessBatch(batches\aaaaab.batch) [including 35ms in LoadMessage; 0ms in InitializeTheta; 0ms in CreateRegularizerAgents; 34ms in InitializeSparseNdw; 221ms in InferThetaAndUpdateNwtSparse; 221ms in CalculateScore(^^^ItemsProcessedScore^^^); ]
I0422 18:54:11.772823  1248 master_component.cc:1496] RegularizeModelArgs: rwt_target_name=rwt, pwt_source_name=pwt, nwt_source_name=nwt
I0422 18:54:11.772823  1248 master_component.cc:1013] MasterComponent: start regularizing model pwt
I0422 18:54:11.799824  3416 processor.cc:74] No data in processing queue, waiting...
I0422 18:54:11.840819  1248 master_component.cc:1041] MasterComponent: complete regularizing model pwt
I0422 18:54:11.840819  1248 master_component.cc:1509] NormalizeModelArgs: pwt_target_name=pwt, nwt_source_name=nwt, rwt_source_name=rwt
I0422 18:54:11.840819  1248 master_component.cc:1045] MasterComponent: start normalizing model nwt
I0422 18:54:11.879813  1248 master_component.cc:1084] MasterComponent: complete normalizing model nwt
I0422 18:54:11.994798  1248 master_component.cc:1533] DisposeModel rwt
I0422 18:54:12.002797  1248 master_component.cc:1112] FitOffline: ItemsProcessed, num_items=1728, num_batches=2, token_weight=808522, token_weight_in_effect=808522
I0422 18:54:12.002797  1248 c_interface.cc:389] Pass FitOfflineMasterModelArgs, batch_filename_size=2, batch_weight_size=2, num_collection_passes=1, reset_nwt=yes to void (__cdecl artm::core::MasterComponent::*)(class artm::FitOfflineMasterModelArgs const & __ptr64) __ptr64
I0422 18:54:12.002797  1248 master_component.cc:1458] ProcessBatchesArgs: nwt_target_name=nwt, batch_filename_size=2, batch_size=0, batch_weight_size=2, pwt_source_name=pwt, num_document_passes=1, regularizer=(name:smooth, tau:100000), reuse_theta=no, opt_for_avx=yes, predict_class_id=, reset_nwt=yes
I0422 18:54:12.019295  3416 processor.cc:81] Processing queue has data, processing started
I0422 18:54:12.019295  5180 processor.cc:81] Processing queue has data, processing started
I0422 18:54:12.037792  3416 processor.cc:158] Processor: start processing batch 926c0b95-0db7-4538-a9b8-71c2c5868ff4 into model nwt
I0422 18:54:12.054291  5180 processor.cc:158] Processor: start processing batch 0950e135-51ab-4d25-9c13-70efd44013dd into model nwt
I0422 18:54:12.272261  3416 processor.cc:293] Processor: complete processing batch 926c0b95-0db7-4538-a9b8-71c2c5868ff4 into model nwt
I0422 18:54:12.275260  3416 cuckoo_watch.h:45] 255ms in ProcessBatch(batches\aaaaaa.batch) [including 18ms in LoadMessage; 0ms in InitializeTheta; 0ms in CreateRegularizerAgents; 14ms in InitializeSparseNdw; 106ms in InferThetaAndUpdateNwtSparse; 113ms in CalculateScore(^^^ItemsProcessedScore^^^); ]
I0422 18:54:12.309756  3416 processor.cc:74] No data in processing queue, waiting...
I0422 18:54:12.509232  5180 processor.cc:293] Processor: complete processing batch 0950e135-51ab-4d25-9c13-70efd44013dd into model nwt
I0422 18:54:12.513731  5180 cuckoo_watch.h:45] 494ms in ProcessBatch(batches\aaaaab.batch) [including 35ms in LoadMessage; 0ms in InitializeTheta; 0ms in CreateRegularizerAgents; 33ms in InitializeSparseNdw; 217ms in InferThetaAndUpdateNwtSparse; 203ms in CalculateScore(^^^ItemsProcessedScore^^^); ]
I0422 18:54:12.513731  1248 master_component.cc:1496] RegularizeModelArgs: rwt_target_name=rwt, pwt_source_name=pwt, nwt_source_name=nwt
I0422 18:54:12.513731  1248 master_component.cc:1013] MasterComponent: start regularizing model pwt
I0422 18:54:12.544726  5180 processor.cc:74] No data in processing queue, waiting...
I0422 18:54:12.581720  1248 master_component.cc:1041] MasterComponent: complete regularizing model pwt
I0422 18:54:12.581720  1248 master_component.cc:1509] NormalizeModelArgs: pwt_target_name=pwt, nwt_source_name=nwt, rwt_source_name=rwt
I0422 18:54:12.581720  1248 master_component.cc:1045] MasterComponent: start normalizing model nwt
I0422 18:54:12.621714  1248 master_component.cc:1084] MasterComponent: complete normalizing model nwt
I0422 18:54:12.737201  1248 master_component.cc:1533] DisposeModel rwt
I0422 18:54:12.745198  1248 master_component.cc:1112] FitOffline: ItemsProcessed, num_items=1728, num_batches=2, token_weight=808522, token_weight_in_effect=808522
I0422 18:54:12.745198  1248 c_interface.cc:389] Pass FitOfflineMasterModelArgs, batch_filename_size=2, batch_weight_size=2, num_collection_passes=1, reset_nwt=yes to void (__cdecl artm::core::MasterComponent::*)(class artm::FitOfflineMasterModelArgs const & __ptr64) __ptr64
I0422 18:54:12.745198  1248 master_component.cc:1458] ProcessBatchesArgs: nwt_target_name=nwt, batch_filename_size=2, batch_size=0, batch_weight_size=2, pwt_source_name=pwt, num_document_passes=1, regularizer=(name:smooth, tau:100000), reuse_theta=no, opt_for_avx=yes, predict_class_id=, reset_nwt=yes
I0422 18:54:12.763696  3416 processor.cc:81] Processing queue has data, processing started
I0422 18:54:12.763696  5180 processor.cc:81] Processing queue has data, processing started
I0422 18:54:12.782196  3416 processor.cc:158] Processor: start processing batch 926c0b95-0db7-4538-a9b8-71c2c5868ff4 into model nwt
I0422 18:54:12.798691  5180 processor.cc:158] Processor: start processing batch 0950e135-51ab-4d25-9c13-70efd44013dd into model nwt
I0422 18:54:13.019661  3416 processor.cc:293] Processor: complete processing batch 926c0b95-0db7-4538-a9b8-71c2c5868ff4 into model nwt
I0422 18:54:13.022161  3416 cuckoo_watch.h:45] 258ms in ProcessBatch(batches\aaaaaa.batch) [including 18ms in LoadMessage; 0ms in InitializeTheta; 0ms in CreateRegularizerAgents; 15ms in InitializeSparseNdw; 107ms in InferThetaAndUpdateNwtSparse; 113ms in CalculateScore(^^^ItemsProcessedScore^^^); ]
I0422 18:54:13.057655  3416 processor.cc:74] No data in processing queue, waiting...
I0422 18:54:13.257632  5180 processor.cc:293] Processor: complete processing batch 0950e135-51ab-4d25-9c13-70efd44013dd into model nwt
I0422 18:54:13.261629  5180 cuckoo_watch.h:45] 498ms in ProcessBatch(batches\aaaaab.batch) [including 35ms in LoadMessage; 0ms in InitializeTheta; 0ms in CreateRegularizerAgents; 33ms in InitializeSparseNdw; 216ms in InferThetaAndUpdateNwtSparse; 208ms in CalculateScore(^^^ItemsProcessedScore^^^); ]
I0422 18:54:13.263128  1248 master_component.cc:1496] RegularizeModelArgs: rwt_target_name=rwt, pwt_source_name=pwt, nwt_source_name=nwt
I0422 18:54:13.263128  1248 master_component.cc:1013] MasterComponent: start regularizing model pwt
I0422 18:54:13.295624  5180 processor.cc:74] No data in processing queue, waiting...
I0422 18:54:13.331619  1248 master_component.cc:1041] MasterComponent: complete regularizing model pwt
I0422 18:54:13.331619  1248 master_component.cc:1509] NormalizeModelArgs: pwt_target_name=pwt, nwt_source_name=nwt, rwt_source_name=rwt
I0422 18:54:13.331619  1248 master_component.cc:1045] MasterComponent: start normalizing model nwt
I0422 18:54:13.372614  1248 master_component.cc:1084] MasterComponent: complete normalizing model nwt
I0422 18:54:13.486099  1248 master_component.cc:1533] DisposeModel rwt
I0422 18:54:13.494097  1248 master_component.cc:1112] FitOffline: ItemsProcessed, num_items=1728, num_batches=2, token_weight=808522, token_weight_in_effect=808522
I0422 18:54:13.494097  1248 c_interface.cc:389] Pass FitOfflineMasterModelArgs, batch_filename_size=2, batch_weight_size=2, num_collection_passes=1, reset_nwt=yes to void (__cdecl artm::core::MasterComponent::*)(class artm::FitOfflineMasterModelArgs const & __ptr64) __ptr64
I0422 18:54:13.494097  1248 master_component.cc:1458] ProcessBatchesArgs: nwt_target_name=nwt, batch_filename_size=2, batch_size=0, batch_weight_size=2, pwt_source_name=pwt, num_document_passes=1, regularizer=(name:smooth, tau:100000), reuse_theta=no, opt_for_avx=yes, predict_class_id=, reset_nwt=yes
I0422 18:54:13.511595  3416 processor.cc:81] Processing queue has data, processing started
I0422 18:54:13.513595  7944 processor.cc:81] Processing queue has data, processing started
I0422 18:54:13.529594  3416 processor.cc:158] Processor: start processing batch 926c0b95-0db7-4538-a9b8-71c2c5868ff4 into model nwt
I0422 18:54:13.549090  7944 processor.cc:158] Processor: start processing batch 0950e135-51ab-4d25-9c13-70efd44013dd into model nwt
I0422 18:54:13.766562  3416 processor.cc:293] Processor: complete processing batch 926c0b95-0db7-4538-a9b8-71c2c5868ff4 into model nwt
I0422 18:54:13.769060  3416 cuckoo_watch.h:45] 257ms in ProcessBatch(batches\aaaaaa.batch) [including 18ms in LoadMessage; 0ms in InitializeTheta; 0ms in CreateRegularizerAgents; 14ms in InitializeSparseNdw; 105ms in InferThetaAndUpdateNwtSparse; 115ms in CalculateScore(^^^ItemsProcessedScore^^^); ]
I0422 18:54:13.800056  3416 processor.cc:74] No data in processing queue, waiting...
I0422 18:54:14.012527  7944 processor.cc:293] Processor: complete processing batch 0950e135-51ab-4d25-9c13-70efd44013dd into model nwt
I0422 18:54:14.016528  7944 cuckoo_watch.h:45] 502ms in ProcessBatch(batches\aaaaab.batch) [including 35ms in LoadMessage; 0ms in InitializeTheta; 0ms in CreateRegularizerAgents; 33ms in InitializeSparseNdw; 218ms in InferThetaAndUpdateNwtSparse; 210ms in CalculateScore(^^^ItemsProcessedScore^^^); ]
I0422 18:54:14.017529  1248 master_component.cc:1496] RegularizeModelArgs: rwt_target_name=rwt, pwt_source_name=pwt, nwt_source_name=nwt
I0422 18:54:14.017529  1248 master_component.cc:1013] MasterComponent: start regularizing model pwt
I0422 18:54:14.053524  7944 processor.cc:74] No data in processing queue, waiting...
I0422 18:54:14.085021  1248 master_component.cc:1041] MasterComponent: complete regularizing model pwt
I0422 18:54:14.085021  1248 master_component.cc:1509] NormalizeModelArgs: pwt_target_name=pwt, nwt_source_name=nwt, rwt_source_name=rwt
I0422 18:54:14.085021  1248 master_component.cc:1045] MasterComponent: start normalizing model nwt
I0422 18:54:14.127013  1248 master_component.cc:1084] MasterComponent: complete normalizing model nwt
I0422 18:54:14.239497  1248 master_component.cc:1533] DisposeModel rwt
I0422 18:54:14.247495  1248 master_component.cc:1112] FitOffline: ItemsProcessed, num_items=1728, num_batches=2, token_weight=808522, token_weight_in_effect=808522
I0422 18:54:14.247495  1248 c_interface.cc:389] Pass FitOfflineMasterModelArgs, batch_filename_size=2, batch_weight_size=2, num_collection_passes=1, reset_nwt=yes to void (__cdecl artm::core::MasterComponent::*)(class artm::FitOfflineMasterModelArgs const & __ptr64) __ptr64
I0422 18:54:14.247495  1248 master_component.cc:1458] ProcessBatchesArgs: nwt_target_name=nwt, batch_filename_size=2, batch_size=0, batch_weight_size=2, pwt_source_name=pwt, num_document_passes=1, regularizer=(name:smooth, tau:100000), reuse_theta=no, opt_for_avx=yes, predict_class_id=, reset_nwt=yes
I0422 18:54:14.265496  4776 processor.cc:81] Processing queue has data, processing started
I0422 18:54:14.265496  3416 processor.cc:81] Processing queue has data, processing started
I0422 18:54:14.283991  4776 processor.cc:158] Processor: start processing batch 926c0b95-0db7-4538-a9b8-71c2c5868ff4 into model nwt
I0422 18:54:14.300989  3416 processor.cc:158] Processor: start processing batch 0950e135-51ab-4d25-9c13-70efd44013dd into model nwt
I0422 18:54:14.522960  4776 processor.cc:293] Processor: complete processing batch 926c0b95-0db7-4538-a9b8-71c2c5868ff4 into model nwt
I0422 18:54:14.525458  4776 cuckoo_watch.h:45] 260ms in ProcessBatch(batches\aaaaaa.batch) [including 18ms in LoadMessage; 0ms in InitializeTheta; 0ms in CreateRegularizerAgents; 15ms in InitializeSparseNdw; 108ms in InferThetaAndUpdateNwtSparse; 115ms in CalculateScore(^^^ItemsProcessedScore^^^); ]
I0422 18:54:14.561455  4776 processor.cc:74] No data in processing queue, waiting...
I0422 18:54:14.785928  3416 processor.cc:293] Processor: complete processing batch 0950e135-51ab-4d25-9c13-70efd44013dd into model nwt
I0422 18:54:14.790923  3416 cuckoo_watch.h:45] 525ms in ProcessBatch(batches\aaaaab.batch) [including 35ms in LoadMessage; 0ms in InitializeTheta; 0ms in CreateRegularizerAgents; 34ms in InitializeSparseNdw; 221ms in InferThetaAndUpdateNwtSparse; 228ms in CalculateScore(^^^ItemsProcessedScore^^^); ]
I0422 18:54:14.791425  1248 master_component.cc:1496] RegularizeModelArgs: rwt_target_name=rwt, pwt_source_name=pwt, nwt_source_name=nwt
I0422 18:54:14.791425  1248 master_component.cc:1013] MasterComponent: start regularizing model pwt
I0422 18:54:14.826419  3416 processor.cc:74] No data in processing queue, waiting...
I0422 18:54:14.861915  1248 master_component.cc:1041] MasterComponent: complete regularizing model pwt
I0422 18:54:14.861915  1248 master_component.cc:1509] NormalizeModelArgs: pwt_target_name=pwt, nwt_source_name=nwt, rwt_source_name=rwt
I0422 18:54:14.861915  1248 master_component.cc:1045] MasterComponent: start normalizing model nwt
I0422 18:54:14.904409  1248 master_component.cc:1084] MasterComponent: complete normalizing model nwt
I0422 18:54:15.018393  1248 master_component.cc:1533] DisposeModel rwt
I0422 18:54:15.026891  1248 master_component.cc:1112] FitOffline: ItemsProcessed, num_items=1728, num_batches=2, token_weight=808522, token_weight_in_effect=808522
I0422 18:54:15.026891  1248 c_interface.cc:389] Pass FitOfflineMasterModelArgs, batch_filename_size=2, batch_weight_size=2, num_collection_passes=1, reset_nwt=yes to void (__cdecl artm::core::MasterComponent::*)(class artm::FitOfflineMasterModelArgs const & __ptr64) __ptr64
I0422 18:54:15.026891  1248 master_component.cc:1458] ProcessBatchesArgs: nwt_target_name=nwt, batch_filename_size=2, batch_size=0, batch_weight_size=2, pwt_source_name=pwt, num_document_passes=1, regularizer=(name:smooth, tau:100000), reuse_theta=no, opt_for_avx=yes, predict_class_id=, reset_nwt=yes
I0422 18:54:15.045320  7944 processor.cc:81] Processing queue has data, processing started
I0422 18:54:15.045320  3416 processor.cc:81] Processing queue has data, processing started
I0422 18:54:15.063822  3416 processor.cc:158] Processor: start processing batch 926c0b95-0db7-4538-a9b8-71c2c5868ff4 into model nwt
I0422 18:54:15.080821  7944 processor.cc:158] Processor: start processing batch 0950e135-51ab-4d25-9c13-70efd44013dd into model nwt
I0422 18:54:15.307291  3416 processor.cc:293] Processor: complete processing batch 926c0b95-0db7-4538-a9b8-71c2c5868ff4 into model nwt
I0422 18:54:15.310289  3416 cuckoo_watch.h:45] 265ms in ProcessBatch(batches\aaaaaa.batch) [including 18ms in LoadMessage; 0ms in InitializeTheta; 0ms in CreateRegularizerAgents; 15ms in InitializeSparseNdw; 110ms in InferThetaAndUpdateNwtSparse; 116ms in CalculateScore(^^^ItemsProcessedScore^^^); ]
I0422 18:54:15.345285  3416 processor.cc:74] No data in processing queue, waiting...
I0422 18:54:15.552757  7944 processor.cc:293] Processor: complete processing batch 0950e135-51ab-4d25-9c13-70efd44013dd into model nwt
I0422 18:54:15.557255  7944 cuckoo_watch.h:45] 512ms in ProcessBatch(batches\aaaaab.batch) [including 35ms in LoadMessage; 0ms in InitializeTheta; 0ms in CreateRegularizerAgents; 35ms in InitializeSparseNdw; 227ms in InferThetaAndUpdateNwtSparse; 209ms in CalculateScore(^^^ItemsProcessedScore^^^); ]
I0422 18:54:15.558769  1248 master_component.cc:1496] RegularizeModelArgs: rwt_target_name=rwt, pwt_source_name=pwt, nwt_source_name=nwt
I0422 18:54:15.558769  1248 master_component.cc:1013] MasterComponent: start regularizing model pwt
I0422 18:54:15.585273  7944 processor.cc:74] No data in processing queue, waiting...
I0422 18:54:15.628266  1248 master_component.cc:1041] MasterComponent: complete regularizing model pwt
I0422 18:54:15.628266  1248 master_component.cc:1509] NormalizeModelArgs: pwt_target_name=pwt, nwt_source_name=nwt, rwt_source_name=rwt
I0422 18:54:15.628266  1248 master_component.cc:1045] MasterComponent: start normalizing model nwt
I0422 18:54:15.671260  1248 master_component.cc:1084] MasterComponent: complete normalizing model nwt
I0422 18:54:15.785746  1248 master_component.cc:1533] DisposeModel rwt
I0422 18:54:15.793742  1248 master_component.cc:1112] FitOffline: ItemsProcessed, num_items=1728, num_batches=2, token_weight=808522, token_weight_in_effect=808522
I0422 18:54:15.793742  1248 c_interface.cc:389] Pass FitOfflineMasterModelArgs, batch_filename_size=2, batch_weight_size=2, num_collection_passes=1, reset_nwt=yes to void (__cdecl artm::core::MasterComponent::*)(class artm::FitOfflineMasterModelArgs const & __ptr64) __ptr64
I0422 18:54:15.793742  1248 master_component.cc:1458] ProcessBatchesArgs: nwt_target_name=nwt, batch_filename_size=2, batch_size=0, batch_weight_size=2, pwt_source_name=pwt, num_document_passes=1, regularizer=(name:smooth, tau:100000), reuse_theta=no, opt_for_avx=yes, predict_class_id=, reset_nwt=yes
I0422 18:54:15.813241  4776 processor.cc:81] Processing queue has data, processing started
I0422 18:54:15.813241  7944 processor.cc:81] Processing queue has data, processing started
I0422 18:54:15.831738  4776 processor.cc:158] Processor: start processing batch 926c0b95-0db7-4538-a9b8-71c2c5868ff4 into model nwt
I0422 18:54:15.848738  7944 processor.cc:158] Processor: start processing batch 0950e135-51ab-4d25-9c13-70efd44013dd into model nwt
I0422 18:54:16.065708  4776 processor.cc:293] Processor: complete processing batch 926c0b95-0db7-4538-a9b8-71c2c5868ff4 into model nwt
I0422 18:54:16.068207  4776 cuckoo_watch.h:45] 255ms in ProcessBatch(batches\aaaaaa.batch) [including 18ms in LoadMessage; 0ms in InitializeTheta; 0ms in CreateRegularizerAgents; 15ms in InitializeSparseNdw; 106ms in InferThetaAndUpdateNwtSparse; 111ms in CalculateScore(^^^ItemsProcessedScore^^^); ]
I0422 18:54:16.105202  4776 processor.cc:74] No data in processing queue, waiting...
I0422 18:54:16.310176  7944 processor.cc:293] Processor: complete processing batch 0950e135-51ab-4d25-9c13-70efd44013dd into model nwt
I0422 18:54:16.315172  7944 cuckoo_watch.h:45] 501ms in ProcessBatch(batches\aaaaab.batch) [including 35ms in LoadMessage; 0ms in InitializeTheta; 0ms in CreateRegularizerAgents; 35ms in InitializeSparseNdw; 218ms in InferThetaAndUpdateNwtSparse; 207ms in CalculateScore(^^^ItemsProcessedScore^^^); ]
I0422 18:54:16.317173  1248 master_component.cc:1496] RegularizeModelArgs: rwt_target_name=rwt, pwt_source_name=pwt, nwt_source_name=nwt
I0422 18:54:16.317173  1248 master_component.cc:1013] MasterComponent: start regularizing model pwt
I0422 18:54:16.353169  7944 processor.cc:74] No data in processing queue, waiting...
I0422 18:54:16.385665  1248 master_component.cc:1041] MasterComponent: complete regularizing model pwt
I0422 18:54:16.385665  1248 master_component.cc:1509] NormalizeModelArgs: pwt_target_name=pwt, nwt_source_name=nwt, rwt_source_name=rwt
I0422 18:54:16.385665  1248 master_component.cc:1045] MasterComponent: start normalizing model nwt
I0422 18:54:16.429659  1248 master_component.cc:1084] MasterComponent: complete normalizing model nwt
I0422 18:54:16.541643  1248 master_component.cc:1533] DisposeModel rwt
I0422 18:54:16.549643  1248 master_component.cc:1112] FitOffline: ItemsProcessed, num_items=1728, num_batches=2, token_weight=808522, token_weight_in_effect=808522
I0422 18:54:16.549643  1248 c_interface.cc:389] Pass FitOfflineMasterModelArgs, batch_filename_size=2, batch_weight_size=2, num_collection_passes=1, reset_nwt=yes to void (__cdecl artm::core::MasterComponent::*)(class artm::FitOfflineMasterModelArgs const & __ptr64) __ptr64
I0422 18:54:16.549643  1248 master_component.cc:1458] ProcessBatchesArgs: nwt_target_name=nwt, batch_filename_size=2, batch_size=0, batch_weight_size=2, pwt_source_name=pwt, num_document_passes=1, regularizer=(name:smooth, tau:100000), reuse_theta=no, opt_for_avx=yes, predict_class_id=, reset_nwt=yes
I0422 18:54:16.567140  5180 processor.cc:81] Processing queue has data, processing started
I0422 18:54:16.569139  4776 processor.cc:81] Processing queue has data, processing started
I0422 18:54:16.585638  5180 processor.cc:158] Processor: start processing batch 926c0b95-0db7-4538-a9b8-71c2c5868ff4 into model nwt
I0422 18:54:16.603634  4776 processor.cc:158] Processor: start processing batch 0950e135-51ab-4d25-9c13-70efd44013dd into model nwt
I0422 18:54:16.824107  5180 processor.cc:293] Processor: complete processing batch 926c0b95-0db7-4538-a9b8-71c2c5868ff4 into model nwt
I0422 18:54:16.826604  5180 cuckoo_watch.h:45] 259ms in ProcessBatch(batches\aaaaaa.batch) [including 18ms in LoadMessage; 0ms in InitializeTheta; 0ms in CreateRegularizerAgents; 14ms in InitializeSparseNdw; 108ms in InferThetaAndUpdateNwtSparse; 114ms in CalculateScore(^^^ItemsProcessedScore^^^); ]
I0422 18:54:16.858600  5180 processor.cc:74] No data in processing queue, waiting...
I0422 18:54:17.077574  4776 processor.cc:293] Processor: complete processing batch 0950e135-51ab-4d25-9c13-70efd44013dd into model nwt
I0422 18:54:17.082069  4776 cuckoo_watch.h:45] 513ms in ProcessBatch(batches\aaaaab.batch) [including 34ms in LoadMessage; 0ms in InitializeTheta; 0ms in CreateRegularizerAgents; 34ms in InitializeSparseNdw; 223ms in InferThetaAndUpdateNwtSparse; 215ms in CalculateScore(^^^ItemsProcessedScore^^^); ]
I0422 18:54:17.083070  1248 master_component.cc:1496] RegularizeModelArgs: rwt_target_name=rwt, pwt_source_name=pwt, nwt_source_name=nwt
I0422 18:54:17.083070  1248 master_component.cc:1013] MasterComponent: start regularizing model pwt
I0422 18:54:17.116566  4776 processor.cc:74] No data in processing queue, waiting...
I0422 18:54:17.151563  1248 master_component.cc:1041] MasterComponent: complete regularizing model pwt
I0422 18:54:17.151563  1248 master_component.cc:1509] NormalizeModelArgs: pwt_target_name=pwt, nwt_source_name=nwt, rwt_source_name=rwt
I0422 18:54:17.151563  1248 master_component.cc:1045] MasterComponent: start normalizing model nwt
I0422 18:54:17.196554  1248 master_component.cc:1084] MasterComponent: complete normalizing model nwt
I0422 18:54:17.308040  1248 master_component.cc:1533] DisposeModel rwt
I0422 18:54:17.316037  1248 master_component.cc:1112] FitOffline: ItemsProcessed, num_items=1728, num_batches=2, token_weight=808522, token_weight_in_effect=808522
I0422 18:54:17.316538  1248 c_interface.cc:389] Pass FitOfflineMasterModelArgs, batch_filename_size=2, batch_weight_size=2, num_collection_passes=1, reset_nwt=yes to void (__cdecl artm::core::MasterComponent::*)(class artm::FitOfflineMasterModelArgs const & __ptr64) __ptr64
I0422 18:54:17.316538  1248 master_component.cc:1458] ProcessBatchesArgs: nwt_target_name=nwt, batch_filename_size=2, batch_size=0, batch_weight_size=2, pwt_source_name=pwt, num_document_passes=1, regularizer=(name:smooth, tau:100000), reuse_theta=no, opt_for_avx=yes, predict_class_id=, reset_nwt=yes
I0422 18:54:17.335011  5180 processor.cc:81] Processing queue has data, processing started
I0422 18:54:17.335011  3416 processor.cc:81] Processing queue has data, processing started
I0422 18:54:17.353514  3416 processor.cc:158] Processor: start processing batch 926c0b95-0db7-4538-a9b8-71c2c5868ff4 into model nwt
I0422 18:54:17.370012  5180 processor.cc:158] Processor: start processing batch 0950e135-51ab-4d25-9c13-70efd44013dd into model nwt
I0422 18:54:17.588481  3416 processor.cc:293] Processor: complete processing batch 926c0b95-0db7-4538-a9b8-71c2c5868ff4 into model nwt
I0422 18:54:17.590981  3416 cuckoo_watch.h:45] 256ms in ProcessBatch(batches\aaaaaa.batch) [including 18ms in LoadMessage; 0ms in InitializeTheta; 0ms in CreateRegularizerAgents; 14ms in InitializeSparseNdw; 107ms in InferThetaAndUpdateNwtSparse; 112ms in CalculateScore(^^^ItemsProcessedScore^^^); ]
I0422 18:54:17.620978  3416 processor.cc:74] No data in processing queue, waiting...
I0422 18:54:17.829952  5180 processor.cc:293] Processor: complete processing batch 0950e135-51ab-4d25-9c13-70efd44013dd into model nwt
I0422 18:54:17.834450  5180 cuckoo_watch.h:45] 499ms in ProcessBatch(batches\aaaaab.batch) [including 35ms in LoadMessage; 0ms in InitializeTheta; 0ms in CreateRegularizerAgents; 34ms in InitializeSparseNdw; 216ms in InferThetaAndUpdateNwtSparse; 208ms in CalculateScore(^^^ItemsProcessedScore^^^); ]
I0422 18:54:17.834950  1248 master_component.cc:1496] RegularizeModelArgs: rwt_target_name=rwt, pwt_source_name=pwt, nwt_source_name=nwt
I0422 18:54:17.834950  1248 master_component.cc:1013] MasterComponent: start regularizing model pwt
I0422 18:54:17.866943  5180 processor.cc:74] No data in processing queue, waiting...
I0422 18:54:17.904443  1248 master_component.cc:1041] MasterComponent: complete regularizing model pwt
I0422 18:54:17.904443  1248 master_component.cc:1509] NormalizeModelArgs: pwt_target_name=pwt, nwt_source_name=nwt, rwt_source_name=rwt
I0422 18:54:17.904443  1248 master_component.cc:1045] MasterComponent: start normalizing model nwt
I0422 18:54:17.949435  1248 master_component.cc:1084] MasterComponent: complete normalizing model nwt
I0422 18:54:18.059422  1248 master_component.cc:1533] DisposeModel rwt
I0422 18:54:18.067420  1248 master_component.cc:1112] FitOffline: ItemsProcessed, num_items=1728, num_batches=2, token_weight=808522, token_weight_in_effect=808522
I0422 18:54:18.067420  1248 c_interface.cc:389] Pass FitOfflineMasterModelArgs, batch_filename_size=2, batch_weight_size=2, num_collection_passes=1, reset_nwt=yes to void (__cdecl artm::core::MasterComponent::*)(class artm::FitOfflineMasterModelArgs const & __ptr64) __ptr64
I0422 18:54:18.067420  1248 master_component.cc:1458] ProcessBatchesArgs: nwt_target_name=nwt, batch_filename_size=2, batch_size=0, batch_weight_size=2, pwt_source_name=pwt, num_document_passes=1, regularizer=(name:smooth, tau:100000), reuse_theta=no, opt_for_avx=yes, predict_class_id=, reset_nwt=yes
I0422 18:54:18.086916  3416 processor.cc:81] Processing queue has data, processing started
I0422 18:54:18.086916  7944 processor.cc:81] Processing queue has data, processing started
I0422 18:54:18.105415  7944 processor.cc:158] Processor: start processing batch 926c0b95-0db7-4538-a9b8-71c2c5868ff4 into model nwt
I0422 18:54:18.122412  3416 processor.cc:158] Processor: start processing batch 0950e135-51ab-4d25-9c13-70efd44013dd into model nwt
I0422 18:54:18.337383  7944 processor.cc:293] Processor: complete processing batch 926c0b95-0db7-4538-a9b8-71c2c5868ff4 into model nwt
I0422 18:54:18.339881  7944 cuckoo_watch.h:45] 253ms in ProcessBatch(batches\aaaaaa.batch) [including 18ms in LoadMessage; 0ms in InitializeTheta; 0ms in CreateRegularizerAgents; 15ms in InitializeSparseNdw; 106ms in InferThetaAndUpdateNwtSparse; 110ms in CalculateScore(^^^ItemsProcessedScore^^^); ]
I0422 18:54:18.374876  7944 processor.cc:74] No data in processing queue, waiting...
I0422 18:54:18.587849  3416 processor.cc:293] Processor: complete processing batch 0950e135-51ab-4d25-9c13-70efd44013dd into model nwt
I0422 18:54:18.592348  3416 cuckoo_watch.h:45] 505ms in ProcessBatch(batches\aaaaab.batch) [including 35ms in LoadMessage; 0ms in InitializeTheta; 0ms in CreateRegularizerAgents; 34ms in InitializeSparseNdw; 218ms in InferThetaAndUpdateNwtSparse; 211ms in CalculateScore(^^^ItemsProcessedScore^^^); ]
I0422 18:54:18.594848  1248 master_component.cc:1496] RegularizeModelArgs: rwt_target_name=rwt, pwt_source_name=pwt, nwt_source_name=nwt
I0422 18:54:18.594848  1248 master_component.cc:1013] MasterComponent: start regularizing model pwt
I0422 18:54:18.624845  3416 processor.cc:74] No data in processing queue, waiting...
I0422 18:54:18.663839  1248 master_component.cc:1041] MasterComponent: complete regularizing model pwt
I0422 18:54:18.663839  1248 master_component.cc:1509] NormalizeModelArgs: pwt_target_name=pwt, nwt_source_name=nwt, rwt_source_name=rwt
I0422 18:54:18.663839  1248 master_component.cc:1045] MasterComponent: start normalizing model nwt
I0422 18:54:18.709832  1248 master_component.cc:1084] MasterComponent: complete normalizing model nwt
I0422 18:54:18.820819  1248 master_component.cc:1533] DisposeModel rwt
I0422 18:54:18.829315  1248 master_component.cc:1112] FitOffline: ItemsProcessed, num_items=1728, num_batches=2, token_weight=808522, token_weight_in_effect=808522
I0422 18:54:18.829315  1248 c_interface.cc:389] Pass FitOfflineMasterModelArgs, batch_filename_size=2, batch_weight_size=2, num_collection_passes=1, reset_nwt=yes to void (__cdecl artm::core::MasterComponent::*)(class artm::FitOfflineMasterModelArgs const & __ptr64) __ptr64
I0422 18:54:18.829315  1248 master_component.cc:1458] ProcessBatchesArgs: nwt_target_name=nwt, batch_filename_size=2, batch_size=0, batch_weight_size=2, pwt_source_name=pwt, num_document_passes=1, regularizer=(name:smooth, tau:100000), reuse_theta=no, opt_for_avx=yes, predict_class_id=, reset_nwt=yes
I0422 18:54:18.848809  5180 processor.cc:81] Processing queue has data, processing started
I0422 18:54:18.848809  7944 processor.cc:81] Processing queue has data, processing started
I0422 18:54:18.866812  7944 processor.cc:158] Processor: start processing batch 926c0b95-0db7-4538-a9b8-71c2c5868ff4 into model nwt
I0422 18:54:18.884311  5180 processor.cc:158] Processor: start processing batch 0950e135-51ab-4d25-9c13-70efd44013dd into model nwt
I0422 18:54:19.101781  7944 processor.cc:293] Processor: complete processing batch 926c0b95-0db7-4538-a9b8-71c2c5868ff4 into model nwt
I0422 18:54:19.104280  7944 cuckoo_watch.h:45] 255ms in ProcessBatch(batches\aaaaaa.batch) [including 18ms in LoadMessage; 0ms in InitializeTheta; 0ms in CreateRegularizerAgents; 14ms in InitializeSparseNdw; 109ms in InferThetaAndUpdateNwtSparse; 110ms in CalculateScore(^^^ItemsProcessedScore^^^); ]
I0422 18:54:19.136776  7944 processor.cc:74] No data in processing queue, waiting...
I0422 18:54:19.348748  5180 processor.cc:293] Processor: complete processing batch 0950e135-51ab-4d25-9c13-70efd44013dd into model nwt
I0422 18:54:19.353247  5180 cuckoo_watch.h:45] 504ms in ProcessBatch(batches\aaaaab.batch) [including 35ms in LoadMessage; 0ms in InitializeTheta; 0ms in CreateRegularizerAgents; 35ms in InitializeSparseNdw; 219ms in InferThetaAndUpdateNwtSparse; 208ms in CalculateScore(^^^ItemsProcessedScore^^^); ]
I0422 18:54:19.354746  1248 master_component.cc:1496] RegularizeModelArgs: rwt_target_name=rwt, pwt_source_name=pwt, nwt_source_name=nwt
I0422 18:54:19.354746  1248 master_component.cc:1013] MasterComponent: start regularizing model pwt
I0422 18:54:19.388743  5180 processor.cc:74] No data in processing queue, waiting...
I0422 18:54:19.424237  1248 master_component.cc:1041] MasterComponent: complete regularizing model pwt
I0422 18:54:19.424237  1248 master_component.cc:1509] NormalizeModelArgs: pwt_target_name=pwt, nwt_source_name=nwt, rwt_source_name=rwt
I0422 18:54:19.424237  1248 master_component.cc:1045] MasterComponent: start normalizing model nwt
I0422 18:54:19.470232  1248 master_component.cc:1084] MasterComponent: complete normalizing model nwt
I0422 18:54:19.578718  1248 master_component.cc:1533] DisposeModel rwt
I0422 18:54:19.586215  1248 master_component.cc:1112] FitOffline: ItemsProcessed, num_items=1728, num_batches=2, token_weight=808522, token_weight_in_effect=808522
I0422 18:54:19.586715  1248 c_interface.cc:389] Pass FitOfflineMasterModelArgs, batch_filename_size=2, batch_weight_size=2, num_collection_passes=1, reset_nwt=yes to void (__cdecl artm::core::MasterComponent::*)(class artm::FitOfflineMasterModelArgs const & __ptr64) __ptr64
I0422 18:54:19.586715  1248 master_component.cc:1458] ProcessBatchesArgs: nwt_target_name=nwt, batch_filename_size=2, batch_size=0, batch_weight_size=2, pwt_source_name=pwt, num_document_passes=1, regularizer=(name:smooth, tau:100000), reuse_theta=no, opt_for_avx=yes, predict_class_id=, reset_nwt=yes
I0422 18:54:19.606714  4776 processor.cc:81] Processing queue has data, processing started
I0422 18:54:19.606714  3416 processor.cc:81] Processing queue has data, processing started
I0422 18:54:19.625211  3416 processor.cc:158] Processor: start processing batch 926c0b95-0db7-4538-a9b8-71c2c5868ff4 into model nwt
I0422 18:54:19.642707  4776 processor.cc:158] Processor: start processing batch 0950e135-51ab-4d25-9c13-70efd44013dd into model nwt
I0422 18:54:19.863180  3416 processor.cc:293] Processor: complete processing batch 926c0b95-0db7-4538-a9b8-71c2c5868ff4 into model nwt
I0422 18:54:19.865679  3416 cuckoo_watch.h:45] 259ms in ProcessBatch(batches\aaaaaa.batch) [including 18ms in LoadMessage; 0ms in InitializeTheta; 0ms in CreateRegularizerAgents; 15ms in InitializeSparseNdw; 108ms in InferThetaAndUpdateNwtSparse; 113ms in CalculateScore(^^^ItemsProcessedScore^^^); ]
I0422 18:54:19.895678  3416 processor.cc:74] No data in processing queue, waiting...
I0422 18:54:20.105644  4776 processor.cc:293] Processor: complete processing batch 0950e135-51ab-4d25-9c13-70efd44013dd into model nwt
I0422 18:54:20.110146  4776 cuckoo_watch.h:45] 503ms in ProcessBatch(batches\aaaaab.batch) [including 36ms in LoadMessage; 0ms in InitializeTheta; 0ms in CreateRegularizerAgents; 34ms in InitializeSparseNdw; 220ms in InferThetaAndUpdateNwtSparse; 206ms in CalculateScore(^^^ItemsProcessedScore^^^); ]
I0422 18:54:20.110646  1248 master_component.cc:1496] RegularizeModelArgs: rwt_target_name=rwt, pwt_source_name=pwt, nwt_source_name=nwt
I0422 18:54:20.110646  1248 master_component.cc:1013] MasterComponent: start regularizing model pwt
I0422 18:54:20.142642  4776 processor.cc:74] No data in processing queue, waiting...
I0422 18:54:20.181636  1248 master_component.cc:1041] MasterComponent: complete regularizing model pwt
I0422 18:54:20.181636  1248 master_component.cc:1509] NormalizeModelArgs: pwt_target_name=pwt, nwt_source_name=nwt, rwt_source_name=rwt
I0422 18:54:20.181636  1248 master_component.cc:1045] MasterComponent: start normalizing model nwt
I0422 18:54:20.228129  1248 master_component.cc:1084] MasterComponent: complete normalizing model nwt
I0422 18:54:20.339115  1248 master_component.cc:1533] DisposeModel rwt
I0422 18:54:20.347112  1248 master_component.cc:1112] FitOffline: ItemsProcessed, num_items=1728, num_batches=2, token_weight=808522, token_weight_in_effect=808522
I0422 18:54:20.347112  1248 c_interface.cc:389] Pass FitOfflineMasterModelArgs, batch_filename_size=2, batch_weight_size=2, num_collection_passes=1, reset_nwt=yes to void (__cdecl artm::core::MasterComponent::*)(class artm::FitOfflineMasterModelArgs const & __ptr64) __ptr64
I0422 18:54:20.347112  1248 master_component.cc:1458] ProcessBatchesArgs: nwt_target_name=nwt, batch_filename_size=2, batch_size=0, batch_weight_size=2, pwt_source_name=pwt, num_document_passes=1, regularizer=(name:smooth, tau:100000), reuse_theta=no, opt_for_avx=yes, predict_class_id=, reset_nwt=yes
I0422 18:54:20.365612  4776 processor.cc:81] Processing queue has data, processing started
I0422 18:54:20.365612  3416 processor.cc:81] Processing queue has data, processing started
I0422 18:54:20.385110  4776 processor.cc:158] Processor: start processing batch 926c0b95-0db7-4538-a9b8-71c2c5868ff4 into model nwt
I0422 18:54:20.401108  3416 processor.cc:158] Processor: start processing batch 0950e135-51ab-4d25-9c13-70efd44013dd into model nwt
I0422 18:54:20.623077  4776 processor.cc:293] Processor: complete processing batch 926c0b95-0db7-4538-a9b8-71c2c5868ff4 into model nwt
I0422 18:54:20.625576  4776 cuckoo_watch.h:45] 260ms in ProcessBatch(batches\aaaaaa.batch) [including 19ms in LoadMessage; 0ms in InitializeTheta; 0ms in CreateRegularizerAgents; 15ms in InitializeSparseNdw; 109ms in InferThetaAndUpdateNwtSparse; 112ms in CalculateScore(^^^ItemsProcessedScore^^^); ]
I0422 18:54:20.664571  4776 processor.cc:74] No data in processing queue, waiting...
I0422 18:54:20.882045  3416 processor.cc:293] Processor: complete processing batch 0950e135-51ab-4d25-9c13-70efd44013dd into model nwt
I0422 18:54:20.887042  3416 cuckoo_watch.h:45] 521ms in ProcessBatch(batches\aaaaab.batch) [including 35ms in LoadMessage; 0ms in InitializeTheta; 0ms in CreateRegularizerAgents; 34ms in InitializeSparseNdw; 223ms in InferThetaAndUpdateNwtSparse; 222ms in CalculateScore(^^^ItemsProcessedScore^^^); ]
I0422 18:54:20.888541  1248 master_component.cc:1496] RegularizeModelArgs: rwt_target_name=rwt, pwt_source_name=pwt, nwt_source_name=nwt
I0422 18:54:20.888541  1248 master_component.cc:1013] MasterComponent: start regularizing model pwt
I0422 18:54:20.923537  3416 processor.cc:74] No data in processing queue, waiting...
I0422 18:54:20.956532  1248 master_component.cc:1041] MasterComponent: complete regularizing model pwt
I0422 18:54:20.956532  1248 master_component.cc:1509] NormalizeModelArgs: pwt_target_name=pwt, nwt_source_name=nwt, rwt_source_name=rwt
I0422 18:54:20.956532  1248 master_component.cc:1045] MasterComponent: start normalizing model nwt
I0422 18:54:21.003026  1248 master_component.cc:1084] MasterComponent: complete normalizing model nwt
I0422 18:54:21.113010  1248 master_component.cc:1533] DisposeModel rwt
I0422 18:54:21.120510  1248 master_component.cc:1112] FitOffline: ItemsProcessed, num_items=1728, num_batches=2, token_weight=808522, token_weight_in_effect=808522
I0422 18:54:21.121009  1248 c_interface.cc:389] Pass FitOfflineMasterModelArgs, batch_filename_size=2, batch_weight_size=2, num_collection_passes=1, reset_nwt=yes to void (__cdecl artm::core::MasterComponent::*)(class artm::FitOfflineMasterModelArgs const & __ptr64) __ptr64
I0422 18:54:21.121009  1248 master_component.cc:1458] ProcessBatchesArgs: nwt_target_name=nwt, batch_filename_size=2, batch_size=0, batch_weight_size=2, pwt_source_name=pwt, num_document_passes=1, regularizer=(name:smooth, tau:100000), reuse_theta=no, opt_for_avx=yes, predict_class_id=, reset_nwt=yes
I0422 18:54:21.140507  5180 processor.cc:81] Processing queue has data, processing started
I0422 18:54:21.140507  4776 processor.cc:81] Processing queue has data, processing started
I0422 18:54:21.159006  4776 processor.cc:158] Processor: start processing batch 926c0b95-0db7-4538-a9b8-71c2c5868ff4 into model nwt
I0422 18:54:21.174501  5180 processor.cc:158] Processor: start processing batch 0950e135-51ab-4d25-9c13-70efd44013dd into model nwt
I0422 18:54:21.402470  4776 processor.cc:293] Processor: complete processing batch 926c0b95-0db7-4538-a9b8-71c2c5868ff4 into model nwt
I0422 18:54:21.404973  4776 cuckoo_watch.h:45] 264ms in ProcessBatch(batches\aaaaaa.batch) [including 18ms in LoadMessage; 0ms in InitializeTheta; 0ms in CreateRegularizerAgents; 14ms in InitializeSparseNdw; 110ms in InferThetaAndUpdateNwtSparse; 117ms in CalculateScore(^^^ItemsProcessedScore^^^); ]
I0422 18:54:21.440465  4776 processor.cc:74] No data in processing queue, waiting...
I0422 18:54:21.648941  5180 processor.cc:293] Processor: complete processing batch 0950e135-51ab-4d25-9c13-70efd44013dd into model nwt
I0422 18:54:21.651938  5180 cuckoo_watch.h:45] 511ms in ProcessBatch(batches\aaaaab.batch) [including 34ms in LoadMessage; 0ms in InitializeTheta; 0ms in CreateRegularizerAgents; 34ms in InitializeSparseNdw; 223ms in InferThetaAndUpdateNwtSparse; 216ms in CalculateScore(^^^ItemsProcessedScore^^^); ]
I0422 18:54:21.652438  1248 master_component.cc:1496] RegularizeModelArgs: rwt_target_name=rwt, pwt_source_name=pwt, nwt_source_name=nwt
I0422 18:54:21.652438  1248 master_component.cc:1013] MasterComponent: start regularizing model pwt
I0422 18:54:21.684434  5180 processor.cc:74] No data in processing queue, waiting...
I0422 18:54:21.721429  1248 master_component.cc:1041] MasterComponent: complete regularizing model pwt
I0422 18:54:21.721429  1248 master_component.cc:1509] NormalizeModelArgs: pwt_target_name=pwt, nwt_source_name=nwt, rwt_source_name=rwt
I0422 18:54:21.721429  1248 master_component.cc:1045] MasterComponent: start normalizing model nwt
I0422 18:54:21.769421  1248 master_component.cc:1084] MasterComponent: complete normalizing model nwt
I0422 18:54:21.877908  1248 master_component.cc:1533] DisposeModel rwt
I0422 18:54:21.886406  1248 master_component.cc:1112] FitOffline: ItemsProcessed, num_items=1728, num_batches=2, token_weight=808522, token_weight_in_effect=808522
I0422 18:54:21.886406  1248 c_interface.cc:389] Pass FitOfflineMasterModelArgs, batch_filename_size=2, batch_weight_size=2, num_collection_passes=1, reset_nwt=yes to void (__cdecl artm::core::MasterComponent::*)(class artm::FitOfflineMasterModelArgs const & __ptr64) __ptr64
I0422 18:54:21.886406  1248 master_component.cc:1458] ProcessBatchesArgs: nwt_target_name=nwt, batch_filename_size=2, batch_size=0, batch_weight_size=2, pwt_source_name=pwt, num_document_passes=1, regularizer=(name:smooth, tau:100000), reuse_theta=no, opt_for_avx=yes, predict_class_id=, reset_nwt=yes
I0422 18:54:21.904904  5180 processor.cc:81] Processing queue has data, processing started
I0422 18:54:21.906404  4776 processor.cc:81] Processing queue has data, processing started
I0422 18:54:21.922904  5180 processor.cc:158] Processor: start processing batch 926c0b95-0db7-4538-a9b8-71c2c5868ff4 into model nwt
I0422 18:54:21.940398  4776 processor.cc:158] Processor: start processing batch 0950e135-51ab-4d25-9c13-70efd44013dd into model nwt
I0422 18:54:22.162869  5180 processor.cc:293] Processor: complete processing batch 926c0b95-0db7-4538-a9b8-71c2c5868ff4 into model nwt
I0422 18:54:22.166370  5180 cuckoo_watch.h:45] 261ms in ProcessBatch(batches\aaaaaa.batch) [including 18ms in LoadMessage; 0ms in InitializeTheta; 0ms in CreateRegularizerAgents; 13ms in InitializeSparseNdw; 110ms in InferThetaAndUpdateNwtSparse; 115ms in CalculateScore(^^^ItemsProcessedScore^^^); ]
I0422 18:54:22.200363  5180 processor.cc:74] No data in processing queue, waiting...
I0422 18:54:22.410339  4776 processor.cc:293] Processor: complete processing batch 0950e135-51ab-4d25-9c13-70efd44013dd into model nwt
I0422 18:54:22.414839  4776 cuckoo_watch.h:45] 508ms in ProcessBatch(batches\aaaaab.batch) [including 34ms in LoadMessage; 0ms in InitializeTheta; 0ms in CreateRegularizerAgents; 35ms in InitializeSparseNdw; 222ms in InferThetaAndUpdateNwtSparse; 210ms in CalculateScore(^^^ItemsProcessedScore^^^); ]
I0422 18:54:22.416337  1248 master_component.cc:1496] RegularizeModelArgs: rwt_target_name=rwt, pwt_source_name=pwt, nwt_source_name=nwt
I0422 18:54:22.416337  1248 master_component.cc:1013] MasterComponent: start regularizing model pwt
I0422 18:54:22.452329  4776 processor.cc:74] No data in processing queue, waiting...
I0422 18:54:22.486326  1248 master_component.cc:1041] MasterComponent: complete regularizing model pwt
I0422 18:54:22.486326  1248 master_component.cc:1509] NormalizeModelArgs: pwt_target_name=pwt, nwt_source_name=nwt, rwt_source_name=rwt
I0422 18:54:22.486326  1248 master_component.cc:1045] MasterComponent: start normalizing model nwt
I0422 18:54:22.534320  1248 master_component.cc:1084] MasterComponent: complete normalizing model nwt
I0422 18:54:22.643805  1248 master_component.cc:1533] DisposeModel rwt
I0422 18:54:22.652305  1248 master_component.cc:1112] FitOffline: ItemsProcessed, num_items=1728, num_batches=2, token_weight=808522, token_weight_in_effect=808522
I0422 18:54:22.652305  1248 c_interface.cc:389] Pass FitOfflineMasterModelArgs, batch_filename_size=2, batch_weight_size=2, num_collection_passes=1, reset_nwt=yes to void (__cdecl artm::core::MasterComponent::*)(class artm::FitOfflineMasterModelArgs const & __ptr64) __ptr64
I0422 18:54:22.652305  1248 master_component.cc:1458] ProcessBatchesArgs: nwt_target_name=nwt, batch_filename_size=2, batch_size=0, batch_weight_size=2, pwt_source_name=pwt, num_document_passes=1, regularizer=(name:smooth, tau:100000), reuse_theta=no, opt_for_avx=yes, predict_class_id=, reset_nwt=yes
I0422 18:54:22.671802  7944 processor.cc:81] Processing queue has data, processing started
I0422 18:54:22.673300  4776 processor.cc:81] Processing queue has data, processing started
I0422 18:54:22.690299  7944 processor.cc:158] Processor: start processing batch 926c0b95-0db7-4538-a9b8-71c2c5868ff4 into model nwt
I0422 18:54:22.709797  4776 processor.cc:158] Processor: start processing batch 0950e135-51ab-4d25-9c13-70efd44013dd into model nwt
I0422 18:54:22.929270  7944 processor.cc:293] Processor: complete processing batch 926c0b95-0db7-4538-a9b8-71c2c5868ff4 into model nwt
I0422 18:54:22.931768  7944 cuckoo_watch.h:45] 260ms in ProcessBatch(batches\aaaaaa.batch) [including 18ms in LoadMessage; 0ms in InitializeTheta; 0ms in CreateRegularizerAgents; 16ms in InitializeSparseNdw; 108ms in InferThetaAndUpdateNwtSparse; 113ms in CalculateScore(^^^ItemsProcessedScore^^^); ]
I0422 18:54:22.966260  7944 processor.cc:74] No data in processing queue, waiting...
I0422 18:54:23.170737  4776 processor.cc:293] Processor: complete processing batch 0950e135-51ab-4d25-9c13-70efd44013dd into model nwt
I0422 18:54:23.175235  4776 cuckoo_watch.h:45] 502ms in ProcessBatch(batches\aaaaab.batch) [including 36ms in LoadMessage; 0ms in InitializeTheta; 0ms in CreateRegularizerAgents; 35ms in InitializeSparseNdw; 219ms in InferThetaAndUpdateNwtSparse; 205ms in CalculateScore(^^^ItemsProcessedScore^^^); ]
I0422 18:54:23.176234  1248 master_component.cc:1496] RegularizeModelArgs: rwt_target_name=rwt, pwt_source_name=pwt, nwt_source_name=nwt
I0422 18:54:23.176234  1248 master_component.cc:1013] MasterComponent: start regularizing model pwt
I0422 18:54:23.208230  4776 processor.cc:74] No data in processing queue, waiting...
I0422 18:54:23.246223  1248 master_component.cc:1041] MasterComponent: complete regularizing model pwt
I0422 18:54:23.246223  1248 master_component.cc:1509] NormalizeModelArgs: pwt_target_name=pwt, nwt_source_name=nwt, rwt_source_name=rwt
I0422 18:54:23.246223  1248 master_component.cc:1045] MasterComponent: start normalizing model nwt
I0422 18:54:23.294219  1248 master_component.cc:1084] MasterComponent: complete normalizing model nwt
I0422 18:54:23.400203  1248 master_component.cc:1533] DisposeModel rwt
I0422 18:54:23.408202  1248 master_component.cc:1112] FitOffline: ItemsProcessed, num_items=1728, num_batches=2, token_weight=808522, token_weight_in_effect=808522
I0422 18:54:23.408202  1248 c_interface.cc:389] Pass FitOfflineMasterModelArgs, batch_filename_size=2, batch_weight_size=2, num_collection_passes=1, reset_nwt=yes to void (__cdecl artm::core::MasterComponent::*)(class artm::FitOfflineMasterModelArgs const & __ptr64) __ptr64
I0422 18:54:23.408202  1248 master_component.cc:1458] ProcessBatchesArgs: nwt_target_name=nwt, batch_filename_size=2, batch_size=0, batch_weight_size=2, pwt_source_name=pwt, num_document_passes=1, regularizer=(name:smooth, tau:100000), reuse_theta=no, opt_for_avx=yes, predict_class_id=, reset_nwt=yes
I0422 18:54:23.427700  5180 processor.cc:81] Processing queue has data, processing started
I0422 18:54:23.427700  4776 processor.cc:81] Processing queue has data, processing started
I0422 18:54:23.446696  4776 processor.cc:158] Processor: start processing batch 926c0b95-0db7-4538-a9b8-71c2c5868ff4 into model nwt
I0422 18:54:23.462697  5180 processor.cc:158] Processor: start processing batch 0950e135-51ab-4d25-9c13-70efd44013dd into model nwt
I0422 18:54:23.680665  4776 processor.cc:293] Processor: complete processing batch 926c0b95-0db7-4538-a9b8-71c2c5868ff4 into model nwt
I0422 18:54:23.683164  4776 cuckoo_watch.h:45] 255ms in ProcessBatch(batches\aaaaaa.batch) [including 18ms in LoadMessage; 0ms in InitializeTheta; 0ms in CreateRegularizerAgents; 14ms in InitializeSparseNdw; 107ms in InferThetaAndUpdateNwtSparse; 111ms in CalculateScore(^^^ItemsProcessedScore^^^); ]
I0422 18:54:23.710162  4776 processor.cc:74] No data in processing queue, waiting...
I0422 18:54:23.930634  5180 processor.cc:293] Processor: complete processing batch 0950e135-51ab-4d25-9c13-70efd44013dd into model nwt
I0422 18:54:23.935132  5180 cuckoo_watch.h:45] 507ms in ProcessBatch(batches\aaaaab.batch) [including 35ms in LoadMessage; 0ms in InitializeTheta; 0ms in CreateRegularizerAgents; 34ms in InitializeSparseNdw; 219ms in InferThetaAndUpdateNwtSparse; 213ms in CalculateScore(^^^ItemsProcessedScore^^^); ]
I0422 18:54:23.936131  1248 master_component.cc:1496] RegularizeModelArgs: rwt_target_name=rwt, pwt_source_name=pwt, nwt_source_name=nwt
I0422 18:54:23.936131  1248 master_component.cc:1013] MasterComponent: start regularizing model pwt
I0422 18:54:23.972126  5180 processor.cc:74] No data in processing queue, waiting...
