Log file created at: 2020/04/22 18:22:18
Running on machine: MAIN-PC
Log line format: [IWEF]mmdd hh:mm:ss.uuuuuu threadid file:line] msg
I0422 18:22:18.129299  8080 c_interface.cc:127] Logging enabled to .
I0422 18:22:18.130801  8080 c_interface.cc:128] BigARTM version: v0.10.1
I0422 18:22:18.136299  8080 c_interface.cc:271] Pass MasterModelConfig: topic_name_size=0, score_config_size=1, num_processors=0, pwt_name=pwt, nwt_name=nwt, num_document_passes=0, reuse_theta=no, cache_theta=no, opt_for_avx=yes, disk_cache_path= to ArtmCreateMasterModel
I0422 18:22:18.141602  8080 c_interface.cc:274] Creating MasterModel (id=1)...
I0422 18:22:18.145426  8080 collection_parser.cc:771] CollectionParserConfig.num_threads is automatically set to 4
I0422 18:22:19.342234  8080 c_interface.cc:375] Pass 208a9358-f796-4a6c-b793-4a0ed92d7af9 to void (__cdecl artm::core::MasterComponent::*)(class std::basic_string<char,struct std::char_traits<char>,class std::allocator<char> > const & __ptr64) __ptr64
I0422 18:22:19.342734  8080 c_interface.cc:389] Pass GatherDictionaryArgs: dictionary_target_name=208a9358-f796-4a6c-b793-4a0ed92d7af9, data_path=batches, symmetric_cooc_values=0 to void (__cdecl artm::core::MasterComponent::*)(class artm::GatherDictionaryArgs const & __ptr64) __ptr64
I0422 18:22:19.343235  8080 dictionary_operations.cc:265] Found 2 batches in 'batches' folder
I0422 18:22:19.491696  8080 dictionary_operations.cc:331] Find 26866 unique tokens in 1728 items
I0422 18:22:19.547180  8080 dictionary_operations.cc:611] Dictionary name='208a9358-f796-4a6c-b793-4a0ed92d7af9' contains entries: author:539; text:26327; 
I0422 18:23:02.228407  8080 c_interface.cc:271] Pass MasterModelConfig: topic_name_size=0, score_config_size=1, num_processors=0, pwt_name=pwt, nwt_name=nwt, num_document_passes=0, reuse_theta=no, cache_theta=no, opt_for_avx=yes, disk_cache_path= to ArtmCreateMasterModel
I0422 18:23:02.228407  8080 c_interface.cc:274] Creating MasterModel (id=2)...
I0422 18:23:02.228907  8080 c_interface.cc:375] Pass mydict to void (__cdecl artm::core::MasterComponent::*)(class std::basic_string<char,struct std::char_traits<char>,class std::allocator<char> > const & __ptr64) __ptr64
I0422 18:23:02.228907  8080 c_interface.cc:389] Pass GatherDictionaryArgs: dictionary_target_name=mydict, data_path=batches, symmetric_cooc_values=0 to void (__cdecl artm::core::MasterComponent::*)(class artm::GatherDictionaryArgs const & __ptr64) __ptr64
I0422 18:23:02.229408  8080 dictionary_operations.cc:265] Found 2 batches in 'batches' folder
I0422 18:23:02.372370  8080 dictionary_operations.cc:331] Find 26866 unique tokens in 1728 items
I0422 18:23:02.423357  8080 dictionary_operations.cc:611] Dictionary name='mydict' contains entries: author:539; text:26327; 
I0422 18:23:09.706643  8080 c_interface.cc:271] Pass MasterModelConfig: topic_name_size=0, score_config_size=1, num_processors=0, pwt_name=pwt, nwt_name=nwt, num_document_passes=0, reuse_theta=no, cache_theta=no, opt_for_avx=yes, disk_cache_path= to ArtmCreateMasterModel
I0422 18:23:09.706643  8080 c_interface.cc:274] Creating MasterModel (id=3)...
I0422 18:23:09.707144  8080 c_interface.cc:375] Pass mydict to void (__cdecl artm::core::MasterComponent::*)(class std::basic_string<char,struct std::char_traits<char>,class std::allocator<char> > const & __ptr64) __ptr64
I0422 18:23:09.712641  8080 c_interface.cc:339] Disposing MasterComponent (id=2)...
I0422 18:23:09.712641  8080 c_interface.cc:375] Pass mydict to void (__cdecl artm::core::MasterComponent::*)(class std::basic_string<char,struct std::char_traits<char>,class std::allocator<char> > const & __ptr64) __ptr64
I0422 18:23:09.713141  8080 c_interface.cc:389] Pass GatherDictionaryArgs: dictionary_target_name=mydict, data_path=batches, symmetric_cooc_values=0 to void (__cdecl artm::core::MasterComponent::*)(class artm::GatherDictionaryArgs const & __ptr64) __ptr64
I0422 18:23:09.713141  8080 dictionary_operations.cc:265] Found 2 batches in 'batches' folder
I0422 18:23:09.851105  8080 dictionary_operations.cc:331] Find 26866 unique tokens in 1728 items
I0422 18:23:09.901593  8080 dictionary_operations.cc:611] Dictionary name='mydict' contains entries: author:539; text:26327; 
I0422 18:23:09.902592  8080 c_interface.cc:271] Pass MasterModelConfig: topic_name_size=30, score_config_size=1, num_processors=0, pwt_name=pwt, nwt_name=nwt, num_document_passes=1, reuse_theta=no, cache_theta=no, opt_for_avx=yes, disk_cache_path= to ArtmCreateMasterModel
I0422 18:23:09.902592  8080 instance.cc:401] MasterModelConfig.processors_count is automatically set to 4
I0422 18:23:09.902592  8080 c_interface.cc:274] Creating MasterModel (id=4)...
I0422 18:23:09.902592  8080 c_interface.cc:375] Pass pwt to void (__cdecl artm::core::MasterComponent::*)(class std::basic_string<char,struct std::char_traits<char>,class std::allocator<char> > const & __ptr64) __ptr64
I0422 18:23:09.902592  8080 c_interface.cc:375] Pass nwt to void (__cdecl artm::core::MasterComponent::*)(class std::basic_string<char,struct std::char_traits<char>,class std::allocator<char> > const & __ptr64) __ptr64
I0422 18:23:09.902592  7816 processor.cc:58] Processor thread started
I0422 18:23:09.903093 11292 processor.cc:58] Processor thread started
I0422 18:23:09.903093  8080 c_interface.cc:389] Pass InitializeModelArgs: model_name=pwt, dictionary_name=mydict, topic_name_size=30, seed=1 to void (__cdecl artm::core::MasterComponent::*)(class artm::InitializeModelArgs const & __ptr64) __ptr64
I0422 18:23:09.903093 11112 processor.cc:58] Processor thread started
I0422 18:23:09.903093  3428 processor.cc:58] Processor thread started
I0422 18:23:09.937582 11292 processor.cc:74] No data in processing queue, waiting...
I0422 18:23:09.937582  3428 processor.cc:74] No data in processing queue, waiting...
I0422 18:23:09.937582 11112 processor.cc:74] No data in processing queue, waiting...
I0422 18:23:09.937582  7816 processor.cc:74] No data in processing queue, waiting...
I0422 18:23:10.060549  8080 master_component.cc:699] InitializeModel() created matrix pwt with 30 topics and 26866 tokens; 
I0422 18:23:10.060549  8080 c_interface.cc:389] Pass InitializeModelArgs: model_name=nwt, dictionary_name=mydict, topic_name_size=30, seed=1 to void (__cdecl artm::core::MasterComponent::*)(class artm::InitializeModelArgs const & __ptr64) __ptr64
I0422 18:23:10.221007  8080 master_component.cc:699] InitializeModel() created matrix nwt with 30 topics and 26866 tokens; 
I0422 18:23:10.221509  8080 c_interface.cc:231] ArtmCopyRequestedMessage is copying 309 bytes...
I0422 18:23:14.872804  8080 c_interface.cc:389] Pass MasterModelConfig: topic_name_size=30, score_config_size=2, num_processors=0, pwt_name=pwt, nwt_name=nwt, num_document_passes=1, reuse_theta=no, cache_theta=no, opt_for_avx=yes, disk_cache_path= to void (__cdecl artm::core::MasterComponent::*)(class artm::MasterModelConfig const & __ptr64) __ptr64
I0422 18:23:14.872804  8080 instance.cc:401] MasterModelConfig.processors_count is automatically set to 4
I0422 18:23:14.873303  8080 c_interface.cc:389] Pass MasterModelConfig: topic_name_size=30, score_config_size=3, num_processors=0, pwt_name=pwt, nwt_name=nwt, num_document_passes=1, reuse_theta=no, cache_theta=no, opt_for_avx=yes, disk_cache_path= to void (__cdecl artm::core::MasterComponent::*)(class artm::MasterModelConfig const & __ptr64) __ptr64
I0422 18:23:14.873303  8080 instance.cc:401] MasterModelConfig.processors_count is automatically set to 4
I0422 18:23:46.352083  8080 c_interface.cc:389] Pass MasterModelConfig: topic_name_size=30, score_config_size=3, num_processors=0, pwt_name=pwt, nwt_name=nwt, num_document_passes=1, regularizer=(smooth:100000), reuse_theta=no, cache_theta=no, opt_for_avx=yes, disk_cache_path= to void (__cdecl artm::core::MasterComponent::*)(class artm::MasterModelConfig const & __ptr64) __ptr64
I0422 18:23:46.352083  8080 instance.cc:401] MasterModelConfig.processors_count is automatically set to 4
I0422 18:23:46.352582  8080 instance.cc:232] Regularizer 'smooth' was cold-reconfigured
I0422 18:25:48.352525  8080 c_interface.cc:389] Pass FitOfflineMasterModelArgs, batch_filename_size=2, batch_weight_size=2, num_collection_passes=1, reset_nwt=yes to void (__cdecl artm::core::MasterComponent::*)(class artm::FitOfflineMasterModelArgs const & __ptr64) __ptr64
I0422 18:25:48.352525  8080 master_component.cc:1458] ProcessBatchesArgs: nwt_target_name=nwt, batch_filename_size=2, batch_size=0, batch_weight_size=2, pwt_source_name=pwt, num_document_passes=1, regularizer=(name:smooth, tau:100000), reuse_theta=no, opt_for_avx=yes, predict_class_id=, reset_nwt=yes
I0422 18:25:48.366020  8080 master_component.cc:863] Batches count (=2) is smaller than num processors (=4), which may cause suboptimal performance.
I0422 18:25:48.367022 11112 processor.cc:81] Processing queue has data, processing started
I0422 18:25:48.370020 11292 processor.cc:81] Processing queue has data, processing started
I0422 18:25:48.392513 11112 processor.cc:158] Processor: start processing batch fa3a60b3-1809-458b-b6ad-8ae43c3cc80e into model nwt
I0422 18:25:48.412011 11292 processor.cc:158] Processor: start processing batch f0a91fff-70d7-4063-8477-111c5756c36c into model nwt
I0422 18:25:48.626951 11112 processor.cc:293] Processor: complete processing batch fa3a60b3-1809-458b-b6ad-8ae43c3cc80e into model nwt
I0422 18:25:48.629452 11112 cuckoo_watch.h:45] 262ms in ProcessBatch(batches\aaaaaa.batch) [including 25ms in LoadMessage; 0ms in InitializeTheta; 0ms in CreateRegularizerAgents; 16ms in InitializeSparseNdw; 105ms in InferThetaAndUpdateNwtSparse; 111ms in CalculateScore(^^^ItemsProcessedScore^^^); ]
I0422 18:25:48.659444 11112 processor.cc:74] No data in processing queue, waiting...
I0422 18:25:48.874888 11292 processor.cc:293] Processor: complete processing batch f0a91fff-70d7-4063-8477-111c5756c36c into model nwt
I0422 18:25:48.881386 11292 cuckoo_watch.h:45] 511ms in ProcessBatch(batches\aaaaab.batch) [including 42ms in LoadMessage; 0ms in InitializeTheta; 0ms in CreateRegularizerAgents; 35ms in InitializeSparseNdw; 216ms in InferThetaAndUpdateNwtSparse; 210ms in CalculateScore(^^^ItemsProcessedScore^^^); ]
I0422 18:25:48.881886  8080 master_component.cc:1496] RegularizeModelArgs: rwt_target_name=rwt, pwt_source_name=pwt, nwt_source_name=nwt
I0422 18:25:48.881886  8080 master_component.cc:1013] MasterComponent: start regularizing model pwt
I0422 18:25:48.919876 11292 processor.cc:74] No data in processing queue, waiting...
I0422 18:25:48.948369  8080 master_component.cc:1041] MasterComponent: complete regularizing model pwt
I0422 18:25:48.948369  8080 master_component.cc:1509] NormalizeModelArgs: pwt_target_name=pwt, nwt_source_name=nwt, rwt_source_name=rwt
I0422 18:25:48.948369  8080 master_component.cc:1045] MasterComponent: start normalizing model nwt
I0422 18:25:48.977861  8080 master_component.cc:1084] MasterComponent: complete normalizing model nwt
I0422 18:25:49.091831  8080 master_component.cc:1533] DisposeModel rwt
I0422 18:25:49.099829  8080 master_component.cc:1112] FitOffline: ItemsProcessed, num_items=1728, num_batches=2, token_weight=808522, token_weight_in_effect=808522
I0422 18:25:49.099829  8080 c_interface.cc:389] Pass FitOfflineMasterModelArgs, batch_filename_size=2, batch_weight_size=2, num_collection_passes=1, reset_nwt=yes to void (__cdecl artm::core::MasterComponent::*)(class artm::FitOfflineMasterModelArgs const & __ptr64) __ptr64
I0422 18:25:49.099829  8080 master_component.cc:1458] ProcessBatchesArgs: nwt_target_name=nwt, batch_filename_size=2, batch_size=0, batch_weight_size=2, pwt_source_name=pwt, num_document_passes=1, regularizer=(name:smooth, tau:100000), reuse_theta=no, opt_for_avx=yes, predict_class_id=, reset_nwt=yes
I0422 18:25:49.115324 11292 processor.cc:81] Processing queue has data, processing started
I0422 18:25:49.117823  7816 processor.cc:81] Processing queue has data, processing started
I0422 18:25:49.135320 11292 processor.cc:158] Processor: start processing batch fa3a60b3-1809-458b-b6ad-8ae43c3cc80e into model nwt
I0422 18:25:49.153816  7816 processor.cc:158] Processor: start processing batch f0a91fff-70d7-4063-8477-111c5756c36c into model nwt
I0422 18:25:49.371758 11292 processor.cc:293] Processor: complete processing batch fa3a60b3-1809-458b-b6ad-8ae43c3cc80e into model nwt
I0422 18:25:49.374256 11292 cuckoo_watch.h:45] 259ms in ProcessBatch(batches\aaaaaa.batch) [including 19ms in LoadMessage; 0ms in InitializeTheta; 0ms in CreateRegularizerAgents; 15ms in InitializeSparseNdw; 105ms in InferThetaAndUpdateNwtSparse; 115ms in CalculateScore(^^^ItemsProcessedScore^^^); ]
I0422 18:25:49.411746 11292 processor.cc:74] No data in processing queue, waiting...
I0422 18:25:49.614691  7816 processor.cc:293] Processor: complete processing batch f0a91fff-70d7-4063-8477-111c5756c36c into model nwt
I0422 18:25:49.619693  7816 cuckoo_watch.h:45] 502ms in ProcessBatch(batches\aaaaab.batch) [including 36ms in LoadMessage; 0ms in InitializeTheta; 0ms in CreateRegularizerAgents; 34ms in InitializeSparseNdw; 219ms in InferThetaAndUpdateNwtSparse; 205ms in CalculateScore(^^^ItemsProcessedScore^^^); ]
I0422 18:25:49.621692  8080 master_component.cc:1496] RegularizeModelArgs: rwt_target_name=rwt, pwt_source_name=pwt, nwt_source_name=nwt
I0422 18:25:49.621692  8080 master_component.cc:1013] MasterComponent: start regularizing model pwt
I0422 18:25:49.655683  7816 processor.cc:74] No data in processing queue, waiting...
I0422 18:25:49.686177  8080 master_component.cc:1041] MasterComponent: complete regularizing model pwt
I0422 18:25:49.686177  8080 master_component.cc:1509] NormalizeModelArgs: pwt_target_name=pwt, nwt_source_name=nwt, rwt_source_name=rwt
I0422 18:25:49.686177  8080 master_component.cc:1045] MasterComponent: start normalizing model nwt
I0422 18:25:49.715167  8080 master_component.cc:1084] MasterComponent: complete normalizing model nwt
I0422 18:25:49.826139  8080 master_component.cc:1533] DisposeModel rwt
I0422 18:25:49.833634  8080 master_component.cc:1112] FitOffline: ItemsProcessed, num_items=1728, num_batches=2, token_weight=808522, token_weight_in_effect=808522
I0422 18:25:49.834136  8080 c_interface.cc:389] Pass FitOfflineMasterModelArgs, batch_filename_size=2, batch_weight_size=2, num_collection_passes=1, reset_nwt=yes to void (__cdecl artm::core::MasterComponent::*)(class artm::FitOfflineMasterModelArgs const & __ptr64) __ptr64
I0422 18:25:49.834136  8080 master_component.cc:1458] ProcessBatchesArgs: nwt_target_name=nwt, batch_filename_size=2, batch_size=0, batch_weight_size=2, pwt_source_name=pwt, num_document_passes=1, regularizer=(name:smooth, tau:100000), reuse_theta=no, opt_for_avx=yes, predict_class_id=, reset_nwt=yes
I0422 18:25:49.850631  3428 processor.cc:81] Processing queue has data, processing started
I0422 18:25:49.850631  7816 processor.cc:81] Processing queue has data, processing started
I0422 18:25:49.870627  7816 processor.cc:158] Processor: start processing batch fa3a60b3-1809-458b-b6ad-8ae43c3cc80e into model nwt
I0422 18:25:49.887621  3428 processor.cc:158] Processor: start processing batch f0a91fff-70d7-4063-8477-111c5756c36c into model nwt
I0422 18:25:50.103565  7816 processor.cc:293] Processor: complete processing batch fa3a60b3-1809-458b-b6ad-8ae43c3cc80e into model nwt
I0422 18:25:50.106065  7816 cuckoo_watch.h:45] 255ms in ProcessBatch(batches\aaaaaa.batch) [including 20ms in LoadMessage; 0ms in InitializeTheta; 0ms in CreateRegularizerAgents; 15ms in InitializeSparseNdw; 103ms in InferThetaAndUpdateNwtSparse; 113ms in CalculateScore(^^^ItemsProcessedScore^^^); ]
I0422 18:25:50.143555  7816 processor.cc:74] No data in processing queue, waiting...
I0422 18:25:50.343003  3428 processor.cc:293] Processor: complete processing batch f0a91fff-70d7-4063-8477-111c5756c36c into model nwt
I0422 18:25:50.348501  3428 cuckoo_watch.h:45] 497ms in ProcessBatch(batches\aaaaab.batch) [including 37ms in LoadMessage; 0ms in InitializeTheta; 0ms in CreateRegularizerAgents; 33ms in InitializeSparseNdw; 214ms in InferThetaAndUpdateNwtSparse; 207ms in CalculateScore(^^^ItemsProcessedScore^^^); ]
I0422 18:25:50.351500  8080 master_component.cc:1496] RegularizeModelArgs: rwt_target_name=rwt, pwt_source_name=pwt, nwt_source_name=nwt
I0422 18:25:50.351500  8080 master_component.cc:1013] MasterComponent: start regularizing model pwt
I0422 18:25:50.383492  3428 processor.cc:74] No data in processing queue, waiting...
I0422 18:25:50.416483  8080 master_component.cc:1041] MasterComponent: complete regularizing model pwt
I0422 18:25:50.416483  8080 master_component.cc:1509] NormalizeModelArgs: pwt_target_name=pwt, nwt_source_name=nwt, rwt_source_name=rwt
I0422 18:25:50.416483  8080 master_component.cc:1045] MasterComponent: start normalizing model nwt
I0422 18:25:50.445477  8080 master_component.cc:1084] MasterComponent: complete normalizing model nwt
I0422 18:25:50.555447  8080 master_component.cc:1533] DisposeModel rwt
I0422 18:25:50.563446  8080 master_component.cc:1112] FitOffline: ItemsProcessed, num_items=1728, num_batches=2, token_weight=808522, token_weight_in_effect=808522
I0422 18:25:50.563446  8080 c_interface.cc:389] Pass FitOfflineMasterModelArgs, batch_filename_size=2, batch_weight_size=2, num_collection_passes=1, reset_nwt=yes to void (__cdecl artm::core::MasterComponent::*)(class artm::FitOfflineMasterModelArgs const & __ptr64) __ptr64
I0422 18:25:50.563446  8080 master_component.cc:1458] ProcessBatchesArgs: nwt_target_name=nwt, batch_filename_size=2, batch_size=0, batch_weight_size=2, pwt_source_name=pwt, num_document_passes=1, regularizer=(name:smooth, tau:100000), reuse_theta=no, opt_for_avx=yes, predict_class_id=, reset_nwt=yes
I0422 18:25:50.579442  7816 processor.cc:81] Processing queue has data, processing started
I0422 18:25:50.581439 11292 processor.cc:81] Processing queue has data, processing started
I0422 18:25:50.598937  7816 processor.cc:158] Processor: start processing batch fa3a60b3-1809-458b-b6ad-8ae43c3cc80e into model nwt
I0422 18:25:50.617431 11292 processor.cc:158] Processor: start processing batch f0a91fff-70d7-4063-8477-111c5756c36c into model nwt
I0422 18:25:50.833374  7816 processor.cc:293] Processor: complete processing batch fa3a60b3-1809-458b-b6ad-8ae43c3cc80e into model nwt
I0422 18:25:50.835872  7816 cuckoo_watch.h:45] 256ms in ProcessBatch(batches\aaaaaa.batch) [including 19ms in LoadMessage; 0ms in InitializeTheta; 0ms in CreateRegularizerAgents; 15ms in InitializeSparseNdw; 104ms in InferThetaAndUpdateNwtSparse; 113ms in CalculateScore(^^^ItemsProcessedScore^^^); ]
I0422 18:25:50.869364  7816 processor.cc:74] No data in processing queue, waiting...
I0422 18:25:51.075812 11292 processor.cc:293] Processor: complete processing batch f0a91fff-70d7-4063-8477-111c5756c36c into model nwt
I0422 18:25:51.081310 11292 cuckoo_watch.h:45] 499ms in ProcessBatch(batches\aaaaab.batch) [including 36ms in LoadMessage; 0ms in InitializeTheta; 0ms in CreateRegularizerAgents; 34ms in InitializeSparseNdw; 212ms in InferThetaAndUpdateNwtSparse; 210ms in CalculateScore(^^^ItemsProcessedScore^^^); ]
I0422 18:25:51.083734  8080 master_component.cc:1496] RegularizeModelArgs: rwt_target_name=rwt, pwt_source_name=pwt, nwt_source_name=nwt
I0422 18:25:51.083734  8080 master_component.cc:1013] MasterComponent: start regularizing model pwt
I0422 18:25:51.114725 11292 processor.cc:74] No data in processing queue, waiting...
I0422 18:25:51.150216  8080 master_component.cc:1041] MasterComponent: complete regularizing model pwt
I0422 18:25:51.150216  8080 master_component.cc:1509] NormalizeModelArgs: pwt_target_name=pwt, nwt_source_name=nwt, rwt_source_name=rwt
I0422 18:25:51.150216  8080 master_component.cc:1045] MasterComponent: start normalizing model nwt
I0422 18:25:51.178709  8080 master_component.cc:1084] MasterComponent: complete normalizing model nwt
I0422 18:25:51.291680  8080 master_component.cc:1533] DisposeModel rwt
I0422 18:25:51.299177  8080 master_component.cc:1112] FitOffline: ItemsProcessed, num_items=1728, num_batches=2, token_weight=808522, token_weight_in_effect=808522
I0422 18:25:51.299675  8080 c_interface.cc:389] Pass FitOfflineMasterModelArgs, batch_filename_size=2, batch_weight_size=2, num_collection_passes=1, reset_nwt=yes to void (__cdecl artm::core::MasterComponent::*)(class artm::FitOfflineMasterModelArgs const & __ptr64) __ptr64
I0422 18:25:51.299675  8080 master_component.cc:1458] ProcessBatchesArgs: nwt_target_name=nwt, batch_filename_size=2, batch_size=0, batch_weight_size=2, pwt_source_name=pwt, num_document_passes=1, regularizer=(name:smooth, tau:100000), reuse_theta=no, opt_for_avx=yes, predict_class_id=, reset_nwt=yes
I0422 18:25:51.315673  3428 processor.cc:81] Processing queue has data, processing started
I0422 18:25:51.315673 11292 processor.cc:81] Processing queue has data, processing started
I0422 18:25:51.337167 11292 processor.cc:158] Processor: start processing batch fa3a60b3-1809-458b-b6ad-8ae43c3cc80e into model nwt
I0422 18:25:51.352663  3428 processor.cc:158] Processor: start processing batch f0a91fff-70d7-4063-8477-111c5756c36c into model nwt
I0422 18:25:51.573606 11292 processor.cc:293] Processor: complete processing batch fa3a60b3-1809-458b-b6ad-8ae43c3cc80e into model nwt
I0422 18:25:51.576604 11292 cuckoo_watch.h:45] 260ms in ProcessBatch(batches\aaaaaa.batch) [including 21ms in LoadMessage; 0ms in InitializeTheta; 0ms in CreateRegularizerAgents; 15ms in InitializeSparseNdw; 106ms in InferThetaAndUpdateNwtSparse; 114ms in CalculateScore(^^^ItemsProcessedScore^^^); ]
I0422 18:25:51.613595 11292 processor.cc:74] No data in processing queue, waiting...
I0422 18:25:51.813045  3428 processor.cc:293] Processor: complete processing batch f0a91fff-70d7-4063-8477-111c5756c36c into model nwt
I0422 18:25:51.818542  3428 cuckoo_watch.h:45] 503ms in ProcessBatch(batches\aaaaab.batch) [including 37ms in LoadMessage; 0ms in InitializeTheta; 0ms in CreateRegularizerAgents; 35ms in InitializeSparseNdw; 213ms in InferThetaAndUpdateNwtSparse; 210ms in CalculateScore(^^^ItemsProcessedScore^^^); ]
I0422 18:25:51.821101  8080 master_component.cc:1496] RegularizeModelArgs: rwt_target_name=rwt, pwt_source_name=pwt, nwt_source_name=nwt
I0422 18:25:51.821101  8080 master_component.cc:1013] MasterComponent: start regularizing model pwt
I0422 18:25:51.855098  3428 processor.cc:74] No data in processing queue, waiting...
I0422 18:25:51.887090  8080 master_component.cc:1041] MasterComponent: complete regularizing model pwt
I0422 18:25:51.887090  8080 master_component.cc:1509] NormalizeModelArgs: pwt_target_name=pwt, nwt_source_name=nwt, rwt_source_name=rwt
I0422 18:25:51.887090  8080 master_component.cc:1045] MasterComponent: start normalizing model nwt
I0422 18:25:51.917083  8080 master_component.cc:1084] MasterComponent: complete normalizing model nwt
I0422 18:25:52.030053  8080 master_component.cc:1533] DisposeModel rwt
I0422 18:25:52.038048  8080 master_component.cc:1112] FitOffline: ItemsProcessed, num_items=1728, num_batches=2, token_weight=808522, token_weight_in_effect=808522
I0422 18:25:52.038548  8080 c_interface.cc:389] Pass FitOfflineMasterModelArgs, batch_filename_size=2, batch_weight_size=2, num_collection_passes=1, reset_nwt=yes to void (__cdecl artm::core::MasterComponent::*)(class artm::FitOfflineMasterModelArgs const & __ptr64) __ptr64
I0422 18:25:52.038548  8080 master_component.cc:1458] ProcessBatchesArgs: nwt_target_name=nwt, batch_filename_size=2, batch_size=0, batch_weight_size=2, pwt_source_name=pwt, num_document_passes=1, regularizer=(name:smooth, tau:100000), reuse_theta=no, opt_for_avx=yes, predict_class_id=, reset_nwt=yes
I0422 18:25:52.055047 11112 processor.cc:81] Processing queue has data, processing started
I0422 18:25:52.055047  7816 processor.cc:81] Processing queue has data, processing started
I0422 18:25:52.075542  7816 processor.cc:158] Processor: start processing batch fa3a60b3-1809-458b-b6ad-8ae43c3cc80e into model nwt
I0422 18:25:52.092036 11112 processor.cc:158] Processor: start processing batch f0a91fff-70d7-4063-8477-111c5756c36c into model nwt
I0422 18:25:52.312976  7816 processor.cc:293] Processor: complete processing batch fa3a60b3-1809-458b-b6ad-8ae43c3cc80e into model nwt
I0422 18:25:52.315479  7816 cuckoo_watch.h:45] 260ms in ProcessBatch(batches\aaaaaa.batch) [including 20ms in LoadMessage; 0ms in InitializeTheta; 0ms in CreateRegularizerAgents; 15ms in InitializeSparseNdw; 107ms in InferThetaAndUpdateNwtSparse; 113ms in CalculateScore(^^^ItemsProcessedScore^^^); ]
I0422 18:25:52.350968  7816 processor.cc:74] No data in processing queue, waiting...
I0422 18:25:52.557415 11112 processor.cc:293] Processor: complete processing batch f0a91fff-70d7-4063-8477-111c5756c36c into model nwt
I0422 18:25:52.562911 11112 cuckoo_watch.h:45] 508ms in ProcessBatch(batches\aaaaab.batch) [including 37ms in LoadMessage; 0ms in InitializeTheta; 0ms in CreateRegularizerAgents; 35ms in InitializeSparseNdw; 217ms in InferThetaAndUpdateNwtSparse; 211ms in CalculateScore(^^^ItemsProcessedScore^^^); ]
I0422 18:25:52.563912  8080 master_component.cc:1496] RegularizeModelArgs: rwt_target_name=rwt, pwt_source_name=pwt, nwt_source_name=nwt
I0422 18:25:52.563912  8080 master_component.cc:1013] MasterComponent: start regularizing model pwt
I0422 18:25:52.596403 11112 processor.cc:74] No data in processing queue, waiting...
I0422 18:25:52.630894  8080 master_component.cc:1041] MasterComponent: complete regularizing model pwt
I0422 18:25:52.630894  8080 master_component.cc:1509] NormalizeModelArgs: pwt_target_name=pwt, nwt_source_name=nwt, rwt_source_name=rwt
I0422 18:25:52.631397  8080 master_component.cc:1045] MasterComponent: start normalizing model nwt
I0422 18:25:52.660887  8080 master_component.cc:1084] MasterComponent: complete normalizing model nwt
I0422 18:25:52.772858  8080 master_component.cc:1533] DisposeModel rwt
I0422 18:25:52.781356  8080 master_component.cc:1112] FitOffline: ItemsProcessed, num_items=1728, num_batches=2, token_weight=808522, token_weight_in_effect=808522
I0422 18:25:52.781356  8080 c_interface.cc:389] Pass FitOfflineMasterModelArgs, batch_filename_size=2, batch_weight_size=2, num_collection_passes=1, reset_nwt=yes to void (__cdecl artm::core::MasterComponent::*)(class artm::FitOfflineMasterModelArgs const & __ptr64) __ptr64
I0422 18:25:52.781356  8080 master_component.cc:1458] ProcessBatchesArgs: nwt_target_name=nwt, batch_filename_size=2, batch_size=0, batch_weight_size=2, pwt_source_name=pwt, num_document_passes=1, regularizer=(name:smooth, tau:100000), reuse_theta=no, opt_for_avx=yes, predict_class_id=, reset_nwt=yes
I0422 18:25:52.798851  3428 processor.cc:81] Processing queue has data, processing started
I0422 18:25:52.798851 11292 processor.cc:81] Processing queue has data, processing started
I0422 18:25:52.818346 11292 processor.cc:158] Processor: start processing batch fa3a60b3-1809-458b-b6ad-8ae43c3cc80e into model nwt
I0422 18:25:52.835341  3428 processor.cc:158] Processor: start processing batch f0a91fff-70d7-4063-8477-111c5756c36c into model nwt
I0422 18:25:53.054286 11292 processor.cc:293] Processor: complete processing batch fa3a60b3-1809-458b-b6ad-8ae43c3cc80e into model nwt
I0422 18:25:53.056783 11292 cuckoo_watch.h:45] 258ms in ProcessBatch(batches\aaaaaa.batch) [including 19ms in LoadMessage; 0ms in InitializeTheta; 0ms in CreateRegularizerAgents; 15ms in InitializeSparseNdw; 105ms in InferThetaAndUpdateNwtSparse; 113ms in CalculateScore(^^^ItemsProcessedScore^^^); ]
I0422 18:25:53.089774 11292 processor.cc:74] No data in processing queue, waiting...
I0422 18:25:53.294721  3428 processor.cc:293] Processor: complete processing batch f0a91fff-70d7-4063-8477-111c5756c36c into model nwt
I0422 18:25:53.300220  3428 cuckoo_watch.h:45] 501ms in ProcessBatch(batches\aaaaab.batch) [including 36ms in LoadMessage; 0ms in InitializeTheta; 0ms in CreateRegularizerAgents; 34ms in InitializeSparseNdw; 215ms in InferThetaAndUpdateNwtSparse; 209ms in CalculateScore(^^^ItemsProcessedScore^^^); ]
I0422 18:25:53.300719  8080 master_component.cc:1496] RegularizeModelArgs: rwt_target_name=rwt, pwt_source_name=pwt, nwt_source_name=nwt
I0422 18:25:53.300719  8080 master_component.cc:1013] MasterComponent: start regularizing model pwt
I0422 18:25:53.336710  3428 processor.cc:74] No data in processing queue, waiting...
I0422 18:25:53.367203  8080 master_component.cc:1041] MasterComponent: complete regularizing model pwt
I0422 18:25:53.367203  8080 master_component.cc:1509] NormalizeModelArgs: pwt_target_name=pwt, nwt_source_name=nwt, rwt_source_name=rwt
I0422 18:25:53.367203  8080 master_component.cc:1045] MasterComponent: start normalizing model nwt
I0422 18:25:53.396695  8080 master_component.cc:1084] MasterComponent: complete normalizing model nwt
I0422 18:25:53.509166  8080 master_component.cc:1533] DisposeModel rwt
I0422 18:25:53.517161  8080 master_component.cc:1112] FitOffline: ItemsProcessed, num_items=1728, num_batches=2, token_weight=808522, token_weight_in_effect=808522
I0422 18:25:53.517161  8080 c_interface.cc:389] Pass FitOfflineMasterModelArgs, batch_filename_size=2, batch_weight_size=2, num_collection_passes=1, reset_nwt=yes to void (__cdecl artm::core::MasterComponent::*)(class artm::FitOfflineMasterModelArgs const & __ptr64) __ptr64
I0422 18:25:53.517161  8080 master_component.cc:1458] ProcessBatchesArgs: nwt_target_name=nwt, batch_filename_size=2, batch_size=0, batch_weight_size=2, pwt_source_name=pwt, num_document_passes=1, regularizer=(name:smooth, tau:100000), reuse_theta=no, opt_for_avx=yes, predict_class_id=, reset_nwt=yes
I0422 18:25:53.534657 11112 processor.cc:81] Processing queue has data, processing started
I0422 18:25:53.534657  7816 processor.cc:81] Processing queue has data, processing started
I0422 18:25:53.556653 11112 processor.cc:158] Processor: start processing batch fa3a60b3-1809-458b-b6ad-8ae43c3cc80e into model nwt
I0422 18:25:53.571147  7816 processor.cc:158] Processor: start processing batch f0a91fff-70d7-4063-8477-111c5756c36c into model nwt
I0422 18:25:53.790091 11112 processor.cc:293] Processor: complete processing batch fa3a60b3-1809-458b-b6ad-8ae43c3cc80e into model nwt
I0422 18:25:53.792589 11112 cuckoo_watch.h:45] 258ms in ProcessBatch(batches\aaaaaa.batch) [including 22ms in LoadMessage; 0ms in InitializeTheta; 0ms in CreateRegularizerAgents; 15ms in InitializeSparseNdw; 104ms in InferThetaAndUpdateNwtSparse; 112ms in CalculateScore(^^^ItemsProcessedScore^^^); ]
I0422 18:25:53.828581 11112 processor.cc:74] No data in processing queue, waiting...
I0422 18:25:54.038028  7816 processor.cc:293] Processor: complete processing batch f0a91fff-70d7-4063-8477-111c5756c36c into model nwt
I0422 18:25:54.043522  7816 cuckoo_watch.h:45] 509ms in ProcessBatch(batches\aaaaab.batch) [including 36ms in LoadMessage; 0ms in InitializeTheta; 0ms in CreateRegularizerAgents; 34ms in InitializeSparseNdw; 218ms in InferThetaAndUpdateNwtSparse; 213ms in CalculateScore(^^^ItemsProcessedScore^^^); ]
I0422 18:25:54.044526  8080 master_component.cc:1496] RegularizeModelArgs: rwt_target_name=rwt, pwt_source_name=pwt, nwt_source_name=nwt
I0422 18:25:54.044526  8080 master_component.cc:1013] MasterComponent: start regularizing model pwt
I0422 18:25:54.078516  7816 processor.cc:74] No data in processing queue, waiting...
I0422 18:25:54.111007  8080 master_component.cc:1041] MasterComponent: complete regularizing model pwt
I0422 18:25:54.111007  8080 master_component.cc:1509] NormalizeModelArgs: pwt_target_name=pwt, nwt_source_name=nwt, rwt_source_name=rwt
I0422 18:25:54.111007  8080 master_component.cc:1045] MasterComponent: start normalizing model nwt
I0422 18:25:54.139999  8080 master_component.cc:1084] MasterComponent: complete normalizing model nwt
I0422 18:25:54.252969  8080 master_component.cc:1533] DisposeModel rwt
I0422 18:25:54.260967  8080 master_component.cc:1112] FitOffline: ItemsProcessed, num_items=1728, num_batches=2, token_weight=808522, token_weight_in_effect=808522
I0422 18:25:54.261467  8080 c_interface.cc:389] Pass FitOfflineMasterModelArgs, batch_filename_size=2, batch_weight_size=2, num_collection_passes=1, reset_nwt=yes to void (__cdecl artm::core::MasterComponent::*)(class artm::FitOfflineMasterModelArgs const & __ptr64) __ptr64
I0422 18:25:54.261467  8080 master_component.cc:1458] ProcessBatchesArgs: nwt_target_name=nwt, batch_filename_size=2, batch_size=0, batch_weight_size=2, pwt_source_name=pwt, num_document_passes=1, regularizer=(name:smooth, tau:100000), reuse_theta=no, opt_for_avx=yes, predict_class_id=, reset_nwt=yes
I0422 18:25:54.278462 11292 processor.cc:81] Processing queue has data, processing started
I0422 18:25:54.278462  3428 processor.cc:81] Processing queue has data, processing started
I0422 18:25:54.297458 11292 processor.cc:158] Processor: start processing batch fa3a60b3-1809-458b-b6ad-8ae43c3cc80e into model nwt
I0422 18:25:54.315454  3428 processor.cc:158] Processor: start processing batch f0a91fff-70d7-4063-8477-111c5756c36c into model nwt
I0422 18:25:54.532898 11292 processor.cc:293] Processor: complete processing batch fa3a60b3-1809-458b-b6ad-8ae43c3cc80e into model nwt
I0422 18:25:54.535395 11292 cuckoo_watch.h:45] 257ms in ProcessBatch(batches\aaaaaa.batch) [including 19ms in LoadMessage; 0ms in InitializeTheta; 0ms in CreateRegularizerAgents; 15ms in InitializeSparseNdw; 104ms in InferThetaAndUpdateNwtSparse; 114ms in CalculateScore(^^^ItemsProcessedScore^^^); ]
I0422 18:25:54.569386 11292 processor.cc:74] No data in processing queue, waiting...
I0422 18:25:54.775333  3428 processor.cc:293] Processor: complete processing batch f0a91fff-70d7-4063-8477-111c5756c36c into model nwt
I0422 18:25:54.780831  3428 cuckoo_watch.h:45] 502ms in ProcessBatch(batches\aaaaab.batch) [including 37ms in LoadMessage; 0ms in InitializeTheta; 0ms in CreateRegularizerAgents; 34ms in InitializeSparseNdw; 215ms in InferThetaAndUpdateNwtSparse; 208ms in CalculateScore(^^^ItemsProcessedScore^^^); ]
I0422 18:25:54.781831  8080 master_component.cc:1496] RegularizeModelArgs: rwt_target_name=rwt, pwt_source_name=pwt, nwt_source_name=nwt
I0422 18:25:54.781831  8080 master_component.cc:1013] MasterComponent: start regularizing model pwt
I0422 18:25:54.814322  3428 processor.cc:74] No data in processing queue, waiting...
I0422 18:25:54.849313  8080 master_component.cc:1041] MasterComponent: complete regularizing model pwt
I0422 18:25:54.849313  8080 master_component.cc:1509] NormalizeModelArgs: pwt_target_name=pwt, nwt_source_name=nwt, rwt_source_name=rwt
I0422 18:25:54.849313  8080 master_component.cc:1045] MasterComponent: start normalizing model nwt
I0422 18:25:54.878305  8080 master_component.cc:1084] MasterComponent: complete normalizing model nwt
I0422 18:25:54.989276  8080 master_component.cc:1533] DisposeModel rwt
I0422 18:25:54.997773  8080 master_component.cc:1112] FitOffline: ItemsProcessed, num_items=1728, num_batches=2, token_weight=808522, token_weight_in_effect=808522
I0422 18:25:54.997773  8080 c_interface.cc:389] Pass FitOfflineMasterModelArgs, batch_filename_size=2, batch_weight_size=2, num_collection_passes=1, reset_nwt=yes to void (__cdecl artm::core::MasterComponent::*)(class artm::FitOfflineMasterModelArgs const & __ptr64) __ptr64
I0422 18:25:54.997773  8080 master_component.cc:1458] ProcessBatchesArgs: nwt_target_name=nwt, batch_filename_size=2, batch_size=0, batch_weight_size=2, pwt_source_name=pwt, num_document_passes=1, regularizer=(name:smooth, tau:100000), reuse_theta=no, opt_for_avx=yes, predict_class_id=, reset_nwt=yes
I0422 18:25:55.015269 11292 processor.cc:81] Processing queue has data, processing started
I0422 18:25:55.015269  3428 processor.cc:81] Processing queue has data, processing started
I0422 18:25:55.035262 11292 processor.cc:158] Processor: start processing batch fa3a60b3-1809-458b-b6ad-8ae43c3cc80e into model nwt
I0422 18:25:55.052760  3428 processor.cc:158] Processor: start processing batch f0a91fff-70d7-4063-8477-111c5756c36c into model nwt
I0422 18:25:55.272702 11292 processor.cc:293] Processor: complete processing batch fa3a60b3-1809-458b-b6ad-8ae43c3cc80e into model nwt
I0422 18:25:55.275202 11292 cuckoo_watch.h:45] 260ms in ProcessBatch(batches\aaaaaa.batch) [including 19ms in LoadMessage; 0ms in InitializeTheta; 0ms in CreateRegularizerAgents; 15ms in InitializeSparseNdw; 105ms in InferThetaAndUpdateNwtSparse; 115ms in CalculateScore(^^^ItemsProcessedScore^^^); ]
I0422 18:25:55.308192 11292 processor.cc:74] No data in processing queue, waiting...
I0422 18:25:55.513140  3428 processor.cc:293] Processor: complete processing batch f0a91fff-70d7-4063-8477-111c5756c36c into model nwt
I0422 18:25:55.518138  3428 cuckoo_watch.h:45] 503ms in ProcessBatch(batches\aaaaab.batch) [including 37ms in LoadMessage; 0ms in InitializeTheta; 0ms in CreateRegularizerAgents; 35ms in InitializeSparseNdw; 216ms in InferThetaAndUpdateNwtSparse; 208ms in CalculateScore(^^^ItemsProcessedScore^^^); ]
I0422 18:25:55.520136  8080 master_component.cc:1496] RegularizeModelArgs: rwt_target_name=rwt, pwt_source_name=pwt, nwt_source_name=nwt
I0422 18:25:55.520136  8080 master_component.cc:1013] MasterComponent: start regularizing model pwt
I0422 18:25:55.551628  3428 processor.cc:74] No data in processing queue, waiting...
I0422 18:25:55.587117  8080 master_component.cc:1041] MasterComponent: complete regularizing model pwt
I0422 18:25:55.587117  8080 master_component.cc:1509] NormalizeModelArgs: pwt_target_name=pwt, nwt_source_name=nwt, rwt_source_name=rwt
I0422 18:25:55.587117  8080 master_component.cc:1045] MasterComponent: start normalizing model nwt
I0422 18:25:55.616112  8080 master_component.cc:1084] MasterComponent: complete normalizing model nwt
I0422 18:25:55.728083  8080 master_component.cc:1533] DisposeModel rwt
I0422 18:25:55.736079  8080 master_component.cc:1112] FitOffline: ItemsProcessed, num_items=1728, num_batches=2, token_weight=808522, token_weight_in_effect=808522
I0422 18:25:55.736079  8080 c_interface.cc:389] Pass FitOfflineMasterModelArgs, batch_filename_size=2, batch_weight_size=2, num_collection_passes=1, reset_nwt=yes to void (__cdecl artm::core::MasterComponent::*)(class artm::FitOfflineMasterModelArgs const & __ptr64) __ptr64
I0422 18:25:55.736079  8080 master_component.cc:1458] ProcessBatchesArgs: nwt_target_name=nwt, batch_filename_size=2, batch_size=0, batch_weight_size=2, pwt_source_name=pwt, num_document_passes=1, regularizer=(name:smooth, tau:100000), reuse_theta=no, opt_for_avx=yes, predict_class_id=, reset_nwt=yes
I0422 18:25:55.754521 11292 processor.cc:81] Processing queue has data, processing started
I0422 18:25:55.754521  7816 processor.cc:81] Processing queue has data, processing started
I0422 18:25:55.773515 11292 processor.cc:158] Processor: start processing batch fa3a60b3-1809-458b-b6ad-8ae43c3cc80e into model nwt
I0422 18:25:55.791512  7816 processor.cc:158] Processor: start processing batch f0a91fff-70d7-4063-8477-111c5756c36c into model nwt
I0422 18:25:56.009454 11292 processor.cc:293] Processor: complete processing batch fa3a60b3-1809-458b-b6ad-8ae43c3cc80e into model nwt
I0422 18:25:56.011953 11292 cuckoo_watch.h:45] 257ms in ProcessBatch(batches\aaaaaa.batch) [including 19ms in LoadMessage; 0ms in InitializeTheta; 0ms in CreateRegularizerAgents; 15ms in InitializeSparseNdw; 105ms in InferThetaAndUpdateNwtSparse; 114ms in CalculateScore(^^^ItemsProcessedScore^^^); ]
I0422 18:25:56.043946 11292 processor.cc:74] No data in processing queue, waiting...
I0422 18:25:56.255892  7816 processor.cc:293] Processor: complete processing batch f0a91fff-70d7-4063-8477-111c5756c36c into model nwt
I0422 18:25:56.260890  7816 cuckoo_watch.h:45] 506ms in ProcessBatch(batches\aaaaab.batch) [including 37ms in LoadMessage; 0ms in InitializeTheta; 0ms in CreateRegularizerAgents; 34ms in InitializeSparseNdw; 217ms in InferThetaAndUpdateNwtSparse; 212ms in CalculateScore(^^^ItemsProcessedScore^^^); ]
I0422 18:25:56.262388  8080 master_component.cc:1496] RegularizeModelArgs: rwt_target_name=rwt, pwt_source_name=pwt, nwt_source_name=nwt
I0422 18:25:56.262388  8080 master_component.cc:1013] MasterComponent: start regularizing model pwt
I0422 18:25:56.295379  7816 processor.cc:74] No data in processing queue, waiting...
I0422 18:25:56.328872  8080 master_component.cc:1041] MasterComponent: complete regularizing model pwt
I0422 18:25:56.328872  8080 master_component.cc:1509] NormalizeModelArgs: pwt_target_name=pwt, nwt_source_name=nwt, rwt_source_name=rwt
I0422 18:25:56.328872  8080 master_component.cc:1045] MasterComponent: start normalizing model nwt
I0422 18:25:56.358863  8080 master_component.cc:1084] MasterComponent: complete normalizing model nwt
I0422 18:25:56.473834  8080 master_component.cc:1533] DisposeModel rwt
I0422 18:25:56.481329  8080 master_component.cc:1112] FitOffline: ItemsProcessed, num_items=1728, num_batches=2, token_weight=808522, token_weight_in_effect=808522
I0422 18:25:56.481829  8080 c_interface.cc:389] Pass FitOfflineMasterModelArgs, batch_filename_size=2, batch_weight_size=2, num_collection_passes=1, reset_nwt=yes to void (__cdecl artm::core::MasterComponent::*)(class artm::FitOfflineMasterModelArgs const & __ptr64) __ptr64
I0422 18:25:56.481829  8080 master_component.cc:1458] ProcessBatchesArgs: nwt_target_name=nwt, batch_filename_size=2, batch_size=0, batch_weight_size=2, pwt_source_name=pwt, num_document_passes=1, regularizer=(name:smooth, tau:100000), reuse_theta=no, opt_for_avx=yes, predict_class_id=, reset_nwt=yes
I0422 18:25:56.497325  7816 processor.cc:81] Processing queue has data, processing started
I0422 18:25:56.498325 11112 processor.cc:81] Processing queue has data, processing started
I0422 18:25:56.517320  7816 processor.cc:158] Processor: start processing batch fa3a60b3-1809-458b-b6ad-8ae43c3cc80e into model nwt
I0422 18:25:56.533816 11112 processor.cc:158] Processor: start processing batch f0a91fff-70d7-4063-8477-111c5756c36c into model nwt
I0422 18:25:56.748759  7816 processor.cc:293] Processor: complete processing batch fa3a60b3-1809-458b-b6ad-8ae43c3cc80e into model nwt
I0422 18:25:56.751258  7816 cuckoo_watch.h:45] 254ms in ProcessBatch(batches\aaaaaa.batch) [including 20ms in LoadMessage; 0ms in InitializeTheta; 0ms in CreateRegularizerAgents; 16ms in InitializeSparseNdw; 103ms in InferThetaAndUpdateNwtSparse; 111ms in CalculateScore(^^^ItemsProcessedScore^^^); ]
I0422 18:25:56.785251  7816 processor.cc:74] No data in processing queue, waiting...
I0422 18:25:56.987699 11112 processor.cc:293] Processor: complete processing batch f0a91fff-70d7-4063-8477-111c5756c36c into model nwt
I0422 18:25:56.992697 11112 cuckoo_watch.h:45] 494ms in ProcessBatch(batches\aaaaab.batch) [including 35ms in LoadMessage; 0ms in InitializeTheta; 0ms in CreateRegularizerAgents; 34ms in InitializeSparseNdw; 211ms in InferThetaAndUpdateNwtSparse; 208ms in CalculateScore(^^^ItemsProcessedScore^^^); ]
I0422 18:25:56.994196  8080 master_component.cc:1496] RegularizeModelArgs: rwt_target_name=rwt, pwt_source_name=pwt, nwt_source_name=nwt
I0422 18:25:56.994196  8080 master_component.cc:1013] MasterComponent: start regularizing model pwt
I0422 18:25:57.022187 11112 processor.cc:74] No data in processing queue, waiting...
I0422 18:25:57.061178  8080 master_component.cc:1041] MasterComponent: complete regularizing model pwt
I0422 18:25:57.061178  8080 master_component.cc:1509] NormalizeModelArgs: pwt_target_name=pwt, nwt_source_name=nwt, rwt_source_name=rwt
I0422 18:25:57.061178  8080 master_component.cc:1045] MasterComponent: start normalizing model nwt
I0422 18:25:57.090672  8080 master_component.cc:1084] MasterComponent: complete normalizing model nwt
I0422 18:25:57.202142  8080 master_component.cc:1533] DisposeModel rwt
I0422 18:25:57.209638  8080 master_component.cc:1112] FitOffline: ItemsProcessed, num_items=1728, num_batches=2, token_weight=808522, token_weight_in_effect=808522
I0422 18:25:57.210139  8080 c_interface.cc:389] Pass FitOfflineMasterModelArgs, batch_filename_size=2, batch_weight_size=2, num_collection_passes=1, reset_nwt=yes to void (__cdecl artm::core::MasterComponent::*)(class artm::FitOfflineMasterModelArgs const & __ptr64) __ptr64
I0422 18:25:57.210139  8080 master_component.cc:1458] ProcessBatchesArgs: nwt_target_name=nwt, batch_filename_size=2, batch_size=0, batch_weight_size=2, pwt_source_name=pwt, num_document_passes=1, regularizer=(name:smooth, tau:100000), reuse_theta=no, opt_for_avx=yes, predict_class_id=, reset_nwt=yes
I0422 18:25:57.226135  7816 processor.cc:81] Processing queue has data, processing started
I0422 18:25:57.226135  3428 processor.cc:81] Processing queue has data, processing started
I0422 18:25:57.247628  3428 processor.cc:158] Processor: start processing batch fa3a60b3-1809-458b-b6ad-8ae43c3cc80e into model nwt
I0422 18:25:57.262127  7816 processor.cc:158] Processor: start processing batch f0a91fff-70d7-4063-8477-111c5756c36c into model nwt
I0422 18:25:57.481070  3428 processor.cc:293] Processor: complete processing batch fa3a60b3-1809-458b-b6ad-8ae43c3cc80e into model nwt
I0422 18:25:57.483568  3428 cuckoo_watch.h:45] 257ms in ProcessBatch(batches\aaaaaa.batch) [including 21ms in LoadMessage; 0ms in InitializeTheta; 0ms in CreateRegularizerAgents; 15ms in InitializeSparseNdw; 106ms in InferThetaAndUpdateNwtSparse; 111ms in CalculateScore(^^^ItemsProcessedScore^^^); ]
I0422 18:25:57.518059  3428 processor.cc:74] No data in processing queue, waiting...
I0422 18:25:57.722004  7816 processor.cc:293] Processor: complete processing batch f0a91fff-70d7-4063-8477-111c5756c36c into model nwt
I0422 18:25:57.726505  7816 cuckoo_watch.h:45] 500ms in ProcessBatch(batches\aaaaab.batch) [including 36ms in LoadMessage; 0ms in InitializeTheta; 0ms in CreateRegularizerAgents; 34ms in InitializeSparseNdw; 217ms in InferThetaAndUpdateNwtSparse; 206ms in CalculateScore(^^^ItemsProcessedScore^^^); ]
I0422 18:25:57.728003  8080 master_component.cc:1496] RegularizeModelArgs: rwt_target_name=rwt, pwt_source_name=pwt, nwt_source_name=nwt
I0422 18:25:57.728003  8080 master_component.cc:1013] MasterComponent: start regularizing model pwt
I0422 18:25:57.761996  7816 processor.cc:74] No data in processing queue, waiting...
I0422 18:25:57.792986  8080 master_component.cc:1041] MasterComponent: complete regularizing model pwt
I0422 18:25:57.793486  8080 master_component.cc:1509] NormalizeModelArgs: pwt_target_name=pwt, nwt_source_name=nwt, rwt_source_name=rwt
I0422 18:25:57.793486  8080 master_component.cc:1045] MasterComponent: start normalizing model nwt
I0422 18:25:57.822477  8080 master_component.cc:1084] MasterComponent: complete normalizing model nwt
I0422 18:25:57.935449  8080 master_component.cc:1533] DisposeModel rwt
I0422 18:25:57.943447  8080 master_component.cc:1112] FitOffline: ItemsProcessed, num_items=1728, num_batches=2, token_weight=808522, token_weight_in_effect=808522
I0422 18:25:57.943447  8080 c_interface.cc:389] Pass FitOfflineMasterModelArgs, batch_filename_size=2, batch_weight_size=2, num_collection_passes=1, reset_nwt=yes to void (__cdecl artm::core::MasterComponent::*)(class artm::FitOfflineMasterModelArgs const & __ptr64) __ptr64
I0422 18:25:57.943447  8080 master_component.cc:1458] ProcessBatchesArgs: nwt_target_name=nwt, batch_filename_size=2, batch_size=0, batch_weight_size=2, pwt_source_name=pwt, num_document_passes=1, regularizer=(name:smooth, tau:100000), reuse_theta=no, opt_for_avx=yes, predict_class_id=, reset_nwt=yes
I0422 18:25:57.959442  7816 processor.cc:81] Processing queue has data, processing started
I0422 18:25:57.959442  3428 processor.cc:81] Processing queue has data, processing started
I0422 18:25:57.979437  3428 processor.cc:158] Processor: start processing batch fa3a60b3-1809-458b-b6ad-8ae43c3cc80e into model nwt
I0422 18:25:57.996433  7816 processor.cc:158] Processor: start processing batch f0a91fff-70d7-4063-8477-111c5756c36c into model nwt
I0422 18:25:58.222374  3428 processor.cc:293] Processor: complete processing batch fa3a60b3-1809-458b-b6ad-8ae43c3cc80e into model nwt
I0422 18:25:58.224872  3428 cuckoo_watch.h:45] 265ms in ProcessBatch(batches\aaaaaa.batch) [including 20ms in LoadMessage; 0ms in InitializeTheta; 0ms in CreateRegularizerAgents; 15ms in InitializeSparseNdw; 112ms in InferThetaAndUpdateNwtSparse; 114ms in CalculateScore(^^^ItemsProcessedScore^^^); ]
I0422 18:25:58.259863  3428 processor.cc:74] No data in processing queue, waiting...
I0422 18:25:58.461311  7816 processor.cc:293] Processor: complete processing batch f0a91fff-70d7-4063-8477-111c5756c36c into model nwt
I0422 18:25:58.466809  7816 cuckoo_watch.h:45] 507ms in ProcessBatch(batches\aaaaab.batch) [including 36ms in LoadMessage; 0ms in InitializeTheta; 0ms in CreateRegularizerAgents; 34ms in InitializeSparseNdw; 217ms in InferThetaAndUpdateNwtSparse; 211ms in CalculateScore(^^^ItemsProcessedScore^^^); ]
I0422 18:25:58.467809  8080 master_component.cc:1496] RegularizeModelArgs: rwt_target_name=rwt, pwt_source_name=pwt, nwt_source_name=nwt
I0422 18:25:58.467809  8080 master_component.cc:1013] MasterComponent: start regularizing model pwt
I0422 18:25:58.503798  7816 processor.cc:74] No data in processing queue, waiting...
I0422 18:25:58.533792  8080 master_component.cc:1041] MasterComponent: complete regularizing model pwt
I0422 18:25:58.534292  8080 master_component.cc:1509] NormalizeModelArgs: pwt_target_name=pwt, nwt_source_name=nwt, rwt_source_name=rwt
I0422 18:25:58.534292  8080 master_component.cc:1045] MasterComponent: start normalizing model nwt
I0422 18:25:58.563284  8080 master_component.cc:1084] MasterComponent: complete normalizing model nwt
I0422 18:25:58.676754  8080 master_component.cc:1533] DisposeModel rwt
I0422 18:25:58.684751  8080 master_component.cc:1112] FitOffline: ItemsProcessed, num_items=1728, num_batches=2, token_weight=808522, token_weight_in_effect=808522
